--------- beginning of main
07-17 09:31:24.169 E/SpeechMessengerNormal(  747): openCcciDriver(), open(/dev/ccci_aud) fail!! mCcciDeviceHandler: -1, errno: 2
07-17 09:31:24.169 W/SpeechMessengerNormal(  747): checkCcciStatusAndRecovery(), #99, sleep 10 ms & retry openCcciDriver
07-17 09:31:24.179 E/SpeechMessengerNormal(  747): openCcciDriver(), open(/dev/ccci_aud) fail!! mCcciDeviceHandler: -1, errno: 2
07-17 09:31:24.180 W/SpeechMessengerNormal(  747): checkCcciStatusAndRecovery(), #100, sleep 10 ms & retry openCcciDriver
07-17 09:31:24.190 E/SpeechMessengerNormal(  747): openCcciDriver(), open(/dev/ccci_aud) fail!! mCcciDeviceHandler: -1, errno: 2
07-17 09:31:24.190 W/SpeechMessengerNormal(  747): checkCcciStatusAndRecovery(), #101, sleep 10 ms & retry openCcciDriver
07-17 09:31:24.200 E/SpeechMessengerNormal(  747): openCcciDriver(), open(/dev/ccci_aud) fail!! mCcciDeviceHandler: -1, errno: 2
07-17 09:31:24.200 W/SpeechMessengerNormal(  747): checkCcciStatusAndRecovery(), #102, sleep 10 ms & retry openCcciDriver
07-17 09:31:24.210 E/SpeechMessengerNormal(  747): openCcciDriver(), open(/dev/ccci_aud) fail!! mCcciDeviceHandler: -1, errno: 2
07-17 09:31:24.210 W/SpeechMessengerNormal(  747): checkCcciStatusAndRecovery(), #103, sleep 10 ms & retry openCcciDriver
07-17 09:31:24.221 E/SpeechMessengerNormal(  747): openCcciDriver(), open(/dev/ccci_aud) fail!! mCcciDeviceHandler: -1, errno: 2
07-17 09:31:24.221 W/SpeechMessengerNormal(  747): checkCcciStatusAndRecovery(), #104, sleep 10 ms & retry openCcciDriver
07-17 09:31:24.232 E/SpeechMessengerNormal(  747): openCcciDriver(), open(/dev/ccci_aud) fail!! mCcciDeviceHandler: -1, errno: 2
07-17 09:31:24.232 W/SpeechMessengerNormal(  747): checkCcciStatusAndRecovery(), #105, sleep 10 ms & retry openCcciDriver
07-17 09:31:24.243 E/SpeechMessengerNormal(  747): openCcciDriver(), open(/dev/ccci_aud) fail!! mCcciDeviceHandler: -1, errno: 2
07-17 09:31:24.243 W/SpeechMessengerNormal(  747): checkCcciStatusAndRecovery(), #106, sleep 10 ms & retry openCcciDriver
07-17 09:31:24.254 E/SpeechMessengerNormal(  747): openCcciDriver(), open(/dev/ccci_aud) fail!! mCcciDeviceHandler: -1, errno: 2
07-17 09:31:24.254 W/SpeechMessengerNormal(  747): checkCcciStatusAndRecovery(), #107, sleep 10 ms & retry openCcciDriver
07-17 09:31:24.265 E/SpeechMessengerNormal(  747): openCcciDriver(), open(/dev/ccci_aud) fail!! mCcciDeviceHandler: -1, errno: 2
07-17 09:31:24.265 W/SpeechMessengerNormal(  747): checkCcciStatusAndRecovery(), #108, sleep 10 ms & retry openCcciDriver
07-17 09:31:24.276 E/SpeechMessengerNormal(  747): openCcciDriver(), open(/dev/ccci_aud) fail!! mCcciDeviceHandler: -1, errno: 2
07-17 09:31:24.276 W/SpeechMessengerNormal(  747): checkCcciStatusAndRecovery(), #109, sleep 10 ms & retry openCcciDriver
07-17 09:31:24.287 E/SpeechMessengerNormal(  747): openCcciDriver(), open(/dev/ccci_aud) fail!! mCcciDeviceHandler: -1, errno: 2
07-17 09:31:24.287 W/SpeechMessengerNormal(  747): checkCcciStatusAndRecovery(), #110, sleep 10 ms & retry openCcciDriver
07-17 09:31:24.298 E/SpeechMessengerNormal(  747): openCcciDriver(), open(/dev/ccci_aud) fail!! mCcciDeviceHandler: -1, errno: 2
07-17 09:31:24.298 W/SpeechMessengerNormal(  747): checkCcciStatusAndRecovery(), #111, sleep 10 ms & retry openCcciDriver
07-17 09:31:24.308 E/SpeechMessengerNormal(  747): openCcciDriver(), open(/dev/ccci_aud) fail!! mCcciDeviceHandler: -1, errno: 2
07-17 09:31:24.309 W/SpeechMessengerNormal(  747): checkCcciStatusAndRecovery(), #112, sleep 10 ms & retry openCcciDriver
07-17 09:31:24.319 E/SpeechMessengerNormal(  747): openCcciDriver(), open(/dev/ccci_aud) fail!! mCcciDeviceHandler: -1, errno: 2
07-17 09:31:24.320 W/SpeechMessengerNormal(  747): checkCcciStatusAndRecovery(), #113, sleep 10 ms & retry openCcciDriver
07-17 09:31:24.330 E/SpeechMessengerNormal(  747): openCcciDriver(), open(/dev/ccci_aud) fail!! mCcciDeviceHandler: -1, errno: 2
07-17 09:31:24.331 W/SpeechMessengerNormal(  747): checkCcciStatusAndRecovery(), #114, sleep 10 ms & retry openCcciDriver
07-17 09:31:24.341 E/SpeechMessengerNormal(  747): openCcciDriver(), open(/dev/ccci_aud) fail!! mCcciDeviceHandler: -1, errno: 2
07-17 09:31:24.341 W/SpeechMessengerNormal(  747): checkCcciStatusAndRecovery(), #115, sleep 10 ms & retry openCcciDriver
07-17 09:31:24.352 E/SpeechMessengerNormal(  747): openCcciDriver(), open(/dev/ccci_aud) fail!! mCcciDeviceHandler: -1, errno: 2
07-17 09:31:24.352 W/SpeechMessengerNormal(  747): checkCcciStatusAndRecovery(), #116, sleep 10 ms & retry openCcciDriver
07-17 09:31:24.363 E/SpeechMessengerNormal(  747): openCcciDriver(), open(/dev/ccci_aud) fail!! mCcciDeviceHandler: -1, errno: 2
07-17 09:31:24.363 W/SpeechMessengerNormal(  747): checkCcciStatusAndRecovery(), #117, sleep 10 ms & retry openCcciDriver
07-17 09:31:24.373 E/SpeechMessengerNormal(  747): openCcciDriver(), open(/dev/ccci_aud) fail!! mCcciDeviceHandler: -1, errno: 2
07-17 09:31:24.374 W/SpeechMessengerNormal(  747): checkCcciStatusAndRecovery(), #118, sleep 10 ms & retry openCcciDriver
07-17 09:31:24.384 E/SpeechMessengerNormal(  747): openCcciDriver(), open(/dev/ccci_aud) fail!! mCcciDeviceHandler: -1, errno: 2
07-17 09:31:24.384 W/SpeechMessengerNormal(  747): checkCcciStatusAndRecovery(), #119, sleep 10 ms & retry openCcciDriver
07-17 09:31:24.395 E/SpeechMessengerNormal(  747): openCcciDriver(), open(/dev/ccci_aud) fail!! mCcciDeviceHandler: -1, errno: 2
07-17 09:31:24.395 W/SpeechMessengerNormal(  747): checkCcciStatusAndRecovery(), #120, sleep 10 ms & retry openCcciDriver
07-17 09:31:24.406 E/SpeechMessengerNormal(  747): openCcciDriver(), open(/dev/ccci_aud) fail!! mCcciDeviceHandler: -1, errno: 2
07-17 09:31:24.406 W/SpeechMessengerNormal(  747): checkCcciStatusAndRecovery(), #121, sleep 10 ms & retry openCcciDriver
07-17 09:31:24.410 D/EMDLOGGER1( 1101): ccb_init_cond: wait required modem status time out
07-17 09:31:24.417 E/SpeechMessengerNormal(  747): openCcciDriver(), open(/dev/ccci_aud) fail!! mCcciDeviceHandler: -1, errno: 2
07-17 09:31:24.417 W/SpeechMessengerNormal(  747): checkCcciStatusAndRecovery(), #122, sleep 10 ms & retry openCcciDriver
07-17 09:31:24.428 E/SpeechMessengerNormal(  747): openCcciDriver(), open(/dev/ccci_aud) fail!! mCcciDeviceHandler: -1, errno: 2
07-17 09:31:24.428 W/SpeechMessengerNormal(  747): checkCcciStatusAndRecovery(), #123, sleep 10 ms & retry openCcciDriver
07-17 09:31:24.439 E/SpeechMessengerNormal(  747): openCcciDriver(), open(/dev/ccci_aud) fail!! mCcciDeviceHandler: -1, errno: 2
07-17 09:31:24.439 W/SpeechMessengerNormal(  747): checkCcciStatusAndRecovery(), #124, sleep 10 ms & retry openCcciDriver
07-17 09:31:24.450 E/SpeechMessengerNormal(  747): openCcciDriver(), open(/dev/ccci_aud) fail!! mCcciDeviceHandler: -1, errno: 2
07-17 09:31:24.450 W/SpeechMessengerNormal(  747): checkCcciStatusAndRecovery(), #125, sleep 10 ms & retry openCcciDriver
07-17 09:31:24.460 E/SpeechMessengerNormal(  747): openCcciDriver(), open(/dev/ccci_aud) fail!! mCcciDeviceHandler: -1, errno: 2
07-17 09:31:24.461 W/SpeechMessengerNormal(  747): checkCcciStatusAndRecovery(), #126, sleep 10 ms & retry openCcciDriver
07-17 09:31:24.471 E/SpeechMessengerNormal(  747): openCcciDriver(), open(/dev/ccci_aud) fail!! mCcciDeviceHandler: -1, errno: 2
07-17 09:31:24.472 W/SpeechMessengerNormal(  747): checkCcciStatusAndRecovery(), #127, sleep 10 ms & retry openCcciDriver
07-17 09:31:24.482 E/SpeechMessengerNormal(  747): openCcciDriver(), open(/dev/ccci_aud) fail!! mCcciDeviceHandler: -1, errno: 2
07-17 09:31:24.483 W/SpeechMessengerNormal(  747): checkCcciStatusAndRecovery(), #128, sleep 10 ms & retry openCcciDriver
07-17 09:31:24.493 E/SpeechMessengerNormal(  747): openCcciDriver(), open(/dev/ccci_aud) fail!! mCcciDeviceHandler: -1, errno: 2
07-17 09:31:24.493 W/SpeechMessengerNormal(  747): checkCcciStatusAndRecovery(), #129, sleep 10 ms & retry openCcciDriver
07-17 09:31:24.504 E/SpeechMessengerNormal(  747): openCcciDriver(), open(/dev/ccci_aud) fail!! mCcciDeviceHandler: -1, errno: 2
07-17 09:31:24.504 W/SpeechMessengerNormal(  747): checkCcciStatusAndRecovery(), #130, sleep 10 ms & retry openCcciDriver
07-17 09:31:24.515 E/SpeechMessengerNormal(  747): openCcciDriver(), open(/dev/ccci_aud) fail!! mCcciDeviceHandler: -1, errno: 2
07-17 09:31:24.515 W/SpeechMessengerNormal(  747): checkCcciStatusAndRecovery(), #131, sleep 10 ms & retry openCcciDriver
07-17 09:31:24.526 E/SpeechMessengerNormal(  747): openCcciDriver(), open(/dev/ccci_aud) fail!! mCcciDeviceHandler: -1, errno: 2
07-17 09:31:24.526 W/SpeechMessengerNormal(  747): checkCcciStatusAndRecovery(), #132, sleep 10 ms & retry openCcciDriver
07-17 09:31:24.536 E/SpeechMessengerNormal(  747): openCcciDriver(), open(/dev/ccci_aud) fail!! mCcciDeviceHandler: -1, errno: 2
07-17 09:31:24.537 W/SpeechMessengerNormal(  747): checkCcciStatusAndRecovery(), #133, sleep 10 ms & retry openCcciDriver
07-17 09:31:24.547 E/SpeechMessengerNormal(  747): openCcciDriver(), open(/dev/ccci_aud) fail!! mCcciDeviceHandler: -1, errno: 2
07-17 09:31:24.548 W/SpeechMessengerNormal(  747): checkCcciStatusAndRecovery(), #134, sleep 10 ms & retry openCcciDriver
07-17 09:31:24.558 E/SpeechMessengerNormal(  747): openCcciDriver(), open(/dev/ccci_aud) fail!! mCcciDeviceHandler: -1, errno: 2
07-17 09:31:24.558 W/SpeechMessengerNormal(  747): checkCcciStatusAndRecovery(), #135, sleep 10 ms & retry openCcciDriver
07-17 09:31:24.569 E/SpeechMessengerNormal(  747): openCcciDriver(), open(/dev/ccci_aud) fail!! mCcciDeviceHandler: -1, errno: 2
07-17 09:31:24.569 W/SpeechMessengerNormal(  747): checkCcciStatusAndRecovery(), #136, sleep 10 ms & retry openCcciDriver
07-17 09:31:24.571 E/AVSync  ( 1066): open dev failed: retry=12155, g_fd_avsync=-1, errno=2, No such file or directory
07-17 09:31:24.580 E/SpeechMessengerNormal(  747): openCcciDriver(), open(/dev/ccci_aud) fail!! mCcciDeviceHandler: -1, errno: 2
07-17 09:31:24.580 W/SpeechMessengerNormal(  747): checkCcciStatusAndRecovery(), #137, sleep 10 ms & retry openCcciDriver
07-17 09:31:24.591 E/SpeechMessengerNormal(  747): openCcciDriver(), open(/dev/ccci_aud) fail!! mCcciDeviceHandler: -1, errno: 2
07-17 09:31:24.591 W/SpeechMessengerNormal(  747): checkCcciStatusAndRecovery(), #138, sleep 10 ms & retry openCcciDriver
07-17 09:31:24.602 E/SpeechMessengerNormal(  747): openCcciDriver(), open(/dev/ccci_aud) fail!! mCcciDeviceHandler: -1, errno: 2
07-17 09:31:24.602 W/SpeechMessengerNormal(  747): checkCcciStatusAndRecovery(), #139, sleep 10 ms & retry openCcciDriver
07-17 09:31:24.603 E/VT HIDL (  789): [IVT] [VT THREAD] [VT_Bind] des = volte_imsvt1 Fail to connect . retry count: 12131
07-17 09:31:24.604 D/VT HIDL (  789): [IVT] isIMCBrun : True
07-17 09:31:24.613 E/SpeechMessengerNormal(  747): openCcciDriver(), open(/dev/ccci_aud) fail!! mCcciDeviceHandler: -1, errno: 2
07-17 09:31:24.613 W/SpeechMessengerNormal(  747): checkCcciStatusAndRecovery(), #140, sleep 10 ms & retry openCcciDriver
07-17 09:31:24.624 E/SpeechMessengerNormal(  747): openCcciDriver(), open(/dev/ccci_aud) fail!! mCcciDeviceHandler: -1, errno: 2
07-17 09:31:24.624 W/SpeechMessengerNormal(  747): checkCcciStatusAndRecovery(), #141, sleep 10 ms & retry openCcciDriver
07-17 09:31:24.635 E/SpeechMessengerNormal(  747): openCcciDriver(), open(/dev/ccci_aud) fail!! mCcciDeviceHandler: -1, errno: 2
07-17 09:31:24.635 W/SpeechMessengerNormal(  747): checkCcciStatusAndRecovery(), #142, sleep 10 ms & retry openCcciDriver
07-17 09:31:24.645 E/SpeechMessengerNormal(  747): openCcciDriver(), open(/dev/ccci_aud) fail!! mCcciDeviceHandler: -1, errno: 2
07-17 09:31:24.646 W/SpeechMessengerNormal(  747): checkCcciStatusAndRecovery(), #143, sleep 10 ms & retry openCcciDriver
07-17 09:31:24.654 I/servicemanager(  441): Found android.hardware.radio.config.IRadioConfig/default in device VINTF manifest.
07-17 09:31:24.656 E/SpeechMessengerNormal(  747): openCcciDriver(), open(/dev/ccci_aud) fail!! mCcciDeviceHandler: -1, errno: 2
07-17 09:31:24.656 W/SpeechMessengerNormal(  747): checkCcciStatusAndRecovery(), #144, sleep 10 ms & retry openCcciDriver
07-17 09:31:24.667 E/SpeechMessengerNormal(  747): openCcciDriver(), open(/dev/ccci_aud) fail!! mCcciDeviceHandler: -1, errno: 2
07-17 09:31:24.667 W/SpeechMessengerNormal(  747): checkCcciStatusAndRecovery(), #145, sleep 10 ms & retry openCcciDriver
07-17 09:31:24.678 E/SpeechMessengerNormal(  747): openCcciDriver(), open(/dev/ccci_aud) fail!! mCcciDeviceHandler: -1, errno: 2
07-17 09:31:24.678 W/SpeechMessengerNormal(  747): checkCcciStatusAndRecovery(), #146, sleep 10 ms & retry openCcciDriver
07-17 09:31:24.692 E/SpeechMessengerNormal(  747): openCcciDriver(), open(/dev/ccci_aud) fail!! mCcciDeviceHandler: -1, errno: 2
07-17 09:31:24.692 W/SpeechMessengerNormal(  747): checkCcciStatusAndRecovery(), #147, sleep 10 ms & retry openCcciDriver
07-17 09:31:24.704 E/SpeechMessengerNormal(  747): openCcciDriver(), open(/dev/ccci_aud) fail!! mCcciDeviceHandler: -1, errno: 2
07-17 09:31:24.704 W/SpeechMessengerNormal(  747): checkCcciStatusAndRecovery(), #148, sleep 10 ms & retry openCcciDriver
07-17 09:31:24.716 E/SpeechMessengerNormal(  747): openCcciDriver(), open(/dev/ccci_aud) fail!! mCcciDeviceHandler: -1, errno: 2
07-17 09:31:24.716 W/SpeechMessengerNormal(  747): checkCcciStatusAndRecovery(), #149, sleep 10 ms & retry openCcciDriver
07-17 09:31:24.727 E/SpeechMessengerNormal(  747): openCcciDriver(), open(/dev/ccci_aud) fail!! mCcciDeviceHandler: -1, errno: 2
07-17 09:31:24.727 W/SpeechMessengerNormal(  747): checkCcciStatusAndRecovery(), #150, sleep 10 ms & retry openCcciDriver
07-17 09:31:24.738 E/SpeechMessengerNormal(  747): openCcciDriver(), open(/dev/ccci_aud) fail!! mCcciDeviceHandler: -1, errno: 2
07-17 09:31:24.739 W/SpeechMessengerNormal(  747): checkCcciStatusAndRecovery(), #151, sleep 10 ms & retry openCcciDriver
07-17 09:31:24.749 E/SpeechMessengerNormal(  747): openCcciDriver(), open(/dev/ccci_aud) fail!! mCcciDeviceHandler: -1, errno: 2
07-17 09:31:24.749 W/SpeechMessengerNormal(  747): checkCcciStatusAndRecovery(), #152, sleep 10 ms & retry openCcciDriver
07-17 09:31:24.760 E/SpeechMessengerNormal(  747): openCcciDriver(), open(/dev/ccci_aud) fail!! mCcciDeviceHandler: -1, errno: 2
07-17 09:31:24.761 W/SpeechMessengerNormal(  747): checkCcciStatusAndRecovery(), #153, sleep 10 ms & retry openCcciDriver
07-17 09:31:24.771 E/SpeechMessengerNormal(  747): openCcciDriver(), open(/dev/ccci_aud) fail!! mCcciDeviceHandler: -1, errno: 2
07-17 09:31:24.771 W/SpeechMessengerNormal(  747): checkCcciStatusAndRecovery(), #154, sleep 10 ms & retry openCcciDriver
07-17 09:31:24.782 E/SpeechMessengerNormal(  747): openCcciDriver(), open(/dev/ccci_aud) fail!! mCcciDeviceHandler: -1, errno: 2
07-17 09:31:24.783 W/SpeechMessengerNormal(  747): checkCcciStatusAndRecovery(), #155, sleep 10 ms & retry openCcciDriver
07-17 09:31:24.793 E/SpeechMessengerNormal(  747): openCcciDriver(), open(/dev/ccci_aud) fail!! mCcciDeviceHandler: -1, errno: 2
07-17 09:31:24.793 W/SpeechMessengerNormal(  747): checkCcciStatusAndRecovery(), #156, sleep 10 ms & retry openCcciDriver
07-17 09:31:24.804 E/SpeechMessengerNormal(  747): openCcciDriver(), open(/dev/ccci_aud) fail!! mCcciDeviceHandler: -1, errno: 2
07-17 09:31:24.804 W/SpeechMessengerNormal(  747): checkCcciStatusAndRecovery(), #157, sleep 10 ms & retry openCcciDriver
07-17 09:31:24.815 E/SpeechMessengerNormal(  747): openCcciDriver(), open(/dev/ccci_aud) fail!! mCcciDeviceHandler: -1, errno: 2
07-17 09:31:24.815 W/SpeechMessengerNormal(  747): checkCcciStatusAndRecovery(), #158, sleep 10 ms & retry openCcciDriver
07-17 09:31:24.826 E/SpeechMessengerNormal(  747): openCcciDriver(), open(/dev/ccci_aud) fail!! mCcciDeviceHandler: -1, errno: 2
07-17 09:31:24.826 W/SpeechMessengerNormal(  747): checkCcciStatusAndRecovery(), #159, sleep 10 ms & retry openCcciDriver
07-17 09:31:24.837 E/SpeechMessengerNormal(  747): openCcciDriver(), open(/dev/ccci_aud) fail!! mCcciDeviceHandler: -1, errno: 2
07-17 09:31:24.837 W/SpeechMessengerNormal(  747): checkCcciStatusAndRecovery(), #160, sleep 10 ms & retry openCcciDriver
07-17 09:31:24.847 E/SpeechMessengerNormal(  747): openCcciDriver(), open(/dev/ccci_aud) fail!! mCcciDeviceHandler: -1, errno: 2
07-17 09:31:24.848 W/SpeechMessengerNormal(  747): checkCcciStatusAndRecovery(), #161, sleep 10 ms & retry openCcciDriver
07-17 09:31:24.859 E/SpeechMessengerNormal(  747): openCcciDriver(), open(/dev/ccci_aud) fail!! mCcciDeviceHandler: -1, errno: 2
07-17 09:31:24.859 W/SpeechMessengerNormal(  747): checkCcciStatusAndRecovery(), #162, sleep 10 ms & retry openCcciDriver
07-17 09:31:24.869 E/SpeechMessengerNormal(  747): openCcciDriver(), open(/dev/ccci_aud) fail!! mCcciDeviceHandler: -1, errno: 2
07-17 09:31:24.870 W/SpeechMessengerNormal(  747): checkCcciStatusAndRecovery(), #163, sleep 10 ms & retry openCcciDriver
07-17 09:31:24.880 E/SpeechMessengerNormal(  747): openCcciDriver(), open(/dev/ccci_aud) fail!! mCcciDeviceHandler: -1, errno: 2
07-17 09:31:24.880 W/SpeechMessengerNormal(  747): checkCcciStatusAndRecovery(), #164, sleep 10 ms & retry openCcciDriver
07-17 09:31:24.891 E/SpeechMessengerNormal(  747): openCcciDriver(), open(/dev/ccci_aud) fail!! mCcciDeviceHandler: -1, errno: 2
07-17 09:31:24.892 W/SpeechMessengerNormal(  747): checkCcciStatusAndRecovery(), #165, sleep 10 ms & retry openCcciDriver
07-17 09:31:24.902 E/SpeechMessengerNormal(  747): openCcciDriver(), open(/dev/ccci_aud) fail!! mCcciDeviceHandler: -1, errno: 2
07-17 09:31:24.903 W/SpeechMessengerNormal(  747): checkCcciStatusAndRecovery(), #166, sleep 10 ms & retry openCcciDriver
07-17 09:31:24.913 E/SpeechMessengerNormal(  747): openCcciDriver(), open(/dev/ccci_aud) fail!! mCcciDeviceHandler: -1, errno: 2
07-17 09:31:24.913 W/SpeechMessengerNormal(  747): checkCcciStatusAndRecovery(), #167, sleep 10 ms & retry openCcciDriver
07-17 09:31:24.924 E/SpeechMessengerNormal(  747): openCcciDriver(), open(/dev/ccci_aud) fail!! mCcciDeviceHandler: -1, errno: 2
07-17 09:31:24.924 W/SpeechMessengerNormal(  747): checkCcciStatusAndRecovery(), #168, sleep 10 ms & retry openCcciDriver
07-17 09:31:24.927 I/servicemanager(  441): Found android.hardware.radio.voice.IRadioVoice/imsSlot1 in device VINTF manifest.
07-17 09:31:24.932 I/servicemanager(  441): Found android.hardware.radio.sim.IRadioSim/imsSlot1 in device VINTF manifest.
07-17 09:31:24.935 E/SpeechMessengerNormal(  747): openCcciDriver(), open(/dev/ccci_aud) fail!! mCcciDeviceHandler: -1, errno: 2
07-17 09:31:24.935 W/SpeechMessengerNormal(  747): checkCcciStatusAndRecovery(), #169, sleep 10 ms & retry openCcciDriver
07-17 09:31:24.937 I/servicemanager(  441): Found android.hardware.radio.modem.IRadioModem/imsSlot1 in device VINTF manifest.
07-17 09:31:24.942 I/servicemanager(  441): Found android.hardware.radio.network.IRadioNetwork/imsSlot1 in device VINTF manifest.
07-17 09:31:24.946 E/SpeechMessengerNormal(  747): openCcciDriver(), open(/dev/ccci_aud) fail!! mCcciDeviceHandler: -1, errno: 2
07-17 09:31:24.946 I/servicemanager(  441): Found vendor.mediatek.hardware.mtkradioex.ims.IMtkRadioExIms/slot1 in device VINTF manifest.
07-17 09:31:24.946 W/SpeechMessengerNormal(  747): checkCcciStatusAndRecovery(), #170, sleep 10 ms & retry openCcciDriver
07-17 09:31:24.950 I/servicemanager(  441): Found vendor.mediatek.hardware.mtkradioex.voice.IMtkRadioExVoice/slot1 in device VINTF manifest.
07-17 09:31:24.954 I/servicemanager(  441): Found vendor.mediatek.hardware.mtkradioex.modem.IMtkRadioExModem/slot1 in device VINTF manifest.
07-17 09:31:24.957 E/SpeechMessengerNormal(  747): openCcciDriver(), open(/dev/ccci_aud) fail!! mCcciDeviceHandler: -1, errno: 2
07-17 09:31:24.957 W/SpeechMessengerNormal(  747): checkCcciStatusAndRecovery(), #171, sleep 10 ms & retry openCcciDriver
07-17 09:31:24.958 I/servicemanager(  441): Found android.hardware.radio.voice.IRadioVoice/imsSlot2 in device VINTF manifest.
07-17 09:31:24.962 I/servicemanager(  441): Found android.hardware.radio.sim.IRadioSim/imsSlot2 in device VINTF manifest.
07-17 09:31:24.966 I/servicemanager(  441): Found android.hardware.radio.modem.IRadioModem/imsSlot2 in device VINTF manifest.
07-17 09:31:24.967 E/SpeechMessengerNormal(  747): openCcciDriver(), open(/dev/ccci_aud) fail!! mCcciDeviceHandler: -1, errno: 2
07-17 09:31:24.968 W/SpeechMessengerNormal(  747): checkCcciStatusAndRecovery(), #172, sleep 10 ms & retry openCcciDriver
07-17 09:31:24.970 I/servicemanager(  441): Found android.hardware.radio.network.IRadioNetwork/imsSlot2 in device VINTF manifest.
07-17 09:31:24.974 I/servicemanager(  441): Found vendor.mediatek.hardware.mtkradioex.ims.IMtkRadioExIms/slot2 in device VINTF manifest.
07-17 09:31:24.977 I/servicemanager(  441): Found vendor.mediatek.hardware.mtkradioex.voice.IMtkRadioExVoice/slot2 in device VINTF manifest.
07-17 09:31:24.979 E/SpeechMessengerNormal(  747): openCcciDriver(), open(/dev/ccci_aud) fail!! mCcciDeviceHandler: -1, errno: 2
07-17 09:31:24.979 W/SpeechMessengerNormal(  747): checkCcciStatusAndRecovery(), #173, sleep 10 ms & retry openCcciDriver
07-17 09:31:24.982 I/servicemanager(  441): Found vendor.mediatek.hardware.mtkradioex.modem.IMtkRadioExModem/slot2 in device VINTF manifest.
07-17 09:31:24.990 E/SpeechMessengerNormal(  747): openCcciDriver(), open(/dev/ccci_aud) fail!! mCcciDeviceHandler: -1, errno: 2
07-17 09:31:24.991 W/SpeechMessengerNormal(  747): checkCcciStatusAndRecovery(), #174, sleep 10 ms & retry openCcciDriver
07-17 09:31:25.001 E/SpeechMessengerNormal(  747): openCcciDriver(), open(/dev/ccci_aud) fail!! mCcciDeviceHandler: -1, errno: 2
07-17 09:31:25.001 W/SpeechMessengerNormal(  747): checkCcciStatusAndRecovery(), #175, sleep 10 ms & retry openCcciDriver
07-17 09:31:25.012 E/SpeechMessengerNormal(  747): openCcciDriver(), open(/dev/ccci_aud) fail!! mCcciDeviceHandler: -1, errno: 2
07-17 09:31:25.012 W/SpeechMessengerNormal(  747): checkCcciStatusAndRecovery(), #176, sleep 10 ms & retry openCcciDriver
07-17 09:31:25.023 E/SpeechMessengerNormal(  747): openCcciDriver(), open(/dev/ccci_aud) fail!! mCcciDeviceHandler: -1, errno: 2
07-17 09:31:25.023 W/SpeechMessengerNormal(  747): checkCcciStatusAndRecovery(), #177, sleep 10 ms & retry openCcciDriver
07-17 09:31:25.034 E/SpeechMessengerNormal(  747): openCcciDriver(), open(/dev/ccci_aud) fail!! mCcciDeviceHandler: -1, errno: 2
07-17 09:31:25.034 W/SpeechMessengerNormal(  747): checkCcciStatusAndRecovery(), #178, sleep 10 ms & retry openCcciDriver
07-17 09:31:25.044 E/SpeechMessengerNormal(  747): openCcciDriver(), open(/dev/ccci_aud) fail!! mCcciDeviceHandler: -1, errno: 2
07-17 09:31:25.045 W/SpeechMessengerNormal(  747): checkCcciStatusAndRecovery(), #179, sleep 10 ms & retry openCcciDriver
07-17 09:31:25.047 E/BluetoothManagerService(  950): waitForState [15] time out
07-17 09:31:25.055 E/SpeechMessengerNormal(  747): openCcciDriver(), open(/dev/ccci_aud) fail!! mCcciDeviceHandler: -1, errno: 2
07-17 09:31:25.056 W/SpeechMessengerNormal(  747): checkCcciStatusAndRecovery(), #180, sleep 10 ms & retry openCcciDriver
07-17 09:31:25.061 D/BluetoothManagerService(  950): Retrying name/address remote retrieval and save.....Retry count =1
07-17 09:31:25.066 E/SpeechMessengerNormal(  747): openCcciDriver(), open(/dev/ccci_aud) fail!! mCcciDeviceHandler: -1, errno: 2
07-17 09:31:25.068 W/SpeechMessengerNormal(  747): checkCcciStatusAndRecovery(), #181, sleep 10 ms & retry openCcciDriver
07-17 09:31:25.072 E/AVSync  ( 1066): open dev failed: retry=12156, g_fd_avsync=-1, errno=2, No such file or directory
07-17 09:31:25.078 E/SpeechMessengerNormal(  747): openCcciDriver(), open(/dev/ccci_aud) fail!! mCcciDeviceHandler: -1, errno: 2
07-17 09:31:25.079 W/SpeechMessengerNormal(  747): checkCcciStatusAndRecovery(), #182, sleep 10 ms & retry openCcciDriver
07-17 09:31:25.089 E/SpeechMessengerNormal(  747): openCcciDriver(), open(/dev/ccci_aud) fail!! mCcciDeviceHandler: -1, errno: 2
07-17 09:31:25.090 W/SpeechMessengerNormal(  747): checkCcciStatusAndRecovery(), #183, sleep 10 ms & retry openCcciDriver
07-17 09:31:25.100 E/SpeechMessengerNormal(  747): openCcciDriver(), open(/dev/ccci_aud) fail!! mCcciDeviceHandler: -1, errno: 2
07-17 09:31:25.100 W/SpeechMessengerNormal(  747): checkCcciStatusAndRecovery(), #184, sleep 10 ms & retry openCcciDriver
07-17 09:31:25.104 E/VT HIDL (  789): [IVT] [VT THREAD] [VT_Bind] des = volte_imsvt1 Fail to connect . retry count: 12132
07-17 09:31:25.106 D/VT HIDL (  789): [IVT] isIMCBrun : True
07-17 09:31:25.111 E/SpeechMessengerNormal(  747): openCcciDriver(), open(/dev/ccci_aud) fail!! mCcciDeviceHandler: -1, errno: 2
07-17 09:31:25.111 W/SpeechMessengerNormal(  747): checkCcciStatusAndRecovery(), #185, sleep 10 ms & retry openCcciDriver
07-17 09:31:25.122 E/SpeechMessengerNormal(  747): openCcciDriver(), open(/dev/ccci_aud) fail!! mCcciDeviceHandler: -1, errno: 2
07-17 09:31:25.122 W/SpeechMessengerNormal(  747): checkCcciStatusAndRecovery(), #186, sleep 10 ms & retry openCcciDriver
07-17 09:31:25.133 E/SpeechMessengerNormal(  747): openCcciDriver(), open(/dev/ccci_aud) fail!! mCcciDeviceHandler: -1, errno: 2
07-17 09:31:25.134 W/SpeechMessengerNormal(  747): checkCcciStatusAndRecovery(), #187, sleep 10 ms & retry openCcciDriver
07-17 09:31:25.144 E/SpeechMessengerNormal(  747): openCcciDriver(), open(/dev/ccci_aud) fail!! mCcciDeviceHandler: -1, errno: 2
07-17 09:31:25.144 W/SpeechMessengerNormal(  747): checkCcciStatusAndRecovery(), #188, sleep 10 ms & retry openCcciDriver
07-17 09:31:25.155 E/SpeechMessengerNormal(  747): openCcciDriver(), open(/dev/ccci_aud) fail!! mCcciDeviceHandler: -1, errno: 2
07-17 09:31:25.155 W/SpeechMessengerNormal(  747): checkCcciStatusAndRecovery(), #189, sleep 10 ms & retry openCcciDriver
07-17 09:31:25.166 E/SpeechMessengerNormal(  747): openCcciDriver(), open(/dev/ccci_aud) fail!! mCcciDeviceHandler: -1, errno: 2
07-17 09:31:25.166 W/SpeechMessengerNormal(  747): checkCcciStatusAndRecovery(), #190, sleep 10 ms & retry openCcciDriver
07-17 09:31:25.176 E/SpeechMessengerNormal(  747): openCcciDriver(), open(/dev/ccci_aud) fail!! mCcciDeviceHandler: -1, errno: 2
07-17 09:31:25.177 W/SpeechMessengerNormal(  747): checkCcciStatusAndRecovery(), #191, sleep 10 ms & retry openCcciDriver
07-17 09:31:25.180 D/ULogGuard( 1106): Monitoring: 0 threads, 0 requests, 0 time-bombs; 1 guards. ResetFlags = 0x7
07-17 09:31:25.187 E/SpeechMessengerNormal(  747): openCcciDriver(), open(/dev/ccci_aud) fail!! mCcciDeviceHandler: -1, errno: 2
07-17 09:31:25.187 W/SpeechMessengerNormal(  747): checkCcciStatusAndRecovery(), #192, sleep 10 ms & retry openCcciDriver
07-17 09:31:25.198 E/SpeechMessengerNormal(  747): openCcciDriver(), open(/dev/ccci_aud) fail!! mCcciDeviceHandler: -1, errno: 2
07-17 09:31:25.198 W/SpeechMessengerNormal(  747): checkCcciStatusAndRecovery(), #193, sleep 10 ms & retry openCcciDriver
07-17 09:31:25.209 E/SpeechMessengerNormal(  747): openCcciDriver(), open(/dev/ccci_aud) fail!! mCcciDeviceHandler: -1, errno: 2
07-17 09:31:25.210 W/SpeechMessengerNormal(  747): checkCcciStatusAndRecovery(), #194, sleep 10 ms & retry openCcciDriver
07-17 09:31:25.223 E/SpeechMessengerNormal(  747): openCcciDriver(), open(/dev/ccci_aud) fail!! mCcciDeviceHandler: -1, errno: 2
07-17 09:31:25.224 W/SpeechMessengerNormal(  747): checkCcciStatusAndRecovery(), #195, sleep 10 ms & retry openCcciDriver
07-17 09:31:25.235 E/SpeechMessengerNormal(  747): openCcciDriver(), open(/dev/ccci_aud) fail!! mCcciDeviceHandler: -1, errno: 2
07-17 09:31:25.235 W/SpeechMessengerNormal(  747): checkCcciStatusAndRecovery(), #196, sleep 10 ms & retry openCcciDriver
07-17 09:31:25.246 E/SpeechMessengerNormal(  747): openCcciDriver(), open(/dev/ccci_aud) fail!! mCcciDeviceHandler: -1, errno: 2
07-17 09:31:25.246 W/SpeechMessengerNormal(  747): checkCcciStatusAndRecovery(), #197, sleep 10 ms & retry openCcciDriver
07-17 09:31:25.257 E/SpeechMessengerNormal(  747): openCcciDriver(), open(/dev/ccci_aud) fail!! mCcciDeviceHandler: -1, errno: 2
07-17 09:31:25.257 W/SpeechMessengerNormal(  747): checkCcciStatusAndRecovery(), #198, sleep 10 ms & retry openCcciDriver
07-17 09:31:25.268 E/SpeechMessengerNormal(  747): openCcciDriver(), open(/dev/ccci_aud) fail!! mCcciDeviceHandler: -1, errno: 2
07-17 09:31:25.268 W/SpeechMessengerNormal(  747): checkCcciStatusAndRecovery(), #199, sleep 10 ms & retry openCcciDriver
07-17 09:31:25.279 W/SpeechMessengerNormal(  747): checkCcciStatusAndRecovery(), ccci driver not init!!
07-17 09:31:25.279 E/SpeechMessengerNormal(  747): readSpeechMessage(), read msg failed!! ccci not ready, id: 0x0, param16: 0x0, param32: 0x0
07-17 09:31:25.379 W/SpeechMessengerNormal(  747): checkCcciStatusAndRecovery() mCcciDeviceHandler: -1
07-17 09:31:25.380 E/SpeechMessengerNormal(  747): openCcciDriver(), open(/dev/ccci_aud) fail!! mCcciDeviceHandler: -1, errno: 2
07-17 09:31:25.380 W/SpeechMessengerNormal(  747): checkCcciStatusAndRecovery(), #0, sleep 10 ms & retry openCcciDriver
07-17 09:31:25.390 E/SpeechMessengerNormal(  747): openCcciDriver(), open(/dev/ccci_aud) fail!! mCcciDeviceHandler: -1, errno: 2
07-17 09:31:25.390 W/SpeechMessengerNormal(  747): checkCcciStatusAndRecovery(), #1, sleep 10 ms & retry openCcciDriver
07-17 09:31:25.401 E/SpeechMessengerNormal(  747): openCcciDriver(), open(/dev/ccci_aud) fail!! mCcciDeviceHandler: -1, errno: 2
07-17 09:31:25.401 W/SpeechMessengerNormal(  747): checkCcciStatusAndRecovery(), #2, sleep 10 ms & retry openCcciDriver
07-17 09:31:25.412 E/SpeechMessengerNormal(  747): openCcciDriver(), open(/dev/ccci_aud) fail!! mCcciDeviceHandler: -1, errno: 2
07-17 09:31:25.412 W/SpeechMessengerNormal(  747): checkCcciStatusAndRecovery(), #3, sleep 10 ms & retry openCcciDriver
07-17 09:31:25.423 E/SpeechMessengerNormal(  747): openCcciDriver(), open(/dev/ccci_aud) fail!! mCcciDeviceHandler: -1, errno: 2
07-17 09:31:25.423 W/SpeechMessengerNormal(  747): checkCcciStatusAndRecovery(), #4, sleep 10 ms & retry openCcciDriver
07-17 09:31:25.434 E/SpeechMessengerNormal(  747): openCcciDriver(), open(/dev/ccci_aud) fail!! mCcciDeviceHandler: -1, errno: 2
07-17 09:31:25.434 W/SpeechMessengerNormal(  747): checkCcciStatusAndRecovery(), #5, sleep 10 ms & retry openCcciDriver
07-17 09:31:25.445 E/SpeechMessengerNormal(  747): openCcciDriver(), open(/dev/ccci_aud) fail!! mCcciDeviceHandler: -1, errno: 2
07-17 09:31:25.445 W/SpeechMessengerNormal(  747): checkCcciStatusAndRecovery(), #6, sleep 10 ms & retry openCcciDriver
07-17 09:31:25.455 E/SpeechMessengerNormal(  747): openCcciDriver(), open(/dev/ccci_aud) fail!! mCcciDeviceHandler: -1, errno: 2
07-17 09:31:25.456 W/SpeechMessengerNormal(  747): checkCcciStatusAndRecovery(), #7, sleep 10 ms & retry openCcciDriver
07-17 09:31:25.466 E/SpeechMessengerNormal(  747): openCcciDriver(), open(/dev/ccci_aud) fail!! mCcciDeviceHandler: -1, errno: 2
07-17 09:31:25.467 W/SpeechMessengerNormal(  747): checkCcciStatusAndRecovery(), #8, sleep 10 ms & retry openCcciDriver
07-17 09:31:25.477 E/SpeechMessengerNormal(  747): openCcciDriver(), open(/dev/ccci_aud) fail!! mCcciDeviceHandler: -1, errno: 2
07-17 09:31:25.478 W/SpeechMessengerNormal(  747): checkCcciStatusAndRecovery(), #9, sleep 10 ms & retry openCcciDriver
07-17 09:31:25.488 E/SpeechMessengerNormal(  747): openCcciDriver(), open(/dev/ccci_aud) fail!! mCcciDeviceHandler: -1, errno: 2
07-17 09:31:25.488 W/SpeechMessengerNormal(  747): checkCcciStatusAndRecovery(), #10, sleep 10 ms & retry openCcciDriver
07-17 09:31:25.499 E/SpeechMessengerNormal(  747): openCcciDriver(), open(/dev/ccci_aud) fail!! mCcciDeviceHandler: -1, errno: 2
07-17 09:31:25.499 W/SpeechMessengerNormal(  747): checkCcciStatusAndRecovery(), #11, sleep 10 ms & retry openCcciDriver
07-17 09:31:25.510 E/SpeechMessengerNormal(  747): openCcciDriver(), open(/dev/ccci_aud) fail!! mCcciDeviceHandler: -1, errno: 2
07-17 09:31:25.510 W/SpeechMessengerNormal(  747): checkCcciStatusAndRecovery(), #12, sleep 10 ms & retry openCcciDriver
07-17 09:31:25.521 E/SpeechMessengerNormal(  747): openCcciDriver(), open(/dev/ccci_aud) fail!! mCcciDeviceHandler: -1, errno: 2
07-17 09:31:25.521 W/SpeechMessengerNormal(  747): checkCcciStatusAndRecovery(), #13, sleep 10 ms & retry openCcciDriver
07-17 09:31:25.532 E/SpeechMessengerNormal(  747): openCcciDriver(), open(/dev/ccci_aud) fail!! mCcciDeviceHandler: -1, errno: 2
07-17 09:31:25.532 W/SpeechMessengerNormal(  747): checkCcciStatusAndRecovery(), #14, sleep 10 ms & retry openCcciDriver
07-17 09:31:25.543 E/SpeechMessengerNormal(  747): openCcciDriver(), open(/dev/ccci_aud) fail!! mCcciDeviceHandler: -1, errno: 2
07-17 09:31:25.543 W/SpeechMessengerNormal(  747): checkCcciStatusAndRecovery(), #15, sleep 10 ms & retry openCcciDriver
07-17 09:31:25.554 E/SpeechMessengerNormal(  747): openCcciDriver(), open(/dev/ccci_aud) fail!! mCcciDeviceHandler: -1, errno: 2
07-17 09:31:25.554 W/SpeechMessengerNormal(  747): checkCcciStatusAndRecovery(), #16, sleep 10 ms & retry openCcciDriver
07-17 09:31:25.562 D/BluetoothManagerService(  950): MESSAGE_SAVE_NAME_AND_ADDRESS
07-17 09:31:25.565 E/SpeechMessengerNormal(  747): openCcciDriver(), open(/dev/ccci_aud) fail!! mCcciDeviceHandler: -1, errno: 2
07-17 09:31:25.565 W/SpeechMessengerNormal(  747): checkCcciStatusAndRecovery(), #17, sleep 10 ms & retry openCcciDriver
07-17 09:31:25.569 D/BluetoothAdapterService(15275): enable() - Enable called with quiet mode status =  false
07-17 09:31:25.571 I/AdapterState(15275): BLE_TURNING_ON : Unhandled message - BLE_TURN_ON
07-17 09:31:25.573 E/AVSync  ( 1066): open dev failed: retry=12157, g_fd_avsync=-1, errno=2, No such file or directory
07-17 09:31:25.575 E/SpeechMessengerNormal(  747): openCcciDriver(), open(/dev/ccci_aud) fail!! mCcciDeviceHandler: -1, errno: 2
07-17 09:31:25.576 W/SpeechMessengerNormal(  747): checkCcciStatusAndRecovery(), #18, sleep 10 ms & retry openCcciDriver
07-17 09:31:25.586 E/SpeechMessengerNormal(  747): openCcciDriver(), open(/dev/ccci_aud) fail!! mCcciDeviceHandler: -1, errno: 2
07-17 09:31:25.587 W/SpeechMessengerNormal(  747): checkCcciStatusAndRecovery(), #19, sleep 10 ms & retry openCcciDriver
07-17 09:31:25.597 E/SpeechMessengerNormal(  747): openCcciDriver(), open(/dev/ccci_aud) fail!! mCcciDeviceHandler: -1, errno: 2
07-17 09:31:25.598 W/SpeechMessengerNormal(  747): checkCcciStatusAndRecovery(), #20, sleep 10 ms & retry openCcciDriver
07-17 09:31:25.607 E/VT HIDL (  789): [IVT] [VT THREAD] [VT_Bind] des = volte_imsvt1 Fail to connect . retry count: 12133
07-17 09:31:25.608 D/VT HIDL (  789): [IVT] isIMCBrun : True
07-17 09:31:25.608 E/SpeechMessengerNormal(  747): openCcciDriver(), open(/dev/ccci_aud) fail!! mCcciDeviceHandler: -1, errno: 2
07-17 09:31:25.609 W/SpeechMessengerNormal(  747): checkCcciStatusAndRecovery(), #21, sleep 10 ms & retry openCcciDriver
07-17 09:31:25.619 E/SpeechMessengerNormal(  747): openCcciDriver(), open(/dev/ccci_aud) fail!! mCcciDeviceHandler: -1, errno: 2
07-17 09:31:25.619 W/SpeechMessengerNormal(  747): checkCcciStatusAndRecovery(), #22, sleep 10 ms & retry openCcciDriver
07-17 09:31:25.630 E/SpeechMessengerNormal(  747): openCcciDriver(), open(/dev/ccci_aud) fail!! mCcciDeviceHandler: -1, errno: 2
07-17 09:31:25.630 W/SpeechMessengerNormal(  747): checkCcciStatusAndRecovery(), #23, sleep 10 ms & retry openCcciDriver
07-17 09:31:25.641 E/SpeechMessengerNormal(  747): openCcciDriver(), open(/dev/ccci_aud) fail!! mCcciDeviceHandler: -1, errno: 2
07-17 09:31:25.641 W/SpeechMessengerNormal(  747): checkCcciStatusAndRecovery(), #24, sleep 10 ms & retry openCcciDriver
07-17 09:31:25.652 E/SpeechMessengerNormal(  747): openCcciDriver(), open(/dev/ccci_aud) fail!! mCcciDeviceHandler: -1, errno: 2
07-17 09:31:25.652 W/SpeechMessengerNormal(  747): checkCcciStatusAndRecovery(), #25, sleep 10 ms & retry openCcciDriver
07-17 09:31:25.659 I/servicemanager(  441): Found android.hardware.radio.config.IRadioConfig/default in device VINTF manifest.
07-17 09:31:25.663 E/SpeechMessengerNormal(  747): openCcciDriver(), open(/dev/ccci_aud) fail!! mCcciDeviceHandler: -1, errno: 2
07-17 09:31:25.663 W/SpeechMessengerNormal(  747): checkCcciStatusAndRecovery(), #26, sleep 10 ms & retry openCcciDriver
07-17 09:31:25.674 E/SpeechMessengerNormal(  747): openCcciDriver(), open(/dev/ccci_aud) fail!! mCcciDeviceHandler: -1, errno: 2
07-17 09:31:25.675 W/SpeechMessengerNormal(  747): checkCcciStatusAndRecovery(), #27, sleep 10 ms & retry openCcciDriver
07-17 09:31:25.685 E/SpeechMessengerNormal(  747): openCcciDriver(), open(/dev/ccci_aud) fail!! mCcciDeviceHandler: -1, errno: 2
07-17 09:31:25.685 W/SpeechMessengerNormal(  747): checkCcciStatusAndRecovery(), #28, sleep 10 ms & retry openCcciDriver
07-17 09:31:25.696 E/SpeechMessengerNormal(  747): openCcciDriver(), open(/dev/ccci_aud) fail!! mCcciDeviceHandler: -1, errno: 2
07-17 09:31:25.696 W/SpeechMessengerNormal(  747): checkCcciStatusAndRecovery(), #29, sleep 10 ms & retry openCcciDriver
07-17 09:31:25.707 E/SpeechMessengerNormal(  747): openCcciDriver(), open(/dev/ccci_aud) fail!! mCcciDeviceHandler: -1, errno: 2
07-17 09:31:25.707 W/SpeechMessengerNormal(  747): checkCcciStatusAndRecovery(), #30, sleep 10 ms & retry openCcciDriver
07-17 09:31:25.718 E/SpeechMessengerNormal(  747): openCcciDriver(), open(/dev/ccci_aud) fail!! mCcciDeviceHandler: -1, errno: 2
07-17 09:31:25.718 W/SpeechMessengerNormal(  747): checkCcciStatusAndRecovery(), #31, sleep 10 ms & retry openCcciDriver
07-17 09:31:25.729 E/SpeechMessengerNormal(  747): openCcciDriver(), open(/dev/ccci_aud) fail!! mCcciDeviceHandler: -1, errno: 2
07-17 09:31:25.730 W/SpeechMessengerNormal(  747): checkCcciStatusAndRecovery(), #32, sleep 10 ms & retry openCcciDriver
07-17 09:31:25.743 E/SpeechMessengerNormal(  747): openCcciDriver(), open(/dev/ccci_aud) fail!! mCcciDeviceHandler: -1, errno: 2
07-17 09:31:25.743 W/SpeechMessengerNormal(  747): checkCcciStatusAndRecovery(), #33, sleep 10 ms & retry openCcciDriver
07-17 09:31:25.753 E/SpeechMessengerNormal(  747): openCcciDriver(), open(/dev/ccci_aud) fail!! mCcciDeviceHandler: -1, errno: 2
07-17 09:31:25.753 W/SpeechMessengerNormal(  747): checkCcciStatusAndRecovery(), #34, sleep 10 ms & retry openCcciDriver
07-17 09:31:25.764 E/SpeechMessengerNormal(  747): openCcciDriver(), open(/dev/ccci_aud) fail!! mCcciDeviceHandler: -1, errno: 2
07-17 09:31:25.764 W/SpeechMessengerNormal(  747): checkCcciStatusAndRecovery(), #35, sleep 10 ms & retry openCcciDriver
07-17 09:31:25.775 E/SpeechMessengerNormal(  747): openCcciDriver(), open(/dev/ccci_aud) fail!! mCcciDeviceHandler: -1, errno: 2
07-17 09:31:25.775 W/SpeechMessengerNormal(  747): checkCcciStatusAndRecovery(), #36, sleep 10 ms & retry openCcciDriver
07-17 09:31:25.786 E/SpeechMessengerNormal(  747): openCcciDriver(), open(/dev/ccci_aud) fail!! mCcciDeviceHandler: -1, errno: 2
07-17 09:31:25.786 W/SpeechMessengerNormal(  747): checkCcciStatusAndRecovery(), #37, sleep 10 ms & retry openCcciDriver
07-17 09:31:25.797 E/SpeechMessengerNormal(  747): openCcciDriver(), open(/dev/ccci_aud) fail!! mCcciDeviceHandler: -1, errno: 2
07-17 09:31:25.797 W/SpeechMessengerNormal(  747): checkCcciStatusAndRecovery(), #38, sleep 10 ms & retry openCcciDriver
07-17 09:31:25.808 E/SpeechMessengerNormal(  747): openCcciDriver(), open(/dev/ccci_aud) fail!! mCcciDeviceHandler: -1, errno: 2
07-17 09:31:25.808 W/SpeechMessengerNormal(  747): checkCcciStatusAndRecovery(), #39, sleep 10 ms & retry openCcciDriver
07-17 09:31:25.819 E/SpeechMessengerNormal(  747): openCcciDriver(), open(/dev/ccci_aud) fail!! mCcciDeviceHandler: -1, errno: 2
07-17 09:31:25.819 W/SpeechMessengerNormal(  747): checkCcciStatusAndRecovery(), #40, sleep 10 ms & retry openCcciDriver
07-17 09:31:25.830 E/SpeechMessengerNormal(  747): openCcciDriver(), open(/dev/ccci_aud) fail!! mCcciDeviceHandler: -1, errno: 2
07-17 09:31:25.830 W/SpeechMessengerNormal(  747): checkCcciStatusAndRecovery(), #41, sleep 10 ms & retry openCcciDriver
07-17 09:31:25.841 E/SpeechMessengerNormal(  747): openCcciDriver(), open(/dev/ccci_aud) fail!! mCcciDeviceHandler: -1, errno: 2
07-17 09:31:25.841 W/SpeechMessengerNormal(  747): checkCcciStatusAndRecovery(), #42, sleep 10 ms & retry openCcciDriver
07-17 09:31:25.852 E/SpeechMessengerNormal(  747): openCcciDriver(), open(/dev/ccci_aud) fail!! mCcciDeviceHandler: -1, errno: 2
07-17 09:31:25.852 W/SpeechMessengerNormal(  747): checkCcciStatusAndRecovery(), #43, sleep 10 ms & retry openCcciDriver
07-17 09:31:25.862 E/SpeechMessengerNormal(  747): openCcciDriver(), open(/dev/ccci_aud) fail!! mCcciDeviceHandler: -1, errno: 2
07-17 09:31:25.863 W/SpeechMessengerNormal(  747): checkCcciStatusAndRecovery(), #44, sleep 10 ms & retry openCcciDriver
07-17 09:31:25.873 E/SpeechMessengerNormal(  747): openCcciDriver(), open(/dev/ccci_aud) fail!! mCcciDeviceHandler: -1, errno: 2
07-17 09:31:25.874 W/SpeechMessengerNormal(  747): checkCcciStatusAndRecovery(), #45, sleep 10 ms & retry openCcciDriver
07-17 09:31:25.884 E/SpeechMessengerNormal(  747): openCcciDriver(), open(/dev/ccci_aud) fail!! mCcciDeviceHandler: -1, errno: 2
07-17 09:31:25.885 W/SpeechMessengerNormal(  747): checkCcciStatusAndRecovery(), #46, sleep 10 ms & retry openCcciDriver
07-17 09:31:25.895 E/SpeechMessengerNormal(  747): openCcciDriver(), open(/dev/ccci_aud) fail!! mCcciDeviceHandler: -1, errno: 2
07-17 09:31:25.896 W/SpeechMessengerNormal(  747): checkCcciStatusAndRecovery(), #47, sleep 10 ms & retry openCcciDriver
07-17 09:31:25.906 E/SpeechMessengerNormal(  747): openCcciDriver(), open(/dev/ccci_aud) fail!! mCcciDeviceHandler: -1, errno: 2
07-17 09:31:25.907 W/SpeechMessengerNormal(  747): checkCcciStatusAndRecovery(), #48, sleep 10 ms & retry openCcciDriver
07-17 09:31:25.917 E/SpeechMessengerNormal(  747): openCcciDriver(), open(/dev/ccci_aud) fail!! mCcciDeviceHandler: -1, errno: 2
07-17 09:31:25.918 W/SpeechMessengerNormal(  747): checkCcciStatusAndRecovery(), #49, sleep 10 ms & retry openCcciDriver
07-17 09:31:25.928 E/SpeechMessengerNormal(  747): openCcciDriver(), open(/dev/ccci_aud) fail!! mCcciDeviceHandler: -1, errno: 2
07-17 09:31:25.928 W/SpeechMessengerNormal(  747): checkCcciStatusAndRecovery(), #50, sleep 10 ms & retry openCcciDriver
07-17 09:31:25.933 I/servicemanager(  441): Found android.hardware.radio.voice.IRadioVoice/imsSlot1 in device VINTF manifest.
07-17 09:31:25.937 I/servicemanager(  441): Found android.hardware.radio.sim.IRadioSim/imsSlot1 in device VINTF manifest.
07-17 09:31:25.939 E/SpeechMessengerNormal(  747): openCcciDriver(), open(/dev/ccci_aud) fail!! mCcciDeviceHandler: -1, errno: 2
07-17 09:31:25.939 W/SpeechMessengerNormal(  747): checkCcciStatusAndRecovery(), #51, sleep 10 ms & retry openCcciDriver
07-17 09:31:25.942 I/servicemanager(  441): Found android.hardware.radio.modem.IRadioModem/imsSlot1 in device VINTF manifest.
07-17 09:31:25.946 I/servicemanager(  441): Found android.hardware.radio.network.IRadioNetwork/imsSlot1 in device VINTF manifest.
07-17 09:31:25.950 E/SpeechMessengerNormal(  747): openCcciDriver(), open(/dev/ccci_aud) fail!! mCcciDeviceHandler: -1, errno: 2
07-17 09:31:25.950 I/servicemanager(  441): Found vendor.mediatek.hardware.mtkradioex.ims.IMtkRadioExIms/slot1 in device VINTF manifest.
07-17 09:31:25.950 W/SpeechMessengerNormal(  747): checkCcciStatusAndRecovery(), #52, sleep 10 ms & retry openCcciDriver
07-17 09:31:25.953 I/servicemanager(  441): Found vendor.mediatek.hardware.mtkradioex.voice.IMtkRadioExVoice/slot1 in device VINTF manifest.
07-17 09:31:25.958 I/servicemanager(  441): Found vendor.mediatek.hardware.mtkradioex.modem.IMtkRadioExModem/slot1 in device VINTF manifest.
07-17 09:31:25.961 E/SpeechMessengerNormal(  747): openCcciDriver(), open(/dev/ccci_aud) fail!! mCcciDeviceHandler: -1, errno: 2
07-17 09:31:25.961 W/SpeechMessengerNormal(  747): checkCcciStatusAndRecovery(), #53, sleep 10 ms & retry openCcciDriver
07-17 09:31:25.963 I/servicemanager(  441): Found android.hardware.radio.voice.IRadioVoice/imsSlot2 in device VINTF manifest.
07-17 09:31:25.967 I/servicemanager(  441): Found android.hardware.radio.sim.IRadioSim/imsSlot2 in device VINTF manifest.
07-17 09:31:25.971 I/servicemanager(  441): Found android.hardware.radio.modem.IRadioModem/imsSlot2 in device VINTF manifest.
07-17 09:31:25.972 E/SpeechMessengerNormal(  747): openCcciDriver(), open(/dev/ccci_aud) fail!! mCcciDeviceHandler: -1, errno: 2
07-17 09:31:25.972 W/SpeechMessengerNormal(  747): checkCcciStatusAndRecovery(), #54, sleep 10 ms & retry openCcciDriver
07-17 09:31:25.975 I/servicemanager(  441): Found android.hardware.radio.network.IRadioNetwork/imsSlot2 in device VINTF manifest.
07-17 09:31:25.978 I/servicemanager(  441): Found vendor.mediatek.hardware.mtkradioex.ims.IMtkRadioExIms/slot2 in device VINTF manifest.
07-17 09:31:25.982 I/servicemanager(  441): Found vendor.mediatek.hardware.mtkradioex.voice.IMtkRadioExVoice/slot2 in device VINTF manifest.
07-17 09:31:25.982 E/SpeechMessengerNormal(  747): openCcciDriver(), open(/dev/ccci_aud) fail!! mCcciDeviceHandler: -1, errno: 2
07-17 09:31:25.982 W/SpeechMessengerNormal(  747): checkCcciStatusAndRecovery(), #55, sleep 10 ms & retry openCcciDriver
07-17 09:31:25.984 I/servicemanager(  441): Found vendor.mediatek.hardware.mtkradioex.modem.IMtkRadioExModem/slot2 in device VINTF manifest.
07-17 09:31:25.993 E/SpeechMessengerNormal(  747): openCcciDriver(), open(/dev/ccci_aud) fail!! mCcciDeviceHandler: -1, errno: 2
07-17 09:31:25.993 W/SpeechMessengerNormal(  747): checkCcciStatusAndRecovery(), #56, sleep 10 ms & retry openCcciDriver
07-17 09:31:26.004 E/SpeechMessengerNormal(  747): openCcciDriver(), open(/dev/ccci_aud) fail!! mCcciDeviceHandler: -1, errno: 2
07-17 09:31:26.004 W/SpeechMessengerNormal(  747): checkCcciStatusAndRecovery(), #57, sleep 10 ms & retry openCcciDriver
07-17 09:31:26.015 E/SpeechMessengerNormal(  747): openCcciDriver(), open(/dev/ccci_aud) fail!! mCcciDeviceHandler: -1, errno: 2
07-17 09:31:26.015 W/SpeechMessengerNormal(  747): checkCcciStatusAndRecovery(), #58, sleep 10 ms & retry openCcciDriver
07-17 09:31:26.026 E/SpeechMessengerNormal(  747): openCcciDriver(), open(/dev/ccci_aud) fail!! mCcciDeviceHandler: -1, errno: 2
07-17 09:31:26.026 W/SpeechMessengerNormal(  747): checkCcciStatusAndRecovery(), #59, sleep 10 ms & retry openCcciDriver
07-17 09:31:26.037 E/SpeechMessengerNormal(  747): openCcciDriver(), open(/dev/ccci_aud) fail!! mCcciDeviceHandler: -1, errno: 2
07-17 09:31:26.037 W/SpeechMessengerNormal(  747): checkCcciStatusAndRecovery(), #60, sleep 10 ms & retry openCcciDriver
07-17 09:31:26.048 E/SpeechMessengerNormal(  747): openCcciDriver(), open(/dev/ccci_aud) fail!! mCcciDeviceHandler: -1, errno: 2
07-17 09:31:26.048 W/SpeechMessengerNormal(  747): checkCcciStatusAndRecovery(), #61, sleep 10 ms & retry openCcciDriver
07-17 09:31:26.059 E/SpeechMessengerNormal(  747): openCcciDriver(), open(/dev/ccci_aud) fail!! mCcciDeviceHandler: -1, errno: 2
07-17 09:31:26.059 W/SpeechMessengerNormal(  747): checkCcciStatusAndRecovery(), #62, sleep 10 ms & retry openCcciDriver
07-17 09:31:26.069 D/agps    ( 1125): [agps] WARNING: [CP] cp2_fd_1_reconnect_timeout
07-17 09:31:26.070 E/SpeechMessengerNormal(  747): openCcciDriver(), open(/dev/ccci_aud) fail!! mCcciDeviceHandler: -1, errno: 2
07-17 09:31:26.070 W/SpeechMessengerNormal(  747): checkCcciStatusAndRecovery(), #63, sleep 10 ms & retry openCcciDriver
07-17 09:31:26.070 E/agps    ( 1125): [agps] ERR: [CP] get_ccci_uart  open failed node=[/dev/ttyC2] reason=[No such file or directory]
07-17 09:31:26.071 E/agps    ( 1125): [agps] ERR: [CP] get_eemcs_uart  open failed node=[/dev/eemcs_ipc_uart] reason=[No such file or directory]
07-17 09:31:26.071 E/agps    ( 1125): [agps] ERR: [CP] ccci_uart_1  open failed
07-17 09:31:26.073 E/AVSync  ( 1066): open dev failed: retry=12158, g_fd_avsync=-1, errno=2, No such file or directory
07-17 09:31:26.080 E/SpeechMessengerNormal(  747): openCcciDriver(), open(/dev/ccci_aud) fail!! mCcciDeviceHandler: -1, errno: 2
07-17 09:31:26.081 W/SpeechMessengerNormal(  747): checkCcciStatusAndRecovery(), #64, sleep 10 ms & retry openCcciDriver
07-17 09:31:26.092 E/SpeechMessengerNormal(  747): openCcciDriver(), open(/dev/ccci_aud) fail!! mCcciDeviceHandler: -1, errno: 2
07-17 09:31:26.092 W/SpeechMessengerNormal(  747): checkCcciStatusAndRecovery(), #65, sleep 10 ms & retry openCcciDriver
07-17 09:31:26.103 E/SpeechMessengerNormal(  747): openCcciDriver(), open(/dev/ccci_aud) fail!! mCcciDeviceHandler: -1, errno: 2
07-17 09:31:26.103 W/SpeechMessengerNormal(  747): checkCcciStatusAndRecovery(), #66, sleep 10 ms & retry openCcciDriver
07-17 09:31:26.109 E/VT HIDL (  789): [IVT] [VT THREAD] [VT_Bind] des = volte_imsvt1 Fail to connect . retry count: 12134
07-17 09:31:26.110 D/VT HIDL (  789): [IVT] isIMCBrun : True
07-17 09:31:26.114 E/SpeechMessengerNormal(  747): openCcciDriver(), open(/dev/ccci_aud) fail!! mCcciDeviceHandler: -1, errno: 2
07-17 09:31:26.115 W/SpeechMessengerNormal(  747): checkCcciStatusAndRecovery(), #67, sleep 10 ms & retry openCcciDriver
07-17 09:31:26.125 E/SpeechMessengerNormal(  747): openCcciDriver(), open(/dev/ccci_aud) fail!! mCcciDeviceHandler: -1, errno: 2
07-17 09:31:26.125 W/SpeechMessengerNormal(  747): checkCcciStatusAndRecovery(), #68, sleep 10 ms & retry openCcciDriver
07-17 09:31:26.136 E/SpeechMessengerNormal(  747): openCcciDriver(), open(/dev/ccci_aud) fail!! mCcciDeviceHandler: -1, errno: 2
07-17 09:31:26.136 W/SpeechMessengerNormal(  747): checkCcciStatusAndRecovery(), #69, sleep 10 ms & retry openCcciDriver
07-17 09:31:26.147 E/SpeechMessengerNormal(  747): openCcciDriver(), open(/dev/ccci_aud) fail!! mCcciDeviceHandler: -1, errno: 2
07-17 09:31:26.147 W/SpeechMessengerNormal(  747): checkCcciStatusAndRecovery(), #70, sleep 10 ms & retry openCcciDriver
07-17 09:31:26.158 E/SpeechMessengerNormal(  747): openCcciDriver(), open(/dev/ccci_aud) fail!! mCcciDeviceHandler: -1, errno: 2
