07-17 09:31:33.986 I/servicemanager(  441): Found android.hardware.radio.sim.IRadioSim/imsSlot1 in device VINTF manifest.
07-17 09:31:33.987 E/SpeechMessengerNormal(  747): openCcciDriver(), open(/dev/ccci_aud) fail!! mCcciDeviceHandler: -1, errno: 2
07-17 09:31:33.987 W/SpeechMessengerNormal(  747): checkCcciStatusAndRecovery(), #156, sleep 10 ms & retry openCcciDriver
07-17 09:31:33.988 D/[gs_ta] (  523):  [I][gs_ese_protocol]data:0x0000,try read 15
07-17 09:31:33.991 I/servicemanager(  441): Found android.hardware.radio.modem.IRadioModem/imsSlot1 in device VINTF manifest.
07-17 09:31:33.996 I/servicemanager(  441): Found android.hardware.radio.network.IRadioNetwork/imsSlot1 in device VINTF manifest.
07-17 09:31:33.999 E/SpeechMessengerNormal(  747): openCcciDriver(), open(/dev/ccci_aud) fail!! mCcciDeviceHandler: -1, errno: 2
07-17 09:31:33.999 W/SpeechMessengerNormal(  747): checkCcciStatusAndRecovery(), #157, sleep 10 ms & retry openCcciDriver
07-17 09:31:34.001 I/servicemanager(  441): Found vendor.mediatek.hardware.mtkradioex.ims.IMtkRadioExIms/slot1 in device VINTF manifest.
07-17 09:31:34.004 I/servicemanager(  441): Found vendor.mediatek.hardware.mtkradioex.voice.IMtkRadioExVoice/slot1 in device VINTF manifest.
07-17 09:31:34.005 D/[gs_ta] (  523):  [I][gs_ese_protocol]data:0x0000,try read 16
07-17 09:31:34.009 I/servicemanager(  441): Found vendor.mediatek.hardware.mtkradioex.modem.IMtkRadioExModem/slot1 in device VINTF manifest.
07-17 09:31:34.010 E/SpeechMessengerNormal(  747): openCcciDriver(), open(/dev/ccci_aud) fail!! mCcciDeviceHandler: -1, errno: 2
07-17 09:31:34.010 W/SpeechMessengerNormal(  747): checkCcciStatusAndRecovery(), #158, sleep 10 ms & retry openCcciDriver
07-17 09:31:34.013 I/servicemanager(  441): Found android.hardware.radio.voice.IRadioVoice/imsSlot2 in device VINTF manifest.
07-17 09:31:34.018 I/servicemanager(  441): Found android.hardware.radio.sim.IRadioSim/imsSlot2 in device VINTF manifest.
07-17 09:31:34.021 E/SpeechMessengerNormal(  747): openCcciDriver(), open(/dev/ccci_aud) fail!! mCcciDeviceHandler: -1, errno: 2
07-17 09:31:34.021 W/SpeechMessengerNormal(  747): checkCcciStatusAndRecovery(), #159, sleep 10 ms & retry openCcciDriver
07-17 09:31:34.021 I/servicemanager(  441): Found android.hardware.radio.modem.IRadioModem/imsSlot2 in device VINTF manifest.
07-17 09:31:34.025 I/servicemanager(  441): Found android.hardware.radio.network.IRadioNetwork/imsSlot2 in device VINTF manifest.
07-17 09:31:34.030 D/[gs_ta] (  523):  [I][gs_ese_data]receive data length = 7
07-17 09:31:34.029 I/servicemanager(  441): Found vendor.mediatek.hardware.mtkradioex.ims.IMtkRadioExIms/slot2 in device VINTF manifest.
07-17 09:31:34.031 E/SpeechMessengerNormal(  747): openCcciDriver(), open(/dev/ccci_aud) fail!! mCcciDeviceHandler: -1, errno: 2
07-17 09:31:34.032 W/SpeechMessengerNormal(  747): checkCcciStatusAndRecovery(), #160, sleep 10 ms & retry openCcciDriver
07-17 09:31:34.031 D/[gs_ta] (  523):  [I][gs_ese_data]receive data = 0x12C30001017BFA  
07-17 09:31:34.033 D/[gs_ta] (  523):  [I][gs_ese_protocol]receive S frame
07-17 09:31:34.034 D/[gs_ta] (  523):  [I][gs_ese_protocol] ese_decode_frame Wtx_counter value = 6
07-17 09:31:34.034 D/[gs_ta] (  523):  [I][gs_ese_protocol] ese_decode_frame Wtx_counter wtx_counter_limit = 10
07-17 09:31:34.034 D/[gs_ta] (  523):  [I][gs_ese_protocol]next transmit state = 5
07-17 09:31:34.034 D/[gs_ta] (  523):  [I][gs_ese_protocol]S bolck type is 0xe3
07-17 09:31:34.034 D/[gs_ta] (  523):  [I][gs_ese_protocol]S-Frame PCB: 0xe3
07-17 09:31:34.034 D/[gs_ta] (  523):  [I][gs_ese_transmit]g_send_wakeup_frame = 0
07-17 09:31:34.034 D/[gs_ta] (  523):  [I][gs_ese_transmit]currentTimeStamp = 1689586294034832
07-17 09:31:34.034 I/servicemanager(  441): Found vendor.mediatek.hardware.mtkradioex.voice.IMtkRadioExVoice/slot2 in device VINTF manifest.
07-17 09:31:34.035 D/[gs_ta] (  523):  [I][gs_ese_transmit]g_lastWriteSpiTimeStamp = 1689586293764807
07-17 09:31:34.039 I/servicemanager(  441): Found vendor.mediatek.hardware.mtkradioex.modem.IMtkRadioExModem/slot2 in device VINTF manifest.
07-17 09:31:34.039 D/[gs_ta] (  523):  [I][gs_ese_data]send data length = 7:
07-17 09:31:34.039 D/[gs_ta] (  523):  [I][gs_ese_data]send data = 0x21E30001013DB4  
07-17 09:31:34.042 E/SpeechMessengerNormal(  747): openCcciDriver(), open(/dev/ccci_aud) fail!! mCcciDeviceHandler: -1, errno: 2
07-17 09:31:34.042 W/SpeechMessengerNormal(  747): checkCcciStatusAndRecovery(), #161, sleep 10 ms & retry openCcciDriver
07-17 09:31:34.043 D/[gs_ta] (  523):  [I][gs_ese_protocol]data:0x0000,try read 1
07-17 09:31:34.053 E/SpeechMessengerNormal(  747): openCcciDriver(), open(/dev/ccci_aud) fail!! mCcciDeviceHandler: -1, errno: 2
07-17 09:31:34.053 W/SpeechMessengerNormal(  747): checkCcciStatusAndRecovery(), #162, sleep 10 ms & retry openCcciDriver
07-17 09:31:34.058 D/[gs_ta] (  523):  [I][gs_ese_protocol]data:0x0000,try read 2
07-17 09:31:34.064 E/SpeechMessengerNormal(  747): openCcciDriver(), open(/dev/ccci_aud) fail!! mCcciDeviceHandler: -1, errno: 2
07-17 09:31:34.064 W/SpeechMessengerNormal(  747): checkCcciStatusAndRecovery(), #163, sleep 10 ms & retry openCcciDriver
07-17 09:31:34.075 E/SpeechMessengerNormal(  747): openCcciDriver(), open(/dev/ccci_aud) fail!! mCcciDeviceHandler: -1, errno: 2
07-17 09:31:34.076 W/SpeechMessengerNormal(  747): checkCcciStatusAndRecovery(), #164, sleep 10 ms & retry openCcciDriver
07-17 09:31:34.077 D/agps    ( 1125): [agps] WARNING: [CP] cp2_fd_1_reconnect_timeout
07-17 09:31:34.078 E/agps    ( 1125): [agps] ERR: [CP] get_ccci_uart  open failed node=[/dev/ttyC2] reason=[No such file or directory]
07-17 09:31:34.079 E/agps    ( 1125): [agps] ERR: [CP] get_eemcs_uart  open failed node=[/dev/eemcs_ipc_uart] reason=[No such file or directory]
07-17 09:31:34.079 E/agps    ( 1125): [agps] ERR: [CP] ccci_uart_1  open failed
07-17 09:31:34.087 E/SpeechMessengerNormal(  747): openCcciDriver(), open(/dev/ccci_aud) fail!! mCcciDeviceHandler: -1, errno: 2
07-17 09:31:34.087 E/AVSync  ( 1066): open dev failed: retry=12174, g_fd_avsync=-1, errno=2, No such file or directory
07-17 09:31:34.087 W/SpeechMessengerNormal(  747): checkCcciStatusAndRecovery(), #165, sleep 10 ms & retry openCcciDriver
07-17 09:31:34.089 D/[gs_ta] (  523):  [I][gs_ese_data]receive data length = 487
07-17 09:31:34.090 D/[gs_ta] (  523):  [I][gs_ese_data]receive data = 0x120001E1870058205C89BD96BA27E4B8AE75F20345CE3DE75BCBDCD54A4C7FE66F68B2E665710D8B590142AF656272616E6464616C707365667573656401656D6F64656C6E6B3638393576315F36345F707265666465766963656E6B3638393576315F36345F7072656770726F6475637473766578745F6B3638393576315F36345F7072656776657273696F6E026876625F7374617465666F72616E67656A6F735F76657273696F6E6830303031464244306C6D616E75666163747572657264616C70736D76626D6574615F646967657374582068EDA82443DA5B83737CACC93F35E97C5B88C212674D1BC127ECDC4A30C8E55E6E73656375726974795F6C6576656C697374726F6E67626F7870626F6F745F70617463685F6C6576656C1A013488C570626F6F746C6F616465725F737461746568756E6C6F636B65647273797374656D5F70617463685F6C6576656C1A000315E27276656E646F725F70617463685F6C6576656C1A01348CAD43A10103A1054CAC84F6489262A9FBAF1318805860DB630727FCE467EDEFB40CDF3C9B779F19973DED61F37ABB25512BF92CFC326EBFB8B9B048E4B9D97FFB04F25FF539D48E07862FC5836B617A6D8B395BCBB0A7ACD34751B1FD5424EA11DE5D6AC6DA4C5CD779355C5DA5F8AAE7AB8E07FD517A0190008CA8  
07-17 09:31:34.091 D/[gs_ta] (  523):  [I][gs_ese_protocol]receive I frame
07-17 09:31:34.091 D/[gs_ta] (  523):  [I][gs_ese_protocol]sequence number=0
07-17 09:31:34.092 D/[gs_ta] (  523):  [I][gs_ese_protocol]store data length=481
07-17 09:31:34.092 D/[gs_ta] (  523):  [I][gs_ese_protocol]status is 0x0000
07-17 09:31:34.092 D/[gs_ta] (  523):  [I][gs_ese_api]se status is 0x0
07-17 09:31:34.093 D/[gs_ca] (  523): [D][gs_ca_invoke_command]: exit, error: 0x0
07-17 09:31:34.093 D/[gs_ca] (  523): [D][handle_transmit_error]: enterd, err=0x0, retry=0
07-17 09:31:34.093 I/[gs_ca] (  523): [I][gs_ca_invoke_command]: enter, operation_id: 0x10001002
07-17 09:31:34.095 D/[gs_ca] (  523): [D][gs_ca_invoke_command]: exit, error: 0x0
07-17 09:31:34.095 I/[gs_ca] (  523): [I][gs_api_dump_tee_log]: ====TEE_LOG_DUMP START==== dump buf_len:9933, remain log_exist:0
07-17 09:31:34.096 I/[gs_ca] (  523): [gs_ta] [I][gs_gp_tee_ese]parameter check finish
07-17 09:31:34.096 I/[gs_ca] (  523): [gs_ta] [I][gs_gp_tee_ese]allowSelect is 1
07-17 09:31:34.096 I/[gs_ca] (  523): [gs_ta] [I][gs_ese_protocol]I frame data len: 7, seq num: 0, data offset: 0, is_chained: 0
07-17 09:31:34.097 I/[gs_ca] (  523): [gs_ta] [I][gs_ese_protocol]next transmit state = 1
07-17 09:31:34.097 I/[gs_ca] (  523): [gs_ta] [I][gs_ese_transmit]g_send_wakeup_frame = 0
07-17 09:31:34.097 I/[gs_ca] (  523): [gs_ta] [I][gs_ese_transmit]currentTimeStamp = 1689586292382490
07-17 09:31:34.098 E/SpeechMessengerNormal(  747): openCcciDriver(), open(/dev/ccci_aud) fail!! mCcciDeviceHandler: -1, errno: 2
07-17 09:31:34.098 W/SpeechMessengerNormal(  747): checkCcciStatusAndRecovery(), #166, sleep 10 ms & retry openCcciDriver
07-17 09:31:34.099 I/[gs_ca] (  523): [gs_ta] [I][gs_ese_transmit]g_lastWriteSpiTimeStamp = 1689586292176747
07-17 09:31:34.099 I/[gs_ca] (  523): [gs_ta] [I][gs_ese_data]send data length = 13:
07-17 09:31:34.099 I/[gs_ca] (  523): [gs_ta] [I][gs_ese_data]send data = 0x21000007814150000000004E91  
07-17 09:31:34.099 I/[gs_ca] (  523): [gs_ta] [I][gs_ese_protocol]data:0x0000,try read 1
07-17 09:31:34.099 I/[gs_ca] (  523): [gs_ta] [I][gs_ese_protocol]data:0x0000,try read 2
07-17 09:31:34.099 I/[gs_ca] (  523): [gs_ta] [I][gs_ese_protocol]data:0x0000,try read 3
07-17 09:31:34.099 I/[gs_ca] (  523): [gs_ta] [I][gs_ese_protocol]data:0x0000,try read 4
07-17 09:31:34.099 I/[gs_ca] (  523): [gs_ta] [I][gs_ese_protocol]data:0x0000,try read 5
07-17 09:31:34.099 I/[gs_ca] (  523): [gs_ta] [I][gs_ese_protocol]data:0x0000,try read 6
07-17 09:31:34.099 I/[gs_ca] (  523): [gs_ta] [I][gs_ese_protocol]data:0x0000,try read 7
07-17 09:31:34.099 I/[gs_ca] (  523): [gs_ta] [I][gs_ese_protocol]data:0x0000,try read 8
07-17 09:31:34.099 I/[gs_ca] (  523): [gs_ta] [I][gs_ese_protocol]data:0x0000,try read 9
07-17 09:31:34.100 I/[gs_ca] (  523): [gs_ta] [I][gs_ese_protocol]data:0x0000,try read 10
07-17 09:31:34.100 I/[gs_ca] (  523): [gs_ta] [I][gs_ese_protocol]data:0x0000,try read 11
07-17 09:31:34.100 I/[gs_ca] (  523): [gs_ta] [I][gs_ese_protocol]data:0x0000,try read 12
07-17 09:31:34.100 I/[gs_ca] (  523): [gs_ta] [I][gs_ese_protocol]data:0x0000,try read 13
07-17 09:31:34.101 I/[gs_ca] (  523): [gs_ta] [I][gs_ese_protocol]data:0x0000,try read 14
07-17 09:31:34.101 I/[gs_ca] (  523): [gs_ta] [I][gs_ese_protocol]data:0x0000,try read 15
07-17 09:31:34.101 I/[gs_ca] (  523): [gs_ta] [I][gs_ese_protocol]data:0x0000,try read 16
07-17 09:31:34.101 I/[gs_ca] (  523): [gs_ta] [I][gs_ese_protocol]data:0x0000,try read 17
07-17 09:31:34.102 I/[gs_ca] (  523): [gs_ta] [I][gs_ese_data]receive data length = 7
07-17 09:31:34.102 I/[gs_ca] (  523): [gs_ta] [I][gs_ese_data]receive data = 0x12C30001017BFA  
07-17 09:31:34.102 I/[gs_ca] (  523): [gs_ta] [I][gs_ese_protocol]receive S frame
07-17 09:31:34.102 I/[gs_ca] (  523): [gs_ta] [I][gs_ese_protocol] ese_decode_frame Wtx_counter value = 1
07-17 09:31:34.102 I/[gs_ca] (  523): [gs_ta] [I][gs_ese_protocol] ese_decode_frame Wtx_counter wtx_counter_limit = 10
07-17 09:31:34.103 I/[gs_ca] (  523): [gs_ta] [I][gs_ese_protocol]next transmit state = 5
07-17 09:31:34.103 I/[gs_ca] (  523): [gs_ta] [I][gs_ese_protocol]S bolck type is 0xe3
07-17 09:31:34.103 I/[gs_ca] (  523): [gs_ta] [I][gs_ese_protocol]S-Frame PCB: 0xe3
07-17 09:31:34.103 I/[gs_ca] (  523): [gs_ta] [I][gs_ese_transmit]g_send_wakeup_frame = 0
07-17 09:31:34.103 I/[gs_ca] (  523): [gs_ta] [I][gs_ese_transmit]currentTimeStamp = 1689586292663557
07-17 09:31:34.104 I/[gs_ca] (  523): [gs_ta] [I][gs_ese_transmit]g_lastWriteSpiTimeStamp = 1689586292385317
07-17 09:31:34.104 I/[gs_ca] (  523): [gs_ta] [I][gs_ese_data]send data length = 7:
07-17 09:31:34.104 I/[gs_ca] (  523): [gs_ta] [I][gs_ese_data]send data = 0x21E30001013DB4  
07-17 09:31:34.104 I/[gs_ca] (  523): [gs_ta] [I][gs_ese_protocol]data:0x0000,try read 1
07-17 09:31:34.104 I/[gs_ca] (  523): [gs_ta] [I][gs_ese_protocol]data:0x0000,try read 2
07-17 09:31:34.105 I/[gs_ca] (  523): [gs_ta] [I][gs_ese_protocol]data:0x0000,try read 3
07-17 09:31:34.105 I/[gs_ca] (  523): [gs_ta] [I][gs_ese_protocol]data:0x0000,try read 4
07-17 09:31:34.105 I/[gs_ca] (  523): [gs_ta] [I][gs_ese_protocol]data:0x0000,try read 5
07-17 09:31:34.105 I/[gs_ca] (  523): [gs_ta] [I][gs_ese_protocol]data:0x0000,try read 6
07-17 09:31:34.105 I/[gs_ca] (  523): [gs_ta] [I][gs_ese_protocol]data:0x0000,try read 7
07-17 09:31:34.105 I/[gs_ca] (  523): [gs_ta] [I][gs_ese_protocol]data:0x0000,try read 8
07-17 09:31:34.105 I/[gs_ca] (  523): [gs_ta] [I][gs_ese_protocol]data:0x0000,try read 9
07-17 09:31:34.105 I/[gs_ca] (  523): [gs_ta] [I][gs_ese_protocol]data:0x0000,try read 10
07-17 09:31:34.106 I/[gs_ca] (  523): [gs_ta] [I][gs_ese_protocol]data:0x0000,try read 11
07-17 09:31:34.106 I/[gs_ca] (  523): [gs_ta] [I][gs_ese_protocol]data:0x0000,try read 12
07-17 09:31:34.106 I/[gs_ca] (  523): [gs_ta] [I][gs_ese_protocol]data:0x0000,try read 13
07-17 09:31:34.106 I/[gs_ca] (  523): [gs_ta] [I][gs_ese_protocol]data:0x0000,try read 14
07-17 09:31:34.106 I/[gs_ca] (  523): [gs_ta] [I][gs_ese_protocol]data:0x0000,try read 15
07-17 09:31:34.106 I/[gs_ca] (  523): [gs_ta] [I][gs_ese_protocol]data:0x0000,try read 16
07-17 09:31:34.106 I/[gs_ca] (  523): [gs_ta] [I][gs_ese_data]receive data length = 7
07-17 09:31:34.106 I/[gs_ca] (  523): [gs_ta] [I][gs_ese_data]receive data = 0x12C30001017BFA  
07-17 09:31:34.106 I/[gs_ca] (  523): [gs_ta] [I][gs_ese_protocol]receive S frame
07-17 09:31:34.106 I/[gs_ca] (  523): [gs_ta] [I][gs_ese_protocol] ese_decode_frame Wtx_counter value = 2
07-17 09:31:34.107 I/[gs_ca] (  523): [gs_ta] [I][gs_ese_protocol] ese_decode_frame Wtx_counter wtx_counter_limit = 10
07-17 09:31:34.107 I/[gs_ca] (  523): [gs_ta] [I][gs_ese_protocol]next transmit state = 5
07-17 09:31:34.107 I/[gs_ca] (  523): [gs_ta] [I][gs_ese_protocol]S bolck type is 0xe3
07-17 09:31:34.107 I/[gs_ca] (  523): [gs_ta] [I][gs_ese_protocol]S-Frame PCB: 0xe3
07-17 09:31:34.107 I/[gs_ca] (  523): [gs_ta] [I][gs_ese_transmit]g_send_wakeup_frame = 0
07-17 09:31:34.107 I/[gs_ca] (  523): [gs_ta] [I][gs_ese_transmit]currentTimeStamp = 1689586292936435
07-17 09:31:34.107 I/[gs_ca] (  523): [gs_ta] [I][gs_ese_transmit]g_lastWriteSpiTimeStamp = 1689586292671239
07-17 09:31:34.107 I/[gs_ca] (  523): [gs_ta] [I][gs_ese_data]send data length = 7:
07-17 09:31:34.107 I/[gs_ca] (  523): [gs_ta] [I][gs_ese_data]send data = 0x21E30001013DB4  
07-17 09:31:34.107 I/[gs_ca] (  523): [gs_ta] [I][gs_ese_protocol]data:0x0000,try read 1
07-17 09:31:34.107 I/[gs_ca] (  523): [gs_ta] [I][gs_ese_protocol]data:0x0000,try read 2
07-17 09:31:34.107 I/[gs_ca] (  523): [gs_ta] [I][gs_ese_protocol]data:0x0000,try read 3
07-17 09:31:34.107 I/[gs_ca] (  523): [gs_ta] [I][gs_ese_protocol]data:0x0000,try read 4
07-17 09:31:34.107 I/[gs_ca] (  523): [gs_ta] [I][gs_ese_protocol]data:0x0000,try read 5
07-17 09:31:34.108 I/[gs_ca] (  523): [gs_ta] [I][gs_ese_protocol]data:0x0000,try read 6
07-17 09:31:34.108 I/[gs_ca] (  523): [gs_ta] [I][gs_ese_protocol]data:0x0000,try read 7
07-17 09:31:34.108 I/[gs_ca] (  523): [gs_ta] [I][gs_ese_protocol]data:0x0000,try read 8
07-17 09:31:34.108 I/[gs_ca] (  523): [gs_ta] [I][gs_ese_protocol]data:0x0000,try read 9
07-17 09:31:34.108 I/[gs_ca] (  523): [gs_ta] [I][gs_ese_protocol]data:0x0000,try read 10
07-17 09:31:34.108 I/[gs_ca] (  523): [gs_ta] [I][gs_ese_protocol]data:0x0000,try read 11
07-17 09:31:34.108 I/[gs_ca] (  523): [gs_ta] [I][gs_ese_protocol]data:0x0000,try read 12
07-17 09:31:34.108 I/[gs_ca] (  523): [gs_ta] [I][gs_ese_protocol]data:0x0000,try read 13
07-17 09:31:34.108 I/[gs_ca] (  523): [gs_ta] [I][gs_ese_protocol]data:0x0000,try read 14
07-17 09:31:34.108 I/[gs_ca] (  523): [gs_ta] [I][gs_ese_protocol]data:0x0000,try read 15
07-17 09:31:34.108 I/[gs_ca] (  523): [gs_ta] [I][gs_ese_protocol]data:0x0000,try read 16
07-17 09:31:34.108 I/[gs_ca] (  523): [gs_ta] [I][gs_ese_data]receive data length = 7
07-17 09:31:34.108 I/[gs_ca] (  523): [gs_ta] [I][gs_ese_data]receive data = 0x12C30001017BFA  
07-17 09:31:34.108 I/[gs_ca] (  523): [gs_ta] [I][gs_ese_protocol]receive S frame
07-17 09:31:34.108 I/[gs_ca] (  523): [gs_ta] [I][gs_ese_protocol] ese_decode_frame Wtx_counter value = 3
07-17 09:31:34.108 I/[gs_ca] (  523): [gs_ta] [I][gs_ese_protocol] ese_decode_frame Wtx_counter wtx_counter_limit = 10
07-17 09:31:34.108 I/[gs_ca] (  523): [gs_ta] [I][gs_ese_protocol]next transmit state = 5
07-17 09:31:34.109 I/[gs_ca] (  523): [gs_ta] [I][gs_ese_protocol]S bolck type is 0xe3
07-17 09:31:34.109 I/[gs_ca] (  523): [gs_ta] [I][gs_ese_protocol]S-Frame PCB: 0xe3
07-17 09:31:34.109 I/[gs_ca] (  523): [gs_ta] [I][gs_ese_transmit]g_send_wakeup_frame = 0
07-17 09:31:34.109 I/[gs_ca] (  523): [gs_ta] [I][gs_ese_transmit]currentTimeStamp = 1689586293212468
07-17 09:31:34.109 I/[gs_ca] (  523): [gs_ta] [I][gs_ese_transmit]g_lastWriteSpiTimeStamp = 1689586292939613
07-17 09:31:34.109 I/[gs_ca] (  523): [gs_ta] [I][gs_ese_data]send data length = 7:
07-17 09:31:34.109 I/[gs_ca] (  523): [gs_ta] [I][gs_ese_data]send data = 0x21E30001013DB4  
07-17 09:31:34.109 I/[gs_ca] (  523): [gs_ta] [I][gs_ese_protocol]data:0x0000,try read 1
07-17 09:31:34.109 E/SpeechMessengerNormal(  747): openCcciDriver(), open(/dev/ccci_aud) fail!! mCcciDeviceHandler: -1, errno: 2
07-17 09:31:34.109 I/[gs_ca] (  523): [gs_ta] [I][gs_ese_protocol]data:0x0000,try read 2
07-17 09:31:34.109 I/[gs_ca] (  523): [gs_ta] [I][gs_ese_protocol]data:0x0000,try read 3
07-17 09:31:34.109 I/[gs_ca] (  523): [gs_ta] [I][gs_ese_protocol]data:0x0000,try read 4
07-17 09:31:34.109 W/SpeechMessengerNormal(  747): checkCcciStatusAndRecovery(), #167, sleep 10 ms & retry openCcciDriver
07-17 09:31:34.109 I/[gs_ca] (  523): [gs_ta] [I][gs_ese_protocol]data:0x0000,try read 5
07-17 09:31:34.109 I/[gs_ca] (  523): [gs_ta] [I][gs_ese_protocol]data:0x0000,try read 6
07-17 09:31:34.109 I/[gs_ca] (  523): [gs_ta] [I][gs_ese_protocol]data:0x0000,try read 7
07-17 09:31:34.109 I/[gs_ca] (  523): [gs_ta] [I][gs_ese_protocol]data:0x0000,try read 8
07-17 09:31:34.109 I/[gs_ca] (  523): [gs_ta] [I][gs_ese_protocol]data:0x0000,try read 9
07-17 09:31:34.109 I/[gs_ca] (  523): [gs_ta] [I][gs_ese_protocol]data:0x0000,try read 10
07-17 09:31:34.109 I/[gs_ca] (  523): [gs_ta] [I][gs_ese_protocol]data:0x0000,try read 11
07-17 09:31:34.109 I/[gs_ca] (  523): [gs_ta] [I][gs_ese_protocol]data:0x0000,try read 12
07-17 09:31:34.109 I/[gs_ca] (  523): [gs_ta] [I][gs_ese_protocol]data:0x0000,try read 13
07-17 09:31:34.109 I/[gs_ca] (  523): [gs_ta] [I][gs_ese_protocol]data:0x0000,try read 14
07-17 09:31:34.109 I/[gs_ca] (  523): [gs_ta] [I][gs_ese_protocol]data:0x0000,try read 15
07-17 09:31:34.109 I/[gs_ca] (  523): [gs_ta] [I][gs_ese_protocol]data:0x0000,try read 16
07-17 09:31:34.109 I/[gs_ca] (  523): [gs_ta] [I][gs_ese_data]receive data length = 7
07-17 09:31:34.109 I/[gs_ca] (  523): [gs_ta] [I][gs_ese_data]receive data = 0x12C30001017BFA  
07-17 09:31:34.109 I/[gs_ca] (  523): [gs_ta] [I][gs_ese_protocol]receive S frame
07-17 09:31:34.109 I/[gs_ca] (  523): [gs_ta] [I][gs_ese_protocol] ese_decode_frame Wtx_counter value = 4
07-17 09:31:34.109 I/[gs_ca] (  523): [gs_ta] [I][gs_ese_protocol] ese_decode_frame Wtx_counter wtx_counter_limit = 10
07-17 09:31:34.110 I/[gs_ca] (  523): [gs_ta] [I][gs_ese_protocol]next transmit state = 5
07-17 09:31:34.110 I/[gs_ca] (  523): [gs_ta] [I][gs_ese_protocol]S bolck type is 0xe3
07-17 09:31:34.110 I/[gs_ca] (  523): [gs_ta] [I][gs_ese_protocol]S-Frame PCB: 0xe3
07-17 09:31:34.110 I/[gs_ca] (  523): [gs_ta] [I][gs_ese_transmit]g_send_wakeup_frame = 0
07-17 09:31:34.110 I/[gs_ca] (  523): [gs_ta] [I][gs_ese_transmit]currentTimeStamp = 1689586293496795
07-17 09:31:34.110 I/[gs_ca] (  523): [gs_ta] [I][gs_ese_transmit]g_lastWriteSpiTimeStamp = 1689586293223077
07-17 09:31:34.110 I/[gs_ca] (  523): [gs_ta] [I][gs_ese_data]send data length = 7:
07-17 09:31:34.110 I/[gs_ca] (  523): [gs_ta] [I][gs_ese_data]send data = 0x21E30001013DB4  
07-17 09:31:34.110 I/[gs_ca] (  523): [gs_ta] [I][gs_ese_protocol]data:0x0000,try read 1
07-17 09:31:34.110 I/[gs_ca] (  523): [gs_ta] [I][gs_ese_protocol]data:0x0000,try read 2
07-17 09:31:34.110 I/[gs_ca] (  523): [gs_ta] [I][gs_ese_protocol]data:0x0000,try read 3
07-17 09:31:34.110 I/[gs_ca] (  523): [gs_ta] [I][gs_ese_protocol]data:0x0000,try read 4
07-17 09:31:34.110 I/[gs_ca] (  523): [gs_ta] [I][gs_ese_protocol]data:0x0000,try read 5
07-17 09:31:34.110 I/[gs_ca] (  523): [gs_ta] [I][gs_ese_protocol]data:0x0000,try read 6
07-17 09:31:34.110 I/[gs_ca] (  523): [gs_ta] [I][gs_ese_protocol]data:0x0000,try read 7
07-17 09:31:34.110 I/[gs_ca] (  523): [gs_ta] [I][gs_ese_protocol]data:0x0000,try read 8
07-17 09:31:34.110 I/[gs_ca] (  523): [gs_ta] [I][gs_ese_protocol]data:0x0000,try read 9
07-17 09:31:34.110 I/[gs_ca] (  523): [gs_ta] [I][gs_ese_protocol]data:0x0000,try read 10
07-17 09:31:34.110 I/[gs_ca] (  523): [gs_ta] [I][gs_ese_protocol]data:0x0000,try read 11
07-17 09:31:34.110 I/[gs_ca] (  523): [gs_ta] [I][gs_ese_protocol]data:0x0000,try read 12
07-17 09:31:34.111 I/[gs_ca] (  523): [gs_ta] [I][gs_ese_protocol]data:0x0000,try read 13
07-17 09:31:34.111 I/[gs_ca] (  523): [gs_ta] [I][gs_ese_protocol]data:0x0000,try read 14
07-17 09:31:34.111 I/[gs_ca] (  523): [gs_ta] [I][gs_ese_protocol]data:0x0000,try read 15
07-17 09:31:34.111 I/[gs_ca] (  523): [gs_ta] [I][gs_ese_data]receive data length = 7
07-17 09:31:34.111 I/[gs_ca] (  523): [gs_ta] [I][gs_ese_data]receive data = 0x12C30001017BFA  
07-17 09:31:34.111 I/[gs_ca] (  523): [gs_ta] [I][gs_ese_protocol]receive S frame
07-17 09:31:34.111 I/[gs_ca] (  523): [gs_ta] [I][gs_ese_protocol] ese_decode_frame Wtx_counter value = 5
07-17 09:31:34.111 I/[gs_ca] (  523): [gs_ta] [I][gs_ese_protocol] ese_decode_frame Wtx_counter wtx_counter_limit = 10
07-17 09:31:34.111 I/[gs_ca] (  523): [gs_ta] [I][gs_ese_protocol]next transmit state = 5
07-17 09:31:34.111 I/[gs_ca] (  523): [gs_ta] [I][gs_ese_protocol]S bolck type is 0xe3
07-17 09:31:34.111 I/[gs_ca] (  523): [gs_ta] [I][gs_ese_protocol]S-Frame PCB: 0xe3
07-17 09:31:34.111 I/[gs_ca] (  523): [gs_ta] [I][gs_ese_transmit]g_send_wakeup_frame = 0
07-17 09:31:34.111 I/[gs_ca] (  523): [gs_ta] [I][gs_ese_transmit]currentTimeStamp = 1689586293761865
07-17 09:31:34.111 I/[gs_ca] (  523): [gs_ta] [I][gs_ese_transmit]g_lastWriteSpiTimeStamp = 1689586293500400
07-17 09:31:34.111 I/[gs_ca] (  523): [gs_ta] [I][gs_ese_data]send data length = 7:
07-17 09:31:34.111 I/[gs_ca] (  523): [gs_ta] [I][gs_ese_data]send data = 0x21E30001013DB4  
07-17 09:31:34.111 I/[gs_ca] (  523): [gs_ta] [I][gs_ese_protocol]data:0x0000,try read 1
07-17 09:31:34.111 I/[gs_ca] (  523): [gs_ta] [I][gs_ese_protocol]data:0x0000,try read 2
07-17 09:31:34.111 I/[gs_ca] (  523): [gs_ta] [I][gs_ese_protocol]data:0x0000,try read 3
07-17 09:31:34.111 I/[gs_ca] (  523): [gs_ta] [I][gs_ese_protocol]data:0x0000,try read 4
07-17 09:31:34.112 I/[gs_ca] (  523): [gs_ta] [I][gs_ese_protocol]data:0x0000,try read 5
07-17 09:31:34.112 I/[gs_ca] (  523): [gs_ta] [I][gs_ese_protocol]data:0x0000,try read 6
07-17 09:31:34.112 I/[gs_ca] (  523): [gs_ta] [I][gs_ese_protocol]data:0x0000,try read 7
07-17 09:31:34.112 I/[gs_ca] (  523): [gs_ta] [I][gs_ese_protocol]data:0x0000,try read 8
07-17 09:31:34.112 I/[gs_ca] (  523): [gs_ta] [I][gs_ese_protocol]data:0x0000,try read 9
07-17 09:31:34.112 I/[gs_ca] (  523): [gs_ta] [I][gs_ese_protocol]data:0x0000,try read 10
07-17 09:31:34.112 I/[gs_ca] (  523): [gs_ta] [I][gs_ese_protocol]data:0x0000,try read 11
07-17 09:31:34.112 I/[gs_ca] (  523): [gs_ta] [I][gs_ese_protocol]data:0x0000,try read 12
07-17 09:31:34.112 I/[gs_ca] (  523): [gs_ta] [I][gs_ese_protocol]data:0x0000,try read 13
07-17 09:31:34.112 I/[gs_ca] (  523): [gs_ta] [I][gs_ese_protocol]data:0x0000,try read 14
07-17 09:31:34.112 I/[gs_ca] (  523): [gs_ta] [I][gs_ese_protocol]data:0x0000,try read 15
07-17 09:31:34.112 I/[gs_ca] (  523): [gs_ta] [I][gs_ese_protocol]data:0x0000,try read 16
07-17 09:31:34.112 I/[gs_ca] (  523): [gs_ta] [I][gs_ese_data]receive data length = 7
07-17 09:31:34.112 I/[gs_ca] (  523): [gs_ta] [I][gs_ese_data]receive data = 0x12C30001017BFA  
07-17 09:31:34.112 I/[gs_ca] (  523): [gs_ta] [I][gs_ese_protocol]receive S frame
07-17 09:31:34.112 I/[gs_ca] (  523): [gs_ta] [I][gs_ese_protocol] ese_decode_frame Wtx_counter value = 6
07-17 09:31:34.112 I/[gs_ca] (  523): [gs_ta] [I][gs_ese_protocol] ese_decode_frame Wtx_counter wtx_counter_limit = 10
07-17 09:31:34.113 I/[gs_ca] (  523): [gs_ta] [I][gs_ese_protocol]next transmit state = 5
07-17 09:31:34.113 I/[gs_ca] (  523): [gs_ta] [I][gs_ese_protocol]S bolck type is 0xe3
07-17 09:31:34.113 I/[gs_ca] (  523): [gs_ta] [I][gs_ese_protocol]S-Frame PCB: 0xe3
07-17 09:31:34.113 I/[gs_ca] (  523): [gs_ta] [I][gs_ese_transmit]g_send_wakeup_frame = 0
07-17 09:31:34.113 I/[gs_ca] (  523): [gs_ta] [I][gs_ese_transmit]currentTimeStamp = 1689586294034832
07-17 09:31:34.113 I/[gs_ca] (  523): [gs_ta] [I][gs_ese_transmit]g_lastWriteSpiTimeStamp = 1689586293764807
07-17 09:31:34.113 I/[gs_ca] (  523): [gs_ta] [I][gs_ese_data]send data length = 7:
07-17 09:31:34.113 I/[gs_ca] (  523): [gs_ta] [I][gs_ese_data]send data = 0x21E30001013DB4  
07-17 09:31:34.113 I/[gs_ca] (  523): [gs_ta] [I][gs_ese_protocol]data:0x0000,try read 1
07-17 09:31:34.113 I/[gs_ca] (  523): [gs_ta] [I][gs_ese_protocol]data:0x0000,try read 2
07-17 09:31:34.113 I/[gs_ca] (  523): [gs_ta] [I][gs_ese_data]receive data length = 487
07-17 09:31:34.113 I/[gs_ca] (  523): [gs_ta] [I][gs_ese_data]receive data = 0x120001E1870058205C89BD96BA27E4B8AE75F20345CE3DE75BCBDCD54A4C7FE66F68B2E665710D8B590142AF656272616E6464616C707365667573656401656D6F64656C6E6B3638393576315F36345F707265666465766963656E6B3638393576315F36345F7072656770726F6475637473766578745F6B3638393576315F36345F7072656776657273696F6E026876625F7374617465666F72616E67656A6F735F76657273696F6E6830303031464244306C6D616E75666163747572657264616C70736D76626D6574615F646967657374582068EDA82443DA5B83737CACC93F35E97C5B88C212674D1BC127ECDC4A30C8E55E6E73656375726974795F6C6576656C697374726F6E67626F7870626F6F745F70617463685F6C6576656C1A013488C570626F6F746C6F616465725F737461746568756E6C6F636B65647273797374656D5F70617463685F6C6576656C1A000315E27276656E646F725F70617463685F6C6576656C1A01348CAD43A10103A1054CAC84F6489262A9FBAF1318805860DB630727FCE467EDEFB40CDF3C9B779F19973DED61F37ABB25512BF92CFC326EBFB8B9B048E4B9D97FFB04F25FF539D48E07862FC5836B617A6D8B395BCBB0A7ACD34751B1FD5424EA11DE5D6AC6DA4C5CD779355C5DA5F8AAE7AB8E07FD517A0190008CA8  
07-17 09:31:34.113 I/[gs_ca] (  523): [gs_ta] [I][gs_ese_protocol]receive I frame
07-17 09:31:34.113 I/[gs_ca] (  523): [gs_ta] [I][gs_ese_protocol]sequence number=0
07-17 09:31:34.113 I/[gs_ca] (  523): [gs_ta] [I][gs_ese_protocol]store data length=481
07-17 09:31:34.113 I/[gs_ca] (  523): [gs_ta] [I][gs_ese_protocol]status is 0x0000
07-17 09:31:34.113 I/[gs_ca] (  523): [gs_ta] [I][gs_ese_api]se status is 0x0
07-17 09:31:34.113 I/[gs_ca] (  523): [I][gs_api_dump_tee_log]: ====TEE_LOG_DUMP END====
07-17 09:31:34.113 I/[gs_ca] (  523): [I][transmit]: exit, return:1
07-17 09:31:34.114 I/HalToHalTransport(  527): recieved response size = 481 data = { 870058205C89BD96BA27E4B8AE75F20345CE3DE75BCBDCD54A4C7FE66F68B2E665710D8B590142AF656272616E6464616C707365667573656401656D6F64656C6E6B3638393576315F36345F707265666465766963656E6B3638393576315F36345F7072656770726F6475637473766578745F6B3638393576315F36345F7072656776657273696F6E026876625F7374617465666F72616E67656A6F735F76657273696F6E6830303031464244306C6D616E75666163747572657264616C70736D76626D6574615F646967657374582068EDA82443DA5B83737CACC93F35E97C5B88C212674D1BC127ECDC4A30C8E55E6E73656375726974795F6C6576656C697374726F6E67626F7870626F6F745F70617463685F6C6576656C1A013488C570626F6F746C6F616465725F737461746568756E6C6F636B65647273797374656D5F70617463685F6C6576656C1A000315E27276656E646F725F70617463685F6C6576656C1A01348CAD43A10103A1054CAC84F6489262A9FBAF1318805860DB630727FCE467EDEFB40CDF3C9B779F19973DED61F37ABB25512BF92CFC326EBFB8B9B048E4B9D97FFB04F25FF539D48E07862FC5836B617A6D8B395BCBB0A7ACD34751B1FD5424EA11DE5D6AC6DA4C5CD779355C5DA5F8AAE7AB8E07FD517A019000 }
07-17 09:31:34.114 I/HalToHalTransport(  527): receive APDU:870058205C89BD96BA27E4B8AE75F20345CE3DE75BCBDCD54A4C7FE66F68B2E665710D8B590142AF656272616E6464616C707365667573656401656D6F64656C6E6B3638393576315F36345F707265666465766963656E6B3638393576315F36345F7072656770726F6475637473766578745F6B3638393576315F36345F7072656776657273696F6E026876625F7374617465666F72616E67656A6F735F76657273696F6E6830303031464244306C6D616E75666163747572657264616C70736D76626D6574615F646967657374582068EDA82443DA5B83737CACC93F35E97C5B88C212674D1BC127ECDC4A30C8E55E6E73656375726974795F6C6576656C697374726F6E67626F7870626F6F745F70617463685F6C6576656C1A013488C570626F6F746C6F616465725F737461746568756E6C6F636B65647273797374656D5F70617463685F6C6576656C1A000315E27276656E646F725F70617463685F6C6576656C1A01348CAD43A10103A1054CAC84F6489262A9FBAF1318805860DB630727FCE467EDEFB40CDF3C9B779F19973DED61F37ABB25512BF92CFC326EBFB8B9B048E4B9D97FFB04F25FF539D48E07862FC5836B617A6D8B395BCBB0A7ACD34751B1FD5424EA11DE5D6AC6DA4C5CD779355C5DA5F8AAE7AB8E07FD517A019000
07-17 09:31:34.114 I/HalToHalTransport(  527): (sendData) Set the timer with timeout 3000 ms
07-17 09:31:34.115 I/HalToHalTransport(  527): (sendData) hal to hal transport sendData success!!!
07-17 09:31:34.115 I/HalToHalTransport(  527): (sendData) stop the timer
07-17 09:31:34.116 I/HalToHalTransport(  527): Send APDU:80425000000000
07-17 09:31:34.116 I/HalToHalTransport(  527): (transmit) Channel number 1
07-17 09:31:34.116 I/[gs_ca] (  523): [I][transmit]: enter
07-17 09:31:34.117 I/[gs_ca] (  523): [I][gs_api_init_secure_element]: ese already inited, just return
07-17 09:31:34.117 I/[gs_ca] (  523): [I][gs_ca_invoke_command]: enter, operation_id: 0x10000000
07-17 09:31:34.117 D/[gs_ta] (  523):  [I][gs_gp_tee_ese]parameter check finish
07-17 09:31:34.117 D/[gs_ta] (  523):  [I][gs_gp_tee_ese]allowSelect is 1
07-17 09:31:34.117 D/[gs_ta] (  523):  [I][gs_ese_protocol]I frame data len: 7, seq num: 1, data offset: 0, is_chained: 0
07-17 09:31:34.117 D/[gs_ta] (  523):  [I][gs_ese_protocol]next transmit state = 1
07-17 09:31:34.117 D/[gs_ta] (  523):  [I][gs_ese_transmit]g_send_wakeup_frame = 0
07-17 09:31:34.117 D/[gs_ta] (  523):  [I][gs_ese_transmit]currentTimeStamp = 1689586294117414
07-17 09:31:34.117 D/[gs_ta] (  523):  [I][gs_ese_transmit]g_lastWriteSpiTimeStamp = 1689586294039505
07-17 09:31:34.119 D/[gs_ta] (  523):  [I][gs_ese_data]send data length = 13:
07-17 09:31:34.119 E/SpeechMessengerNormal(  747): openCcciDriver(), open(/dev/ccci_aud) fail!! mCcciDeviceHandler: -1, errno: 2
07-17 09:31:34.119 W/SpeechMessengerNormal(  747): checkCcciStatusAndRecovery(), #168, sleep 10 ms & retry openCcciDriver
07-17 09:31:34.119 D/[gs_ta] (  523):  [I][gs_ese_data]send data = 0x21400007814250000000001397  
07-17 09:31:34.123 D/[gs_ta] (  523):  [I][gs_ese_protocol]data:0x0000,try read 1
07-17 09:31:34.130 E/SpeechMessengerNormal(  747): openCcciDriver(), open(/dev/ccci_aud) fail!! mCcciDeviceHandler: -1, errno: 2
07-17 09:31:34.130 W/SpeechMessengerNormal(  747): checkCcciStatusAndRecovery(), #169, sleep 10 ms & retry openCcciDriver
07-17 09:31:34.134 E/VT HIDL (  789): [IVT] [VT THREAD] [VT_Bind] des = volte_imsvt1 Fail to connect . retry count: 12150
07-17 09:31:34.135 D/VT HIDL (  789): [IVT] isIMCBrun : True
07-17 09:31:34.136 D/[gs_ta] (  523):  [I][gs_ese_protocol]data:0x0000,try read 2
07-17 09:31:34.140 E/SpeechMessengerNormal(  747): openCcciDriver(), open(/dev/ccci_aud) fail!! mCcciDeviceHandler: -1, errno: 2
07-17 09:31:34.140 W/SpeechMessengerNormal(  747): checkCcciStatusAndRecovery(), #170, sleep 10 ms & retry openCcciDriver
07-17 09:31:34.150 D/[gs_ta] (  523):  [I][gs_ese_protocol]data:0x0000,try read 3
07-17 09:31:34.150 E/SpeechMessengerNormal(  747): openCcciDriver(), open(/dev/ccci_aud) fail!! mCcciDeviceHandler: -1, errno: 2
07-17 09:31:34.151 W/SpeechMessengerNormal(  747): checkCcciStatusAndRecovery(), #171, sleep 10 ms & retry openCcciDriver
07-17 09:31:34.161 E/SpeechMessengerNormal(  747): openCcciDriver(), open(/dev/ccci_aud) fail!! mCcciDeviceHandler: -1, errno: 2
07-17 09:31:34.161 W/SpeechMessengerNormal(  747): checkCcciStatusAndRecovery(), #172, sleep 10 ms & retry openCcciDriver
07-17 09:31:34.172 E/SpeechMessengerNormal(  747): openCcciDriver(), open(/dev/ccci_aud) fail!! mCcciDeviceHandler: -1, errno: 2
07-17 09:31:34.172 W/SpeechMessengerNormal(  747): checkCcciStatusAndRecovery(), #173, sleep 10 ms & retry openCcciDriver
07-17 09:31:34.176 D/[gs_ta] (  523):  [I][gs_ese_data]receive data length = 287
07-17 09:31:34.177 D/[gs_ta] (  523):  [I][gs_ese_data]receive data = 0x124001198400590110BCC54F25A71A4A632BC41919D8E8507BA2FCA4DEE71E804BABBC6DEB63FEEBCF886BCA240B1DFE6B2E7A4B3BCFC8D4B4983898835E68C9E55B65BA88D652564E08CD31C7F573AA956BE168830D0AE07947D4806AF16CF8FC860ABEC717C9B85ACC0247C6B3F0FD58B4D42D125FEDBBB32B10D5BD09F38F4B83C646454BEC07D2A42FD8629B9762D23F831993CC63A8D388A15C5AB2DFF72658FCEE6EEB8154CDA91307A35F04449B9487124E7F019BA2EB5DFA9526545034EE4DA6EC5C148BF10DAE49CEDFD3D539358E135FAA389267AB4C6A22A91C86CF4EFA7B23D0EB0351335598723E30224A41F765AAFD04539FB847EF21116900DDD1C7F5659CABC5F3D4FB302114F0E451E11BC8222E61E1578001900046C6  
07-17 09:31:34.177 D/[gs_ta] (  523):  [I][gs_ese_protocol]receive I frame
07-17 09:31:34.177 D/[gs_ta] (  523):  [I][gs_ese_protocol]sequence number=1
07-17 09:31:34.177 D/[gs_ta] (  523):  [I][gs_ese_protocol]store data length=281
07-17 09:31:34.177 D/[gs_ta] (  523):  [I][gs_ese_protocol]status is 0x0000
07-17 09:31:34.177 D/[gs_ta] (  523):  [I][gs_ese_api]se status is 0x0
07-17 09:31:34.177 D/[gs_ca] (  523): [D][gs_ca_invoke_command]: exit, error: 0x0
07-17 09:31:34.177 D/[gs_ca] (  523): [D][handle_transmit_error]: enterd, err=0x0, retry=0
07-17 09:31:34.177 I/[gs_ca] (  523): [I][gs_ca_invoke_command]: enter, operation_id: 0x10001002
07-17 09:31:34.177 D/[gs_ca] (  523): [D][gs_ca_invoke_command]: exit, error: 0x0
07-17 09:31:34.177 I/[gs_ca] (  523): [I][gs_api_dump_tee_log]: ====TEE_LOG_DUMP START==== dump buf_len:1453, remain log_exist:0
07-17 09:31:34.177 I/[gs_ca] (  523): [gs_ta] [I][gs_gp_tee_ese]parameter check finish
07-17 09:31:34.177 I/[gs_ca] (  523): [gs_ta] [I][gs_gp_tee_ese]allowSelect is 1
07-17 09:31:34.177 I/[gs_ca] (  523): [gs_ta] [I][gs_ese_protocol]I frame data len: 7, seq num: 1, data offset: 0, is_chained: 0
07-17 09:31:34.177 I/[gs_ca] (  523): [gs_ta] [I][gs_ese_protocol]next transmit state = 1
07-17 09:31:34.177 I/[gs_ca] (  523): [gs_ta] [I][gs_ese_transmit]g_send_wakeup_frame = 0
07-17 09:31:34.177 I/[gs_ca] (  523): [gs_ta] [I][gs_ese_transmit]currentTimeStamp = 1689586294117414
07-17 09:31:34.177 I/[gs_ca] (  523): [gs_ta] [I][gs_ese_transmit]g_lastWriteSpiTimeStamp = 1689586294039505
07-17 09:31:34.177 I/[gs_ca] (  523): [gs_ta] [I][gs_ese_data]send data length = 13:
07-17 09:31:34.177 I/[gs_ca] (  523): [gs_ta] [I][gs_ese_data]send data = 0x21400007814250000000001397  
07-17 09:31:34.177 I/[gs_ca] (  523): [gs_ta] [I][gs_ese_protocol]data:0x0000,try read 1
07-17 09:31:34.178 I/[gs_ca] (  523): [gs_ta] [I][gs_ese_protocol]data:0x0000,try read 2
07-17 09:31:34.178 I/[gs_ca] (  523): [gs_ta] [I][gs_ese_protocol]data:0x0000,try read 3
07-17 09:31:34.178 I/[gs_ca] (  523): [gs_ta] [I][gs_ese_data]receive data length = 287
07-17 09:31:34.178 I/[gs_ca] (  523): [gs_ta] [I][gs_ese_data]receive data = 0x124001198400590110BCC54F25A71A4A632BC41919D8E8507BA2FCA4DEE71E804BABBC6DEB63FEEBCF886BCA240B1DFE6B2E7A4B3BCFC8D4B4983898835E68C9E55B65BA88D652564E08CD31C7F573AA956BE168830D0AE07947D4806AF16CF8FC860ABEC717C9B85ACC0247C6B3F0FD58B4D42D125FEDBBB32B10D5BD09F38F4B83C646454BEC07D2A42FD8629B9762D23F831993CC63A8D388A15C5AB2DFF72658FCEE6EEB8154CDA91307A35F04449B9487124E7F019BA2EB5DFA9526545034EE4DA6EC5C148BF10DAE49CEDFD3D539358E135FAA389267AB4C6A22A91C86CF4EFA7B23D0EB0351335598723E30224A41F765AAFD04539FB847EF21116900DDD1C7F5659CABC5F3D4FB302114F0E451E11BC8222E61E1578001900046C6  
07-17 09:31:34.178 I/[gs_ca] (  523): [gs_ta] [I][gs_ese_protocol]receive I frame
07-17 09:31:34.178 I/[gs_ca] (  523): [gs_ta] [I][gs_ese_protocol]sequence number=1
07-17 09:31:34.178 I/[gs_ca] (  523): [gs_ta] [I][gs_ese_protocol]store data length=281
07-17 09:31:34.178 I/[gs_ca] (  523): [gs_ta] [I][gs_ese_protocol]status is 0x0000
07-17 09:31:34.178 I/[gs_ca] (  523): [gs_ta] [I][gs_ese_api]se status is 0x0
07-17 09:31:34.178 I/[gs_ca] (  523): [I][gs_api_dump_tee_log]: ====TEE_LOG_DUMP END====
07-17 09:31:34.178 I/[gs_ca] (  523): [I][transmit]: exit, return:1
07-17 09:31:34.179 I/HalToHalTransport(  527): recieved response size = 281 data = { 8400590110BCC54F25A71A4A632BC41919D8E8507BA2FCA4DEE71E804BABBC6DEB63FEEBCF886BCA240B1DFE6B2E7A4B3BCFC8D4B4983898835E68C9E55B65BA88D652564E08CD31C7F573AA956BE168830D0AE07947D4806AF16CF8FC860ABEC717C9B85ACC0247C6B3F0FD58B4D42D125FEDBBB32B10D5BD09F38F4B83C646454BEC07D2A42FD8629B9762D23F831993CC63A8D388A15C5AB2DFF72658FCEE6EEB8154CDA91307A35F04449B9487124E7F019BA2EB5DFA9526545034EE4DA6EC5C148BF10DAE49CEDFD3D539358E135FAA389267AB4C6A22A91C86CF4EFA7B23D0EB0351335598723E30224A41F765AAFD04539FB847EF21116900DDD1C7F5659CABC5F3D4FB302114F0E451E11BC8222E61E15780019000 }
07-17 09:31:34.179 I/HalToHalTransport(  527): receive APDU:8400590110BCC54F25A71A4A632BC41919D8E8507BA2FCA4DEE71E804BABBC6DEB63FEEBCF886BCA240B1DFE6B2E7A4B3BCFC8D4B4983898835E68C9E55B65BA88D652564E08CD31C7F573AA956BE168830D0AE07947D4806AF16CF8FC860ABEC717C9B85ACC0247C6B3F0FD58B4D42D125FEDBBB32B10D5BD09F38F4B83C646454BEC07D2A42FD8629B9762D23F831993CC63A8D388A15C5AB2DFF72658FCEE6EEB8154CDA91307A35F04449B9487124E7F019BA2EB5DFA9526545034EE4DA6EC5C148BF10DAE49CEDFD3D539358E135FAA389267AB4C6A22A91C86CF4EFA7B23D0EB0351335598723E30224A41F765AAFD04539FB847EF21116900DDD1C7F5659CABC5F3D4FB302114F0E451E11BC8222E61E15780019000
07-17 09:31:34.179 I/HalToHalTransport(  527): (sendData) Set the timer with timeout 3000 ms
07-17 09:31:34.180 I/HalToHalTransport(  527): (sendData) hal to hal transport sendData success!!!
07-17 09:31:34.180 I/HalToHalTransport(  527): (sendData) stop the timer
07-17 09:31:34.180 I/HalToHalTransport(  527): Send APDU:80425000000000
07-17 09:31:34.180 I/HalToHalTransport(  527): (transmit) Channel number 1
07-17 09:31:34.180 I/[gs_ca] (  523): [I][transmit]: enter
07-17 09:31:34.180 I/[gs_ca] (  523): [I][gs_api_init_secure_element]: ese already inited, just return
07-17 09:31:34.180 I/[gs_ca] (  523): [I][gs_ca_invoke_command]: enter, operation_id: 0x10000000
07-17 09:31:34.180 D/[gs_ta] (  523):  [I][gs_gp_tee_ese]parameter check finish
07-17 09:31:34.180 D/[gs_ta] (  523):  [I][gs_gp_tee_ese]allowSelect is 1
07-17 09:31:34.180 D/[gs_ta] (  523):  [I][gs_ese_protocol]I frame data len: 7, seq num: 0, data offset: 0, is_chained: 0
07-17 09:31:34.180 D/[gs_ta] (  523):  [I][gs_ese_protocol]next transmit state = 1
07-17 09:31:34.180 D/[gs_ta] (  523):  [I][gs_ese_transmit]g_send_wakeup_frame = 0
07-17 09:31:34.181 D/[gs_ta] (  523):  [I][gs_ese_transmit]currentTimeStamp = 1689586294180984
07-17 09:31:34.181 D/[gs_ta] (  523):  [I][gs_ese_transmit]g_lastWriteSpiTimeStamp = 1689586294119783
07-17 09:31:34.183 E/SpeechMessengerNormal(  747): openCcciDriver(), open(/dev/ccci_aud) fail!! mCcciDeviceHandler: -1, errno: 2
07-17 09:31:34.183 W/SpeechMessengerNormal(  747): checkCcciStatusAndRecovery(), #174, sleep 10 ms & retry openCcciDriver
07-17 09:31:34.183 D/[gs_ta] (  523):  [I][gs_ese_data]send data length = 13:
07-17 09:31:34.183 D/[gs_ta] (  523):  [I][gs_ese_data]send data = 0x210000078142500000000042EC  
07-17 09:31:34.184 D/ULogGuard( 1106): Monitoring: 0 threads, 0 requests, 0 time-bombs; 1 guards. ResetFlags = 0x7
07-17 09:31:34.186 D/[gs_ta] (  523):  [I][gs_ese_protocol]data:0x0000,try read 1
07-17 09:31:34.193 E/SpeechMessengerNormal(  747): openCcciDriver(), open(/dev/ccci_aud) fail!! mCcciDeviceHandler: -1, errno: 2
07-17 09:31:34.193 W/SpeechMessengerNormal(  747): checkCcciStatusAndRecovery(), #175, sleep 10 ms & retry openCcciDriver
07-17 09:31:34.201 D/[gs_ta] (  523):  [I][gs_ese_protocol]data:0x0000,try read 2
07-17 09:31:34.205 E/SpeechMessengerNormal(  747): openCcciDriver(), open(/dev/ccci_aud) fail!! mCcciDeviceHandler: -1, errno: 2
07-17 09:31:34.205 W/SpeechMessengerNormal(  747): checkCcciStatusAndRecovery(), #176, sleep 10 ms & retry openCcciDriver
07-17 09:31:34.215 E/SpeechMessengerNormal(  747): openCcciDriver(), open(/dev/ccci_aud) fail!! mCcciDeviceHandler: -1, errno: 2
07-17 09:31:34.216 W/SpeechMessengerNormal(  747): checkCcciStatusAndRecovery(), #177, sleep 10 ms & retry openCcciDriver
07-17 09:31:34.216 D/[gs_ta] (  523):  [I][gs_ese_protocol]data:0x0000,try read 3
07-17 09:31:34.226 E/SpeechMessengerNormal(  747): openCcciDriver(), open(/dev/ccci_aud) fail!! mCcciDeviceHandler: -1, errno: 2
07-17 09:31:34.227 W/SpeechMessengerNormal(  747): checkCcciStatusAndRecovery(), #178, sleep 10 ms & retry openCcciDriver
07-17 09:31:34.231 D/[gs_ta] (  523):  [I][gs_ese_protocol]data:0x0000,try read 4
07-17 09:31:34.237 E/SpeechMessengerNormal(  747): openCcciDriver(), open(/dev/ccci_aud) fail!! mCcciDeviceHandler: -1, errno: 2
07-17 09:31:34.238 W/SpeechMessengerNormal(  747): checkCcciStatusAndRecovery(), #179, sleep 10 ms & retry openCcciDriver
07-17 09:31:34.251 E/SpeechMessengerNormal(  747): openCcciDriver(), open(/dev/ccci_aud) fail!! mCcciDeviceHandler: -1, errno: 2
07-17 09:31:34.251 W/SpeechMessengerNormal(  747): checkCcciStatusAndRecovery(), #180, sleep 10 ms & retry openCcciDriver
07-17 09:31:34.252 D/[gs_ta] (  523):  [I][gs_ese_protocol]data:0x0000,try read 5
07-17 09:31:34.262 E/SpeechMessengerNormal(  747): openCcciDriver(), open(/dev/ccci_aud) fail!! mCcciDeviceHandler: -1, errno: 2
07-17 09:31:34.262 W/SpeechMessengerNormal(  747): checkCcciStatusAndRecovery(), #181, sleep 10 ms & retry openCcciDriver
07-17 09:31:34.271 D/[gs_ta] (  523):  [I][gs_ese_protocol]data:0x0000,try read 6
07-17 09:31:34.272 E/SpeechMessengerNormal(  747): openCcciDriver(), open(/dev/ccci_aud) fail!! mCcciDeviceHandler: -1, errno: 2
07-17 09:31:34.272 W/SpeechMessengerNormal(  747): checkCcciStatusAndRecovery(), #182, sleep 10 ms & retry openCcciDriver
07-17 09:31:34.283 E/SpeechMessengerNormal(  747): openCcciDriver(), open(/dev/ccci_aud) fail!! mCcciDeviceHandler: -1, errno: 2
07-17 09:31:34.283 W/SpeechMessengerNormal(  747): checkCcciStatusAndRecovery(), #183, sleep 10 ms & retry openCcciDriver
07-17 09:31:34.287 D/[gs_ta] (  523):  [I][gs_ese_protocol]data:0x0000,try read 7
07-17 09:31:34.294 E/SpeechMessengerNormal(  747): openCcciDriver(), open(/dev/ccci_aud) fail!! mCcciDeviceHandler: -1, errno: 2
07-17 09:31:34.294 W/SpeechMessengerNormal(  747): checkCcciStatusAndRecovery(), #184, sleep 10 ms & retry openCcciDriver
07-17 09:31:34.303 D/[gs_ta] (  523):  [I][gs_ese_protocol]data:0x0000,try read 8
07-17 09:31:34.305 E/SpeechMessengerNormal(  747): openCcciDriver(), open(/dev/ccci_aud) fail!! mCcciDeviceHandler: -1, errno: 2
07-17 09:31:34.305 W/SpeechMessengerNormal(  747): checkCcciStatusAndRecovery(), #185, sleep 10 ms & retry openCcciDriver
07-17 09:31:34.316 E/SpeechMessengerNormal(  747): openCcciDriver(), open(/dev/ccci_aud) fail!! mCcciDeviceHandler: -1, errno: 2
07-17 09:31:34.316 W/SpeechMessengerNormal(  747): checkCcciStatusAndRecovery(), #186, sleep 10 ms & retry openCcciDriver
07-17 09:31:34.319 D/[gs_ta] (  523):  [I][gs_ese_protocol]data:0x0000,try read 9
07-17 09:31:34.327 E/SpeechMessengerNormal(  747): openCcciDriver(), open(/dev/ccci_aud) fail!! mCcciDeviceHandler: -1, errno: 2
07-17 09:31:34.327 W/SpeechMessengerNormal(  747): checkCcciStatusAndRecovery(), #187, sleep 10 ms & retry openCcciDriver
07-17 09:31:34.335 D/[gs_ta] (  523):  [I][gs_ese_protocol]data:0x0000,try read 10
07-17 09:31:34.338 E/SpeechMessengerNormal(  747): openCcciDriver(), open(/dev/ccci_aud) fail!! mCcciDeviceHandler: -1, errno: 2
07-17 09:31:34.338 W/SpeechMessengerNormal(  747): checkCcciStatusAndRecovery(), #188, sleep 10 ms & retry openCcciDriver
07-17 09:31:34.349 E/SpeechMessengerNormal(  747): openCcciDriver(), open(/dev/ccci_aud) fail!! mCcciDeviceHandler: -1, errno: 2
07-17 09:31:34.349 W/SpeechMessengerNormal(  747): checkCcciStatusAndRecovery(), #189, sleep 10 ms & retry openCcciDriver
07-17 09:31:34.351 D/[gs_ta] (  523):  [I][gs_ese_protocol]data:0x0000,try read 11
07-17 09:31:34.360 E/SpeechMessengerNormal(  747): openCcciDriver(), open(/dev/ccci_aud) fail!! mCcciDeviceHandler: -1, errno: 2
07-17 09:31:34.360 W/SpeechMessengerNormal(  747): checkCcciStatusAndRecovery(), #190, sleep 10 ms & retry openCcciDriver
07-17 09:31:34.367 D/[gs_ta] (  523):  [I][gs_ese_protocol]data:0x0000,try read 12
07-17 09:31:34.371 E/SpeechMessengerNormal(  747): openCcciDriver(), open(/dev/ccci_aud) fail!! mCcciDeviceHandler: -1, errno: 2
07-17 09:31:34.371 W/SpeechMessengerNormal(  747): checkCcciStatusAndRecovery(), #191, sleep 10 ms & retry openCcciDriver
07-17 09:31:34.382 E/SpeechMessengerNormal(  747): openCcciDriver(), open(/dev/ccci_aud) fail!! mCcciDeviceHandler: -1, errno: 2
07-17 09:31:34.383 W/SpeechMessengerNormal(  747): checkCcciStatusAndRecovery(), #192, sleep 10 ms & retry openCcciDriver
07-17 09:31:34.384 D/[gs_ta] (  523):  [I][gs_ese_protocol]data:0x0000,try read 13
07-17 09:31:34.393 E/SpeechMessengerNormal(  747): openCcciDriver(), open(/dev/ccci_aud) fail!! mCcciDeviceHandler: -1, errno: 2
07-17 09:31:34.394 W/SpeechMessengerNormal(  747): checkCcciStatusAndRecovery(), #193, sleep 10 ms & retry openCcciDriver
07-17 09:31:34.400 D/[gs_ta] (  523):  [I][gs_ese_protocol]data:0x0000,try read 14
07-17 09:31:34.404 E/SpeechMessengerNormal(  747): openCcciDriver(), open(/dev/ccci_aud) fail!! mCcciDeviceHandler: -1, errno: 2
07-17 09:31:34.404 W/SpeechMessengerNormal(  747): checkCcciStatusAndRecovery(), #194, sleep 10 ms & retry openCcciDriver
07-17 09:31:34.415 E/SpeechMessengerNormal(  747): openCcciDriver(), open(/dev/ccci_aud) fail!! mCcciDeviceHandler: -1, errno: 2
07-17 09:31:34.416 W/SpeechMessengerNormal(  747): checkCcciStatusAndRecovery(), #195, sleep 10 ms & retry openCcciDriver
07-17 09:31:34.416 D/EMDLOGGER1( 1101): ccb_init_cond: wait required modem status time out
07-17 09:31:34.416 D/[gs_ta] (  523):  [I][gs_ese_protocol]data:0x0000,try read 15
07-17 09:31:34.426 E/SpeechMessengerNormal(  747): openCcciDriver(), open(/dev/ccci_aud) fail!! mCcciDeviceHandler: -1, errno: 2
07-17 09:31:34.427 W/SpeechMessengerNormal(  747): checkCcciStatusAndRecovery(), #196, sleep 10 ms & retry openCcciDriver
07-17 09:31:34.432 D/[gs_ta] (  523):  [I][gs_ese_protocol]data:0x0000,try read 16
07-17 09:31:34.438 E/SpeechMessengerNormal(  747): openCcciDriver(), open(/dev/ccci_aud) fail!! mCcciDeviceHandler: -1, errno: 2
07-17 09:31:34.438 W/SpeechMessengerNormal(  747): checkCcciStatusAndRecovery(), #197, sleep 10 ms & retry openCcciDriver
07-17 09:31:34.450 E/SpeechMessengerNormal(  747): openCcciDriver(), open(/dev/ccci_aud) fail!! mCcciDeviceHandler: -1, errno: 2
07-17 09:31:34.450 W/SpeechMessengerNormal(  747): checkCcciStatusAndRecovery(), #198, sleep 10 ms & retry openCcciDriver
07-17 09:31:34.459 D/[gs_ta] (  523):  [I][gs_ese_data]receive data length = 7
07-17 09:31:34.460 D/[gs_ta] (  523):  [I][gs_ese_data]receive data = 0x12C30001017BFA  
07-17 09:31:34.460 D/[gs_ta] (  523):  [I][gs_ese_protocol]receive S frame
07-17 09:31:34.461 E/SpeechMessengerNormal(  747): openCcciDriver(), open(/dev/ccci_aud) fail!! mCcciDeviceHandler: -1, errno: 2
07-17 09:31:34.461 W/SpeechMessengerNormal(  747): checkCcciStatusAndRecovery(), #199, sleep 10 ms & retry openCcciDriver
07-17 09:31:34.461 D/[gs_ta] (  523):  [I][gs_ese_protocol] ese_decode_frame Wtx_counter value = 1
07-17 09:31:34.461 D/[gs_ta] (  523):  [I][gs_ese_protocol] ese_decode_frame Wtx_counter wtx_counter_limit = 10
07-17 09:31:34.462 D/[gs_ta] (  523):  [I][gs_ese_protocol]next transmit state = 5
07-17 09:31:34.462 D/[gs_ta] (  523):  [I][gs_ese_protocol]S bolck type is 0xe3
07-17 09:31:34.462 D/[gs_ta] (  523):  [I][gs_ese_protocol]S-Frame PCB: 0xe3
07-17 09:31:34.462 D/[gs_ta] (  523):  [I][gs_ese_transmit]g_send_wakeup_frame = 0
07-17 09:31:34.462 D/[gs_ta] (  523):  [I][gs_ese_transmit]currentTimeStamp = 1689586294462398
07-17 09:31:34.462 D/[gs_ta] (  523):  [I][gs_ese_transmit]g_lastWriteSpiTimeStamp = 1689586294183525
07-17 09:31:34.466 D/[gs_ta] (  523):  [I][gs_ese_data]send data length = 7:
07-17 09:31:34.467 D/[gs_ta] (  523):  [I][gs_ese_data]send data = 0x21E30001013DB4  
07-17 09:31:34.471 W/SpeechMessengerNormal(  747): checkCcciStatusAndRecovery(), ccci driver not init!!
07-17 09:31:34.472 E/SpeechMessengerNormal(  747): readSpeechMessage(), read msg failed!! ccci not ready, id: 0x0, param16: 0x0, param32: 0x0
07-17 09:31:34.482 D/[gs_ta] (  523):  [I][gs_ese_data]receive data length = 154
07-17 09:31:34.483 D/[gs_ta] (  523):  [I][gs_ese_data]receive data = 0x120000948400540BE1F38B7051ED8B3F4A857834B49C150494B1E6818344A1013818A2045820839FF8FD101C129F9241C75B8DE44EF419139AC71B6DA70E95F264535DA71DC120A5010203262001215820DA9135CC2BF7CE753F89A8D3D000DE26B1C1658E6C385A7EACCCCDD45B6FC3CC22582016721C59B9CEBBF605D415F05E98761BE90CD98D677CA9FE3F124661D311214EF6009000B96B  
07-17 09:31:34.483 D/[gs_ta] (  523):  [I][gs_ese_protocol]receive I frame
07-17 09:31:34.483 D/[gs_ta] (  523):  [I][gs_ese_protocol]sequence number=0
07-17 09:31:34.484 D/[gs_ta] (  523):  [I][gs_ese_protocol]store data length=148
07-17 09:31:34.484 D/[gs_ta] (  523):  [I][gs_ese_protocol]status is 0x0000
