07-17 06:25:59.781 E/SpeechMessengerNormal(  741): openCcciDriver(), open(/dev/ccci_aud) fail!! mCcciDeviceHandler: -1, errno: 2
07-17 06:25:59.781 W/SpeechMessengerNormal(  741): checkCcciStatusAndRecovery(), #130, sleep 10 ms & retry openCcciDriver
07-17 06:25:59.784 I/servicemanager(  433): Found android.hardware.radio.voice.IRadioVoice/imsSlot2 in device VINTF manifest.
07-17 06:25:59.788 I/servicemanager(  433): Found android.hardware.radio.sim.IRadioSim/imsSlot2 in device VINTF manifest.
07-17 06:25:59.792 E/SpeechMessengerNormal(  741): openCcciDriver(), open(/dev/ccci_aud) fail!! mCcciDeviceHandler: -1, errno: 2
07-17 06:25:59.792 W/SpeechMessengerNormal(  741): checkCcciStatusAndRecovery(), #131, sleep 10 ms & retry openCcciDriver
07-17 06:25:59.793 I/servicemanager(  433): Found android.hardware.radio.modem.IRadioModem/imsSlot2 in device VINTF manifest.
07-17 06:25:59.797 I/servicemanager(  433): Found android.hardware.radio.network.IRadioNetwork/imsSlot2 in device VINTF manifest.
07-17 06:25:59.801 I/servicemanager(  433): Found vendor.mediatek.hardware.mtkradioex.ims.IMtkRadioExIms/slot2 in device VINTF manifest.
07-17 06:25:59.803 E/SpeechMessengerNormal(  741): openCcciDriver(), open(/dev/ccci_aud) fail!! mCcciDeviceHandler: -1, errno: 2
07-17 06:25:59.803 W/SpeechMessengerNormal(  741): checkCcciStatusAndRecovery(), #132, sleep 10 ms & retry openCcciDriver
07-17 06:25:59.806 I/servicemanager(  433): Found vendor.mediatek.hardware.mtkradioex.voice.IMtkRadioExVoice/slot2 in device VINTF manifest.
07-17 06:25:59.808 I/servicemanager(  433): Found vendor.mediatek.hardware.mtkradioex.modem.IMtkRadioExModem/slot2 in device VINTF manifest.
07-17 06:25:59.813 E/SpeechMessengerNormal(  741): openCcciDriver(), open(/dev/ccci_aud) fail!! mCcciDeviceHandler: -1, errno: 2
07-17 06:25:59.814 W/SpeechMessengerNormal(  741): checkCcciStatusAndRecovery(), #133, sleep 10 ms & retry openCcciDriver
07-17 06:25:59.824 E/SpeechMessengerNormal(  741): openCcciDriver(), open(/dev/ccci_aud) fail!! mCcciDeviceHandler: -1, errno: 2
07-17 06:25:59.825 W/SpeechMessengerNormal(  741): checkCcciStatusAndRecovery(), #134, sleep 10 ms & retry openCcciDriver
07-17 06:25:59.835 E/SpeechMessengerNormal(  741): openCcciDriver(), open(/dev/ccci_aud) fail!! mCcciDeviceHandler: -1, errno: 2
07-17 06:25:59.835 W/SpeechMessengerNormal(  741): checkCcciStatusAndRecovery(), #135, sleep 10 ms & retry openCcciDriver
07-17 06:25:59.846 E/SpeechMessengerNormal(  741): openCcciDriver(), open(/dev/ccci_aud) fail!! mCcciDeviceHandler: -1, errno: 2
07-17 06:25:59.846 W/SpeechMessengerNormal(  741): checkCcciStatusAndRecovery(), #136, sleep 10 ms & retry openCcciDriver
07-17 06:25:59.857 E/SpeechMessengerNormal(  741): openCcciDriver(), open(/dev/ccci_aud) fail!! mCcciDeviceHandler: -1, errno: 2
07-17 06:25:59.857 W/SpeechMessengerNormal(  741): checkCcciStatusAndRecovery(), #137, sleep 10 ms & retry openCcciDriver
07-17 06:25:59.868 E/SpeechMessengerNormal(  741): openCcciDriver(), open(/dev/ccci_aud) fail!! mCcciDeviceHandler: -1, errno: 2
07-17 06:25:59.868 W/SpeechMessengerNormal(  741): checkCcciStatusAndRecovery(), #138, sleep 10 ms & retry openCcciDriver
07-17 06:25:59.879 E/SpeechMessengerNormal(  741): openCcciDriver(), open(/dev/ccci_aud) fail!! mCcciDeviceHandler: -1, errno: 2
07-17 06:25:59.879 W/SpeechMessengerNormal(  741): checkCcciStatusAndRecovery(), #139, sleep 10 ms & retry openCcciDriver
07-17 06:25:59.890 E/SpeechMessengerNormal(  741): openCcciDriver(), open(/dev/ccci_aud) fail!! mCcciDeviceHandler: -1, errno: 2
07-17 06:25:59.890 W/SpeechMessengerNormal(  741): checkCcciStatusAndRecovery(), #140, sleep 10 ms & retry openCcciDriver
07-17 06:25:59.901 E/SpeechMessengerNormal(  741): openCcciDriver(), open(/dev/ccci_aud) fail!! mCcciDeviceHandler: -1, errno: 2
07-17 06:25:59.901 W/SpeechMessengerNormal(  741): checkCcciStatusAndRecovery(), #141, sleep 10 ms & retry openCcciDriver
07-17 06:25:59.911 E/SpeechMessengerNormal(  741): openCcciDriver(), open(/dev/ccci_aud) fail!! mCcciDeviceHandler: -1, errno: 2
07-17 06:25:59.912 W/SpeechMessengerNormal(  741): checkCcciStatusAndRecovery(), #142, sleep 10 ms & retry openCcciDriver
07-17 06:25:59.922 E/SpeechMessengerNormal(  741): openCcciDriver(), open(/dev/ccci_aud) fail!! mCcciDeviceHandler: -1, errno: 2
07-17 06:25:59.923 W/SpeechMessengerNormal(  741): checkCcciStatusAndRecovery(), #143, sleep 10 ms & retry openCcciDriver
07-17 06:25:59.932 E/VT HIDL (  793): [IVT] [VT THREAD] [VT_Bind] des = volte_imsvt1 Fail to connect . retry count: 18403
07-17 06:25:59.933 D/VT HIDL (  793): [IVT] isIMCBrun : True
07-17 06:25:59.934 E/SpeechMessengerNormal(  741): openCcciDriver(), open(/dev/ccci_aud) fail!! mCcciDeviceHandler: -1, errno: 2
07-17 06:25:59.934 W/SpeechMessengerNormal(  741): checkCcciStatusAndRecovery(), #144, sleep 10 ms & retry openCcciDriver
07-17 06:25:59.945 E/SpeechMessengerNormal(  741): openCcciDriver(), open(/dev/ccci_aud) fail!! mCcciDeviceHandler: -1, errno: 2
07-17 06:25:59.946 W/SpeechMessengerNormal(  741): checkCcciStatusAndRecovery(), #145, sleep 10 ms & retry openCcciDriver
07-17 06:25:59.956 E/SpeechMessengerNormal(  741): openCcciDriver(), open(/dev/ccci_aud) fail!! mCcciDeviceHandler: -1, errno: 2
07-17 06:25:59.956 W/SpeechMessengerNormal(  741): checkCcciStatusAndRecovery(), #146, sleep 10 ms & retry openCcciDriver
07-17 06:25:59.967 E/SpeechMessengerNormal(  741): openCcciDriver(), open(/dev/ccci_aud) fail!! mCcciDeviceHandler: -1, errno: 2
07-17 06:25:59.967 W/SpeechMessengerNormal(  741): checkCcciStatusAndRecovery(), #147, sleep 10 ms & retry openCcciDriver
07-17 06:25:59.978 E/SpeechMessengerNormal(  741): openCcciDriver(), open(/dev/ccci_aud) fail!! mCcciDeviceHandler: -1, errno: 2
07-17 06:25:59.978 W/SpeechMessengerNormal(  741): checkCcciStatusAndRecovery(), #148, sleep 10 ms & retry openCcciDriver
07-17 06:25:59.988 E/SpeechMessengerNormal(  741): openCcciDriver(), open(/dev/ccci_aud) fail!! mCcciDeviceHandler: -1, errno: 2
07-17 06:25:59.989 W/SpeechMessengerNormal(  741): checkCcciStatusAndRecovery(), #149, sleep 10 ms & retry openCcciDriver
07-17 06:26:00.000 E/SpeechMessengerNormal(  741): openCcciDriver(), open(/dev/ccci_aud) fail!! mCcciDeviceHandler: -1, errno: 2
07-17 06:26:00.000 W/SpeechMessengerNormal(  741): checkCcciStatusAndRecovery(), #150, sleep 10 ms & retry openCcciDriver
07-17 06:26:00.001 D/AlarmManagerService(  946): inside native alarm timerfd set Alarm Type = 2
07-17 06:26:00.001 D/AlarmManagerService(  946): inside native alarm timerfd set Alarm Type = 3
07-17 06:26:00.011 E/SpeechMessengerNormal(  741): openCcciDriver(), open(/dev/ccci_aud) fail!! mCcciDeviceHandler: -1, errno: 2
07-17 06:26:00.011 W/SpeechMessengerNormal(  741): checkCcciStatusAndRecovery(), #151, sleep 10 ms & retry openCcciDriver
07-17 06:26:00.021 E/SpeechMessengerNormal(  741): openCcciDriver(), open(/dev/ccci_aud) fail!! mCcciDeviceHandler: -1, errno: 2
07-17 06:26:00.022 W/SpeechMessengerNormal(  741): checkCcciStatusAndRecovery(), #152, sleep 10 ms & retry openCcciDriver
07-17 06:26:00.033 E/SpeechMessengerNormal(  741): openCcciDriver(), open(/dev/ccci_aud) fail!! mCcciDeviceHandler: -1, errno: 2
07-17 06:26:00.033 W/SpeechMessengerNormal(  741): checkCcciStatusAndRecovery(), #153, sleep 10 ms & retry openCcciDriver
07-17 06:26:00.044 E/SpeechMessengerNormal(  741): openCcciDriver(), open(/dev/ccci_aud) fail!! mCcciDeviceHandler: -1, errno: 2
07-17 06:26:00.044 W/SpeechMessengerNormal(  741): checkCcciStatusAndRecovery(), #154, sleep 10 ms & retry openCcciDriver
07-17 06:26:00.055 E/SpeechMessengerNormal(  741): openCcciDriver(), open(/dev/ccci_aud) fail!! mCcciDeviceHandler: -1, errno: 2
07-17 06:26:00.055 W/SpeechMessengerNormal(  741): checkCcciStatusAndRecovery(), #155, sleep 10 ms & retry openCcciDriver
07-17 06:26:00.066 E/SpeechMessengerNormal(  741): openCcciDriver(), open(/dev/ccci_aud) fail!! mCcciDeviceHandler: -1, errno: 2
07-17 06:26:00.066 W/SpeechMessengerNormal(  741): checkCcciStatusAndRecovery(), #156, sleep 10 ms & retry openCcciDriver
07-17 06:26:00.076 E/SpeechMessengerNormal(  741): openCcciDriver(), open(/dev/ccci_aud) fail!! mCcciDeviceHandler: -1, errno: 2
07-17 06:26:00.077 W/SpeechMessengerNormal(  741): checkCcciStatusAndRecovery(), #157, sleep 10 ms & retry openCcciDriver
07-17 06:26:00.087 E/SpeechMessengerNormal(  741): openCcciDriver(), open(/dev/ccci_aud) fail!! mCcciDeviceHandler: -1, errno: 2
07-17 06:26:00.088 W/SpeechMessengerNormal(  741): checkCcciStatusAndRecovery(), #158, sleep 10 ms & retry openCcciDriver
07-17 06:26:00.098 E/SpeechMessengerNormal(  741): openCcciDriver(), open(/dev/ccci_aud) fail!! mCcciDeviceHandler: -1, errno: 2
07-17 06:26:00.099 W/SpeechMessengerNormal(  741): checkCcciStatusAndRecovery(), #159, sleep 10 ms & retry openCcciDriver
07-17 06:26:00.109 E/SpeechMessengerNormal(  741): openCcciDriver(), open(/dev/ccci_aud) fail!! mCcciDeviceHandler: -1, errno: 2
07-17 06:26:00.109 W/SpeechMessengerNormal(  741): checkCcciStatusAndRecovery(), #160, sleep 10 ms & retry openCcciDriver
07-17 06:26:00.116 E/AVSync  ( 1061): open dev failed: retry=18441, g_fd_avsync=-1, errno=2, No such file or directory
07-17 06:26:00.120 E/SpeechMessengerNormal(  741): openCcciDriver(), open(/dev/ccci_aud) fail!! mCcciDeviceHandler: -1, errno: 2
07-17 06:26:00.120 W/SpeechMessengerNormal(  741): checkCcciStatusAndRecovery(), #161, sleep 10 ms & retry openCcciDriver
07-17 06:26:00.131 E/SpeechMessengerNormal(  741): openCcciDriver(), open(/dev/ccci_aud) fail!! mCcciDeviceHandler: -1, errno: 2
07-17 06:26:00.131 W/SpeechMessengerNormal(  741): checkCcciStatusAndRecovery(), #162, sleep 10 ms & retry openCcciDriver
07-17 06:26:00.132 I/servicemanager(  433): Found android.hardware.radio.config.IRadioConfig/default in device VINTF manifest.
07-17 06:26:00.142 E/SpeechMessengerNormal(  741): openCcciDriver(), open(/dev/ccci_aud) fail!! mCcciDeviceHandler: -1, errno: 2
07-17 06:26:00.142 W/SpeechMessengerNormal(  741): checkCcciStatusAndRecovery(), #163, sleep 10 ms & retry openCcciDriver
07-17 06:26:00.153 E/SpeechMessengerNormal(  741): openCcciDriver(), open(/dev/ccci_aud) fail!! mCcciDeviceHandler: -1, errno: 2
07-17 06:26:00.153 W/SpeechMessengerNormal(  741): checkCcciStatusAndRecovery(), #164, sleep 10 ms & retry openCcciDriver
07-17 06:26:00.164 E/SpeechMessengerNormal(  741): openCcciDriver(), open(/dev/ccci_aud) fail!! mCcciDeviceHandler: -1, errno: 2
07-17 06:26:00.164 W/SpeechMessengerNormal(  741): checkCcciStatusAndRecovery(), #165, sleep 10 ms & retry openCcciDriver
07-17 06:26:00.175 E/SpeechMessengerNormal(  741): openCcciDriver(), open(/dev/ccci_aud) fail!! mCcciDeviceHandler: -1, errno: 2
07-17 06:26:00.175 W/SpeechMessengerNormal(  741): checkCcciStatusAndRecovery(), #166, sleep 10 ms & retry openCcciDriver
07-17 06:26:00.186 E/SpeechMessengerNormal(  741): openCcciDriver(), open(/dev/ccci_aud) fail!! mCcciDeviceHandler: -1, errno: 2
07-17 06:26:00.186 W/SpeechMessengerNormal(  741): checkCcciStatusAndRecovery(), #167, sleep 10 ms & retry openCcciDriver
07-17 06:26:00.197 E/SpeechMessengerNormal(  741): openCcciDriver(), open(/dev/ccci_aud) fail!! mCcciDeviceHandler: -1, errno: 2
07-17 06:26:00.197 W/SpeechMessengerNormal(  741): checkCcciStatusAndRecovery(), #168, sleep 10 ms & retry openCcciDriver
07-17 06:26:00.207 E/SpeechMessengerNormal(  741): openCcciDriver(), open(/dev/ccci_aud) fail!! mCcciDeviceHandler: -1, errno: 2
07-17 06:26:00.208 W/SpeechMessengerNormal(  741): checkCcciStatusAndRecovery(), #169, sleep 10 ms & retry openCcciDriver
07-17 06:26:00.219 E/SpeechMessengerNormal(  741): openCcciDriver(), open(/dev/ccci_aud) fail!! mCcciDeviceHandler: -1, errno: 2
07-17 06:26:00.219 W/SpeechMessengerNormal(  741): checkCcciStatusAndRecovery(), #170, sleep 10 ms & retry openCcciDriver
07-17 06:26:00.231 E/SpeechMessengerNormal(  741): openCcciDriver(), open(/dev/ccci_aud) fail!! mCcciDeviceHandler: -1, errno: 2
07-17 06:26:00.231 W/SpeechMessengerNormal(  741): checkCcciStatusAndRecovery(), #171, sleep 10 ms & retry openCcciDriver
07-17 06:26:00.241 E/SpeechMessengerNormal(  741): openCcciDriver(), open(/dev/ccci_aud) fail!! mCcciDeviceHandler: -1, errno: 2
07-17 06:26:00.242 W/SpeechMessengerNormal(  741): checkCcciStatusAndRecovery(), #172, sleep 10 ms & retry openCcciDriver
07-17 06:26:00.252 E/SpeechMessengerNormal(  741): openCcciDriver(), open(/dev/ccci_aud) fail!! mCcciDeviceHandler: -1, errno: 2
07-17 06:26:00.253 W/SpeechMessengerNormal(  741): checkCcciStatusAndRecovery(), #173, sleep 10 ms & retry openCcciDriver
07-17 06:26:00.259 D/ULogGuard( 1100): Monitoring: 0 threads, 0 requests, 0 time-bombs; 1 guards. ResetFlags = 0x7
07-17 06:26:00.263 E/SpeechMessengerNormal(  741): openCcciDriver(), open(/dev/ccci_aud) fail!! mCcciDeviceHandler: -1, errno: 2
07-17 06:26:00.263 W/SpeechMessengerNormal(  741): checkCcciStatusAndRecovery(), #174, sleep 10 ms & retry openCcciDriver
07-17 06:26:00.274 E/SpeechMessengerNormal(  741): openCcciDriver(), open(/dev/ccci_aud) fail!! mCcciDeviceHandler: -1, errno: 2
07-17 06:26:00.275 W/SpeechMessengerNormal(  741): checkCcciStatusAndRecovery(), #175, sleep 10 ms & retry openCcciDriver
07-17 06:26:00.285 E/SpeechMessengerNormal(  741): openCcciDriver(), open(/dev/ccci_aud) fail!! mCcciDeviceHandler: -1, errno: 2
07-17 06:26:00.286 W/SpeechMessengerNormal(  741): checkCcciStatusAndRecovery(), #176, sleep 10 ms & retry openCcciDriver
07-17 06:26:00.296 E/SpeechMessengerNormal(  741): openCcciDriver(), open(/dev/ccci_aud) fail!! mCcciDeviceHandler: -1, errno: 2
07-17 06:26:00.296 W/SpeechMessengerNormal(  741): checkCcciStatusAndRecovery(), #177, sleep 10 ms & retry openCcciDriver
07-17 06:26:00.307 E/SpeechMessengerNormal(  741): openCcciDriver(), open(/dev/ccci_aud) fail!! mCcciDeviceHandler: -1, errno: 2
07-17 06:26:00.307 W/SpeechMessengerNormal(  741): checkCcciStatusAndRecovery(), #178, sleep 10 ms & retry openCcciDriver
07-17 06:26:00.318 E/SpeechMessengerNormal(  741): openCcciDriver(), open(/dev/ccci_aud) fail!! mCcciDeviceHandler: -1, errno: 2
07-17 06:26:00.318 W/SpeechMessengerNormal(  741): checkCcciStatusAndRecovery(), #179, sleep 10 ms & retry openCcciDriver
07-17 06:26:00.329 E/SpeechMessengerNormal(  741): openCcciDriver(), open(/dev/ccci_aud) fail!! mCcciDeviceHandler: -1, errno: 2
07-17 06:26:00.329 W/SpeechMessengerNormal(  741): checkCcciStatusAndRecovery(), #180, sleep 10 ms & retry openCcciDriver
07-17 06:26:00.340 E/SpeechMessengerNormal(  741): openCcciDriver(), open(/dev/ccci_aud) fail!! mCcciDeviceHandler: -1, errno: 2
07-17 06:26:00.340 W/SpeechMessengerNormal(  741): checkCcciStatusAndRecovery(), #181, sleep 10 ms & retry openCcciDriver
07-17 06:26:00.347 D/AES     (  946): AEEIOCTL_GET/SET_SF_STATE IOCTL,cmd= 1074294797, lParam=0. 
07-17 06:26:00.348 D/AES     (  946): AEEIOCTL_RT_MON_Kick IOCTL,cmd= 2147774474, lParam=300. 
07-17 06:26:00.351 E/SpeechMessengerNormal(  741): openCcciDriver(), open(/dev/ccci_aud) fail!! mCcciDeviceHandler: -1, errno: 2
07-17 06:26:00.351 W/SpeechMessengerNormal(  741): checkCcciStatusAndRecovery(), #182, sleep 10 ms & retry openCcciDriver
07-17 06:26:00.362 E/SpeechMessengerNormal(  741): openCcciDriver(), open(/dev/ccci_aud) fail!! mCcciDeviceHandler: -1, errno: 2
07-17 06:26:00.362 W/SpeechMessengerNormal(  741): checkCcciStatusAndRecovery(), #183, sleep 10 ms & retry openCcciDriver
07-17 06:26:00.373 E/SpeechMessengerNormal(  741): openCcciDriver(), open(/dev/ccci_aud) fail!! mCcciDeviceHandler: -1, errno: 2
07-17 06:26:00.373 W/SpeechMessengerNormal(  741): checkCcciStatusAndRecovery(), #184, sleep 10 ms & retry openCcciDriver
07-17 06:26:00.383 E/SpeechMessengerNormal(  741): openCcciDriver(), open(/dev/ccci_aud) fail!! mCcciDeviceHandler: -1, errno: 2
07-17 06:26:00.384 W/SpeechMessengerNormal(  741): checkCcciStatusAndRecovery(), #185, sleep 10 ms & retry openCcciDriver
07-17 06:26:00.394 E/SpeechMessengerNormal(  741): openCcciDriver(), open(/dev/ccci_aud) fail!! mCcciDeviceHandler: -1, errno: 2
07-17 06:26:00.395 W/SpeechMessengerNormal(  741): checkCcciStatusAndRecovery(), #186, sleep 10 ms & retry openCcciDriver
07-17 06:26:00.405 E/SpeechMessengerNormal(  741): openCcciDriver(), open(/dev/ccci_aud) fail!! mCcciDeviceHandler: -1, errno: 2
07-17 06:26:00.406 W/SpeechMessengerNormal(  741): checkCcciStatusAndRecovery(), #187, sleep 10 ms & retry openCcciDriver
07-17 06:26:00.416 E/SpeechMessengerNormal(  741): openCcciDriver(), open(/dev/ccci_aud) fail!! mCcciDeviceHandler: -1, errno: 2
07-17 06:26:00.416 W/SpeechMessengerNormal(  741): checkCcciStatusAndRecovery(), #188, sleep 10 ms & retry openCcciDriver
07-17 06:26:00.427 E/SpeechMessengerNormal(  741): openCcciDriver(), open(/dev/ccci_aud) fail!! mCcciDeviceHandler: -1, errno: 2
07-17 06:26:00.427 W/SpeechMessengerNormal(  741): checkCcciStatusAndRecovery(), #189, sleep 10 ms & retry openCcciDriver
07-17 06:26:00.434 E/VT HIDL (  793): [IVT] [VT THREAD] [VT_Bind] des = volte_imsvt1 Fail to connect . retry count: 18404
07-17 06:26:00.435 D/VT HIDL (  793): [IVT] isIMCBrun : True
07-17 06:26:00.438 E/SpeechMessengerNormal(  741): openCcciDriver(), open(/dev/ccci_aud) fail!! mCcciDeviceHandler: -1, errno: 2
07-17 06:26:00.438 W/SpeechMessengerNormal(  741): checkCcciStatusAndRecovery(), #190, sleep 10 ms & retry openCcciDriver
07-17 06:26:00.449 E/SpeechMessengerNormal(  741): openCcciDriver(), open(/dev/ccci_aud) fail!! mCcciDeviceHandler: -1, errno: 2
07-17 06:26:00.449 W/SpeechMessengerNormal(  741): checkCcciStatusAndRecovery(), #191, sleep 10 ms & retry openCcciDriver
07-17 06:26:00.460 E/SpeechMessengerNormal(  741): openCcciDriver(), open(/dev/ccci_aud) fail!! mCcciDeviceHandler: -1, errno: 2
07-17 06:26:00.460 W/SpeechMessengerNormal(  741): checkCcciStatusAndRecovery(), #192, sleep 10 ms & retry openCcciDriver
07-17 06:26:00.471 E/SpeechMessengerNormal(  741): openCcciDriver(), open(/dev/ccci_aud) fail!! mCcciDeviceHandler: -1, errno: 2
07-17 06:26:00.471 W/SpeechMessengerNormal(  741): checkCcciStatusAndRecovery(), #193, sleep 10 ms & retry openCcciDriver
07-17 06:26:00.482 E/SpeechMessengerNormal(  741): openCcciDriver(), open(/dev/ccci_aud) fail!! mCcciDeviceHandler: -1, errno: 2
07-17 06:26:00.482 W/SpeechMessengerNormal(  741): checkCcciStatusAndRecovery(), #194, sleep 10 ms & retry openCcciDriver
07-17 06:26:00.493 E/SpeechMessengerNormal(  741): openCcciDriver(), open(/dev/ccci_aud) fail!! mCcciDeviceHandler: -1, errno: 2
07-17 06:26:00.493 W/SpeechMessengerNormal(  741): checkCcciStatusAndRecovery(), #195, sleep 10 ms & retry openCcciDriver
07-17 06:26:00.503 E/SpeechMessengerNormal(  741): openCcciDriver(), open(/dev/ccci_aud) fail!! mCcciDeviceHandler: -1, errno: 2
07-17 06:26:00.504 W/SpeechMessengerNormal(  741): checkCcciStatusAndRecovery(), #196, sleep 10 ms & retry openCcciDriver
07-17 06:26:00.515 E/SpeechMessengerNormal(  741): openCcciDriver(), open(/dev/ccci_aud) fail!! mCcciDeviceHandler: -1, errno: 2
07-17 06:26:00.516 W/SpeechMessengerNormal(  741): checkCcciStatusAndRecovery(), #197, sleep 10 ms & retry openCcciDriver
07-17 06:26:00.526 E/SpeechMessengerNormal(  741): openCcciDriver(), open(/dev/ccci_aud) fail!! mCcciDeviceHandler: -1, errno: 2
07-17 06:26:00.526 W/SpeechMessengerNormal(  741): checkCcciStatusAndRecovery(), #198, sleep 10 ms & retry openCcciDriver
07-17 06:26:00.537 E/SpeechMessengerNormal(  741): openCcciDriver(), open(/dev/ccci_aud) fail!! mCcciDeviceHandler: -1, errno: 2
07-17 06:26:00.537 W/SpeechMessengerNormal(  741): checkCcciStatusAndRecovery(), #199, sleep 10 ms & retry openCcciDriver
07-17 06:26:00.548 W/SpeechMessengerNormal(  741): checkCcciStatusAndRecovery(), ccci driver not init!!
07-17 06:26:00.548 E/SpeechMessengerNormal(  741): readSpeechMessage(), read msg failed!! ccci not ready, id: 0x0, param16: 0x0, param32: 0x0
07-17 06:26:00.617 E/AVSync  ( 1061): open dev failed: retry=18442, g_fd_avsync=-1, errno=2, No such file or directory
07-17 06:26:00.649 W/SpeechMessengerNormal(  741): checkCcciStatusAndRecovery() mCcciDeviceHandler: -1
07-17 06:26:00.649 E/SpeechMessengerNormal(  741): openCcciDriver(), open(/dev/ccci_aud) fail!! mCcciDeviceHandler: -1, errno: 2
07-17 06:26:00.650 W/SpeechMessengerNormal(  741): checkCcciStatusAndRecovery(), #0, sleep 10 ms & retry openCcciDriver
07-17 06:26:00.660 E/SpeechMessengerNormal(  741): openCcciDriver(), open(/dev/ccci_aud) fail!! mCcciDeviceHandler: -1, errno: 2
07-17 06:26:00.660 W/SpeechMessengerNormal(  741): checkCcciStatusAndRecovery(), #1, sleep 10 ms & retry openCcciDriver
07-17 06:26:00.671 E/SpeechMessengerNormal(  741): openCcciDriver(), open(/dev/ccci_aud) fail!! mCcciDeviceHandler: -1, errno: 2
07-17 06:26:00.671 W/SpeechMessengerNormal(  741): checkCcciStatusAndRecovery(), #2, sleep 10 ms & retry openCcciDriver
07-17 06:26:00.682 E/SpeechMessengerNormal(  741): openCcciDriver(), open(/dev/ccci_aud) fail!! mCcciDeviceHandler: -1, errno: 2
07-17 06:26:00.682 W/SpeechMessengerNormal(  741): checkCcciStatusAndRecovery(), #3, sleep 10 ms & retry openCcciDriver
07-17 06:26:00.692 E/SpeechMessengerNormal(  741): openCcciDriver(), open(/dev/ccci_aud) fail!! mCcciDeviceHandler: -1, errno: 2
07-17 06:26:00.693 W/SpeechMessengerNormal(  741): checkCcciStatusAndRecovery(), #4, sleep 10 ms & retry openCcciDriver
07-17 06:26:00.703 E/SpeechMessengerNormal(  741): openCcciDriver(), open(/dev/ccci_aud) fail!! mCcciDeviceHandler: -1, errno: 2
07-17 06:26:00.704 W/SpeechMessengerNormal(  741): checkCcciStatusAndRecovery(), #5, sleep 10 ms & retry openCcciDriver
07-17 06:26:00.714 E/SpeechMessengerNormal(  741): openCcciDriver(), open(/dev/ccci_aud) fail!! mCcciDeviceHandler: -1, errno: 2
07-17 06:26:00.715 W/SpeechMessengerNormal(  741): checkCcciStatusAndRecovery(), #6, sleep 10 ms & retry openCcciDriver
07-17 06:26:00.725 E/SpeechMessengerNormal(  741): openCcciDriver(), open(/dev/ccci_aud) fail!! mCcciDeviceHandler: -1, errno: 2
07-17 06:26:00.725 W/SpeechMessengerNormal(  741): checkCcciStatusAndRecovery(), #7, sleep 10 ms & retry openCcciDriver
07-17 06:26:00.737 E/SpeechMessengerNormal(  741): openCcciDriver(), open(/dev/ccci_aud) fail!! mCcciDeviceHandler: -1, errno: 2
07-17 06:26:00.737 W/SpeechMessengerNormal(  741): checkCcciStatusAndRecovery(), #8, sleep 10 ms & retry openCcciDriver
07-17 06:26:00.750 E/SpeechMessengerNormal(  741): openCcciDriver(), open(/dev/ccci_aud) fail!! mCcciDeviceHandler: -1, errno: 2
07-17 06:26:00.750 W/SpeechMessengerNormal(  741): checkCcciStatusAndRecovery(), #9, sleep 10 ms & retry openCcciDriver
07-17 06:26:00.759 I/servicemanager(  433): Found android.hardware.radio.voice.IRadioVoice/imsSlot1 in device VINTF manifest.
07-17 06:26:00.761 E/SpeechMessengerNormal(  741): openCcciDriver(), open(/dev/ccci_aud) fail!! mCcciDeviceHandler: -1, errno: 2
07-17 06:26:00.761 W/SpeechMessengerNormal(  741): checkCcciStatusAndRecovery(), #10, sleep 10 ms & retry openCcciDriver
07-17 06:26:00.764 I/servicemanager(  433): Found android.hardware.radio.sim.IRadioSim/imsSlot1 in device VINTF manifest.
07-17 06:26:00.765 D/EMDLOGGER1( 1097): ccb_init_cond: wait required modem status time out
07-17 06:26:00.769 I/servicemanager(  433): Found android.hardware.radio.modem.IRadioModem/imsSlot1 in device VINTF manifest.
07-17 06:26:00.772 I/servicemanager(  433): Found android.hardware.radio.network.IRadioNetwork/imsSlot1 in device VINTF manifest.
07-17 06:26:00.772 E/SpeechMessengerNormal(  741): openCcciDriver(), open(/dev/ccci_aud) fail!! mCcciDeviceHandler: -1, errno: 2
07-17 06:26:00.772 W/SpeechMessengerNormal(  741): checkCcciStatusAndRecovery(), #11, sleep 10 ms & retry openCcciDriver
07-17 06:26:00.776 I/servicemanager(  433): Found vendor.mediatek.hardware.mtkradioex.ims.IMtkRadioExIms/slot1 in device VINTF manifest.
07-17 06:26:00.781 I/servicemanager(  433): Found vendor.mediatek.hardware.mtkradioex.voice.IMtkRadioExVoice/slot1 in device VINTF manifest.
07-17 06:26:00.782 E/SpeechMessengerNormal(  741): openCcciDriver(), open(/dev/ccci_aud) fail!! mCcciDeviceHandler: -1, errno: 2
07-17 06:26:00.783 W/SpeechMessengerNormal(  741): checkCcciStatusAndRecovery(), #12, sleep 10 ms & retry openCcciDriver
07-17 06:26:00.784 I/servicemanager(  433): Found vendor.mediatek.hardware.mtkradioex.modem.IMtkRadioExModem/slot1 in device VINTF manifest.
07-17 06:26:00.788 I/servicemanager(  433): Found android.hardware.radio.voice.IRadioVoice/imsSlot2 in device VINTF manifest.
07-17 06:26:00.793 I/servicemanager(  433): Found android.hardware.radio.sim.IRadioSim/imsSlot2 in device VINTF manifest.
07-17 06:26:00.793 E/SpeechMessengerNormal(  741): openCcciDriver(), open(/dev/ccci_aud) fail!! mCcciDeviceHandler: -1, errno: 2
07-17 06:26:00.793 W/SpeechMessengerNormal(  741): checkCcciStatusAndRecovery(), #13, sleep 10 ms & retry openCcciDriver
07-17 06:26:00.797 I/servicemanager(  433): Found android.hardware.radio.modem.IRadioModem/imsSlot2 in device VINTF manifest.
07-17 06:26:00.801 I/servicemanager(  433): Found android.hardware.radio.network.IRadioNetwork/imsSlot2 in device VINTF manifest.
07-17 06:26:00.804 E/SpeechMessengerNormal(  741): openCcciDriver(), open(/dev/ccci_aud) fail!! mCcciDeviceHandler: -1, errno: 2
07-17 06:26:00.804 W/SpeechMessengerNormal(  741): checkCcciStatusAndRecovery(), #14, sleep 10 ms & retry openCcciDriver
07-17 06:26:00.806 I/servicemanager(  433): Found vendor.mediatek.hardware.mtkradioex.ims.IMtkRadioExIms/slot2 in device VINTF manifest.
07-17 06:26:00.810 I/servicemanager(  433): Found vendor.mediatek.hardware.mtkradioex.voice.IMtkRadioExVoice/slot2 in device VINTF manifest.
07-17 06:26:00.814 I/servicemanager(  433): Found vendor.mediatek.hardware.mtkradioex.modem.IMtkRadioExModem/slot2 in device VINTF manifest.
07-17 06:26:00.815 E/SpeechMessengerNormal(  741): openCcciDriver(), open(/dev/ccci_aud) fail!! mCcciDeviceHandler: -1, errno: 2
07-17 06:26:00.815 W/SpeechMessengerNormal(  741): checkCcciStatusAndRecovery(), #15, sleep 10 ms & retry openCcciDriver
07-17 06:26:00.826 E/SpeechMessengerNormal(  741): openCcciDriver(), open(/dev/ccci_aud) fail!! mCcciDeviceHandler: -1, errno: 2
07-17 06:26:00.826 W/SpeechMessengerNormal(  741): checkCcciStatusAndRecovery(), #16, sleep 10 ms & retry openCcciDriver
07-17 06:26:00.836 E/SpeechMessengerNormal(  741): openCcciDriver(), open(/dev/ccci_aud) fail!! mCcciDeviceHandler: -1, errno: 2
07-17 06:26:00.837 W/SpeechMessengerNormal(  741): checkCcciStatusAndRecovery(), #17, sleep 10 ms & retry openCcciDriver
07-17 06:26:00.847 E/SpeechMessengerNormal(  741): openCcciDriver(), open(/dev/ccci_aud) fail!! mCcciDeviceHandler: -1, errno: 2
07-17 06:26:00.847 W/SpeechMessengerNormal(  741): checkCcciStatusAndRecovery(), #18, sleep 10 ms & retry openCcciDriver
07-17 06:26:00.858 E/SpeechMessengerNormal(  741): openCcciDriver(), open(/dev/ccci_aud) fail!! mCcciDeviceHandler: -1, errno: 2
07-17 06:26:00.858 W/SpeechMessengerNormal(  741): checkCcciStatusAndRecovery(), #19, sleep 10 ms & retry openCcciDriver
07-17 06:26:00.869 E/SpeechMessengerNormal(  741): openCcciDriver(), open(/dev/ccci_aud) fail!! mCcciDeviceHandler: -1, errno: 2
07-17 06:26:00.869 W/SpeechMessengerNormal(  741): checkCcciStatusAndRecovery(), #20, sleep 10 ms & retry openCcciDriver
07-17 06:26:00.880 E/SpeechMessengerNormal(  741): openCcciDriver(), open(/dev/ccci_aud) fail!! mCcciDeviceHandler: -1, errno: 2
07-17 06:26:00.880 W/SpeechMessengerNormal(  741): checkCcciStatusAndRecovery(), #21, sleep 10 ms & retry openCcciDriver
07-17 06:26:00.891 E/SpeechMessengerNormal(  741): openCcciDriver(), open(/dev/ccci_aud) fail!! mCcciDeviceHandler: -1, errno: 2
07-17 06:26:00.891 W/SpeechMessengerNormal(  741): checkCcciStatusAndRecovery(), #22, sleep 10 ms & retry openCcciDriver
07-17 06:26:00.902 E/SpeechMessengerNormal(  741): openCcciDriver(), open(/dev/ccci_aud) fail!! mCcciDeviceHandler: -1, errno: 2
07-17 06:26:00.902 W/SpeechMessengerNormal(  741): checkCcciStatusAndRecovery(), #23, sleep 10 ms & retry openCcciDriver
07-17 06:26:00.912 E/SpeechMessengerNormal(  741): openCcciDriver(), open(/dev/ccci_aud) fail!! mCcciDeviceHandler: -1, errno: 2
07-17 06:26:00.913 W/SpeechMessengerNormal(  741): checkCcciStatusAndRecovery(), #24, sleep 10 ms & retry openCcciDriver
07-17 06:26:00.923 E/SpeechMessengerNormal(  741): openCcciDriver(), open(/dev/ccci_aud) fail!! mCcciDeviceHandler: -1, errno: 2
07-17 06:26:00.924 W/SpeechMessengerNormal(  741): checkCcciStatusAndRecovery(), #25, sleep 10 ms & retry openCcciDriver
07-17 06:26:00.934 E/SpeechMessengerNormal(  741): openCcciDriver(), open(/dev/ccci_aud) fail!! mCcciDeviceHandler: -1, errno: 2
07-17 06:26:00.935 W/SpeechMessengerNormal(  741): checkCcciStatusAndRecovery(), #26, sleep 10 ms & retry openCcciDriver
07-17 06:26:00.936 E/VT HIDL (  793): [IVT] [VT THREAD] [VT_Bind] des = volte_imsvt1 Fail to connect . retry count: 18405
07-17 06:26:00.937 D/VT HIDL (  793): [IVT] isIMCBrun : True
07-17 06:26:00.945 E/SpeechMessengerNormal(  741): openCcciDriver(), open(/dev/ccci_aud) fail!! mCcciDeviceHandler: -1, errno: 2
07-17 06:26:00.946 W/SpeechMessengerNormal(  741): checkCcciStatusAndRecovery(), #27, sleep 10 ms & retry openCcciDriver
07-17 06:26:00.956 E/SpeechMessengerNormal(  741): openCcciDriver(), open(/dev/ccci_aud) fail!! mCcciDeviceHandler: -1, errno: 2
07-17 06:26:00.956 W/SpeechMessengerNormal(  741): checkCcciStatusAndRecovery(), #28, sleep 10 ms & retry openCcciDriver
07-17 06:26:00.967 E/SpeechMessengerNormal(  741): openCcciDriver(), open(/dev/ccci_aud) fail!! mCcciDeviceHandler: -1, errno: 2
07-17 06:26:00.967 W/SpeechMessengerNormal(  741): checkCcciStatusAndRecovery(), #29, sleep 10 ms & retry openCcciDriver
07-17 06:26:00.978 E/SpeechMessengerNormal(  741): openCcciDriver(), open(/dev/ccci_aud) fail!! mCcciDeviceHandler: -1, errno: 2
07-17 06:26:00.978 W/SpeechMessengerNormal(  741): checkCcciStatusAndRecovery(), #30, sleep 10 ms & retry openCcciDriver
07-17 06:26:00.989 E/SpeechMessengerNormal(  741): openCcciDriver(), open(/dev/ccci_aud) fail!! mCcciDeviceHandler: -1, errno: 2
07-17 06:26:00.989 W/SpeechMessengerNormal(  741): checkCcciStatusAndRecovery(), #31, sleep 10 ms & retry openCcciDriver
07-17 06:26:01.000 E/SpeechMessengerNormal(  741): openCcciDriver(), open(/dev/ccci_aud) fail!! mCcciDeviceHandler: -1, errno: 2
07-17 06:26:01.000 W/SpeechMessengerNormal(  741): checkCcciStatusAndRecovery(), #32, sleep 10 ms & retry openCcciDriver
07-17 06:26:01.011 E/SpeechMessengerNormal(  741): openCcciDriver(), open(/dev/ccci_aud) fail!! mCcciDeviceHandler: -1, errno: 2
07-17 06:26:01.011 W/SpeechMessengerNormal(  741): checkCcciStatusAndRecovery(), #33, sleep 10 ms & retry openCcciDriver
07-17 06:26:01.022 E/SpeechMessengerNormal(  741): openCcciDriver(), open(/dev/ccci_aud) fail!! mCcciDeviceHandler: -1, errno: 2
07-17 06:26:01.022 W/SpeechMessengerNormal(  741): checkCcciStatusAndRecovery(), #34, sleep 10 ms & retry openCcciDriver
07-17 06:26:01.033 E/SpeechMessengerNormal(  741): openCcciDriver(), open(/dev/ccci_aud) fail!! mCcciDeviceHandler: -1, errno: 2
07-17 06:26:01.033 W/SpeechMessengerNormal(  741): checkCcciStatusAndRecovery(), #35, sleep 10 ms & retry openCcciDriver
07-17 06:26:01.044 E/SpeechMessengerNormal(  741): openCcciDriver(), open(/dev/ccci_aud) fail!! mCcciDeviceHandler: -1, errno: 2
07-17 06:26:01.044 W/SpeechMessengerNormal(  741): checkCcciStatusAndRecovery(), #36, sleep 10 ms & retry openCcciDriver
07-17 06:26:01.055 E/SpeechMessengerNormal(  741): openCcciDriver(), open(/dev/ccci_aud) fail!! mCcciDeviceHandler: -1, errno: 2
07-17 06:26:01.056 W/SpeechMessengerNormal(  741): checkCcciStatusAndRecovery(), #37, sleep 10 ms & retry openCcciDriver
07-17 06:26:01.068 E/SpeechMessengerNormal(  741): openCcciDriver(), open(/dev/ccci_aud) fail!! mCcciDeviceHandler: -1, errno: 2
07-17 06:26:01.068 W/SpeechMessengerNormal(  741): checkCcciStatusAndRecovery(), #38, sleep 10 ms & retry openCcciDriver
07-17 06:26:01.079 E/SpeechMessengerNormal(  741): openCcciDriver(), open(/dev/ccci_aud) fail!! mCcciDeviceHandler: -1, errno: 2
07-17 06:26:01.080 W/SpeechMessengerNormal(  741): checkCcciStatusAndRecovery(), #39, sleep 10 ms & retry openCcciDriver
07-17 06:26:01.091 E/SpeechMessengerNormal(  741): openCcciDriver(), open(/dev/ccci_aud) fail!! mCcciDeviceHandler: -1, errno: 2
07-17 06:26:01.091 W/SpeechMessengerNormal(  741): checkCcciStatusAndRecovery(), #40, sleep 10 ms & retry openCcciDriver
07-17 06:26:01.102 E/SpeechMessengerNormal(  741): openCcciDriver(), open(/dev/ccci_aud) fail!! mCcciDeviceHandler: -1, errno: 2
07-17 06:26:01.103 W/SpeechMessengerNormal(  741): checkCcciStatusAndRecovery(), #41, sleep 10 ms & retry openCcciDriver
07-17 06:26:01.114 E/SpeechMessengerNormal(  741): openCcciDriver(), open(/dev/ccci_aud) fail!! mCcciDeviceHandler: -1, errno: 2
07-17 06:26:01.114 W/SpeechMessengerNormal(  741): checkCcciStatusAndRecovery(), #42, sleep 10 ms & retry openCcciDriver
07-17 06:26:01.117 E/AVSync  ( 1061): open dev failed: retry=18443, g_fd_avsync=-1, errno=2, No such file or directory
07-17 06:26:01.125 E/SpeechMessengerNormal(  741): openCcciDriver(), open(/dev/ccci_aud) fail!! mCcciDeviceHandler: -1, errno: 2
07-17 06:26:01.125 W/SpeechMessengerNormal(  741): checkCcciStatusAndRecovery(), #43, sleep 10 ms & retry openCcciDriver
07-17 06:26:01.136 E/SpeechMessengerNormal(  741): openCcciDriver(), open(/dev/ccci_aud) fail!! mCcciDeviceHandler: -1, errno: 2
07-17 06:26:01.136 W/SpeechMessengerNormal(  741): checkCcciStatusAndRecovery(), #44, sleep 10 ms & retry openCcciDriver
07-17 06:26:01.137 I/servicemanager(  433): Found android.hardware.radio.config.IRadioConfig/default in device VINTF manifest.
07-17 06:26:01.147 E/SpeechMessengerNormal(  741): openCcciDriver(), open(/dev/ccci_aud) fail!! mCcciDeviceHandler: -1, errno: 2
07-17 06:26:01.148 W/SpeechMessengerNormal(  741): checkCcciStatusAndRecovery(), #45, sleep 10 ms & retry openCcciDriver
07-17 06:26:01.158 E/SpeechMessengerNormal(  741): openCcciDriver(), open(/dev/ccci_aud) fail!! mCcciDeviceHandler: -1, errno: 2
07-17 06:26:01.159 W/SpeechMessengerNormal(  741): checkCcciStatusAndRecovery(), #46, sleep 10 ms & retry openCcciDriver
07-17 06:26:01.169 E/SpeechMessengerNormal(  741): openCcciDriver(), open(/dev/ccci_aud) fail!! mCcciDeviceHandler: -1, errno: 2
07-17 06:26:01.170 W/SpeechMessengerNormal(  741): checkCcciStatusAndRecovery(), #47, sleep 10 ms & retry openCcciDriver
07-17 06:26:01.180 E/SpeechMessengerNormal(  741): openCcciDriver(), open(/dev/ccci_aud) fail!! mCcciDeviceHandler: -1, errno: 2
07-17 06:26:01.181 W/SpeechMessengerNormal(  741): checkCcciStatusAndRecovery(), #48, sleep 10 ms & retry openCcciDriver
07-17 06:26:01.191 E/SpeechMessengerNormal(  741): openCcciDriver(), open(/dev/ccci_aud) fail!! mCcciDeviceHandler: -1, errno: 2
07-17 06:26:01.192 W/SpeechMessengerNormal(  741): checkCcciStatusAndRecovery(), #49, sleep 10 ms & retry openCcciDriver
07-17 06:26:01.203 E/SpeechMessengerNormal(  741): openCcciDriver(), open(/dev/ccci_aud) fail!! mCcciDeviceHandler: -1, errno: 2
07-17 06:26:01.203 W/SpeechMessengerNormal(  741): checkCcciStatusAndRecovery(), #50, sleep 10 ms & retry openCcciDriver
07-17 06:26:01.213 E/SpeechMessengerNormal(  741): openCcciDriver(), open(/dev/ccci_aud) fail!! mCcciDeviceHandler: -1, errno: 2
07-17 06:26:01.214 W/SpeechMessengerNormal(  741): checkCcciStatusAndRecovery(), #51, sleep 10 ms & retry openCcciDriver
07-17 06:26:01.225 E/SpeechMessengerNormal(  741): openCcciDriver(), open(/dev/ccci_aud) fail!! mCcciDeviceHandler: -1, errno: 2
07-17 06:26:01.225 W/SpeechMessengerNormal(  741): checkCcciStatusAndRecovery(), #52, sleep 10 ms & retry openCcciDriver
07-17 06:26:01.236 E/SpeechMessengerNormal(  741): openCcciDriver(), open(/dev/ccci_aud) fail!! mCcciDeviceHandler: -1, errno: 2
07-17 06:26:01.237 W/SpeechMessengerNormal(  741): checkCcciStatusAndRecovery(), #53, sleep 10 ms & retry openCcciDriver
07-17 06:26:01.247 E/SpeechMessengerNormal(  741): openCcciDriver(), open(/dev/ccci_aud) fail!! mCcciDeviceHandler: -1, errno: 2
07-17 06:26:01.248 W/SpeechMessengerNormal(  741): checkCcciStatusAndRecovery(), #54, sleep 10 ms & retry openCcciDriver
07-17 06:26:01.259 E/SpeechMessengerNormal(  741): openCcciDriver(), open(/dev/ccci_aud) fail!! mCcciDeviceHandler: -1, errno: 2
07-17 06:26:01.260 W/SpeechMessengerNormal(  741): checkCcciStatusAndRecovery(), #55, sleep 10 ms & retry openCcciDriver
07-17 06:26:01.273 E/SpeechMessengerNormal(  741): openCcciDriver(), open(/dev/ccci_aud) fail!! mCcciDeviceHandler: -1, errno: 2
07-17 06:26:01.273 W/SpeechMessengerNormal(  741): checkCcciStatusAndRecovery(), #56, sleep 10 ms & retry openCcciDriver
07-17 06:26:01.284 E/SpeechMessengerNormal(  741): openCcciDriver(), open(/dev/ccci_aud) fail!! mCcciDeviceHandler: -1, errno: 2
07-17 06:26:01.284 W/SpeechMessengerNormal(  741): checkCcciStatusAndRecovery(), #57, sleep 10 ms & retry openCcciDriver
07-17 06:26:01.294 E/SpeechMessengerNormal(  741): openCcciDriver(), open(/dev/ccci_aud) fail!! mCcciDeviceHandler: -1, errno: 2
07-17 06:26:01.294 W/SpeechMessengerNormal(  741): checkCcciStatusAndRecovery(), #58, sleep 10 ms & retry openCcciDriver
07-17 06:26:01.302 D/agps    ( 1117): [agps] WARNING: [CP] cp2_fd_1_reconnect_timeout
07-17 06:26:01.303 E/agps    ( 1117): [agps] ERR: [CP] get_ccci_uart  open failed node=[/dev/ttyC2] reason=[No such file or directory]
07-17 06:26:01.303 E/agps    ( 1117): [agps] ERR: [CP] get_eemcs_uart  open failed node=[/dev/eemcs_ipc_uart] reason=[No such file or directory]
07-17 06:26:01.303 E/agps    ( 1117): [agps] ERR: [CP] ccci_uart_1  open failed
07-17 06:26:01.305 E/SpeechMessengerNormal(  741): openCcciDriver(), open(/dev/ccci_aud) fail!! mCcciDeviceHandler: -1, errno: 2
07-17 06:26:01.305 W/SpeechMessengerNormal(  741): checkCcciStatusAndRecovery(), #59, sleep 10 ms & retry openCcciDriver
07-17 06:26:01.316 E/SpeechMessengerNormal(  741): openCcciDriver(), open(/dev/ccci_aud) fail!! mCcciDeviceHandler: -1, errno: 2
07-17 06:26:01.316 W/SpeechMessengerNormal(  741): checkCcciStatusAndRecovery(), #60, sleep 10 ms & retry openCcciDriver
07-17 06:26:01.327 E/SpeechMessengerNormal(  741): openCcciDriver(), open(/dev/ccci_aud) fail!! mCcciDeviceHandler: -1, errno: 2
07-17 06:26:01.327 W/SpeechMessengerNormal(  741): checkCcciStatusAndRecovery(), #61, sleep 10 ms & retry openCcciDriver
07-17 06:26:01.338 E/SpeechMessengerNormal(  741): openCcciDriver(), open(/dev/ccci_aud) fail!! mCcciDeviceHandler: -1, errno: 2
07-17 06:26:01.338 W/SpeechMessengerNormal(  741): checkCcciStatusAndRecovery(), #62, sleep 10 ms & retry openCcciDriver
07-17 06:26:01.349 E/SpeechMessengerNormal(  741): openCcciDriver(), open(/dev/ccci_aud) fail!! mCcciDeviceHandler: -1, errno: 2
07-17 06:26:01.349 W/SpeechMessengerNormal(  741): checkCcciStatusAndRecovery(), #63, sleep 10 ms & retry openCcciDriver
07-17 06:26:01.359 E/SpeechMessengerNormal(  741): openCcciDriver(), open(/dev/ccci_aud) fail!! mCcciDeviceHandler: -1, errno: 2
07-17 06:26:01.360 W/SpeechMessengerNormal(  741): checkCcciStatusAndRecovery(), #64, sleep 10 ms & retry openCcciDriver
07-17 06:26:01.371 E/SpeechMessengerNormal(  741): openCcciDriver(), open(/dev/ccci_aud) fail!! mCcciDeviceHandler: -1, errno: 2
07-17 06:26:01.371 W/SpeechMessengerNormal(  741): checkCcciStatusAndRecovery(), #65, sleep 10 ms & retry openCcciDriver
07-17 06:26:01.381 E/SpeechMessengerNormal(  741): openCcciDriver(), open(/dev/ccci_aud) fail!! mCcciDeviceHandler: -1, errno: 2
07-17 06:26:01.382 W/SpeechMessengerNormal(  741): checkCcciStatusAndRecovery(), #66, sleep 10 ms & retry openCcciDriver
07-17 06:26:01.392 E/SpeechMessengerNormal(  741): openCcciDriver(), open(/dev/ccci_aud) fail!! mCcciDeviceHandler: -1, errno: 2
07-17 06:26:01.393 W/SpeechMessengerNormal(  741): checkCcciStatusAndRecovery(), #67, sleep 10 ms & retry openCcciDriver
07-17 06:26:01.403 E/SpeechMessengerNormal(  741): openCcciDriver(), open(/dev/ccci_aud) fail!! mCcciDeviceHandler: -1, errno: 2
07-17 06:26:01.404 W/SpeechMessengerNormal(  741): checkCcciStatusAndRecovery(), #68, sleep 10 ms & retry openCcciDriver
07-17 06:26:01.414 E/SpeechMessengerNormal(  741): openCcciDriver(), open(/dev/ccci_aud) fail!! mCcciDeviceHandler: -1, errno: 2
07-17 06:26:01.414 W/SpeechMessengerNormal(  741): checkCcciStatusAndRecovery(), #69, sleep 10 ms & retry openCcciDriver
07-17 06:26:01.425 E/SpeechMessengerNormal(  741): openCcciDriver(), open(/dev/ccci_aud) fail!! mCcciDeviceHandler: -1, errno: 2
07-17 06:26:01.425 W/SpeechMessengerNormal(  741): checkCcciStatusAndRecovery(), #70, sleep 10 ms & retry openCcciDriver
07-17 06:26:01.436 E/SpeechMessengerNormal(  741): openCcciDriver(), open(/dev/ccci_aud) fail!! mCcciDeviceHandler: -1, errno: 2
07-17 06:26:01.436 W/SpeechMessengerNormal(  741): checkCcciStatusAndRecovery(), #71, sleep 10 ms & retry openCcciDriver
07-17 06:26:01.438 E/VT HIDL (  793): [IVT] [VT THREAD] [VT_Bind] des = volte_imsvt1 Fail to connect . retry count: 18406
07-17 06:26:01.439 D/VT HIDL (  793): [IVT] isIMCBrun : True
07-17 06:26:01.446 E/SpeechMessengerNormal(  741): openCcciDriver(), open(/dev/ccci_aud) fail!! mCcciDeviceHandler: -1, errno: 2
07-17 06:26:01.447 W/SpeechMessengerNormal(  741): checkCcciStatusAndRecovery(), #72, sleep 10 ms & retry openCcciDriver
07-17 06:26:01.457 E/SpeechMessengerNormal(  741): openCcciDriver(), open(/dev/ccci_aud) fail!! mCcciDeviceHandler: -1, errno: 2
07-17 06:26:01.457 W/SpeechMessengerNormal(  741): checkCcciStatusAndRecovery(), #73, sleep 10 ms & retry openCcciDriver
07-17 06:26:01.467 E/SpeechMessengerNormal(  741): openCcciDriver(), open(/dev/ccci_aud) fail!! mCcciDeviceHandler: -1, errno: 2
07-17 06:26:01.467 W/SpeechMessengerNormal(  741): checkCcciStatusAndRecovery(), #74, sleep 10 ms & retry openCcciDriver
07-17 06:26:01.477 E/SpeechMessengerNormal(  741): openCcciDriver(), open(/dev/ccci_aud) fail!! mCcciDeviceHandler: -1, errno: 2
07-17 06:26:01.477 W/SpeechMessengerNormal(  741): checkCcciStatusAndRecovery(), #75, sleep 10 ms & retry openCcciDriver
07-17 06:26:01.488 E/SpeechMessengerNormal(  741): openCcciDriver(), open(/dev/ccci_aud) fail!! mCcciDeviceHandler: -1, errno: 2
07-17 06:26:01.488 W/SpeechMessengerNormal(  741): checkCcciStatusAndRecovery(), #76, sleep 10 ms & retry openCcciDriver
07-17 06:26:01.499 E/SpeechMessengerNormal(  741): openCcciDriver(), open(/dev/ccci_aud) fail!! mCcciDeviceHandler: -1, errno: 2
07-17 06:26:01.499 W/SpeechMessengerNormal(  741): checkCcciStatusAndRecovery(), #77, sleep 10 ms & retry openCcciDriver
07-17 06:26:01.510 E/SpeechMessengerNormal(  741): openCcciDriver(), open(/dev/ccci_aud) fail!! mCcciDeviceHandler: -1, errno: 2
07-17 06:26:01.510 W/SpeechMessengerNormal(  741): checkCcciStatusAndRecovery(), #78, sleep 10 ms & retry openCcciDriver
07-17 06:26:01.521 E/SpeechMessengerNormal(  741): openCcciDriver(), open(/dev/ccci_aud) fail!! mCcciDeviceHandler: -1, errno: 2
07-17 06:26:01.521 W/SpeechMessengerNormal(  741): checkCcciStatusAndRecovery(), #79, sleep 10 ms & retry openCcciDriver
07-17 06:26:01.532 E/SpeechMessengerNormal(  741): openCcciDriver(), open(/dev/ccci_aud) fail!! mCcciDeviceHandler: -1, errno: 2
07-17 06:26:01.533 W/SpeechMessengerNormal(  741): checkCcciStatusAndRecovery(), #80, sleep 10 ms & retry openCcciDriver
07-17 06:26:01.543 E/SpeechMessengerNormal(  741): openCcciDriver(), open(/dev/ccci_aud) fail!! mCcciDeviceHandler: -1, errno: 2
07-17 06:26:01.544 W/SpeechMessengerNormal(  741): checkCcciStatusAndRecovery(), #81, sleep 10 ms & retry openCcciDriver
07-17 06:26:01.554 E/SpeechMessengerNormal(  741): openCcciDriver(), open(/dev/ccci_aud) fail!! mCcciDeviceHandler: -1, errno: 2
07-17 06:26:01.555 W/SpeechMessengerNormal(  741): checkCcciStatusAndRecovery(), #82, sleep 10 ms & retry openCcciDriver
07-17 06:26:01.565 E/SpeechMessengerNormal(  741): openCcciDriver(), open(/dev/ccci_aud) fail!! mCcciDeviceHandler: -1, errno: 2
07-17 06:26:01.565 W/SpeechMessengerNormal(  741): checkCcciStatusAndRecovery(), #83, sleep 10 ms & retry openCcciDriver
07-17 06:26:01.569 D/MtkUiccSEService( 5648): Debug = 1
07-17 06:26:01.569 D/MtkUiccSEService( 5648): MTK UICC Secure Element Service is starting ...
07-17 06:26:01.570 D/MtkUiccSEService( 5648): getHidlNumberOfSim() = 0
07-17 06:26:01.570 D/MtkUiccSEService( 5648): getNumberOfSim() = 2
07-17 06:26:01.570 D/MtkUiccSEHal( 5648): [se1]SecureElement:98: created for UICC1/SIM1
07-17 06:26:01.570 D/MtkUiccSEHal( 5648): [se1]SecureElement:101: no timeout
07-17 06:26:01.571 I/hwservicemanager(  441): getTransport: Cannot find entry android.hardware.secure_element@1.2::ISecureElement/SIM1 in either framework or device VINTF manifest.
07-17 06:26:01.572 E/HidlServiceManagement( 5648): Service android.hardware.secure_element@1.2::ISecureElement/SIM1 must be in VINTF manifest in order to register/get.
07-17 06:26:01.572 E/MtkUiccSEService( 5648): Could not register service for UICC1 (-2147483648)
07-17 06:26:01.572 D/MtkUiccSEHal( 5648): [se1]~SecureElement:115: destroy for UICC1/SIM1
07-17 06:26:01.572 E/MtkUiccSEHal( 5648): [se1]internalReset:1106: RESET reason: destroy (1, 1)
07-17 06:26:01.572 D/MtkUiccSEHal( 5648): [se1]internalReset:1187: RESET Destroy done
07-17 06:26:01.576 E/SpeechMessengerNormal(  741): openCcciDriver(), open(/dev/ccci_aud) fail!! mCcciDeviceHandler: -1, errno: 2
07-17 06:26:01.576 W/SpeechMessengerNormal(  741): checkCcciStatusAndRecovery(), #84, sleep 10 ms & retry openCcciDriver
07-17 06:26:01.586 E/SpeechMessengerNormal(  741): openCcciDriver(), open(/dev/ccci_aud) fail!! mCcciDeviceHandler: -1, errno: 2
07-17 06:26:01.587 W/SpeechMessengerNormal(  741): checkCcciStatusAndRecovery(), #85, sleep 10 ms & retry openCcciDriver
07-17 06:26:01.597 E/SpeechMessengerNormal(  741): openCcciDriver(), open(/dev/ccci_aud) fail!! mCcciDeviceHandler: -1, errno: 2
07-17 06:26:01.598 W/SpeechMessengerNormal(  741): checkCcciStatusAndRecovery(), #86, sleep 10 ms & retry openCcciDriver
07-17 06:26:01.608 E/SpeechMessengerNormal(  741): openCcciDriver(), open(/dev/ccci_aud) fail!! mCcciDeviceHandler: -1, errno: 2
07-17 06:26:01.609 W/SpeechMessengerNormal(  741): checkCcciStatusAndRecovery(), #87, sleep 10 ms & retry openCcciDriver
07-17 06:26:01.619 E/AVSync  ( 1061): open dev failed: retry=18444, g_fd_avsync=-1, errno=2, No such file or directory
07-17 06:26:01.619 E/SpeechMessengerNormal(  741): openCcciDriver(), open(/dev/ccci_aud) fail!! mCcciDeviceHandler: -1, errno: 2
07-17 06:26:01.620 W/SpeechMessengerNormal(  741): checkCcciStatusAndRecovery(), #88, sleep 10 ms & retry openCcciDriver
07-17 06:26:01.630 E/SpeechMessengerNormal(  741): openCcciDriver(), open(/dev/ccci_aud) fail!! mCcciDeviceHandler: -1, errno: 2
07-17 06:26:01.631 W/SpeechMessengerNormal(  741): checkCcciStatusAndRecovery(), #89, sleep 10 ms & retry openCcciDriver
07-17 06:26:01.641 E/SpeechMessengerNormal(  741): openCcciDriver(), open(/dev/ccci_aud) fail!! mCcciDeviceHandler: -1, errno: 2
07-17 06:26:01.642 W/SpeechMessengerNormal(  741): checkCcciStatusAndRecovery(), #90, sleep 10 ms & retry openCcciDriver
07-17 06:26:01.652 E/SpeechMessengerNormal(  741): openCcciDriver(), open(/dev/ccci_aud) fail!! mCcciDeviceHandler: -1, errno: 2
07-17 06:26:01.653 W/SpeechMessengerNormal(  741): checkCcciStatusAndRecovery(), #91, sleep 10 ms & retry openCcciDriver
07-17 06:26:01.663 E/SpeechMessengerNormal(  741): openCcciDriver(), open(/dev/ccci_aud) fail!! mCcciDeviceHandler: -1, errno: 2
07-17 06:26:01.663 W/SpeechMessengerNormal(  741): checkCcciStatusAndRecovery(), #92, sleep 10 ms & retry openCcciDriver
07-17 06:26:01.674 E/SpeechMessengerNormal(  741): openCcciDriver(), open(/dev/ccci_aud) fail!! mCcciDeviceHandler: -1, errno: 2
07-17 06:26:01.675 W/SpeechMessengerNormal(  741): checkCcciStatusAndRecovery(), #93, sleep 10 ms & retry openCcciDriver
07-17 06:26:01.685 E/SpeechMessengerNormal(  741): openCcciDriver(), open(/dev/ccci_aud) fail!! mCcciDeviceHandler: -1, errno: 2
07-17 06:26:01.686 W/SpeechMessengerNormal(  741): checkCcciStatusAndRecovery(), #94, sleep 10 ms & retry openCcciDriver
07-17 06:26:01.696 E/SpeechMessengerNormal(  741): openCcciDriver(), open(/dev/ccci_aud) fail!! mCcciDeviceHandler: -1, errno: 2
07-17 06:26:01.697 W/SpeechMessengerNormal(  741): checkCcciStatusAndRecovery(), #95, sleep 10 ms & retry openCcciDriver
07-17 06:26:01.707 E/SpeechMessengerNormal(  741): openCcciDriver(), open(/dev/ccci_aud) fail!! mCcciDeviceHandler: -1, errno: 2
07-17 06:26:01.708 W/SpeechMessengerNormal(  741): checkCcciStatusAndRecovery(), #96, sleep 10 ms & retry openCcciDriver
07-17 06:26:01.718 E/SpeechMessengerNormal(  741): openCcciDriver(), open(/dev/ccci_aud) fail!! mCcciDeviceHandler: -1, errno: 2
07-17 06:26:01.719 W/SpeechMessengerNormal(  741): checkCcciStatusAndRecovery(), #97, sleep 10 ms & retry openCcciDriver
07-17 06:26:01.729 E/SpeechMessengerNormal(  741): openCcciDriver(), open(/dev/ccci_aud) fail!! mCcciDeviceHandler: -1, errno: 2
07-17 06:26:01.730 W/SpeechMessengerNormal(  741): checkCcciStatusAndRecovery(), #98, sleep 10 ms & retry openCcciDriver
07-17 06:26:01.740 E/SpeechMessengerNormal(  741): openCcciDriver(), open(/dev/ccci_aud) fail!! mCcciDeviceHandler: -1, errno: 2
07-17 06:26:01.741 W/SpeechMessengerNormal(  741): checkCcciStatusAndRecovery(), #99, sleep 10 ms & retry openCcciDriver
07-17 06:26:01.751 E/SpeechMessengerNormal(  741): openCcciDriver(), open(/dev/ccci_aud) fail!! mCcciDeviceHandler: -1, errno: 2
07-17 06:26:01.752 W/SpeechMessengerNormal(  741): checkCcciStatusAndRecovery(), #100, sleep 10 ms & retry openCcciDriver
07-17 06:26:01.762 E/SpeechMessengerNormal(  741): openCcciDriver(), open(/dev/ccci_aud) fail!! mCcciDeviceHandler: -1, errno: 2
07-17 06:26:01.763 W/SpeechMessengerNormal(  741): checkCcciStatusAndRecovery(), #101, sleep 10 ms & retry openCcciDriver
07-17 06:26:01.767 I/servicemanager(  433): Found android.hardware.radio.voice.IRadioVoice/imsSlot1 in device VINTF manifest.
