07-17 09:31:31.595 D/BluetoothActiveDeviceManager(15375): Audio device added: k6985_64_tee_s_pre type: 25
07-17 09:31:31.595 D/BluetoothActiveDeviceManager(15375): Audio device added: k6985_64_tee_s_pre type: 16
07-17 09:31:31.595 D/BluetoothActiveDeviceManager(15375): Audio device added: k6985_64_tee_s_pre type: 28
07-17 09:31:31.595 I/droid.bluetooth(15375): [0717/093131.595792:INFO:com_android_bluetooth_btservice_ActivityAttribution.cpp(96)] classInitNative: succeeds
07-17 09:31:31.595 D/BluetoothAdapterService(15375): setAdapterService() - trying to set service to com.android.bluetooth.btservice.AdapterService@fe59041
07-17 09:31:31.598 I/BluetoothVendorJni(15375): classInitNative: succeeds
07-17 09:31:31.598 I/bt_btif (15375): get_profile_interface: get_profile_interface: id = vendor
07-17 09:31:31.598 I/bluetooth(15375): init: init: callbacks=0x71489361a0
07-17 09:31:31.599 D/BluetoothAdapterService(15375): onBind()
07-17 09:31:31.599 D/BluetoothManagerService(  950): BluetoothServiceConnection: com.android.bluetooth.btservice.AdapterService
07-17 09:31:31.600 D/BluetoothManagerService(  950): MESSAGE_BLUETOOTH_SERVICE_CONNECTED: 1
07-17 09:31:31.600 D/BluetoothManagerService(  950): MESSAGE_GET_NAME_AND_ADDRESS
07-17 09:31:31.600 D/BluetoothManagerService(  950): MESSAGE_SAVE_NAME_AND_ADDRESS
07-17 09:31:31.603 D/BluetoothDatabase(15375): compactLastConnectionTime: Compacting metadata after load
07-17 09:31:31.603 I/BluetoothDatabase(15375): cacheMetadata
07-17 09:31:31.603 E/SpeechMessengerNormal(  747): openCcciDriver(), open(/dev/ccci_aud) fail!! mCcciDeviceHandler: -1, errno: 2
07-17 09:31:31.603 W/SpeechMessengerNormal(  747): checkCcciStatusAndRecovery(), #151, sleep 10 ms & retry openCcciDriver
07-17 09:31:31.604 D/BluetoothAdapterService(15375): enable() - Enable called with quiet mode status =  false
07-17 09:31:31.605 I/AdapterState(15375): BLE_TURNING_ON : entered 
07-17 09:31:31.605 D/AdapterProperties(15375): Setting state to BLE_TURNING_ON
07-17 09:31:31.605 D/BluetoothAdapterService(15375): updateAdapterState() - Broadcasting state BLE_TURNING_ON to 0 receivers.
07-17 09:31:31.606 D/[gs_ta] (  523):  [I][gs_ese_protocol]data:0x0000,try read 2
07-17 09:31:31.609 D/AdapterState(15375): Start Timeout Delay: 14000
07-17 09:31:31.609 D/BluetoothAdapterService(15375): bleOnProcessStart()
07-17 09:31:31.610 I/AdapterProperties(15375): init(), maxConnectedAudioDevices, default=5, propertyOverlayed=5, finalValue=5
07-17 09:31:31.614 E/SpeechMessengerNormal(  747): openCcciDriver(), open(/dev/ccci_aud) fail!! mCcciDeviceHandler: -1, errno: 2
07-17 09:31:31.614 W/SpeechMessengerNormal(  747): checkCcciStatusAndRecovery(), #152, sleep 10 ms & retry openCcciDriver
07-17 09:31:31.614 D/BluetoothAdapterService(15375): bleOnProcessStart() - Make Bond State Machine
07-17 09:31:31.615 D/BluetoothBondStateMachine(15375): make
07-17 09:31:31.617 I/BluetoothBondStateMachine(15375): StableState(): Entering Off State
07-17 09:31:31.625 E/SpeechMessengerNormal(  747): openCcciDriver(), open(/dev/ccci_aud) fail!! mCcciDeviceHandler: -1, errno: 2
07-17 09:31:31.625 W/SpeechMessengerNormal(  747): checkCcciStatusAndRecovery(), #153, sleep 10 ms & retry openCcciDriver
07-17 09:31:31.625 I/bt_btif (15375): get_profile_interface: get_profile_interface: id = gatt
07-17 09:31:31.625 D/[gs_ta] (  523):  [I][gs_ese_data]receive data length = 10
07-17 09:31:31.625 D/[gs_ta] (  523):  [I][gs_ese_data]receive data = 0x1200000481009000D6FC  
07-17 09:31:31.625 D/[gs_ta] (  523):  [I][gs_ese_protocol]receive I frame
07-17 09:31:31.625 D/[gs_ta] (  523):  [I][gs_ese_protocol]sequence number=0
07-17 09:31:31.625 D/[gs_ta] (  523):  [I][gs_ese_protocol]store data length=4
07-17 09:31:31.625 D/[gs_ta] (  523):  [I][gs_ese_protocol]status is 0x0000
07-17 09:31:31.625 D/[gs_ta] (  523):  [I][gs_ese_api]se status is 0x0
07-17 09:31:31.625 D/[gs_ca] (  523): [D][gs_ca_invoke_command]: exit, error: 0x0
07-17 09:31:31.625 D/[gs_ca] (  523): [D][handle_transmit_error]: enterd, err=0x0, retry=0
07-17 09:31:31.625 I/[gs_ca] (  523): [I][gs_ca_invoke_command]: enter, operation_id: 0x10001002
07-17 09:31:31.625 D/[gs_ca] (  523): [D][gs_ca_invoke_command]: exit, error: 0x0
07-17 09:31:31.625 I/[gs_ca] (  523): [I][gs_api_dump_tee_log]: ====TEE_LOG_DUMP START==== dump buf_len:921, remain log_exist:0
07-17 09:31:31.625 I/[gs_ca] (  523): [gs_ta] [I][gs_gp_tee_ese]parameter check finish
07-17 09:31:31.625 I/[gs_ca] (  523): [gs_ta] [I][gs_gp_tee_ese]allowSelect is 1
07-17 09:31:31.625 I/[gs_ca] (  523): [gs_ta] [I][gs_ese_protocol]I frame data len: 41, seq num: 0, data offset: 0, is_chained: 0
07-17 09:31:31.625 I/[gs_ca] (  523): [gs_ta] [I][gs_ese_protocol]next transmit state = 1
07-17 09:31:31.626 I/[gs_ca] (  523): [gs_ta] [I][gs_ese_transmit]g_send_wakeup_frame = 0
07-17 09:31:31.626 I/[gs_ca] (  523): [gs_ta] [I][gs_ese_transmit]currentTimeStamp = 1689586291588264
07-17 09:31:31.626 I/[gs_ca] (  523): [gs_ta] [I][gs_ese_transmit]g_lastWriteSpiTimeStamp = 1689586291563969
07-17 09:31:31.626 I/[gs_ca] (  523): [gs_ta] [I][gs_ese_data]send data length = 47:
07-17 09:31:31.626 I/[gs_ca] (  523): [gs_ta] [I][gs_ese_data]send data = 0x210000298140500000002081581D000001896330CEA30120B4AD63C03CDD4A9E56E8391DB67F29A0A1238300009AF3  
07-17 09:31:31.626 I/[gs_ca] (  523): [gs_ta] [I][gs_ese_protocol]data:0x0000,try read 1
07-17 09:31:31.626 I/[gs_ca] (  523): [gs_ta] [I][gs_ese_protocol]data:0x0000,try read 2
07-17 09:31:31.626 I/[gs_ca] (  523): [gs_ta] [I][gs_ese_data]receive data length = 10
07-17 09:31:31.626 I/[gs_ca] (  523): [gs_ta] [I][gs_ese_data]receive data = 0x1200000481009000D6FC  
07-17 09:31:31.626 I/[gs_ca] (  523): [gs_ta] [I][gs_ese_protocol]receive I frame
07-17 09:31:31.626 I/[gs_ca] (  523): [gs_ta] [I][gs_ese_protocol]sequence number=0
07-17 09:31:31.626 I/[gs_ca] (  523): [gs_ta] [I][gs_ese_protocol]store data length=4
07-17 09:31:31.626 I/[gs_ca] (  523): [gs_ta] [I][gs_ese_protocol]status is 0x0000
07-17 09:31:31.626 I/[gs_ca] (  523): [gs_ta] [I][gs_ese_api]se status is 0x0
07-17 09:31:31.626 I/[gs_ca] (  523): [I][gs_api_dump_tee_log]: ====TEE_LOG_DUMP END====
07-17 09:31:31.626 I/[gs_ca] (  523): [I][transmit]: exit, return:1
07-17 09:31:31.626 I/HalToHalTransport(  527): recieved response size = 4 data = { 81009000 }
07-17 09:31:31.626 I/HalToHalTransport(  527): receive APDU:81009000
07-17 09:31:31.626 I/HalToHalTransport(  527): (sendData) Set the timer with timeout 3000 ms
07-17 09:31:31.626 E/VT HIDL (  789): [IVT] [VT THREAD] [VT_Bind] des = volte_imsvt1 Fail to connect . retry count: 12145
07-17 09:31:31.626 I/HalToHalTransport(  527): (sendData) hal to hal transport sendData success!!!
07-17 09:31:31.626 I/HalToHalTransport(  527): (sendData) stop the timer
07-17 09:31:31.626 I/HalToHalTransport(  527): Send APDU:803F50000001EA838443A10126A0584DA5010203262001215820F7148ADB97F4CC53EFD26411C4E3751F661FA4710C6CCFFA094680748754F2AD2258205E7F5BF6ECE4F619CCFF1337FD0FA1C893DB180676C45DE6D76A7786C32DAF8F58402F978E42FBBE072D954785479340B01FD49B47A4C444A9F2A1078710C79FCB11F4BF9FE83BE0E7344C15FC7BC37E3305F4D1343CED0204607A15E079D38AFF248443A10126A0584DA50102032620012158205180ACCF8F968CEC0F50E1A91BB79086348BE3C3AC65024DB4F6310E0846323922582054EB949DFEB6B4E4733A254E2F1F9D9DBDFA66C1118BE9968C43E430F6DA76AB58409838FB343A65DB7398B127A21574F2BE06E78D224EDDF0BFC20174C4B7296B241CB5D8D266FA44EFF5302C0474EDE8C660DACE9F5657277421D3DE938FE3B8CD8443A10126A05871A60102025820839FF8FD101C129F9241C75B8DE44EF419139AC71B6DA70E95F264535DA71DC1033818200121582016A4521263B3865650D8DFF2A0A87DBCD96EA76860EA8C5CF193E597190DACDE22582089BECC6C3F5EB03934AF97BA38D1161DA1CC1D64D38C484EF872811B3B3E31EE584051F5D5677CF078CDEF569FC1C50D5A409B5A7FC96FB87BABBC0A40004C5A88E518154B094FE98802449CB6242644853247B33433CC484774D5DAF80DF2450D2E0000
07-17 09:31:31.626 I/HalToHalTransport(  527): (transmit) Channel number 1
07-17 09:31:31.626 I/[gs_ca] (  523): [I][transmit]: enter
07-17 09:31:31.626 I/[gs_ca] (  523): [I][gs_api_init_secure_element]: ese already inited, just return
07-17 09:31:31.626 I/[gs_ca] (  523): [I][gs_ca_invoke_command]: enter, operation_id: 0x10000000
07-17 09:31:31.626 D/[gs_ta] (  523):  [I][gs_gp_tee_ese]parameter check finish
07-17 09:31:31.626 D/[gs_ta] (  523):  [I][gs_gp_tee_ese]allowSelect is 1
07-17 09:31:31.626 D/[gs_ta] (  523):  [I][gs_ese_protocol]I frame data len: 499, seq num: 1, data offset: 0, is_chained: 0
07-17 09:31:31.626 D/[gs_ta] (  523):  [I][gs_ese_protocol]next transmit state = 1
07-17 09:31:31.626 D/[gs_ta] (  523):  [I][gs_ese_transmit]g_send_wakeup_frame = 0
07-17 09:31:31.626 D/[gs_ta] (  523):  [I][gs_ese_transmit]currentTimeStamp = 1689586291626864
07-17 09:31:31.626 D/[gs_ta] (  523):  [I][gs_ese_transmit]g_lastWriteSpiTimeStamp = 1689586291590765
07-17 09:31:31.627 D/VT HIDL (  789): [IVT] isIMCBrun : True
07-17 09:31:31.633 D/[gs_ta] (  523):  [I][gs_ese_data]send data length = 505:
07-17 09:31:31.633 D/[gs_ta] (  523):  [I][gs_ese_data]send data = 0x214001F3813F50000001EA838443A10126A0584DA5010203262001215820F7148ADB97F4CC53EFD26411C4E3751F661FA4710C6CCFFA094680748754F2AD2258205E7F5BF6ECE4F619CCFF1337FD0FA1C893DB180676C45DE6D76A7786C32DAF8F58402F978E42FBBE072D954785479340B01FD49B47A4C444A9F2A1078710C79FCB11F4BF9FE83BE0E7344C15FC7BC37E3305F4D1343CED0204607A15E079D38AFF248443A10126A0584DA50102032620012158205180ACCF8F968CEC0F50E1A91BB79086348BE3C3AC65024DB4F6310E0846323922582054EB949DFEB6B4E4733A254E2F1F9D9DBDFA66C1118BE9968C43E430F6DA76AB58409838FB343A65DB7398B127A21574F2BE06E78D224EDDF0BFC20174C4B7296B241CB5D8D266FA44EFF5302C0474EDE8C660DACE9F5657277421D3DE938FE3B8CD8443A10126A05871A60102025820839FF8FD101C129F9241C75B8DE44EF419139AC71B6DA70E95F264535DA71DC1033818200121582016A4521263B3865650D8DFF2A0A87DBCD96EA76860EA8C5CF193E597190DACDE22582089BECC6C3F5EB03934AF97BA38D1161DA1CC1D64D38C484EF872811B3B3E31EE584051F5D5677CF078CDEF569FC1C50D5A409B5A7FC96FB87BABBC0A40004C5A88E518154B094FE98802449CB6242644853247B33433CC484774D5DAF8
07-17 09:31:31.634 I/bt_stack_manager(15375): event_start_up_stack: event_start_up_stack is bringing up the stack
07-17 09:31:31.634 I/bt_core_module(15375): module_start_up: module_start_up Starting module "btif_config_module"
07-17 09:31:31.634 I/bt_core_module(15375): module_start_up: module_start_up Started module "btif_config_module"
07-17 09:31:31.634 I/bt_core_module(15375): module_start_up: module_start_up Starting module "mtk_btsnoop_module"
07-17 09:31:31.634 I/bt_logmode(15375): IsPropertySet: IsPropertySet: key[persist.vendor.bluetooth.btsnooprootpath], value[], ret[0]
07-17 09:31:31.634 I/bt_log_snoop_twrite(15375): StartUp: StartUp boot
07-17 09:31:31.634 I/bt_logmode(15375): IsPropertySet: IsPropertySet: key[persist.vendor.bluetooth.btsnoopautostart], value[], ret[0]
07-17 09:31:31.634 I/bt_logmode(15375): IsPropertySet: IsPropertySet: key[ro.build.type], value[userdebug], ret[1]
07-17 09:31:31.634 I/mtk.bt.logtool(15375): SetUp
07-17 09:31:31.634 I/bt_core_module(15375): module_start_up: module_start_up Started module "mtk_btsnoop_module"
07-17 09:31:31.634 I/bt_core_module(15375): module_start_up: module_start_up Starting module "hci_module"
07-17 09:31:31.634 I/bt_hci  (15375): hci_module_start_up: hci_module_start_up
07-17 09:31:31.634 I/mtk.bt.logtool-watcher(15375): thread id 15420, thread name btlogwatcher started
07-17 09:31:31.634 I/mtk.bt.logtool-watcher(15375): new socket created [#0]
07-17 09:31:31.635 I/droid.bluetooth(15375): [0717/093131.634986:INFO:message_loop_thread.cc(234)] Run: message loop starting for thread bt_hci_thread
07-17 09:31:31.635 I/mtk.bt.logtool(15375): Didn't inherit socket, creating...
07-17 09:31:31.635 I/mtk.bt.logtool(15375):  run: mSockFd[123]
07-17 09:31:31.635 I/mtk.bt.logtool(15375): serviceSocket: Ready to accept connections: fd[123] kListenIndex[0]
07-17 09:31:31.635 E/SpeechMessengerNormal(  747): openCcciDriver(), open(/dev/ccci_aud) fail!! mCcciDeviceHandler: -1, errno: 2
07-17 09:31:31.635 W/SpeechMessengerNormal(  747): checkCcciStatusAndRecovery(), #154, sleep 10 ms & retry openCcciDriver
07-17 09:31:31.636 I/bt_hci  (15375): hci_module_start_up: hci_module_start_up starting async portion
07-17 09:31:31.636 I/bt_hci  (15375): hci_initialize: hci_initialize
07-17 09:31:31.638 I/bt_hci  (15375): hci_initialize: hci_initialize: IBluetoothHci::getService() returned 0xa0000727c6243b0 (remote)
07-17 09:31:31.638 I/mtk.hal.bt@1.0-impl(  748): BluetoothHci::initialize_1_1()
07-17 09:31:31.638 D/[gs_ta] (  523):  [I][gs_ese_protocol]data:0x0000,try read 1
07-17 09:31:31.645 E/SpeechMessengerNormal(  747): openCcciDriver(), open(/dev/ccci_aud) fail!! mCcciDeviceHandler: -1, errno: 2
07-17 09:31:31.645 W/SpeechMessengerNormal(  747): checkCcciStatusAndRecovery(), #155, sleep 10 ms & retry openCcciDriver
07-17 09:31:31.651 D/[gs_ta] (  523):  [I][gs_ese_protocol]data:0x0000,try read 2
07-17 09:31:31.656 E/SpeechMessengerNormal(  747): openCcciDriver(), open(/dev/ccci_aud) fail!! mCcciDeviceHandler: -1, errno: 2
07-17 09:31:31.656 W/SpeechMessengerNormal(  747): checkCcciStatusAndRecovery(), #156, sleep 10 ms & retry openCcciDriver
07-17 09:31:31.666 D/[gs_ta] (  523):  [I][gs_ese_protocol]data:0x0000,try read 3
07-17 09:31:31.667 E/SpeechMessengerNormal(  747): openCcciDriver(), open(/dev/ccci_aud) fail!! mCcciDeviceHandler: -1, errno: 2
07-17 09:31:31.667 W/SpeechMessengerNormal(  747): checkCcciStatusAndRecovery(), #157, sleep 10 ms & retry openCcciDriver
07-17 09:31:31.677 E/SpeechMessengerNormal(  747): openCcciDriver(), open(/dev/ccci_aud) fail!! mCcciDeviceHandler: -1, errno: 2
07-17 09:31:31.677 W/SpeechMessengerNormal(  747): checkCcciStatusAndRecovery(), #158, sleep 10 ms & retry openCcciDriver
07-17 09:31:31.680 D/[gs_ta] (  523):  [I][gs_ese_protocol]data:0x0000,try read 4
07-17 09:31:31.688 E/SpeechMessengerNormal(  747): openCcciDriver(), open(/dev/ccci_aud) fail!! mCcciDeviceHandler: -1, errno: 2
07-17 09:31:31.688 W/SpeechMessengerNormal(  747): checkCcciStatusAndRecovery(), #159, sleep 10 ms & retry openCcciDriver
07-17 09:31:31.690 I/servicemanager(  441): Found android.hardware.radio.config.IRadioConfig/default in device VINTF manifest.
07-17 09:31:31.694 D/[gs_ta] (  523):  [I][gs_ese_protocol]data:0x0000,try read 5
07-17 09:31:31.699 E/SpeechMessengerNormal(  747): openCcciDriver(), open(/dev/ccci_aud) fail!! mCcciDeviceHandler: -1, errno: 2
07-17 09:31:31.699 W/SpeechMessengerNormal(  747): checkCcciStatusAndRecovery(), #160, sleep 10 ms & retry openCcciDriver
07-17 09:31:31.708 D/[gs_ta] (  523):  [I][gs_ese_protocol]data:0x0000,try read 6
07-17 09:31:31.710 E/SpeechMessengerNormal(  747): openCcciDriver(), open(/dev/ccci_aud) fail!! mCcciDeviceHandler: -1, errno: 2
07-17 09:31:31.711 W/SpeechMessengerNormal(  747): checkCcciStatusAndRecovery(), #161, sleep 10 ms & retry openCcciDriver
07-17 09:31:31.721 E/SpeechMessengerNormal(  747): openCcciDriver(), open(/dev/ccci_aud) fail!! mCcciDeviceHandler: -1, errno: 2
07-17 09:31:31.721 W/SpeechMessengerNormal(  747): checkCcciStatusAndRecovery(), #162, sleep 10 ms & retry openCcciDriver
07-17 09:31:31.722 D/[gs_ta] (  523):  [I][gs_ese_protocol]data:0x0000,try read 7
07-17 09:31:31.732 E/SpeechMessengerNormal(  747): openCcciDriver(), open(/dev/ccci_aud) fail!! mCcciDeviceHandler: -1, errno: 2
07-17 09:31:31.732 W/SpeechMessengerNormal(  747): checkCcciStatusAndRecovery(), #163, sleep 10 ms & retry openCcciDriver
07-17 09:31:31.737 D/[gs_ta] (  523):  [I][gs_ese_protocol]data:0x0000,try read 8
07-17 09:31:31.743 E/SpeechMessengerNormal(  747): openCcciDriver(), open(/dev/ccci_aud) fail!! mCcciDeviceHandler: -1, errno: 2
07-17 09:31:31.743 W/SpeechMessengerNormal(  747): checkCcciStatusAndRecovery(), #164, sleep 10 ms & retry openCcciDriver
07-17 09:31:31.752 D/[gs_ta] (  523):  [I][gs_ese_protocol]data:0x0000,try read 9
07-17 09:31:31.754 E/SpeechMessengerNormal(  747): openCcciDriver(), open(/dev/ccci_aud) fail!! mCcciDeviceHandler: -1, errno: 2
07-17 09:31:31.754 W/SpeechMessengerNormal(  747): checkCcciStatusAndRecovery(), #165, sleep 10 ms & retry openCcciDriver
07-17 09:31:31.765 E/SpeechMessengerNormal(  747): openCcciDriver(), open(/dev/ccci_aud) fail!! mCcciDeviceHandler: -1, errno: 2
07-17 09:31:31.766 W/SpeechMessengerNormal(  747): checkCcciStatusAndRecovery(), #166, sleep 10 ms & retry openCcciDriver
07-17 09:31:31.768 D/[gs_ta] (  523):  [I][gs_ese_protocol]data:0x0000,try read 10
07-17 09:31:31.776 E/SpeechMessengerNormal(  747): openCcciDriver(), open(/dev/ccci_aud) fail!! mCcciDeviceHandler: -1, errno: 2
07-17 09:31:31.777 W/SpeechMessengerNormal(  747): checkCcciStatusAndRecovery(), #167, sleep 10 ms & retry openCcciDriver
07-17 09:31:31.789 E/SpeechMessengerNormal(  747): openCcciDriver(), open(/dev/ccci_aud) fail!! mCcciDeviceHandler: -1, errno: 2
07-17 09:31:31.789 D/[gs_ta] (  523):  [I][gs_ese_protocol]data:0x0000,try read 11
07-17 09:31:31.789 W/SpeechMessengerNormal(  747): checkCcciStatusAndRecovery(), #168, sleep 10 ms & retry openCcciDriver
07-17 09:31:31.800 E/SpeechMessengerNormal(  747): openCcciDriver(), open(/dev/ccci_aud) fail!! mCcciDeviceHandler: -1, errno: 2
07-17 09:31:31.800 W/SpeechMessengerNormal(  747): checkCcciStatusAndRecovery(), #169, sleep 10 ms & retry openCcciDriver
07-17 09:31:31.811 E/SpeechMessengerNormal(  747): openCcciDriver(), open(/dev/ccci_aud) fail!! mCcciDeviceHandler: -1, errno: 2
07-17 09:31:31.811 W/SpeechMessengerNormal(  747): checkCcciStatusAndRecovery(), #170, sleep 10 ms & retry openCcciDriver
07-17 09:31:31.814 D/[gs_ta] (  523):  [I][gs_ese_protocol]data:0x0000,try read 12
07-17 09:31:31.821 E/SpeechMessengerNormal(  747): openCcciDriver(), open(/dev/ccci_aud) fail!! mCcciDeviceHandler: -1, errno: 2
07-17 09:31:31.822 W/SpeechMessengerNormal(  747): checkCcciStatusAndRecovery(), #171, sleep 10 ms & retry openCcciDriver
07-17 09:31:31.829 D/[gs_ta] (  523):  [I][gs_ese_protocol]data:0x0000,try read 13
07-17 09:31:31.832 E/SpeechMessengerNormal(  747): openCcciDriver(), open(/dev/ccci_aud) fail!! mCcciDeviceHandler: -1, errno: 2
07-17 09:31:31.833 W/SpeechMessengerNormal(  747): checkCcciStatusAndRecovery(), #172, sleep 10 ms & retry openCcciDriver
07-17 09:31:31.844 E/SpeechMessengerNormal(  747): openCcciDriver(), open(/dev/ccci_aud) fail!! mCcciDeviceHandler: -1, errno: 2
07-17 09:31:31.844 W/SpeechMessengerNormal(  747): checkCcciStatusAndRecovery(), #173, sleep 10 ms & retry openCcciDriver
07-17 09:31:31.844 D/[gs_ta] (  523):  [I][gs_ese_protocol]data:0x0000,try read 14
07-17 09:31:31.855 E/SpeechMessengerNormal(  747): openCcciDriver(), open(/dev/ccci_aud) fail!! mCcciDeviceHandler: -1, errno: 2
07-17 09:31:31.855 W/SpeechMessengerNormal(  747): checkCcciStatusAndRecovery(), #174, sleep 10 ms & retry openCcciDriver
07-17 09:31:31.859 D/[gs_ta] (  523):  [I][gs_ese_protocol]data:0x0000,try read 15
07-17 09:31:31.865 E/SpeechMessengerNormal(  747): openCcciDriver(), open(/dev/ccci_aud) fail!! mCcciDeviceHandler: -1, errno: 2
07-17 09:31:31.866 W/SpeechMessengerNormal(  747): checkCcciStatusAndRecovery(), #175, sleep 10 ms & retry openCcciDriver
07-17 09:31:31.873 D/[gs_ta] (  523):  [I][gs_ese_protocol]data:0x0000,try read 16
07-17 09:31:31.876 E/SpeechMessengerNormal(  747): openCcciDriver(), open(/dev/ccci_aud) fail!! mCcciDeviceHandler: -1, errno: 2
07-17 09:31:31.877 W/SpeechMessengerNormal(  747): checkCcciStatusAndRecovery(), #176, sleep 10 ms & retry openCcciDriver
07-17 09:31:31.887 E/SpeechMessengerNormal(  747): openCcciDriver(), open(/dev/ccci_aud) fail!! mCcciDeviceHandler: -1, errno: 2
07-17 09:31:31.888 W/SpeechMessengerNormal(  747): checkCcciStatusAndRecovery(), #177, sleep 10 ms & retry openCcciDriver
07-17 09:31:31.899 E/SpeechMessengerNormal(  747): openCcciDriver(), open(/dev/ccci_aud) fail!! mCcciDeviceHandler: -1, errno: 2
07-17 09:31:31.899 W/SpeechMessengerNormal(  747): checkCcciStatusAndRecovery(), #178, sleep 10 ms & retry openCcciDriver
07-17 09:31:31.899 D/[gs_ta] (  523):  [I][gs_ese_data]receive data length = 7
07-17 09:31:31.900 D/[gs_ta] (  523):  [I][gs_ese_data]receive data = 0x12C30001017BFA  
07-17 09:31:31.900 D/[gs_ta] (  523):  [I][gs_ese_protocol]receive S frame
07-17 09:31:31.900 D/[gs_ta] (  523):  [I][gs_ese_protocol] ese_decode_frame Wtx_counter value = 1
07-17 09:31:31.900 D/[gs_ta] (  523):  [I][gs_ese_protocol] ese_decode_frame Wtx_counter wtx_counter_limit = 10
07-17 09:31:31.900 D/[gs_ta] (  523):  [I][gs_ese_protocol]next transmit state = 5
07-17 09:31:31.900 D/[gs_ta] (  523):  [I][gs_ese_protocol]S bolck type is 0xe3
07-17 09:31:31.900 D/[gs_ta] (  523):  [I][gs_ese_protocol]S-Frame PCB: 0xe3
07-17 09:31:31.901 D/[gs_ta] (  523):  [I][gs_ese_transmit]g_send_wakeup_frame = 0
07-17 09:31:31.901 D/[gs_ta] (  523):  [I][gs_ese_transmit]currentTimeStamp = 1689586291901056
07-17 09:31:31.901 D/[gs_ta] (  523):  [I][gs_ese_transmit]g_lastWriteSpiTimeStamp = 1689586291633294
07-17 09:31:31.905 D/[gs_ta] (  523):  [I][gs_ese_data]send data length = 7:
07-17 09:31:31.905 D/[gs_ta] (  523):  [I][gs_ese_data]send data = 0x21E30001013DB4  
07-17 09:31:31.910 E/SpeechMessengerNormal(  747): openCcciDriver(), open(/dev/ccci_aud) fail!! mCcciDeviceHandler: -1, errno: 2
07-17 09:31:31.910 W/SpeechMessengerNormal(  747): checkCcciStatusAndRecovery(), #179, sleep 10 ms & retry openCcciDriver
07-17 09:31:31.911 D/[gs_ta] (  523):  [I][gs_ese_protocol]data:0x0000,try read 1
07-17 09:31:31.920 E/SpeechMessengerNormal(  747): openCcciDriver(), open(/dev/ccci_aud) fail!! mCcciDeviceHandler: -1, errno: 2
07-17 09:31:31.921 W/SpeechMessengerNormal(  747): checkCcciStatusAndRecovery(), #180, sleep 10 ms & retry openCcciDriver
07-17 09:31:31.926 D/[gs_ta] (  523):  [I][gs_ese_protocol]data:0x0000,try read 2
07-17 09:31:31.931 E/SpeechMessengerNormal(  747): openCcciDriver(), open(/dev/ccci_aud) fail!! mCcciDeviceHandler: -1, errno: 2
07-17 09:31:31.932 W/SpeechMessengerNormal(  747): checkCcciStatusAndRecovery(), #181, sleep 10 ms & retry openCcciDriver
07-17 09:31:31.941 D/[gs_ta] (  523):  [I][gs_ese_protocol]data:0x0000,try read 3
07-17 09:31:31.943 E/SpeechMessengerNormal(  747): openCcciDriver(), open(/dev/ccci_aud) fail!! mCcciDeviceHandler: -1, errno: 2
07-17 09:31:31.943 W/SpeechMessengerNormal(  747): checkCcciStatusAndRecovery(), #182, sleep 10 ms & retry openCcciDriver
07-17 09:31:31.953 E/SpeechMessengerNormal(  747): openCcciDriver(), open(/dev/ccci_aud) fail!! mCcciDeviceHandler: -1, errno: 2
07-17 09:31:31.954 W/SpeechMessengerNormal(  747): checkCcciStatusAndRecovery(), #183, sleep 10 ms & retry openCcciDriver
07-17 09:31:31.957 D/[gs_ta] (  523):  [I][gs_ese_protocol]data:0x0000,try read 4
07-17 09:31:31.964 E/SpeechMessengerNormal(  747): openCcciDriver(), open(/dev/ccci_aud) fail!! mCcciDeviceHandler: -1, errno: 2
07-17 09:31:31.965 W/SpeechMessengerNormal(  747): checkCcciStatusAndRecovery(), #184, sleep 10 ms & retry openCcciDriver
07-17 09:31:31.971 I/servicemanager(  441): Found android.hardware.radio.voice.IRadioVoice/imsSlot1 in device VINTF manifest.
07-17 09:31:31.973 D/[gs_ta] (  523):  [I][gs_ese_protocol]data:0x0000,try read 5
07-17 09:31:31.975 I/servicemanager(  441): Found android.hardware.radio.sim.IRadioSim/imsSlot1 in device VINTF manifest.
07-17 09:31:31.975 E/SpeechMessengerNormal(  747): openCcciDriver(), open(/dev/ccci_aud) fail!! mCcciDeviceHandler: -1, errno: 2
07-17 09:31:31.975 W/SpeechMessengerNormal(  747): checkCcciStatusAndRecovery(), #185, sleep 10 ms & retry openCcciDriver
07-17 09:31:31.980 I/servicemanager(  441): Found android.hardware.radio.modem.IRadioModem/imsSlot1 in device VINTF manifest.
07-17 09:31:31.985 I/servicemanager(  441): Found android.hardware.radio.network.IRadioNetwork/imsSlot1 in device VINTF manifest.
07-17 09:31:31.987 E/SpeechMessengerNormal(  747): openCcciDriver(), open(/dev/ccci_aud) fail!! mCcciDeviceHandler: -1, errno: 2
07-17 09:31:31.988 W/SpeechMessengerNormal(  747): checkCcciStatusAndRecovery(), #186, sleep 10 ms & retry openCcciDriver
07-17 09:31:31.989 D/[gs_ta] (  523):  [I][gs_ese_protocol]data:0x0000,try read 6
07-17 09:31:31.990 I/servicemanager(  441): Found vendor.mediatek.hardware.mtkradioex.ims.IMtkRadioExIms/slot1 in device VINTF manifest.
07-17 09:31:31.994 I/servicemanager(  441): Found vendor.mediatek.hardware.mtkradioex.voice.IMtkRadioExVoice/slot1 in device VINTF manifest.
07-17 09:31:31.997 I/servicemanager(  441): Found vendor.mediatek.hardware.mtkradioex.modem.IMtkRadioExModem/slot1 in device VINTF manifest.
07-17 09:31:31.999 E/SpeechMessengerNormal(  747): openCcciDriver(), open(/dev/ccci_aud) fail!! mCcciDeviceHandler: -1, errno: 2
07-17 09:31:32.001 I/servicemanager(  441): Found android.hardware.radio.voice.IRadioVoice/imsSlot2 in device VINTF manifest.
07-17 09:31:32.003 W/SpeechMessengerNormal(  747): checkCcciStatusAndRecovery(), #187, sleep 10 ms & retry openCcciDriver
07-17 09:31:32.003 D/[gs_ta] (  523):  [I][gs_ese_protocol]data:0x0000,try read 7
07-17 09:31:32.005 I/servicemanager(  441): Found android.hardware.radio.sim.IRadioSim/imsSlot2 in device VINTF manifest.
07-17 09:31:32.011 I/servicemanager(  441): Found android.hardware.radio.modem.IRadioModem/imsSlot2 in device VINTF manifest.
07-17 09:31:32.013 E/SpeechMessengerNormal(  747): openCcciDriver(), open(/dev/ccci_aud) fail!! mCcciDeviceHandler: -1, errno: 2
07-17 09:31:32.015 I/servicemanager(  441): Found android.hardware.radio.network.IRadioNetwork/imsSlot2 in device VINTF manifest.
07-17 09:31:32.018 D/[gs_ta] (  523):  [I][gs_ese_protocol]data:0x0000,try read 8
07-17 09:31:32.018 W/SpeechMessengerNormal(  747): checkCcciStatusAndRecovery(), #188, sleep 10 ms & retry openCcciDriver
07-17 09:31:32.018 I/servicemanager(  441): Found vendor.mediatek.hardware.mtkradioex.ims.IMtkRadioExIms/slot2 in device VINTF manifest.
07-17 09:31:32.023 I/servicemanager(  441): Found vendor.mediatek.hardware.mtkradioex.voice.IMtkRadioExVoice/slot2 in device VINTF manifest.
07-17 09:31:32.026 I/servicemanager(  441): Found vendor.mediatek.hardware.mtkradioex.modem.IMtkRadioExModem/slot2 in device VINTF manifest.
07-17 09:31:32.030 E/SpeechMessengerNormal(  747): openCcciDriver(), open(/dev/ccci_aud) fail!! mCcciDeviceHandler: -1, errno: 2
07-17 09:31:32.030 W/SpeechMessengerNormal(  747): checkCcciStatusAndRecovery(), #189, sleep 10 ms & retry openCcciDriver
07-17 09:31:32.032 D/[gs_ta] (  523):  [I][gs_ese_protocol]data:0x0000,try read 9
07-17 09:31:32.040 E/SpeechMessengerNormal(  747): openCcciDriver(), open(/dev/ccci_aud) fail!! mCcciDeviceHandler: -1, errno: 2
07-17 09:31:32.040 W/SpeechMessengerNormal(  747): checkCcciStatusAndRecovery(), #190, sleep 10 ms & retry openCcciDriver
07-17 09:31:32.047 D/[gs_ta] (  523):  [I][gs_ese_protocol]data:0x0000,try read 10
07-17 09:31:32.051 E/SpeechMessengerNormal(  747): openCcciDriver(), open(/dev/ccci_aud) fail!! mCcciDeviceHandler: -1, errno: 2
07-17 09:31:32.051 W/SpeechMessengerNormal(  747): checkCcciStatusAndRecovery(), #191, sleep 10 ms & retry openCcciDriver
07-17 09:31:32.061 D/[gs_ta] (  523):  [I][gs_ese_protocol]data:0x0000,try read 11
07-17 09:31:32.062 E/SpeechMessengerNormal(  747): openCcciDriver(), open(/dev/ccci_aud) fail!! mCcciDeviceHandler: -1, errno: 2
07-17 09:31:32.062 W/SpeechMessengerNormal(  747): checkCcciStatusAndRecovery(), #192, sleep 10 ms & retry openCcciDriver
07-17 09:31:32.073 E/SpeechMessengerNormal(  747): openCcciDriver(), open(/dev/ccci_aud) fail!! mCcciDeviceHandler: -1, errno: 2
07-17 09:31:32.074 W/SpeechMessengerNormal(  747): checkCcciStatusAndRecovery(), #193, sleep 10 ms & retry openCcciDriver
07-17 09:31:32.075 D/agps    ( 1125): [agps] WARNING: [CP] cp2_fd_1_reconnect_timeout
07-17 09:31:32.076 E/agps    ( 1125): [agps] ERR: [CP] get_ccci_uart  open failed node=[/dev/ttyC2] reason=[No such file or directory]
07-17 09:31:32.077 E/agps    ( 1125): [agps] ERR: [CP] get_eemcs_uart  open failed node=[/dev/eemcs_ipc_uart] reason=[No such file or directory]
07-17 09:31:32.077 E/agps    ( 1125): [agps] ERR: [CP] ccci_uart_1  open failed
07-17 09:31:32.078 D/[gs_ta] (  523):  [I][gs_ese_protocol]data:0x0000,try read 12
07-17 09:31:32.083 E/AVSync  ( 1066): open dev failed: retry=12170, g_fd_avsync=-1, errno=2, No such file or directory
07-17 09:31:32.084 E/SpeechMessengerNormal(  747): openCcciDriver(), open(/dev/ccci_aud) fail!! mCcciDeviceHandler: -1, errno: 2
07-17 09:31:32.085 W/SpeechMessengerNormal(  747): checkCcciStatusAndRecovery(), #194, sleep 10 ms & retry openCcciDriver
07-17 09:31:32.092 D/[gs_ta] (  523):  [I][gs_ese_protocol]data:0x0000,try read 13
07-17 09:31:32.095 E/SpeechMessengerNormal(  747): openCcciDriver(), open(/dev/ccci_aud) fail!! mCcciDeviceHandler: -1, errno: 2
07-17 09:31:32.096 W/SpeechMessengerNormal(  747): checkCcciStatusAndRecovery(), #195, sleep 10 ms & retry openCcciDriver
07-17 09:31:32.108 E/SpeechMessengerNormal(  747): openCcciDriver(), open(/dev/ccci_aud) fail!! mCcciDeviceHandler: -1, errno: 2
07-17 09:31:32.108 W/SpeechMessengerNormal(  747): checkCcciStatusAndRecovery(), #196, sleep 10 ms & retry openCcciDriver
07-17 09:31:32.109 D/[gs_ta] (  523):  [I][gs_ese_protocol]data:0x0000,try read 14
07-17 09:31:32.119 E/SpeechMessengerNormal(  747): openCcciDriver(), open(/dev/ccci_aud) fail!! mCcciDeviceHandler: -1, errno: 2
07-17 09:31:32.120 W/SpeechMessengerNormal(  747): checkCcciStatusAndRecovery(), #197, sleep 10 ms & retry openCcciDriver
07-17 09:31:32.124 D/[gs_ta] (  523):  [I][gs_ese_protocol]data:0x0000,try read 15
07-17 09:31:32.127 E/VT HIDL (  789): [IVT] [VT THREAD] [VT_Bind] des = volte_imsvt1 Fail to connect . retry count: 12146
07-17 09:31:32.128 D/VT HIDL (  789): [IVT] isIMCBrun : True
07-17 09:31:32.130 E/SpeechMessengerNormal(  747): openCcciDriver(), open(/dev/ccci_aud) fail!! mCcciDeviceHandler: -1, errno: 2
07-17 09:31:32.131 W/SpeechMessengerNormal(  747): checkCcciStatusAndRecovery(), #198, sleep 10 ms & retry openCcciDriver
07-17 09:31:32.144 E/SpeechMessengerNormal(  747): openCcciDriver(), open(/dev/ccci_aud) fail!! mCcciDeviceHandler: -1, errno: 2
07-17 09:31:32.144 W/SpeechMessengerNormal(  747): checkCcciStatusAndRecovery(), #199, sleep 10 ms & retry openCcciDriver
07-17 09:31:32.145 D/[gs_ta] (  523):  [I][gs_ese_protocol]data:0x0000,try read 16
07-17 09:31:32.155 W/SpeechMessengerNormal(  747): checkCcciStatusAndRecovery(), ccci driver not init!!
07-17 09:31:32.155 E/SpeechMessengerNormal(  747): readSpeechMessage(), read msg failed!! ccci not ready, id: 0x0, param16: 0x0, param32: 0x0
07-17 09:31:32.171 D/[gs_ta] (  523):  [I][gs_ese_data]receive data length = 7
07-17 09:31:32.171 D/[gs_ta] (  523):  [I][gs_ese_data]receive data = 0x12C30001017BFA  
07-17 09:31:32.171 D/[gs_ta] (  523):  [I][gs_ese_protocol]receive S frame
07-17 09:31:32.171 D/[gs_ta] (  523):  [I][gs_ese_protocol] ese_decode_frame Wtx_counter value = 2
07-17 09:31:32.173 D/[gs_ta] (  523):  [I][gs_ese_protocol] ese_decode_frame Wtx_counter wtx_counter_limit = 10
07-17 09:31:32.173 D/[gs_ta] (  523):  [I][gs_ese_protocol]next transmit state = 5
07-17 09:31:32.173 D/[gs_ta] (  523):  [I][gs_ese_protocol]S bolck type is 0xe3
07-17 09:31:32.173 D/[gs_ta] (  523):  [I][gs_ese_protocol]S-Frame PCB: 0xe3
07-17 09:31:32.173 D/[gs_ta] (  523):  [I][gs_ese_transmit]g_send_wakeup_frame = 0
07-17 09:31:32.173 D/[gs_ta] (  523):  [I][gs_ese_transmit]currentTimeStamp = 1689586292173860
07-17 09:31:32.173 D/[gs_ta] (  523):  [I][gs_ese_transmit]g_lastWriteSpiTimeStamp = 1689586291905185
07-17 09:31:32.176 D/[gs_ta] (  523):  [I][gs_ese_data]send data length = 7:
07-17 09:31:32.176 D/[gs_ta] (  523):  [I][gs_ese_data]send data = 0x21E30001013DB4  
07-17 09:31:32.180 D/[gs_ta] (  523):  [I][gs_ese_protocol]data:0x0000,try read 1
07-17 09:31:32.194 D/[gs_ta] (  523):  [I][gs_ese_protocol]data:0x0000,try read 2
07-17 09:31:32.209 D/[gs_ta] (  523):  [I][gs_ese_protocol]data:0x0000,try read 3
07-17 09:31:32.223 D/[gs_ta] (  523):  [I][gs_ese_protocol]data:0x0000,try read 4
07-17 09:31:32.239 D/[gs_ta] (  523):  [I][gs_ese_protocol]data:0x0000,try read 5
07-17 09:31:32.255 D/[gs_ta] (  523):  [I][gs_ese_protocol]data:0x0000,try read 6
07-17 09:31:32.255 W/SpeechMessengerNormal(  747): checkCcciStatusAndRecovery() mCcciDeviceHandler: -1
07-17 09:31:32.256 E/SpeechMessengerNormal(  747): openCcciDriver(), open(/dev/ccci_aud) fail!! mCcciDeviceHandler: -1, errno: 2
07-17 09:31:32.256 W/SpeechMessengerNormal(  747): checkCcciStatusAndRecovery(), #0, sleep 10 ms & retry openCcciDriver
07-17 09:31:32.266 E/SpeechMessengerNormal(  747): openCcciDriver(), open(/dev/ccci_aud) fail!! mCcciDeviceHandler: -1, errno: 2
07-17 09:31:32.267 W/SpeechMessengerNormal(  747): checkCcciStatusAndRecovery(), #1, sleep 10 ms & retry openCcciDriver
07-17 09:31:32.271 D/[gs_ta] (  523):  [I][gs_ese_protocol]data:0x0000,try read 7
07-17 09:31:32.277 E/SpeechMessengerNormal(  747): openCcciDriver(), open(/dev/ccci_aud) fail!! mCcciDeviceHandler: -1, errno: 2
07-17 09:31:32.278 W/SpeechMessengerNormal(  747): checkCcciStatusAndRecovery(), #2, sleep 10 ms & retry openCcciDriver
07-17 09:31:32.285 D/[gs_ta] (  523):  [I][gs_ese_protocol]data:0x0000,try read 8
07-17 09:31:32.288 E/SpeechMessengerNormal(  747): openCcciDriver(), open(/dev/ccci_aud) fail!! mCcciDeviceHandler: -1, errno: 2
07-17 09:31:32.289 W/SpeechMessengerNormal(  747): checkCcciStatusAndRecovery(), #3, sleep 10 ms & retry openCcciDriver
07-17 09:31:32.300 E/SpeechMessengerNormal(  747): openCcciDriver(), open(/dev/ccci_aud) fail!! mCcciDeviceHandler: -1, errno: 2
07-17 09:31:32.300 W/SpeechMessengerNormal(  747): checkCcciStatusAndRecovery(), #4, sleep 10 ms & retry openCcciDriver
07-17 09:31:32.302 D/[gs_ta] (  523):  [I][gs_ese_protocol]data:0x0000,try read 9
07-17 09:31:32.311 E/SpeechMessengerNormal(  747): openCcciDriver(), open(/dev/ccci_aud) fail!! mCcciDeviceHandler: -1, errno: 2
07-17 09:31:32.311 W/SpeechMessengerNormal(  747): checkCcciStatusAndRecovery(), #5, sleep 10 ms & retry openCcciDriver
07-17 09:31:32.317 D/[gs_ta] (  523):  [I][gs_ese_protocol]data:0x0000,try read 10
07-17 09:31:32.322 E/SpeechMessengerNormal(  747): openCcciDriver(), open(/dev/ccci_aud) fail!! mCcciDeviceHandler: -1, errno: 2
07-17 09:31:32.322 W/SpeechMessengerNormal(  747): checkCcciStatusAndRecovery(), #6, sleep 10 ms & retry openCcciDriver
07-17 09:31:32.333 E/SpeechMessengerNormal(  747): openCcciDriver(), open(/dev/ccci_aud) fail!! mCcciDeviceHandler: -1, errno: 2
07-17 09:31:32.333 W/SpeechMessengerNormal(  747): checkCcciStatusAndRecovery(), #7, sleep 10 ms & retry openCcciDriver
07-17 09:31:32.335 D/[gs_ta] (  523):  [I][gs_ese_protocol]data:0x0000,try read 11
07-17 09:31:32.344 E/SpeechMessengerNormal(  747): openCcciDriver(), open(/dev/ccci_aud) fail!! mCcciDeviceHandler: -1, errno: 2
07-17 09:31:32.344 W/SpeechMessengerNormal(  747): checkCcciStatusAndRecovery(), #8, sleep 10 ms & retry openCcciDriver
07-17 09:31:32.355 E/SpeechMessengerNormal(  747): openCcciDriver(), open(/dev/ccci_aud) fail!! mCcciDeviceHandler: -1, errno: 2
07-17 09:31:32.355 W/SpeechMessengerNormal(  747): checkCcciStatusAndRecovery(), #9, sleep 10 ms & retry openCcciDriver
07-17 09:31:32.361 D/[gs_ta] (  523):  [I][gs_ese_data]receive data length = 10
07-17 09:31:32.363 D/[gs_ta] (  523):  [I][gs_ese_data]receive data = 0x124000048100900011FA  
07-17 09:31:32.363 D/[gs_ta] (  523):  [I][gs_ese_protocol]receive I frame
07-17 09:31:32.363 D/[gs_ta] (  523):  [I][gs_ese_protocol]sequence number=1
07-17 09:31:32.364 D/[gs_ta] (  523):  [I][gs_ese_protocol]store data length=4
07-17 09:31:32.364 D/[gs_ta] (  523):  [I][gs_ese_protocol]status is 0x0000
07-17 09:31:32.364 D/[gs_ta] (  523):  [I][gs_ese_api]se status is 0x0
07-17 09:31:32.365 D/[gs_ca] (  523): [D][gs_ca_invoke_command]: exit, error: 0x0
07-17 09:31:32.365 D/[gs_ca] (  523): [D][handle_transmit_error]: enterd, err=0x0, retry=0
07-17 09:31:32.366 E/SpeechMessengerNormal(  747): openCcciDriver(), open(/dev/ccci_aud) fail!! mCcciDeviceHandler: -1, errno: 2
07-17 09:31:32.366 W/SpeechMessengerNormal(  747): checkCcciStatusAndRecovery(), #10, sleep 10 ms & retry openCcciDriver
07-17 09:31:32.367 I/[gs_ca] (  523): [I][gs_ca_invoke_command]: enter, operation_id: 0x10001002
07-17 09:31:32.367 D/[gs_ca] (  523): [D][gs_ca_invoke_command]: exit, error: 0x0
07-17 09:31:32.367 I/[gs_ca] (  523): [I][gs_api_dump_tee_log]: ====TEE_LOG_DUMP START==== dump buf_len:4945, remain log_exist:0
07-17 09:31:32.368 I/[gs_ca] (  523): [gs_ta] [I][gs_gp_tee_ese]parameter check finish
07-17 09:31:32.368 I/[gs_ca] (  523): [gs_ta] [I][gs_gp_tee_ese]allowSelect is 1
07-17 09:31:32.368 I/[gs_ca] (  523): [gs_ta] [I][gs_ese_protocol]I frame data len: 499, seq num: 1, data offset: 0, is_chained: 0
07-17 09:31:32.368 I/[gs_ca] (  523): [gs_ta] [I][gs_ese_protocol]next transmit state = 1
07-17 09:31:32.369 I/[gs_ca] (  523): [gs_ta] [I][gs_ese_transmit]g_send_wakeup_frame = 0
07-17 09:31:32.369 I/[gs_ca] (  523): [gs_ta] [I][gs_ese_transmit]currentTimeStamp = 1689586291626864
07-17 09:31:32.369 I/[gs_ca] (  523): [gs_ta] [I][gs_ese_transmit]g_lastWriteSpiTimeStamp = 1689586291590765
07-17 09:31:32.369 I/[gs_ca] (  523): [gs_ta] [I][gs_ese_data]send data length = 505:
07-17 09:31:32.369 I/[gs_ca] (  523): [gs_ta] [I][gs_ese_data]send data = 0x214001F3813F50000001EA838443A10126A0584DA5010203262001215820F7148ADB97F4CC53EFD26411C4E3751F661FA4710C6CCFFA094680748754F2AD2258205E7F5BF6ECE4F619CCFF1337FD0FA1C893DB180676C45DE6D76A7786C32DAF8F58402F978E42FBBE072D954785479340B01FD49B47A4C444A9F2A1078710C79FCB11F4BF9FE83BE0E7344C15FC7BC37E3305F4D1343CED0204607A15E079D38AFF248443A10126A0584DA50102032620012158205180ACCF8F968CEC0F50E1A91BB79086348BE3C3AC65024DB4F6310E0846323922582054EB949DFEB6B4E4733A254E2F1F9D9DBDFA66C1118BE9968C43E430F6DA76AB58409838FB343A65DB7398B127A21574F2BE06E78D224EDDF0BFC20174C4B7296B241CB5D8D266FA44EFF5302C0474EDE8C660DACE9F5657277421D3DE938FE3B8CD8443A10126A05871A60102025820839FF8FD101C129F9241C75B8DE44EF419139AC71B6DA70E95F264535DA71DC1033818200121582016A4521263B3865650D8DFF2A0A87DBCD96EA76860EA8C5CF193E597190DACDE22582089BECC6C3F5EB03934AF97BA38D1161DA1CC1D64D38C484EF872811B3B3E31EE584051F5D5677CF078CDEF569FC1C50D5A409B5A7FC96FB87BABBC0A40004C5A88E518154B094FE98802449CB6242644853247B33433CC48477
07-17 09:31:32.369 I/[gs_ca] (  523): [gs_ta] [I][gs_ese_protocol]data:0x0000,try read 1
07-17 09:31:32.370 I/[gs_ca] (  523): [gs_ta] [I][gs_ese_protocol]data:0x0000,try read 2
07-17 09:31:32.370 I/[gs_ca] (  523): [gs_ta] [I][gs_ese_protocol]data:0x0000,try read 3
07-17 09:31:32.370 I/[gs_ca] (  523): [gs_ta] [I][gs_ese_protocol]data:0x0000,try read 4
07-17 09:31:32.370 I/[gs_ca] (  523): [gs_ta] [I][gs_ese_protocol]data:0x0000,try read 5
07-17 09:31:32.370 I/[gs_ca] (  523): [gs_ta] [I][gs_ese_protocol]data:0x0000,try read 6
07-17 09:31:32.371 I/[gs_ca] (  523): [gs_ta] [I][gs_ese_protocol]data:0x0000,try read 7
07-17 09:31:32.371 I/[gs_ca] (  523): [gs_ta] [I][gs_ese_protocol]data:0x0000,try read 8
07-17 09:31:32.371 I/[gs_ca] (  523): [gs_ta] [I][gs_ese_protocol]data:0x0000,try read 9
07-17 09:31:32.371 I/[gs_ca] (  523): [gs_ta] [I][gs_ese_protocol]data:0x0000,try read 10
07-17 09:31:32.371 I/[gs_ca] (  523): [gs_ta] [I][gs_ese_protocol]data:0x0000,try read 11
07-17 09:31:32.371 I/[gs_ca] (  523): [gs_ta] [I][gs_ese_protocol]data:0x0000,try read 12
07-17 09:31:32.371 I/[gs_ca] (  523): [gs_ta] [I][gs_ese_protocol]data:0x0000,try read 13
07-17 09:31:32.371 I/[gs_ca] (  523): [gs_ta] [I][gs_ese_protocol]data:0x0000,try read 14
07-17 09:31:32.372 I/[gs_ca] (  523): [gs_ta] [I][gs_ese_protocol]data:0x0000,try read 15
07-17 09:31:32.372 I/[gs_ca] (  523): [gs_ta] [I][gs_ese_protocol]data:0x0000,try read 16
07-17 09:31:32.372 I/[gs_ca] (  523): [gs_ta] [I][gs_ese_data]receive data length = 7
07-17 09:31:32.372 I/[gs_ca] (  523): [gs_ta] [I][gs_ese_data]receive data = 0x12C30001017BFA  
07-17 09:31:32.372 I/[gs_ca] (  523): [gs_ta] [I][gs_ese_protocol]receive S frame
07-17 09:31:32.372 I/[gs_ca] (  523): [gs_ta] [I][gs_ese_protocol] ese_decode_frame Wtx_counter value = 1
07-17 09:31:32.372 I/[gs_ca] (  523): [gs_ta] [I][gs_ese_protocol] ese_decode_frame Wtx_counter wtx_counter_limit = 10
07-17 09:31:32.372 I/[gs_ca] (  523): [gs_ta] [I][gs_ese_protocol]next transmit state = 5
07-17 09:31:32.373 I/[gs_ca] (  523): [gs_ta] [I][gs_ese_protocol]S bolck type is 0xe3
07-17 09:31:32.373 I/[gs_ca] (  523): [gs_ta] [I][gs_ese_protocol]S-Frame PCB: 0xe3
07-17 09:31:32.373 I/[gs_ca] (  523): [gs_ta] [I][gs_ese_transmit]g_send_wakeup_frame = 0
07-17 09:31:32.373 I/[gs_ca] (  523): [gs_ta] [I][gs_ese_transmit]currentTimeStamp = 1689586291901056
07-17 09:31:32.373 I/[gs_ca] (  523): [gs_ta] [I][gs_ese_transmit]g_lastWriteSpiTimeStamp = 1689586291633294
07-17 09:31:32.373 I/[gs_ca] (  523): [gs_ta] [I][gs_ese_data]send data length = 7:
07-17 09:31:32.373 I/[gs_ca] (  523): [gs_ta] [I][gs_ese_data]send data = 0x21E30001013DB4  
07-17 09:31:32.373 I/[gs_ca] (  523): [gs_ta] [I][gs_ese_protocol]data:0x0000,try read 1
07-17 09:31:32.374 I/[gs_ca] (  523): [gs_ta] [I][gs_ese_protocol]data:0x0000,try read 2
07-17 09:31:32.374 I/[gs_ca] (  523): [gs_ta] [I][gs_ese_protocol]data:0x0000,try read 3
07-17 09:31:32.374 I/[gs_ca] (  523): [gs_ta] [I][gs_ese_protocol]data:0x0000,try read 4
07-17 09:31:32.374 I/[gs_ca] (  523): [gs_ta] [I][gs_ese_protocol]data:0x0000,try read 5
07-17 09:31:32.374 I/[gs_ca] (  523): [gs_ta] [I][gs_ese_protocol]data:0x0000,try read 6
07-17 09:31:32.374 I/[gs_ca] (  523): [gs_ta] [I][gs_ese_protocol]data:0x0000,try read 7
07-17 09:31:32.374 I/[gs_ca] (  523): [gs_ta] [I][gs_ese_protocol]data:0x0000,try read 8
07-17 09:31:32.374 I/[gs_ca] (  523): [gs_ta] [I][gs_ese_protocol]data:0x0000,try read 9
07-17 09:31:32.375 I/[gs_ca] (  523): [gs_ta] [I][gs_ese_protocol]data:0x0000,try read 10
07-17 09:31:32.375 I/[gs_ca] (  523): [gs_ta] [I][gs_ese_protocol]data:0x0000,try read 11
07-17 09:31:32.375 I/[gs_ca] (  523): [gs_ta] [I][gs_ese_protocol]data:0x0000,try read 12
07-17 09:31:32.375 I/[gs_ca] (  523): [gs_ta] [I][gs_ese_protocol]data:0x0000,try read 13
07-17 09:31:32.375 I/[gs_ca] (  523): [gs_ta] [I][gs_ese_protocol]data:0x0000,try read 14
07-17 09:31:32.375 I/[gs_ca] (  523): [gs_ta] [I][gs_ese_protocol]data:0x0000,try read 15
07-17 09:31:32.375 I/[gs_ca] (  523): [gs_ta] [I][gs_ese_protocol]data:0x0000,try read 16
07-17 09:31:32.376 I/[gs_ca] (  523): [gs_ta] [I][gs_ese_data]receive data length = 7
07-17 09:31:32.376 I/[gs_ca] (  523): [gs_ta] [I][gs_ese_data]receive data = 0x12C30001017BFA  
07-17 09:31:32.376 I/[gs_ca] (  523): [gs_ta] [I][gs_ese_protocol]receive S frame
07-17 09:31:32.376 I/[gs_ca] (  523): [gs_ta] [I][gs_ese_protocol] ese_decode_frame Wtx_counter value = 2
07-17 09:31:32.376 I/[gs_ca] (  523): [gs_ta] [I][gs_ese_protocol] ese_decode_frame Wtx_counter wtx_counter_limit = 10
07-17 09:31:32.376 I/[gs_ca] (  523): [gs_ta] [I][gs_ese_protocol]next transmit state = 5
07-17 09:31:32.376 I/[gs_ca] (  523): [gs_ta] [I][gs_ese_protocol]S bolck type is 0xe3
07-17 09:31:32.376 I/[gs_ca] (  523): [gs_ta] [I][gs_ese_protocol]S-Frame PCB: 0xe3
07-17 09:31:32.376 I/[gs_ca] (  523): [gs_ta] [I][gs_ese_transmit]g_send_wakeup_frame = 0
07-17 09:31:32.376 E/SpeechMessengerNormal(  747): openCcciDriver(), open(/dev/ccci_aud) fail!! mCcciDeviceHandler: -1, errno: 2
07-17 09:31:32.377 W/SpeechMessengerNormal(  747): checkCcciStatusAndRecovery(), #11, sleep 10 ms & retry openCcciDriver
07-17 09:31:32.377 I/[gs_ca] (  523): [gs_ta] [I][gs_ese_transmit]currentTimeStamp = 1689586292173860
07-17 09:31:32.377 I/[gs_ca] (  523): [gs_ta] [I][gs_ese_transmit]g_lastWriteSpiTimeStamp = 1689586291905185
07-17 09:31:32.377 I/[gs_ca] (  523): [gs_ta] [I][gs_ese_data]send data length = 7:
07-17 09:31:32.377 I/[gs_ca] (  523): [gs_ta] [I][gs_ese_data]send data = 0x21E30001013DB4  
07-17 09:31:32.377 I/[gs_ca] (  523): [gs_ta] [I][gs_ese_protocol]data:0x0000,try read 1
07-17 09:31:32.377 I/[gs_ca] (  523): [gs_ta] [I][gs_ese_protocol]data:0x0000,try read 2
07-17 09:31:32.377 I/[gs_ca] (  523): [gs_ta] [I][gs_ese_protocol]data:0x0000,try read 3
07-17 09:31:32.377 I/[gs_ca] (  523): [gs_ta] [I][gs_ese_protocol]data:0x0000,try read 4
07-17 09:31:32.377 I/[gs_ca] (  523): [gs_ta] [I][gs_ese_protocol]data:0x0000,try read 5
07-17 09:31:32.377 I/[gs_ca] (  523): [gs_ta] [I][gs_ese_protocol]data:0x0000,try read 6
07-17 09:31:32.377 I/[gs_ca] (  523): [gs_ta] [I][gs_ese_protocol]data:0x0000,try read 7
07-17 09:31:32.378 I/[gs_ca] (  523): [gs_ta] [I][gs_ese_protocol]data:0x0000,try read 8
07-17 09:31:32.378 I/[gs_ca] (  523): [gs_ta] [I][gs_ese_protocol]data:0x0000,try read 9
07-17 09:31:32.378 I/[gs_ca] (  523): [gs_ta] [I][gs_ese_protocol]data:0x0000,try read 10
07-17 09:31:32.378 I/[gs_ca] (  523): [gs_ta] [I][gs_ese_protocol]data:0x0000,try read 11
07-17 09:31:32.378 I/[gs_ca] (  523): [gs_ta] [I][gs_ese_data]receive data length = 10
07-17 09:31:32.378 I/[gs_ca] (  523): [gs_ta] [I][gs_ese_data]receive data = 0x124000048100900011FA  
07-17 09:31:32.378 I/[gs_ca] (  523): [gs_ta] [I][gs_ese_protocol]receive I frame
07-17 09:31:32.378 I/[gs_ca] (  523): [gs_ta] [I][gs_ese_protocol]sequence number=1
07-17 09:31:32.378 I/[gs_ca] (  523): [gs_ta] [I][gs_ese_protocol]store data length=4
07-17 09:31:32.378 I/[gs_ca] (  523): [gs_ta] [I][gs_ese_protocol]status is 0x0000
07-17 09:31:32.378 I/[gs_ca] (  523): [gs_ta] [I][gs_ese_api]se status is 0x0
07-17 09:31:32.379 I/[gs_ca] (  523): [I][gs_api_dump_tee_log]: ====TEE_LOG_DUMP END====
07-17 09:31:32.379 I/[gs_ca] (  523): [I][transmit]: exit, return:1
07-17 09:31:32.379 I/HalToHalTransport(  527): recieved response size = 4 data = { 81009000 }
07-17 09:31:32.379 I/HalToHalTransport(  527): receive APDU:81009000
07-17 09:31:32.380 I/HalToHalTransport(  527): (sendData) Set the timer with timeout 3000 ms
07-17 09:31:32.381 I/HalToHalTransport(  527): (sendData) hal to hal transport sendData success!!!
07-17 09:31:32.381 I/HalToHalTransport(  527): (sendData) stop the timer
07-17 09:31:32.381 I/HalToHalTransport(  527): Send APDU:80415000000000
07-17 09:31:32.381 I/HalToHalTransport(  527): (transmit) Channel number 1
07-17 09:31:32.382 I/[gs_ca] (  523): [I][transmit]: enter
07-17 09:31:32.382 I/[gs_ca] (  523): [I][gs_api_init_secure_element]: ese already inited, just return
07-17 09:31:32.382 I/[gs_ca] (  523): [I][gs_ca_invoke_command]: enter, operation_id: 0x10000000
07-17 09:31:32.382 D/[gs_ta] (  523):  [I][gs_gp_tee_ese]parameter check finish
07-17 09:31:32.382 D/[gs_ta] (  523):  [I][gs_gp_tee_ese]allowSelect is 1
07-17 09:31:32.382 D/[gs_ta] (  523):  [I][gs_ese_protocol]I frame data len: 7, seq num: 0, data offset: 0, is_chained: 0
07-17 09:31:32.382 D/[gs_ta] (  523):  [I][gs_ese_protocol]next transmit state = 1
07-17 09:31:32.382 D/[gs_ta] (  523):  [I][gs_ese_transmit]g_send_wakeup_frame = 0
07-17 09:31:32.382 D/[gs_ta] (  523):  [I][gs_ese_transmit]currentTimeStamp = 1689586292382490
07-17 09:31:32.382 D/[gs_ta] (  523):  [I][gs_ese_transmit]g_lastWriteSpiTimeStamp = 1689586292176747
07-17 09:31:32.385 D/[gs_ta] (  523):  [I][gs_ese_data]send data length = 13:
07-17 09:31:32.385 D/[gs_ta] (  523):  [I][gs_ese_data]send data = 0x21000007814150000000004E91  
07-17 09:31:32.387 E/SpeechMessengerNormal(  747): openCcciDriver(), open(/dev/ccci_aud) fail!! mCcciDeviceHandler: -1, errno: 2
07-17 09:31:32.387 W/SpeechMessengerNormal(  747): checkCcciStatusAndRecovery(), #12, sleep 10 ms & retry openCcciDriver
07-17 09:31:32.388 D/[gs_ta] (  523):  [I][gs_ese_protocol]data:0x0000,try read 1
07-17 09:31:32.397 E/SpeechMessengerNormal(  747): openCcciDriver(), open(/dev/ccci_aud) fail!! mCcciDeviceHandler: -1, errno: 2
07-17 09:31:32.397 W/SpeechMessengerNormal(  747): checkCcciStatusAndRecovery(), #13, sleep 10 ms & retry openCcciDriver
07-17 09:31:32.402 D/[gs_ta] (  523):  [I][gs_ese_protocol]data:0x0000,try read 2
07-17 09:31:32.407 E/SpeechMessengerNormal(  747): openCcciDriver(), open(/dev/ccci_aud) fail!! mCcciDeviceHandler: -1, errno: 2
07-17 09:31:32.407 W/SpeechMessengerNormal(  747): checkCcciStatusAndRecovery(), #14, sleep 10 ms & retry openCcciDriver
07-17 09:31:32.415 D/EMDLOGGER1( 1101): ccb_init_cond: wait required modem status time out
07-17 09:31:32.417 D/[gs_ta] (  523):  [I][gs_ese_protocol]data:0x0000,try read 3
07-17 09:31:32.418 E/SpeechMessengerNormal(  747): openCcciDriver(), open(/dev/ccci_aud) fail!! mCcciDeviceHandler: -1, errno: 2
07-17 09:31:32.418 W/SpeechMessengerNormal(  747): checkCcciStatusAndRecovery(), #15, sleep 10 ms & retry openCcciDriver
07-17 09:31:32.429 E/SpeechMessengerNormal(  747): openCcciDriver(), open(/dev/ccci_aud) fail!! mCcciDeviceHandler: -1, errno: 2
07-17 09:31:32.429 W/SpeechMessengerNormal(  747): checkCcciStatusAndRecovery(), #16, sleep 10 ms & retry openCcciDriver
07-17 09:31:32.432 D/[gs_ta] (  523):  [I][gs_ese_protocol]data:0x0000,try read 4
07-17 09:31:32.439 E/SpeechMessengerNormal(  747): openCcciDriver(), open(/dev/ccci_aud) fail!! mCcciDeviceHandler: -1, errno: 2
07-17 09:31:32.440 W/SpeechMessengerNormal(  747): checkCcciStatusAndRecovery(), #17, sleep 10 ms & retry openCcciDriver
07-17 09:31:32.447 D/[gs_ta] (  523):  [I][gs_ese_protocol]data:0x0000,try read 5
07-17 09:31:32.450 E/SpeechMessengerNormal(  747): openCcciDriver(), open(/dev/ccci_aud) fail!! mCcciDeviceHandler: -1, errno: 2
07-17 09:31:32.451 W/SpeechMessengerNormal(  747): checkCcciStatusAndRecovery(), #18, sleep 10 ms & retry openCcciDriver
07-17 09:31:32.462 E/SpeechMessengerNormal(  747): openCcciDriver(), open(/dev/ccci_aud) fail!! mCcciDeviceHandler: -1, errno: 2
07-17 09:31:32.462 W/SpeechMessengerNormal(  747): checkCcciStatusAndRecovery(), #19, sleep 10 ms & retry openCcciDriver
07-17 09:31:32.464 D/[gs_ta] (  523):  [I][gs_ese_protocol]data:0x0000,try read 6
07-17 09:31:32.473 E/SpeechMessengerNormal(  747): openCcciDriver(), open(/dev/ccci_aud) fail!! mCcciDeviceHandler: -1, errno: 2
