07-17 06:25:57.276 E/SpeechMessengerNormal(  741): openCcciDriver(), open(/dev/ccci_aud) fail!! mCcciDeviceHandler: -1, errno: 2
07-17 06:25:57.276 W/SpeechMessengerNormal(  741): checkCcciStatusAndRecovery(), #111, sleep 10 ms & retry openCcciDriver
07-17 06:25:57.290 E/SpeechMessengerNormal(  741): openCcciDriver(), open(/dev/ccci_aud) fail!! mCcciDeviceHandler: -1, errno: 2
07-17 06:25:57.290 W/SpeechMessengerNormal(  741): checkCcciStatusAndRecovery(), #112, sleep 10 ms & retry openCcciDriver
07-17 06:25:57.296 D/agps    ( 1117): [agps] WARNING: [CP] cp2_fd_1_reconnect_timeout
07-17 06:25:57.298 E/agps    ( 1117): [agps] ERR: [CP] get_ccci_uart  open failed node=[/dev/ttyC2] reason=[No such file or directory]
07-17 06:25:57.298 E/agps    ( 1117): [agps] ERR: [CP] get_eemcs_uart  open failed node=[/dev/eemcs_ipc_uart] reason=[No such file or directory]
07-17 06:25:57.298 E/agps    ( 1117): [agps] ERR: [CP] ccci_uart_1  open failed
07-17 06:25:57.301 E/SpeechMessengerNormal(  741): openCcciDriver(), open(/dev/ccci_aud) fail!! mCcciDeviceHandler: -1, errno: 2
07-17 06:25:57.301 W/SpeechMessengerNormal(  741): checkCcciStatusAndRecovery(), #113, sleep 10 ms & retry openCcciDriver
07-17 06:25:57.312 E/SpeechMessengerNormal(  741): openCcciDriver(), open(/dev/ccci_aud) fail!! mCcciDeviceHandler: -1, errno: 2
07-17 06:25:57.312 W/SpeechMessengerNormal(  741): checkCcciStatusAndRecovery(), #114, sleep 10 ms & retry openCcciDriver
07-17 06:25:57.323 E/SpeechMessengerNormal(  741): openCcciDriver(), open(/dev/ccci_aud) fail!! mCcciDeviceHandler: -1, errno: 2
07-17 06:25:57.323 W/SpeechMessengerNormal(  741): checkCcciStatusAndRecovery(), #115, sleep 10 ms & retry openCcciDriver
07-17 06:25:57.334 E/SpeechMessengerNormal(  741): openCcciDriver(), open(/dev/ccci_aud) fail!! mCcciDeviceHandler: -1, errno: 2
07-17 06:25:57.334 W/SpeechMessengerNormal(  741): checkCcciStatusAndRecovery(), #116, sleep 10 ms & retry openCcciDriver
07-17 06:25:57.345 E/SpeechMessengerNormal(  741): openCcciDriver(), open(/dev/ccci_aud) fail!! mCcciDeviceHandler: -1, errno: 2
07-17 06:25:57.345 W/SpeechMessengerNormal(  741): checkCcciStatusAndRecovery(), #117, sleep 10 ms & retry openCcciDriver
07-17 06:25:57.356 E/SpeechMessengerNormal(  741): openCcciDriver(), open(/dev/ccci_aud) fail!! mCcciDeviceHandler: -1, errno: 2
07-17 06:25:57.356 W/SpeechMessengerNormal(  741): checkCcciStatusAndRecovery(), #118, sleep 10 ms & retry openCcciDriver
07-17 06:25:57.366 E/SpeechMessengerNormal(  741): openCcciDriver(), open(/dev/ccci_aud) fail!! mCcciDeviceHandler: -1, errno: 2
07-17 06:25:57.367 W/SpeechMessengerNormal(  741): checkCcciStatusAndRecovery(), #119, sleep 10 ms & retry openCcciDriver
07-17 06:25:57.377 E/SpeechMessengerNormal(  741): openCcciDriver(), open(/dev/ccci_aud) fail!! mCcciDeviceHandler: -1, errno: 2
07-17 06:25:57.377 W/SpeechMessengerNormal(  741): checkCcciStatusAndRecovery(), #120, sleep 10 ms & retry openCcciDriver
07-17 06:25:57.389 E/SpeechMessengerNormal(  741): openCcciDriver(), open(/dev/ccci_aud) fail!! mCcciDeviceHandler: -1, errno: 2
07-17 06:25:57.389 W/SpeechMessengerNormal(  741): checkCcciStatusAndRecovery(), #121, sleep 10 ms & retry openCcciDriver
07-17 06:25:57.400 E/SpeechMessengerNormal(  741): openCcciDriver(), open(/dev/ccci_aud) fail!! mCcciDeviceHandler: -1, errno: 2
07-17 06:25:57.400 W/SpeechMessengerNormal(  741): checkCcciStatusAndRecovery(), #122, sleep 10 ms & retry openCcciDriver
07-17 06:25:57.411 E/SpeechMessengerNormal(  741): openCcciDriver(), open(/dev/ccci_aud) fail!! mCcciDeviceHandler: -1, errno: 2
07-17 06:25:57.411 W/SpeechMessengerNormal(  741): checkCcciStatusAndRecovery(), #123, sleep 10 ms & retry openCcciDriver
07-17 06:25:57.422 E/SpeechMessengerNormal(  741): openCcciDriver(), open(/dev/ccci_aud) fail!! mCcciDeviceHandler: -1, errno: 2
07-17 06:25:57.422 W/SpeechMessengerNormal(  741): checkCcciStatusAndRecovery(), #124, sleep 10 ms & retry openCcciDriver
07-17 06:25:57.423 E/VT HIDL (  793): [IVT] [VT THREAD] [VT_Bind] des = volte_imsvt1 Fail to connect . retry count: 18398
07-17 06:25:57.424 D/VT HIDL (  793): [IVT] isIMCBrun : True
07-17 06:25:57.433 E/SpeechMessengerNormal(  741): openCcciDriver(), open(/dev/ccci_aud) fail!! mCcciDeviceHandler: -1, errno: 2
07-17 06:25:57.433 W/SpeechMessengerNormal(  741): checkCcciStatusAndRecovery(), #125, sleep 10 ms & retry openCcciDriver
07-17 06:25:57.444 E/SpeechMessengerNormal(  741): openCcciDriver(), open(/dev/ccci_aud) fail!! mCcciDeviceHandler: -1, errno: 2
07-17 06:25:57.445 W/SpeechMessengerNormal(  741): checkCcciStatusAndRecovery(), #126, sleep 10 ms & retry openCcciDriver
07-17 06:25:57.456 E/SpeechMessengerNormal(  741): openCcciDriver(), open(/dev/ccci_aud) fail!! mCcciDeviceHandler: -1, errno: 2
07-17 06:25:57.456 W/SpeechMessengerNormal(  741): checkCcciStatusAndRecovery(), #127, sleep 10 ms & retry openCcciDriver
07-17 06:25:57.468 E/SpeechMessengerNormal(  741): openCcciDriver(), open(/dev/ccci_aud) fail!! mCcciDeviceHandler: -1, errno: 2
07-17 06:25:57.468 W/SpeechMessengerNormal(  741): checkCcciStatusAndRecovery(), #128, sleep 10 ms & retry openCcciDriver
07-17 06:25:57.479 E/SpeechMessengerNormal(  741): openCcciDriver(), open(/dev/ccci_aud) fail!! mCcciDeviceHandler: -1, errno: 2
07-17 06:25:57.479 W/SpeechMessengerNormal(  741): checkCcciStatusAndRecovery(), #129, sleep 10 ms & retry openCcciDriver
07-17 06:25:57.489 E/SpeechMessengerNormal(  741): openCcciDriver(), open(/dev/ccci_aud) fail!! mCcciDeviceHandler: -1, errno: 2
07-17 06:25:57.490 W/SpeechMessengerNormal(  741): checkCcciStatusAndRecovery(), #130, sleep 10 ms & retry openCcciDriver
07-17 06:25:57.491 E/bt_hci  ( 5530): startup_timer_expired: startup_timer_expired
07-17 06:25:57.492 I/mtk.hal.bt@1.0-impl(  742): BluetoothHci::close()
--------- beginning of crash
07-17 06:25:57.494 F/libc    ( 5530): Fatal signal 6 (SIGABRT), code -1 (SI_QUEUE) in tid 5556 (alarm_default_c), pid 5530 (droid.bluetooth)
07-17 06:25:57.500 E/SpeechMessengerNormal(  741): openCcciDriver(), open(/dev/ccci_aud) fail!! mCcciDeviceHandler: -1, errno: 2
07-17 06:25:57.501 W/SpeechMessengerNormal(  741): checkCcciStatusAndRecovery(), #131, sleep 10 ms & retry openCcciDriver
07-17 06:25:57.511 E/SpeechMessengerNormal(  741): openCcciDriver(), open(/dev/ccci_aud) fail!! mCcciDeviceHandler: -1, errno: 2
07-17 06:25:57.511 W/SpeechMessengerNormal(  741): checkCcciStatusAndRecovery(), #132, sleep 10 ms & retry openCcciDriver
07-17 06:25:57.521 E/SpeechMessengerNormal(  741): openCcciDriver(), open(/dev/ccci_aud) fail!! mCcciDeviceHandler: -1, errno: 2
07-17 06:25:57.522 W/SpeechMessengerNormal(  741): checkCcciStatusAndRecovery(), #133, sleep 10 ms & retry openCcciDriver
07-17 06:25:57.532 E/SpeechMessengerNormal(  741): openCcciDriver(), open(/dev/ccci_aud) fail!! mCcciDeviceHandler: -1, errno: 2
07-17 06:25:57.532 W/SpeechMessengerNormal(  741): checkCcciStatusAndRecovery(), #134, sleep 10 ms & retry openCcciDriver
07-17 06:25:57.543 E/SpeechMessengerNormal(  741): openCcciDriver(), open(/dev/ccci_aud) fail!! mCcciDeviceHandler: -1, errno: 2
07-17 06:25:57.543 W/SpeechMessengerNormal(  741): checkCcciStatusAndRecovery(), #135, sleep 10 ms & retry openCcciDriver
07-17 06:25:57.553 E/SpeechMessengerNormal(  741): openCcciDriver(), open(/dev/ccci_aud) fail!! mCcciDeviceHandler: -1, errno: 2
07-17 06:25:57.553 W/SpeechMessengerNormal(  741): checkCcciStatusAndRecovery(), #136, sleep 10 ms & retry openCcciDriver
07-17 06:25:57.563 E/SpeechMessengerNormal(  741): openCcciDriver(), open(/dev/ccci_aud) fail!! mCcciDeviceHandler: -1, errno: 2
07-17 06:25:57.564 W/SpeechMessengerNormal(  741): checkCcciStatusAndRecovery(), #137, sleep 10 ms & retry openCcciDriver
07-17 06:25:57.575 E/SpeechMessengerNormal(  741): openCcciDriver(), open(/dev/ccci_aud) fail!! mCcciDeviceHandler: -1, errno: 2
07-17 06:25:57.576 W/SpeechMessengerNormal(  741): checkCcciStatusAndRecovery(), #138, sleep 10 ms & retry openCcciDriver
07-17 06:25:57.587 E/SpeechMessengerNormal(  741): openCcciDriver(), open(/dev/ccci_aud) fail!! mCcciDeviceHandler: -1, errno: 2
07-17 06:25:57.587 W/SpeechMessengerNormal(  741): checkCcciStatusAndRecovery(), #139, sleep 10 ms & retry openCcciDriver
07-17 06:25:57.598 E/SpeechMessengerNormal(  741): openCcciDriver(), open(/dev/ccci_aud) fail!! mCcciDeviceHandler: -1, errno: 2
07-17 06:25:57.598 W/SpeechMessengerNormal(  741): checkCcciStatusAndRecovery(), #140, sleep 10 ms & retry openCcciDriver
07-17 06:25:57.609 E/SpeechMessengerNormal(  741): openCcciDriver(), open(/dev/ccci_aud) fail!! mCcciDeviceHandler: -1, errno: 2
07-17 06:25:57.609 W/SpeechMessengerNormal(  741): checkCcciStatusAndRecovery(), #141, sleep 10 ms & retry openCcciDriver
07-17 06:25:57.611 E/AVSync  ( 1061): open dev failed: retry=18436, g_fd_avsync=-1, errno=2, No such file or directory
07-17 06:25:57.619 E/SpeechMessengerNormal(  741): openCcciDriver(), open(/dev/ccci_aud) fail!! mCcciDeviceHandler: -1, errno: 2
07-17 06:25:57.619 W/SpeechMessengerNormal(  741): checkCcciStatusAndRecovery(), #142, sleep 10 ms & retry openCcciDriver
07-17 06:25:57.630 E/SpeechMessengerNormal(  741): openCcciDriver(), open(/dev/ccci_aud) fail!! mCcciDeviceHandler: -1, errno: 2
07-17 06:25:57.630 W/SpeechMessengerNormal(  741): checkCcciStatusAndRecovery(), #143, sleep 10 ms & retry openCcciDriver
07-17 06:25:57.640 E/SpeechMessengerNormal(  741): openCcciDriver(), open(/dev/ccci_aud) fail!! mCcciDeviceHandler: -1, errno: 2
07-17 06:25:57.640 W/SpeechMessengerNormal(  741): checkCcciStatusAndRecovery(), #144, sleep 10 ms & retry openCcciDriver
07-17 06:25:57.650 E/SpeechMessengerNormal(  741): openCcciDriver(), open(/dev/ccci_aud) fail!! mCcciDeviceHandler: -1, errno: 2
07-17 06:25:57.650 W/SpeechMessengerNormal(  741): checkCcciStatusAndRecovery(), #145, sleep 10 ms & retry openCcciDriver
07-17 06:25:57.659 I/crash_dump64( 5591): obtaining output fd from tombstoned, type: kDebuggerdTombstoneProto
07-17 06:25:57.660 I/tombstoned(  609): received crash request for pid 5556
07-17 06:25:57.660 E/SpeechMessengerNormal(  741): openCcciDriver(), open(/dev/ccci_aud) fail!! mCcciDeviceHandler: -1, errno: 2
07-17 06:25:57.660 W/SpeechMessengerNormal(  741): checkCcciStatusAndRecovery(), #146, sleep 10 ms & retry openCcciDriver
07-17 06:25:57.661 I/crash_dump64( 5591): performing dump of process 5530 (target tid = 5556)
07-17 06:25:57.671 E/SpeechMessengerNormal(  741): openCcciDriver(), open(/dev/ccci_aud) fail!! mCcciDeviceHandler: -1, errno: 2
07-17 06:25:57.671 W/SpeechMessengerNormal(  741): checkCcciStatusAndRecovery(), #147, sleep 10 ms & retry openCcciDriver
07-17 06:25:57.681 E/SpeechMessengerNormal(  741): openCcciDriver(), open(/dev/ccci_aud) fail!! mCcciDeviceHandler: -1, errno: 2
07-17 06:25:57.682 W/SpeechMessengerNormal(  741): checkCcciStatusAndRecovery(), #148, sleep 10 ms & retry openCcciDriver
07-17 06:25:57.683 E/DEBUG   ( 5591): failed to read process info: failed to open /proc/5530
07-17 06:25:57.694 E/SpeechMessengerNormal(  741): openCcciDriver(), open(/dev/ccci_aud) fail!! mCcciDeviceHandler: -1, errno: 2
07-17 06:25:57.694 W/SpeechMessengerNormal(  741): checkCcciStatusAndRecovery(), #149, sleep 10 ms & retry openCcciDriver
07-17 06:25:57.705 E/SpeechMessengerNormal(  741): openCcciDriver(), open(/dev/ccci_aud) fail!! mCcciDeviceHandler: -1, errno: 2
07-17 06:25:57.705 W/SpeechMessengerNormal(  741): checkCcciStatusAndRecovery(), #150, sleep 10 ms & retry openCcciDriver
07-17 06:25:57.715 E/SpeechMessengerNormal(  741): openCcciDriver(), open(/dev/ccci_aud) fail!! mCcciDeviceHandler: -1, errno: 2
07-17 06:25:57.716 W/SpeechMessengerNormal(  741): checkCcciStatusAndRecovery(), #151, sleep 10 ms & retry openCcciDriver
07-17 06:25:57.726 E/SpeechMessengerNormal(  741): openCcciDriver(), open(/dev/ccci_aud) fail!! mCcciDeviceHandler: -1, errno: 2
07-17 06:25:57.727 W/SpeechMessengerNormal(  741): checkCcciStatusAndRecovery(), #152, sleep 10 ms & retry openCcciDriver
07-17 06:25:57.737 E/SpeechMessengerNormal(  741): openCcciDriver(), open(/dev/ccci_aud) fail!! mCcciDeviceHandler: -1, errno: 2
07-17 06:25:57.737 W/SpeechMessengerNormal(  741): checkCcciStatusAndRecovery(), #153, sleep 10 ms & retry openCcciDriver
07-17 06:25:57.740 I/servicemanager(  433): Found android.hardware.radio.voice.IRadioVoice/imsSlot1 in device VINTF manifest.
07-17 06:25:57.744 I/servicemanager(  433): Found android.hardware.radio.sim.IRadioSim/imsSlot1 in device VINTF manifest.
07-17 06:25:57.748 E/SpeechMessengerNormal(  741): openCcciDriver(), open(/dev/ccci_aud) fail!! mCcciDeviceHandler: -1, errno: 2
07-17 06:25:57.748 W/SpeechMessengerNormal(  741): checkCcciStatusAndRecovery(), #154, sleep 10 ms & retry openCcciDriver
07-17 06:25:57.749 I/servicemanager(  433): Found android.hardware.radio.modem.IRadioModem/imsSlot1 in device VINTF manifest.
07-17 06:25:57.753 I/servicemanager(  433): Found android.hardware.radio.network.IRadioNetwork/imsSlot1 in device VINTF manifest.
07-17 06:25:57.758 I/servicemanager(  433): Found vendor.mediatek.hardware.mtkradioex.ims.IMtkRadioExIms/slot1 in device VINTF manifest.
07-17 06:25:57.759 E/SpeechMessengerNormal(  741): openCcciDriver(), open(/dev/ccci_aud) fail!! mCcciDeviceHandler: -1, errno: 2
07-17 06:25:57.759 W/SpeechMessengerNormal(  741): checkCcciStatusAndRecovery(), #155, sleep 10 ms & retry openCcciDriver
07-17 06:25:57.761 I/servicemanager(  433): Found vendor.mediatek.hardware.mtkradioex.voice.IMtkRadioExVoice/slot1 in device VINTF manifest.
07-17 06:25:57.765 I/servicemanager(  433): Found vendor.mediatek.hardware.mtkradioex.modem.IMtkRadioExModem/slot1 in device VINTF manifest.
07-17 06:25:57.769 I/servicemanager(  433): Found android.hardware.radio.voice.IRadioVoice/imsSlot2 in device VINTF manifest.
07-17 06:25:57.770 E/SpeechMessengerNormal(  741): openCcciDriver(), open(/dev/ccci_aud) fail!! mCcciDeviceHandler: -1, errno: 2
07-17 06:25:57.770 W/SpeechMessengerNormal(  741): checkCcciStatusAndRecovery(), #156, sleep 10 ms & retry openCcciDriver
07-17 06:25:57.772 I/servicemanager(  433): Found android.hardware.radio.sim.IRadioSim/imsSlot2 in device VINTF manifest.
07-17 06:25:57.775 I/servicemanager(  433): Found android.hardware.radio.modem.IRadioModem/imsSlot2 in device VINTF manifest.
07-17 06:25:57.781 E/SpeechMessengerNormal(  741): openCcciDriver(), open(/dev/ccci_aud) fail!! mCcciDeviceHandler: -1, errno: 2
07-17 06:25:57.781 W/SpeechMessengerNormal(  741): checkCcciStatusAndRecovery(), #157, sleep 10 ms & retry openCcciDriver
07-17 06:25:57.782 I/servicemanager(  433): Found android.hardware.radio.network.IRadioNetwork/imsSlot2 in device VINTF manifest.
07-17 06:25:57.785 I/servicemanager(  433): Found vendor.mediatek.hardware.mtkradioex.ims.IMtkRadioExIms/slot2 in device VINTF manifest.
07-17 06:25:57.789 I/servicemanager(  433): Found vendor.mediatek.hardware.mtkradioex.voice.IMtkRadioExVoice/slot2 in device VINTF manifest.
07-17 06:25:57.791 I/servicemanager(  433): Found vendor.mediatek.hardware.mtkradioex.modem.IMtkRadioExModem/slot2 in device VINTF manifest.
07-17 06:25:57.792 E/SpeechMessengerNormal(  741): openCcciDriver(), open(/dev/ccci_aud) fail!! mCcciDeviceHandler: -1, errno: 2
07-17 06:25:57.792 W/SpeechMessengerNormal(  741): checkCcciStatusAndRecovery(), #158, sleep 10 ms & retry openCcciDriver
07-17 06:25:57.803 E/SpeechMessengerNormal(  741): openCcciDriver(), open(/dev/ccci_aud) fail!! mCcciDeviceHandler: -1, errno: 2
07-17 06:25:57.803 W/SpeechMessengerNormal(  741): checkCcciStatusAndRecovery(), #159, sleep 10 ms & retry openCcciDriver
07-17 06:25:57.813 E/SpeechMessengerNormal(  741): openCcciDriver(), open(/dev/ccci_aud) fail!! mCcciDeviceHandler: -1, errno: 2
07-17 06:25:57.814 W/SpeechMessengerNormal(  741): checkCcciStatusAndRecovery(), #160, sleep 10 ms & retry openCcciDriver
07-17 06:25:57.824 E/SpeechMessengerNormal(  741): openCcciDriver(), open(/dev/ccci_aud) fail!! mCcciDeviceHandler: -1, errno: 2
07-17 06:25:57.824 W/SpeechMessengerNormal(  741): checkCcciStatusAndRecovery(), #161, sleep 10 ms & retry openCcciDriver
07-17 06:25:57.828 I/crash_dump64( 5591): type=1400 audit(0.0:17215): avc: denied { read } for name="bluetooth_db-shm" dev="dm-8" ino=6055 scontext=u:r:crash_dump:s0 tcontext=u:object_r:bluetooth_data_file:s0 tclass=file permissive=1
07-17 06:25:57.835 E/SpeechMessengerNormal(  741): openCcciDriver(), open(/dev/ccci_aud) fail!! mCcciDeviceHandler: -1, errno: 2
07-17 06:25:57.835 W/SpeechMessengerNormal(  741): checkCcciStatusAndRecovery(), #162, sleep 10 ms & retry openCcciDriver
07-17 06:25:57.828 I/crash_dump64( 5591): type=1400 audit(0.0:17216): avc: denied { open } for path="/data/user_de/0/com.android.bluetooth/databases/bluetooth_db-shm" dev="dm-8" ino=6055 scontext=u:r:crash_dump:s0 tcontext=u:object_r:bluetooth_data_file:s0 tclass=file permissive=1
07-17 06:25:57.828 I/crash_dump64( 5591): type=1400 audit(0.0:17217): avc: denied { getattr } for path="/data/user_de/0/com.android.bluetooth/databases/bluetooth_db-shm" dev="dm-8" ino=6055 scontext=u:r:crash_dump:s0 tcontext=u:object_r:bluetooth_data_file:s0 tclass=file permissive=1
07-17 06:25:57.845 E/SpeechMessengerNormal(  741): openCcciDriver(), open(/dev/ccci_aud) fail!! mCcciDeviceHandler: -1, errno: 2
07-17 06:25:57.845 W/SpeechMessengerNormal(  741): checkCcciStatusAndRecovery(), #163, sleep 10 ms & retry openCcciDriver
07-17 06:25:57.828 I/crash_dump64( 5591): type=1400 audit(0.0:17218): avc: denied { map } for path="/data/user_de/0/com.android.bluetooth/databases/bluetooth_db-shm" dev="dm-8" ino=6055 scontext=u:r:crash_dump:s0 tcontext=u:object_r:bluetooth_data_file:s0 tclass=file permissive=1
07-17 06:25:57.836 I/crash_dump64( 5591): type=1400 audit(0.0:17219): avc: denied { read } for name="data@resource-cache@com.android.systemui-accent-V00s.frro@idmap" dev="dm-8" ino=4169 scontext=u:r:crash_dump:s0 tcontext=u:object_r:resourcecache_data_file:s0 tclass=file permissive=1
07-17 06:25:57.855 E/SpeechMessengerNormal(  741): openCcciDriver(), open(/dev/ccci_aud) fail!! mCcciDeviceHandler: -1, errno: 2
07-17 06:25:57.855 W/SpeechMessengerNormal(  741): checkCcciStatusAndRecovery(), #164, sleep 10 ms & retry openCcciDriver
07-17 06:25:57.866 E/SpeechMessengerNormal(  741): openCcciDriver(), open(/dev/ccci_aud) fail!! mCcciDeviceHandler: -1, errno: 2
07-17 06:25:57.866 W/SpeechMessengerNormal(  741): checkCcciStatusAndRecovery(), #165, sleep 10 ms & retry openCcciDriver
07-17 06:25:57.875 F/DEBUG   ( 5591): *** *** *** *** *** *** *** *** *** *** *** *** *** *** *** ***
07-17 06:25:57.875 F/DEBUG   ( 5591): Build fingerprint: 'alps/vext_k6985_64_tee_s_pre/k6985_64_tee_s_pre:13/TP1A.220624.014/202210121200preb:userdebug/test-keys'
07-17 06:25:57.876 F/DEBUG   ( 5591): Revision: '0'
07-17 06:25:57.876 F/DEBUG   ( 5591): ABI: 'arm64'
07-17 06:25:57.876 F/DEBUG   ( 5591): Timestamp: 2023-07-17 06:25:57.682854462+0000
07-17 06:25:57.876 F/DEBUG   ( 5591): Process uptime: 0s
07-17 06:25:57.876 F/DEBUG   ( 5591): Cmdline: com.android.bluetooth
07-17 06:25:57.876 F/DEBUG   ( 5591): pid: 5530, tid: 5556, name: alarm_default_c  >>> com.android.bluetooth <<<
07-17 06:25:57.876 F/DEBUG   ( 5591): uid: 1002
07-17 06:25:57.876 F/DEBUG   ( 5591): tagged_addr_ctrl: 000000000007fff7 (PR_TAGGED_ADDR_ENABLE, PR_MTE_TCF_SYNC, PR_MTE_TCF_ASYNC, mask 0xfffe)
07-17 06:25:57.876 E/SpeechMessengerNormal(  741): openCcciDriver(), open(/dev/ccci_aud) fail!! mCcciDeviceHandler: -1, errno: 2
07-17 06:25:57.876 W/SpeechMessengerNormal(  741): checkCcciStatusAndRecovery(), #166, sleep 10 ms & retry openCcciDriver
07-17 06:25:57.876 F/DEBUG   ( 5591): signal 6 (SIGABRT), code -1 (SI_QUEUE), fault addr --------
07-17 06:25:57.876 F/DEBUG   ( 5591):     x0  0000000000000000  x1  00000000000015b4  x2  0000000000000006  x3  0000007c2167cfd0
07-17 06:25:57.876 F/DEBUG   ( 5591):     x4  0400007d8de9b180  x5  0400007d8de9b180  x6  0400007d8de9b180  x7  0000007c2167cd89
07-17 06:25:57.877 F/DEBUG   ( 5591):     x8  00000000000000f0  x9  0000007f57e419e0  x10 0000000000000001  x11 0000007f57e825d0
07-17 06:25:57.877 F/DEBUG   ( 5591):     x12 0000000000000048  x13 0000000000000000  x14 0e00007d5de9c030  x15 0000001c15c36f27
07-17 06:25:57.877 F/DEBUG   ( 5591):     x16 0000007f57eefd58  x17 0000007f57ecb110  x18 0000007c1f550038  x19 000000000000159a
07-17 06:25:57.877 F/DEBUG   ( 5591):     x20 00000000000015b4  x21 00000000ffffffff  x22 0000000000000000  x23 0b00007cddf02a10
07-17 06:25:57.877 F/DEBUG   ( 5591):     x24 0000007c2167e000  x25 0000007c2b23c020  x26 00000000008d4b16  x27 0000000000002019
07-17 06:25:57.877 F/DEBUG   ( 5591):     x28 0000000000000000  x29 0000007c2167d050
07-17 06:25:57.877 F/DEBUG   ( 5591):     lr  0000007f57e730c8  sp  0000007c2167cfb0  pc  0000007f57e730f4  pst 0000000000001000
07-17 06:25:57.877 F/DEBUG   ( 5591): backtrace:
07-17 06:25:57.877 F/DEBUG   ( 5591):       #00 pc 00000000000530f4  /apex/com.android.runtime/lib64/bionic/libc.so (abort+164) (BuildId: c4ad377c1afe6c3cdcbf318f3b21cd88)
07-17 06:25:57.877 F/DEBUG   ( 5591):       #01 pc 00000000007950e4  /apex/com.android.btservices/lib64/libbluetooth_jni.so (startup_timer_expired(void*)+196) (BuildId: 9ba3b0a197b306da934f422a7fb65337)
07-17 06:25:57.877 F/DEBUG   ( 5591):       #02 pc 00000000008816ac  /apex/com.android.btservices/lib64/libbluetooth_jni.so (alarm_ready_generic(alarm_t*, std::__1::unique_lock<std::__1::mutex>&)+364) (BuildId: 9ba3b0a197b306da934f422a7fb65337)
07-17 06:25:57.877 F/DEBUG   ( 5591):       #03 pc 00000000008814f4  /apex/com.android.btservices/lib64/libbluetooth_jni.so (alarm_queue_ready(fixed_queue_t*, void*)+116) (BuildId: 9ba3b0a197b306da934f422a7fb65337)
07-17 06:25:57.877 F/DEBUG   ( 5591):       #04 pc 0000000000887688  /apex/com.android.btservices/lib64/libbluetooth_jni.so (internal_dequeue_ready(void*)+88) (BuildId: 9ba3b0a197b306da934f422a7fb65337)
07-17 06:25:57.877 F/DEBUG   ( 5591):       #05 pc 0000000000888f00  /apex/com.android.btservices/lib64/libbluetooth_jni.so (run_reactor(reactor_t*, int)+384) (BuildId: 9ba3b0a197b306da934f422a7fb65337)
07-17 06:25:57.877 F/DEBUG   ( 5591):       #06 pc 0000000000888d48  /apex/com.android.btservices/lib64/libbluetooth_jni.so (reactor_start(reactor_t*)+88) (BuildId: 9ba3b0a197b306da934f422a7fb65337)
07-17 06:25:57.877 F/DEBUG   ( 5591):       #07 pc 000000000088a7c4  /apex/com.android.btservices/lib64/libbluetooth_jni.so (run_thread(void*)+180) (BuildId: 9ba3b0a197b306da934f422a7fb65337)
07-17 06:25:57.877 F/DEBUG   ( 5591):       #08 pc 00000000000c14cc  /apex/com.android.runtime/lib64/bionic/libc.so (__pthread_start(void*)+204) (BuildId: c4ad377c1afe6c3cdcbf318f3b21cd88)
07-17 06:25:57.878 F/DEBUG   ( 5591):       #09 pc 0000000000054930  /apex/com.android.runtime/lib64/bionic/libc.so (__start_thread+64) (BuildId: c4ad377c1afe6c3cdcbf318f3b21cd88)
07-17 06:25:57.886 E/SpeechMessengerNormal(  741): openCcciDriver(), open(/dev/ccci_aud) fail!! mCcciDeviceHandler: -1, errno: 2
07-17 06:25:57.886 W/SpeechMessengerNormal(  741): checkCcciStatusAndRecovery(), #167, sleep 10 ms & retry openCcciDriver
07-17 06:25:57.897 E/SpeechMessengerNormal(  741): openCcciDriver(), open(/dev/ccci_aud) fail!! mCcciDeviceHandler: -1, errno: 2
07-17 06:25:57.897 W/SpeechMessengerNormal(  741): checkCcciStatusAndRecovery(), #168, sleep 10 ms & retry openCcciDriver
07-17 06:25:57.907 E/SpeechMessengerNormal(  741): openCcciDriver(), open(/dev/ccci_aud) fail!! mCcciDeviceHandler: -1, errno: 2
07-17 06:25:57.907 W/SpeechMessengerNormal(  741): checkCcciStatusAndRecovery(), #169, sleep 10 ms & retry openCcciDriver
07-17 06:25:57.917 E/SpeechMessengerNormal(  741): openCcciDriver(), open(/dev/ccci_aud) fail!! mCcciDeviceHandler: -1, errno: 2
07-17 06:25:57.917 W/SpeechMessengerNormal(  741): checkCcciStatusAndRecovery(), #170, sleep 10 ms & retry openCcciDriver
07-17 06:25:57.925 E/VT HIDL (  793): [IVT] [VT THREAD] [VT_Bind] des = volte_imsvt1 Fail to connect . retry count: 18399
07-17 06:25:57.925 D/VT HIDL (  793): [IVT] isIMCBrun : True
07-17 06:25:57.927 E/SpeechMessengerNormal(  741): openCcciDriver(), open(/dev/ccci_aud) fail!! mCcciDeviceHandler: -1, errno: 2
07-17 06:25:57.927 W/SpeechMessengerNormal(  741): checkCcciStatusAndRecovery(), #171, sleep 10 ms & retry openCcciDriver
07-17 06:25:57.928 I/crash_dump64( 5591): start notify aee_aed tombstone path: /data/tombstones/.temporary1905
07-17 06:25:57.929 I/crash_dump64( 5591): socket name: android:aee_aed, sfd: 10
07-17 06:25:57.930 D/AEE_AED (  515): $===AEE===AEE===AEE===$
07-17 06:25:57.930 D/AEE_AED (  515): p 2 poll events 1 revents 1
07-17 06:25:57.930 D/AEE_AED (  515): PPM cpu cores:8, online:8
07-17 06:25:57.932 D/AEE_AED (  515): aed_main_fork_worker: generator 0xb40000767c88a5e0, worker 0x7fc0acf7a0, recv_fd 14
07-17 06:25:57.938 E/SpeechMessengerNormal(  741): openCcciDriver(), open(/dev/ccci_aud) fail!! mCcciDeviceHandler: -1, errno: 2
07-17 06:25:57.938 W/SpeechMessengerNormal(  741): checkCcciStatusAndRecovery(), #172, sleep 10 ms & retry openCcciDriver
07-17 06:25:57.940 I/AEE_AED ( 5596): handle_request(14)
07-17 06:25:57.943 I/AEE_AED ( 5596): read_request: receive requirement from crash_dump64
07-17 06:25:57.945 D/AEE_AED ( 5596): is_tombstone_path tombstone path is matched
07-17 06:25:57.945 I/AEE_AED ( 5596): parse_tombstone: the tombstone file '/data/tombstones/.temporary1905' need to be parsed
07-17 06:25:57.946 D/AEE_AED ( 5596): u:r:bluetooth:s0
07-17 06:25:57.947 V/AEE_AED ( 5596): dashboard_record_update() : rec->module = com.android.bluetooth 
07-17 06:25:57.947 D/AEE_AED ( 5596): Skip duplicated exception ! 
07-17 06:25:57.947 D/AEE_AED ( 5596): Exception Class: 3 
07-17 06:25:57.947 D/AEE_AED ( 5596): Module: com.android.bluetooth 
07-17 06:25:57.947 D/AEE_AED ( 5596): Count: 1905 
07-17 06:25:57.947 D/AEE_AED ( 5596): Last exception time: 1689575145 
07-17 06:25:57.947 D/AEE_AED ( 5596):  
07-17 06:25:57.947 V/AEE_AED ( 5596): aed_crash_dump_session - skipped 
07-17 06:25:57.948 E/AEE_AED ( 5596): handle_request: return status is fail
07-17 06:25:57.949 E/SpeechMessengerNormal(  741): openCcciDriver(), open(/dev/ccci_aud) fail!! mCcciDeviceHandler: -1, errno: 2
07-17 06:25:57.949 W/SpeechMessengerNormal(  741): checkCcciStatusAndRecovery(), #173, sleep 10 ms & retry openCcciDriver
07-17 06:25:57.955 D/AEE_AED (  515): clear ppm settings
07-17 06:25:57.955 I/crash_dump64( 5591): crash_temporary_file_notify: 
07-17 06:25:57.955 I/crash_dump64( 5591): crash_temporary_file_notify exit
07-17 06:25:57.957 D/AEE_AED (  515): $===AEE===AEE===AEE===$
07-17 06:25:57.958 I/crash_dump64( 5591): start aee dumping
07-17 06:25:57.959 E/crash_dump64( 5591): crash_mini_dump_notify: writing 'start dumping' fail: Broken pipe
07-17 06:25:57.959 I/crash_dump64( 5591): crash_mini_dump_notify exit!
07-17 06:25:57.960 E/SpeechMessengerNormal(  741): openCcciDriver(), open(/dev/ccci_aud) fail!! mCcciDeviceHandler: -1, errno: 2
07-17 06:25:57.960 W/SpeechMessengerNormal(  741): checkCcciStatusAndRecovery(), #174, sleep 10 ms & retry openCcciDriver
07-17 06:25:57.960 E/tombstoned(  609): Tombstone written to: tombstone_10
07-17 06:25:57.961 I/PowerHalWrapper(  946): <NotifyAppCrash> pack:com.android.bluetooth ,pid:com.android.bluetooth == myPid:946 
07-17 06:25:57.965 E/NativeTombstoneManager(  946): Tombstone's UID (1002) not an app, ignoring
07-17 06:25:57.969 E/NativeTombstoneManager(  946): Tombstone's UID (1002) not an app, ignoring
07-17 06:25:57.970 E/SpeechMessengerNormal(  741): openCcciDriver(), open(/dev/ccci_aud) fail!! mCcciDeviceHandler: -1, errno: 2
07-17 06:25:57.970 W/SpeechMessengerNormal(  741): checkCcciStatusAndRecovery(), #175, sleep 10 ms & retry openCcciDriver
07-17 06:25:57.981 E/SpeechMessengerNormal(  741): openCcciDriver(), open(/dev/ccci_aud) fail!! mCcciDeviceHandler: -1, errno: 2
07-17 06:25:57.981 W/SpeechMessengerNormal(  741): checkCcciStatusAndRecovery(), #176, sleep 10 ms & retry openCcciDriver
07-17 06:25:57.991 E/SpeechMessengerNormal(  741): openCcciDriver(), open(/dev/ccci_aud) fail!! mCcciDeviceHandler: -1, errno: 2
07-17 06:25:57.991 W/SpeechMessengerNormal(  741): checkCcciStatusAndRecovery(), #177, sleep 10 ms & retry openCcciDriver
07-17 06:25:58.001 E/SpeechMessengerNormal(  741): openCcciDriver(), open(/dev/ccci_aud) fail!! mCcciDeviceHandler: -1, errno: 2
07-17 06:25:58.001 W/SpeechMessengerNormal(  741): checkCcciStatusAndRecovery(), #178, sleep 10 ms & retry openCcciDriver
07-17 06:25:58.006 I/aee_core_forwarder( 5598): Core forwarder(0) executable pid 5530 signo 6
07-17 06:25:58.006 I/aee_core_forwarder( 5598): core_pattern TID=5556
07-17 06:25:58.009 E/aee_core_forwarder( 5598): Acquire(5530) wake lock in core forwarder failed(0)
07-17 06:25:58.010 E/aee_core_forwarder( 5598): Cannot connect to aed coredump receiver, Connection refused
07-17 06:25:58.012 E/SpeechMessengerNormal(  741): openCcciDriver(), open(/dev/ccci_aud) fail!! mCcciDeviceHandler: -1, errno: 2
07-17 06:25:58.012 W/SpeechMessengerNormal(  741): checkCcciStatusAndRecovery(), #179, sleep 10 ms & retry openCcciDriver
07-17 06:25:58.015 D/aee_core_forwarder( 5598): process_coredump: process:5530 is 64 bit preread:1048576
07-17 06:25:58.016 D/AEE_AED (  515): $===AEE===AEE===AEE===$
07-17 06:25:58.016 D/AEE_AED (  515): p 2 poll events 1 revents 1
07-17 06:25:58.016 D/AEE_AED (  515): PPM cpu cores:8, online:8
07-17 06:25:58.017 D/AEE_AED (  515): aed_main_fork_worker: generator 0xb40000767c88a5e0, worker 0x7fc0acf7a0, recv_fd 14
07-17 06:25:58.021 I/AEE_AED ( 5599): handle_request(14)
07-17 06:25:58.022 E/SpeechMessengerNormal(  741): openCcciDriver(), open(/dev/ccci_aud) fail!! mCcciDeviceHandler: -1, errno: 2
07-17 06:25:58.022 W/SpeechMessengerNormal(  741): checkCcciStatusAndRecovery(), #180, sleep 10 ms & retry openCcciDriver
07-17 06:25:58.025 I/AEE_AED ( 5599): pid: 5530, tid: 5556, >>> com.android.bluetooth <<<
07-17 06:25:58.025 I/AEE_AED ( 5599): read_request: receive requirement from aee_core_forwar
07-17 06:25:58.025 D/AEE_AED ( 5599): u:r:bluetooth:s0
07-17 06:25:58.025 V/AEE_AED ( 5599): dashboard_record_update() : rec->module = com.android.bluetooth 
07-17 06:25:58.025 D/AEE_AED ( 5599): Skip duplicated exception ! 
07-17 06:25:58.025 D/AEE_AED ( 5599): Exception Class: 3 
07-17 06:25:58.025 D/AEE_AED ( 5599): Module: com.android.bluetooth 
07-17 06:25:58.026 D/AEE_AED ( 5599): Count: 1906 
07-17 06:25:58.026 D/AEE_AED ( 5599): Last exception time: 1689575157 
07-17 06:25:58.026 D/AEE_AED ( 5599):  
07-17 06:25:58.026 I/AEE_AED ( 5599): aed_ne_core_session: skip duplicated exception 
07-17 06:25:58.026 E/AEE_AED ( 5599): handle_request: return status is fail
07-17 06:25:58.027 I/aee_core_forwarder( 5598): process_coredump: skip process NE
07-17 06:25:58.027 I/aee_core_forwarder( 5598): process_coredump: exit
07-17 06:25:58.033 E/SpeechMessengerNormal(  741): openCcciDriver(), open(/dev/ccci_aud) fail!! mCcciDeviceHandler: -1, errno: 2
07-17 06:25:58.033 W/SpeechMessengerNormal(  741): checkCcciStatusAndRecovery(), #181, sleep 10 ms & retry openCcciDriver
07-17 06:25:58.034 D/AEE_AED (  515): clear ppm settings
07-17 06:25:58.036 D/AEE_AED (  515): $===AEE===AEE===AEE===$
07-17 06:25:58.043 E/SpeechMessengerNormal(  741): openCcciDriver(), open(/dev/ccci_aud) fail!! mCcciDeviceHandler: -1, errno: 2
07-17 06:25:58.043 W/SpeechMessengerNormal(  741): checkCcciStatusAndRecovery(), #182, sleep 10 ms & retry openCcciDriver
07-17 06:25:58.054 E/SpeechMessengerNormal(  741): openCcciDriver(), open(/dev/ccci_aud) fail!! mCcciDeviceHandler: -1, errno: 2
07-17 06:25:58.054 W/SpeechMessengerNormal(  741): checkCcciStatusAndRecovery(), #183, sleep 10 ms & retry openCcciDriver
07-17 06:25:58.064 E/SpeechMessengerNormal(  741): openCcciDriver(), open(/dev/ccci_aud) fail!! mCcciDeviceHandler: -1, errno: 2
07-17 06:25:58.065 W/SpeechMessengerNormal(  741): checkCcciStatusAndRecovery(), #184, sleep 10 ms & retry openCcciDriver
07-17 06:25:58.072 V/ActivityManager(  946): Death received in com.android.server.am.ActivityManagerService$AppDeathRecipient@bbdb607 for thread android.os.BinderProxy@da6d334
07-17 06:25:58.072 I/ActivityManager(  946): Process com.android.bluetooth (pid 5530) has died: psvc PER 
07-17 06:25:58.072 I/Zygote  (  732): Process 5530 exited due to signal 6 (Aborted); core dumped
07-17 06:25:58.073 W/ActivityManager(  946): Scheduling restart of crashed service com.android.bluetooth/.btservice.AdapterService in 10000ms for connection
07-17 06:25:58.073 D/BluetoothManagerService(  946): BluetoothServiceConnection, disconnected: com.android.bluetooth.btservice.AdapterService
07-17 06:25:58.073 I/libprocessgroup(  946): Successfully killed process cgroup uid 1002 pid 5530 in 0ms
07-17 06:25:58.074 I/mtkpower_client(  946): [PowerHal_Wrap_notifyAppState] com.android.bluetooth/com.android.bluetooth pid=5530 state:3
07-17 06:25:58.074 I/game_scn(  946): collectForegroundAppList packName=com.android.bluetooth, actName=com.android.bluetooth, pid=5530, uid=1002, state:DEAD
07-17 06:25:58.074 W/ProcessStats(  946): Tracking association SourceState{c751918 system/1000 BTopFgs #7480} whose proc state 2 is better than process ProcessState{30adfae com.genymobile.gnirehtet/10118 pkg=com.genymobile.gnirehtet} proc state 3 (6 skipped)
07-17 06:25:58.075 I/vendor.mediatek.hardware.mtkpower_applist-service.mediatek(  799): packName: com.android.bluetooth actName: com.android.bluetooth pid: 5530 uid: 1002 state: 3
07-17 06:25:58.075 I/MTK_APPList(  799): [notifyAPPstate] com.android.bluetooth/com.android.bluetooth, pid=5530, uid=1002, state:DEAD, fps:-1, win:0
07-17 06:25:58.075 I/MTK_APPList(  799): [notifyAPPstate] multi_resumed_app_count: 0
07-17 06:25:58.075 I/MTK_APPList(  799): [getForegroundAPPCount] 1
07-17 06:25:58.075 I/MTK_APPList(  799): [notifyAPPstate] pack:com.android.bluetooth, pid:5530, STATE_DEAD
07-17 06:25:58.076 I/MTK_APPList(  799): [notifyNetdUID] 10092
07-17 06:25:58.077 E/SpeechMessengerNormal(  741): openCcciDriver(), open(/dev/ccci_aud) fail!! mCcciDeviceHandler: -1, errno: 2
07-17 06:25:58.077 W/SpeechMessengerNormal(  741): checkCcciStatusAndRecovery(), #185, sleep 10 ms & retry openCcciDriver
07-17 06:25:58.078 I/mtkpower_client(  799): PowerHal_Wrap_setSysInfo, result:0
07-17 06:25:58.078 I/MTK_APPList(  799): [notifyPID] 1842
07-17 06:25:58.079 I/libPowerHal(  803): [perfSetSysInfo] pid type:24, 1842
07-17 06:25:58.080 I/mtkpower_client(  799): PowerHal_Wrap_setSysInfo, result:0
07-17 06:25:58.088 E/SpeechMessengerNormal(  741): openCcciDriver(), open(/dev/ccci_aud) fail!! mCcciDeviceHandler: -1, errno: 2
07-17 06:25:58.088 W/SpeechMessengerNormal(  741): checkCcciStatusAndRecovery(), #186, sleep 10 ms & retry openCcciDriver
07-17 06:25:58.095 E/BluetoothManagerService(  946): getState()
07-17 06:25:58.095 E/BluetoothManagerService(  946): android.os.DeadObjectException
07-17 06:25:58.095 E/BluetoothManagerService(  946): 	at android.os.BinderProxy.transactNative(Native Method)
07-17 06:25:58.095 E/BluetoothManagerService(  946): 	at android.os.BinderProxy.transact(BinderProxy.java:584)
07-17 06:25:58.095 E/BluetoothManagerService(  946): 	at android.bluetooth.IBluetooth$Stub$Proxy.getState(IBluetooth.java:1578)
07-17 06:25:58.095 E/BluetoothManagerService(  946): 	at com.android.server.bluetooth.BluetoothManagerService.synchronousGetState(BluetoothManagerService.java:958)
07-17 06:25:58.095 E/BluetoothManagerService(  946): 	at com.android.server.bluetooth.BluetoothManagerService.waitForState(BluetoothManagerService.java:3116)
07-17 06:25:58.095 E/BluetoothManagerService(  946): 	at com.android.server.bluetooth.BluetoothManagerService.-$$Nest$mwaitForState(Unknown Source:0)
07-17 06:25:58.095 E/BluetoothManagerService(  946): 	at com.android.server.bluetooth.BluetoothManagerService$BluetoothHandler.handleMessage(BluetoothManagerService.java:2190)
07-17 06:25:58.095 E/BluetoothManagerService(  946): 	at android.os.Handler.dispatchMessage(Handler.java:106)
07-17 06:25:58.095 E/BluetoothManagerService(  946): 	at android.os.Looper.loopOnce(Looper.java:201)
07-17 06:25:58.095 E/BluetoothManagerService(  946): 	at android.os.Looper.loop(Looper.java:288)
07-17 06:25:58.095 E/BluetoothManagerService(  946): 	at android.os.HandlerThread.run(HandlerThread.java:67)
07-17 06:25:58.096 E/BluetoothManagerService(  946): waitForState [15] time out
07-17 06:25:58.098 E/BluetoothManagerService(  946): android.os.DeadObjectException
07-17 06:25:58.098 E/BluetoothManagerService(  946): 	at android.os.BinderProxy.transactNative(Native Method)
07-17 06:25:58.098 E/BluetoothManagerService(  946): 	at android.os.BinderProxy.transact(BinderProxy.java:584)
07-17 06:25:58.098 E/BluetoothManagerService(  946): 	at android.bluetooth.IBluetooth$Stub$Proxy.getName(IBluetooth.java:1688)
07-17 06:25:58.098 E/BluetoothManagerService(  946): 	at com.android.server.bluetooth.BluetoothManagerService.synchronousGetName(BluetoothManagerService.java:949)
07-17 06:25:58.098 E/BluetoothManagerService(  946): 	at com.android.server.bluetooth.BluetoothManagerService.-$$Nest$msynchronousGetName(Unknown Source:0)
07-17 06:25:58.098 E/BluetoothManagerService(  946): 	at com.android.server.bluetooth.BluetoothManagerService$BluetoothHandler.handleMessage(BluetoothManagerService.java:2197)
07-17 06:25:58.098 E/BluetoothManagerService(  946): 	at android.os.Handler.dispatchMessage(Handler.java:106)
07-17 06:25:58.098 E/BluetoothManagerService(  946): 	at android.os.Looper.loopOnce(Looper.java:201)
07-17 06:25:58.098 E/BluetoothManagerService(  946): 	at android.os.Looper.loop(Looper.java:288)
07-17 06:25:58.098 E/BluetoothManagerService(  946): 	at android.os.HandlerThread.run(HandlerThread.java:67)
07-17 06:25:58.098 D/BluetoothManagerService(  946): Retrying name/address remote retrieval and save.....Retry count =3
07-17 06:25:58.098 E/BluetoothManagerService(  946): MESSAGE_BLUETOOTH_SERVICE_DISCONNECTED(1)
07-17 06:25:58.099 E/SpeechMessengerNormal(  741): openCcciDriver(), open(/dev/ccci_aud) fail!! mCcciDeviceHandler: -1, errno: 2
07-17 06:25:58.099 W/SpeechMessengerNormal(  741): checkCcciStatusAndRecovery(), #187, sleep 10 ms & retry openCcciDriver
07-17 06:25:58.101 D/BluetoothManagerService(  946): Broadcasting onBluetoothServiceDown() to 3 receivers.
07-17 06:25:58.103 D/BluetoothAdapter(  946): onBluetoothServiceDown
07-17 06:25:58.103 D/BluetoothAdapter(  946): mManagerCallback onBluetoothServiceDown
07-17 06:25:58.104 D/BluetoothAdapter(  946): mManagerCallback onBluetoothServiceDown
07-17 06:25:58.104 D/BluetoothAdapter(  946): mManagerCallback onBluetoothServiceDown
07-17 06:25:58.104 D/BluetoothAdapter(  946): mManagerCallback onBluetoothServiceDown
07-17 06:25:58.104 D/BluetoothAdapter( 1774): onBluetoothServiceDown
07-17 06:25:58.105 D/BluetoothAdapter( 1774): mManagerCallback onBluetoothServiceDown
07-17 06:25:58.105 D/BluetoothAdapter( 1558): onBluetoothServiceDown
07-17 06:25:58.106 D/BluetoothAdapter( 1558): mManagerCallback onBluetoothServiceDown
07-17 06:25:58.110 E/SpeechMessengerNormal(  741): openCcciDriver(), open(/dev/ccci_aud) fail!! mCcciDeviceHandler: -1, errno: 2
07-17 06:25:58.110 W/SpeechMessengerNormal(  741): checkCcciStatusAndRecovery(), #188, sleep 10 ms & retry openCcciDriver
07-17 06:25:58.112 E/AVSync  ( 1061): open dev failed: retry=18437, g_fd_avsync=-1, errno=2, No such file or directory
07-17 06:25:58.122 I/servicemanager(  433): Found android.hardware.radio.config.IRadioConfig/default in device VINTF manifest.
07-17 06:25:58.122 E/SpeechMessengerNormal(  741): openCcciDriver(), open(/dev/ccci_aud) fail!! mCcciDeviceHandler: -1, errno: 2
07-17 06:25:58.122 W/SpeechMessengerNormal(  741): checkCcciStatusAndRecovery(), #189, sleep 10 ms & retry openCcciDriver
07-17 06:25:58.137 E/SpeechMessengerNormal(  741): openCcciDriver(), open(/dev/ccci_aud) fail!! mCcciDeviceHandler: -1, errno: 2
07-17 06:25:58.137 W/SpeechMessengerNormal(  741): checkCcciStatusAndRecovery(), #190, sleep 10 ms & retry openCcciDriver
07-17 06:25:58.149 E/SpeechMessengerNormal(  741): openCcciDriver(), open(/dev/ccci_aud) fail!! mCcciDeviceHandler: -1, errno: 2
07-17 06:25:58.149 W/SpeechMessengerNormal(  741): checkCcciStatusAndRecovery(), #191, sleep 10 ms & retry openCcciDriver
07-17 06:25:58.160 E/SpeechMessengerNormal(  741): openCcciDriver(), open(/dev/ccci_aud) fail!! mCcciDeviceHandler: -1, errno: 2
07-17 06:25:58.160 W/SpeechMessengerNormal(  741): checkCcciStatusAndRecovery(), #192, sleep 10 ms & retry openCcciDriver
07-17 06:25:58.171 E/SpeechMessengerNormal(  741): openCcciDriver(), open(/dev/ccci_aud) fail!! mCcciDeviceHandler: -1, errno: 2
07-17 06:25:58.171 W/SpeechMessengerNormal(  741): checkCcciStatusAndRecovery(), #193, sleep 10 ms & retry openCcciDriver
07-17 06:25:58.182 E/SpeechMessengerNormal(  741): openCcciDriver(), open(/dev/ccci_aud) fail!! mCcciDeviceHandler: -1, errno: 2
07-17 06:25:58.182 W/SpeechMessengerNormal(  741): checkCcciStatusAndRecovery(), #194, sleep 10 ms & retry openCcciDriver
07-17 06:25:58.193 E/SpeechMessengerNormal(  741): openCcciDriver(), open(/dev/ccci_aud) fail!! mCcciDeviceHandler: -1, errno: 2
07-17 06:25:58.194 W/SpeechMessengerNormal(  741): checkCcciStatusAndRecovery(), #195, sleep 10 ms & retry openCcciDriver
07-17 06:25:58.204 E/SpeechMessengerNormal(  741): openCcciDriver(), open(/dev/ccci_aud) fail!! mCcciDeviceHandler: -1, errno: 2
07-17 06:25:58.205 W/SpeechMessengerNormal(  741): checkCcciStatusAndRecovery(), #196, sleep 10 ms & retry openCcciDriver
07-17 06:25:58.215 E/SpeechMessengerNormal(  741): openCcciDriver(), open(/dev/ccci_aud) fail!! mCcciDeviceHandler: -1, errno: 2
07-17 06:25:58.216 W/SpeechMessengerNormal(  741): checkCcciStatusAndRecovery(), #197, sleep 10 ms & retry openCcciDriver
07-17 06:25:58.227 E/SpeechMessengerNormal(  741): openCcciDriver(), open(/dev/ccci_aud) fail!! mCcciDeviceHandler: -1, errno: 2
07-17 06:25:58.227 W/SpeechMessengerNormal(  741): checkCcciStatusAndRecovery(), #198, sleep 10 ms & retry openCcciDriver
07-17 06:25:58.237 E/SpeechMessengerNormal(  741): openCcciDriver(), open(/dev/ccci_aud) fail!! mCcciDeviceHandler: -1, errno: 2
07-17 06:25:58.238 W/SpeechMessengerNormal(  741): checkCcciStatusAndRecovery(), #199, sleep 10 ms & retry openCcciDriver
07-17 06:25:58.248 W/SpeechMessengerNormal(  741): checkCcciStatusAndRecovery(), ccci driver not init!!
07-17 06:25:58.249 E/SpeechMessengerNormal(  741): readSpeechMessage(), read msg failed!! ccci not ready, id: 0x0, param16: 0x0, param32: 0x0
07-17 06:25:58.349 W/SpeechMessengerNormal(  741): checkCcciStatusAndRecovery() mCcciDeviceHandler: -1
07-17 06:25:58.350 E/SpeechMessengerNormal(  741): openCcciDriver(), open(/dev/ccci_aud) fail!! mCcciDeviceHandler: -1, errno: 2
07-17 06:25:58.350 W/SpeechMessengerNormal(  741): checkCcciStatusAndRecovery(), #0, sleep 10 ms & retry openCcciDriver
07-17 06:25:58.360 E/SpeechMessengerNormal(  741): openCcciDriver(), open(/dev/ccci_aud) fail!! mCcciDeviceHandler: -1, errno: 2
07-17 06:25:58.361 W/SpeechMessengerNormal(  741): checkCcciStatusAndRecovery(), #1, sleep 10 ms & retry openCcciDriver
07-17 06:25:58.371 E/SpeechMessengerNormal(  741): openCcciDriver(), open(/dev/ccci_aud) fail!! mCcciDeviceHandler: -1, errno: 2
07-17 06:25:58.372 W/SpeechMessengerNormal(  741): checkCcciStatusAndRecovery(), #2, sleep 10 ms & retry openCcciDriver
07-17 06:25:58.382 E/SpeechMessengerNormal(  741): openCcciDriver(), open(/dev/ccci_aud) fail!! mCcciDeviceHandler: -1, errno: 2
07-17 06:25:58.383 W/SpeechMessengerNormal(  741): checkCcciStatusAndRecovery(), #3, sleep 10 ms & retry openCcciDriver
07-17 06:25:58.393 E/SpeechMessengerNormal(  741): openCcciDriver(), open(/dev/ccci_aud) fail!! mCcciDeviceHandler: -1, errno: 2
07-17 06:25:58.393 W/SpeechMessengerNormal(  741): checkCcciStatusAndRecovery(), #4, sleep 10 ms & retry openCcciDriver
07-17 06:25:58.404 E/SpeechMessengerNormal(  741): openCcciDriver(), open(/dev/ccci_aud) fail!! mCcciDeviceHandler: -1, errno: 2
07-17 06:25:58.404 W/SpeechMessengerNormal(  741): checkCcciStatusAndRecovery(), #5, sleep 10 ms & retry openCcciDriver
07-17 06:25:58.415 E/SpeechMessengerNormal(  741): openCcciDriver(), open(/dev/ccci_aud) fail!! mCcciDeviceHandler: -1, errno: 2
07-17 06:25:58.415 W/SpeechMessengerNormal(  741): checkCcciStatusAndRecovery(), #6, sleep 10 ms & retry openCcciDriver
07-17 06:25:58.425 E/VT HIDL (  793): [IVT] [VT THREAD] [VT_Bind] des = volte_imsvt1 Fail to connect . retry count: 18400
07-17 06:25:58.427 D/VT HIDL (  793): [IVT] isIMCBrun : True
07-17 06:25:58.428 E/SpeechMessengerNormal(  741): openCcciDriver(), open(/dev/ccci_aud) fail!! mCcciDeviceHandler: -1, errno: 2
07-17 06:25:58.428 W/SpeechMessengerNormal(  741): checkCcciStatusAndRecovery(), #7, sleep 10 ms & retry openCcciDriver
07-17 06:25:58.439 E/SpeechMessengerNormal(  741): openCcciDriver(), open(/dev/ccci_aud) fail!! mCcciDeviceHandler: -1, errno: 2
07-17 06:25:58.439 W/SpeechMessengerNormal(  741): checkCcciStatusAndRecovery(), #8, sleep 10 ms & retry openCcciDriver
07-17 06:25:58.450 E/SpeechMessengerNormal(  741): openCcciDriver(), open(/dev/ccci_aud) fail!! mCcciDeviceHandler: -1, errno: 2
07-17 06:25:58.450 W/SpeechMessengerNormal(  741): checkCcciStatusAndRecovery(), #9, sleep 10 ms & retry openCcciDriver
07-17 06:25:58.461 E/SpeechMessengerNormal(  741): openCcciDriver(), open(/dev/ccci_aud) fail!! mCcciDeviceHandler: -1, errno: 2
07-17 06:25:58.461 W/SpeechMessengerNormal(  741): checkCcciStatusAndRecovery(), #10, sleep 10 ms & retry openCcciDriver
07-17 06:25:58.472 E/SpeechMessengerNormal(  741): openCcciDriver(), open(/dev/ccci_aud) fail!! mCcciDeviceHandler: -1, errno: 2
07-17 06:25:58.472 W/SpeechMessengerNormal(  741): checkCcciStatusAndRecovery(), #11, sleep 10 ms & retry openCcciDriver
07-17 06:25:58.483 E/SpeechMessengerNormal(  741): openCcciDriver(), open(/dev/ccci_aud) fail!! mCcciDeviceHandler: -1, errno: 2
07-17 06:25:58.483 W/SpeechMessengerNormal(  741): checkCcciStatusAndRecovery(), #12, sleep 10 ms & retry openCcciDriver
07-17 06:25:58.494 E/SpeechMessengerNormal(  741): openCcciDriver(), open(/dev/ccci_aud) fail!! mCcciDeviceHandler: -1, errno: 2
07-17 06:25:58.494 W/SpeechMessengerNormal(  741): checkCcciStatusAndRecovery(), #13, sleep 10 ms & retry openCcciDriver
07-17 06:25:58.505 E/SpeechMessengerNormal(  741): openCcciDriver(), open(/dev/ccci_aud) fail!! mCcciDeviceHandler: -1, errno: 2
07-17 06:25:58.505 W/SpeechMessengerNormal(  741): checkCcciStatusAndRecovery(), #14, sleep 10 ms & retry openCcciDriver
07-17 06:25:58.516 E/SpeechMessengerNormal(  741): openCcciDriver(), open(/dev/ccci_aud) fail!! mCcciDeviceHandler: -1, errno: 2
07-17 06:25:58.516 W/SpeechMessengerNormal(  741): checkCcciStatusAndRecovery(), #15, sleep 10 ms & retry openCcciDriver
07-17 06:25:58.527 E/SpeechMessengerNormal(  741): openCcciDriver(), open(/dev/ccci_aud) fail!! mCcciDeviceHandler: -1, errno: 2
07-17 06:25:58.527 W/SpeechMessengerNormal(  741): checkCcciStatusAndRecovery(), #16, sleep 10 ms & retry openCcciDriver
07-17 06:25:58.537 E/SpeechMessengerNormal(  741): openCcciDriver(), open(/dev/ccci_aud) fail!! mCcciDeviceHandler: -1, errno: 2
07-17 06:25:58.538 W/SpeechMessengerNormal(  741): checkCcciStatusAndRecovery(), #17, sleep 10 ms & retry openCcciDriver
07-17 06:25:58.549 E/SpeechMessengerNormal(  741): openCcciDriver(), open(/dev/ccci_aud) fail!! mCcciDeviceHandler: -1, errno: 2
07-17 06:25:58.549 W/SpeechMessengerNormal(  741): checkCcciStatusAndRecovery(), #18, sleep 10 ms & retry openCcciDriver
07-17 06:25:58.559 E/SpeechMessengerNormal(  741): openCcciDriver(), open(/dev/ccci_aud) fail!! mCcciDeviceHandler: -1, errno: 2
07-17 06:25:58.560 W/SpeechMessengerNormal(  741): checkCcciStatusAndRecovery(), #19, sleep 10 ms & retry openCcciDriver
07-17 06:25:58.571 E/SpeechMessengerNormal(  741): openCcciDriver(), open(/dev/ccci_aud) fail!! mCcciDeviceHandler: -1, errno: 2
07-17 06:25:58.571 W/SpeechMessengerNormal(  741): checkCcciStatusAndRecovery(), #20, sleep 10 ms & retry openCcciDriver
07-17 06:25:58.581 E/SpeechMessengerNormal(  741): openCcciDriver(), open(/dev/ccci_aud) fail!! mCcciDeviceHandler: -1, errno: 2
07-17 06:25:58.582 W/SpeechMessengerNormal(  741): checkCcciStatusAndRecovery(), #21, sleep 10 ms & retry openCcciDriver
07-17 06:25:58.592 E/SpeechMessengerNormal(  741): openCcciDriver(), open(/dev/ccci_aud) fail!! mCcciDeviceHandler: -1, errno: 2
07-17 06:25:58.593 W/SpeechMessengerNormal(  741): checkCcciStatusAndRecovery(), #22, sleep 10 ms & retry openCcciDriver
07-17 06:25:58.599 D/BluetoothManagerService(  946): MESSAGE_SAVE_NAME_AND_ADDRESS
07-17 06:25:58.599 D/BluetoothManagerService(  946): MESSAGE_GET_NAME_AND_ADDRESS
07-17 06:25:58.599 D/BluetoothManagerService(  946): Binding to service to get name and address
07-17 06:25:58.603 E/SpeechMessengerNormal(  741): openCcciDriver(), open(/dev/ccci_aud) fail!! mCcciDeviceHandler: -1, errno: 2
07-17 06:25:58.603 W/SpeechMessengerNormal(  741): checkCcciStatusAndRecovery(), #23, sleep 10 ms & retry openCcciDriver
07-17 06:25:58.606 D/CompatibilityChangeReporter(  946): Compat change id reported: 135634846; UID 1002; state: DISABLED
07-17 06:25:58.613 E/AVSync  ( 1061): open dev failed: retry=18438, g_fd_avsync=-1, errno=2, No such file or directory
07-17 06:25:58.613 E/SpeechMessengerNormal(  741): openCcciDriver(), open(/dev/ccci_aud) fail!! mCcciDeviceHandler: -1, errno: 2
07-17 06:25:58.614 W/SpeechMessengerNormal(  741): checkCcciStatusAndRecovery(), #24, sleep 10 ms & retry openCcciDriver
07-17 06:25:58.624 D/Zygote  (  732): Forked child process 5600
07-17 06:25:58.624 E/SpeechMessengerNormal(  741): openCcciDriver(), open(/dev/ccci_aud) fail!! mCcciDeviceHandler: -1, errno: 2
07-17 06:25:58.624 W/SpeechMessengerNormal(  741): checkCcciStatusAndRecovery(), #25, sleep 10 ms & retry openCcciDriver
