07-17 06:25:55.247 E/SpeechMessengerNormal(  741): openCcciDriver(), open(/dev/ccci_aud) fail!! mCcciDeviceHandler: -1, errno: 2
07-17 06:25:55.247 W/SpeechMessengerNormal(  741): checkCcciStatusAndRecovery(), #147, sleep 10 ms & retry openCcciDriver
07-17 06:25:55.253 I/servicemanager(  433): Found vendor.mediatek.hardware.mtkradioex.modem.IMtkRadioExModem/slot1 in device VINTF manifest.
07-17 06:25:55.257 I/hwservicemanager(  441): getTransport: Cannot find entry vendor.mediatek.hardware.mtkradioex@3.0::IMtkRadioEx/mtkCap1 in either framework or device VINTF manifest.
07-17 06:25:55.258 E/SpeechMessengerNormal(  741): openCcciDriver(), open(/dev/ccci_aud) fail!! mCcciDeviceHandler: -1, errno: 2
07-17 06:25:55.258 W/SpeechMessengerNormal(  741): checkCcciStatusAndRecovery(), #148, sleep 10 ms & retry openCcciDriver
07-17 06:25:55.261 I/hwservicemanager(  441): getTransport: Cannot find entry vendor.mediatek.hardware.mtkradioex@2.0::IMtkRadioEx/mtkCap1 in either framework or device VINTF manifest.
07-17 06:25:55.265 I/servicemanager(  433): Found vendor.mediatek.hardware.mtkradioex.modem.IMtkRadioExModem/slot2 in device VINTF manifest.
07-17 06:25:55.268 I/hwservicemanager(  441): getTransport: Cannot find entry vendor.mediatek.hardware.mtkradioex@3.0::IMtkRadioEx/mtkCap2 in either framework or device VINTF manifest.
07-17 06:25:55.269 E/SpeechMessengerNormal(  741): openCcciDriver(), open(/dev/ccci_aud) fail!! mCcciDeviceHandler: -1, errno: 2
07-17 06:25:55.269 W/SpeechMessengerNormal(  741): checkCcciStatusAndRecovery(), #149, sleep 10 ms & retry openCcciDriver
07-17 06:25:55.271 I/hwservicemanager(  441): getTransport: Cannot find entry vendor.mediatek.hardware.mtkradioex@2.0::IMtkRadioEx/mtkCap2 in either framework or device VINTF manifest.
07-17 06:25:55.279 E/SpeechMessengerNormal(  741): openCcciDriver(), open(/dev/ccci_aud) fail!! mCcciDeviceHandler: -1, errno: 2
07-17 06:25:55.280 W/SpeechMessengerNormal(  741): checkCcciStatusAndRecovery(), #150, sleep 10 ms & retry openCcciDriver
07-17 06:25:55.290 E/SpeechMessengerNormal(  741): openCcciDriver(), open(/dev/ccci_aud) fail!! mCcciDeviceHandler: -1, errno: 2
07-17 06:25:55.291 W/SpeechMessengerNormal(  741): checkCcciStatusAndRecovery(), #151, sleep 10 ms & retry openCcciDriver
07-17 06:25:55.294 D/agps    ( 1117): [agps] WARNING: [CP] cp2_fd_1_reconnect_timeout
07-17 06:25:55.295 E/agps    ( 1117): [agps] ERR: [CP] get_ccci_uart  open failed node=[/dev/ttyC2] reason=[No such file or directory]
07-17 06:25:55.295 E/agps    ( 1117): [agps] ERR: [CP] get_eemcs_uart  open failed node=[/dev/eemcs_ipc_uart] reason=[No such file or directory]
07-17 06:25:55.295 E/agps    ( 1117): [agps] ERR: [CP] ccci_uart_1  open failed
07-17 06:25:55.301 E/SpeechMessengerNormal(  741): openCcciDriver(), open(/dev/ccci_aud) fail!! mCcciDeviceHandler: -1, errno: 2
07-17 06:25:55.302 W/SpeechMessengerNormal(  741): checkCcciStatusAndRecovery(), #152, sleep 10 ms & retry openCcciDriver
07-17 06:25:55.312 E/SpeechMessengerNormal(  741): openCcciDriver(), open(/dev/ccci_aud) fail!! mCcciDeviceHandler: -1, errno: 2
07-17 06:25:55.312 W/SpeechMessengerNormal(  741): checkCcciStatusAndRecovery(), #153, sleep 10 ms & retry openCcciDriver
07-17 06:25:55.323 E/SpeechMessengerNormal(  741): openCcciDriver(), open(/dev/ccci_aud) fail!! mCcciDeviceHandler: -1, errno: 2
07-17 06:25:55.323 W/SpeechMessengerNormal(  741): checkCcciStatusAndRecovery(), #154, sleep 10 ms & retry openCcciDriver
07-17 06:25:55.334 E/SpeechMessengerNormal(  741): openCcciDriver(), open(/dev/ccci_aud) fail!! mCcciDeviceHandler: -1, errno: 2
07-17 06:25:55.334 W/SpeechMessengerNormal(  741): checkCcciStatusAndRecovery(), #155, sleep 10 ms & retry openCcciDriver
07-17 06:25:55.345 E/SpeechMessengerNormal(  741): openCcciDriver(), open(/dev/ccci_aud) fail!! mCcciDeviceHandler: -1, errno: 2
07-17 06:25:55.345 W/SpeechMessengerNormal(  741): checkCcciStatusAndRecovery(), #156, sleep 10 ms & retry openCcciDriver
07-17 06:25:55.356 E/SpeechMessengerNormal(  741): openCcciDriver(), open(/dev/ccci_aud) fail!! mCcciDeviceHandler: -1, errno: 2
07-17 06:25:55.356 W/SpeechMessengerNormal(  741): checkCcciStatusAndRecovery(), #157, sleep 10 ms & retry openCcciDriver
07-17 06:25:55.367 E/SpeechMessengerNormal(  741): openCcciDriver(), open(/dev/ccci_aud) fail!! mCcciDeviceHandler: -1, errno: 2
07-17 06:25:55.367 W/SpeechMessengerNormal(  741): checkCcciStatusAndRecovery(), #158, sleep 10 ms & retry openCcciDriver
07-17 06:25:55.380 E/SpeechMessengerNormal(  741): openCcciDriver(), open(/dev/ccci_aud) fail!! mCcciDeviceHandler: -1, errno: 2
07-17 06:25:55.381 W/SpeechMessengerNormal(  741): checkCcciStatusAndRecovery(), #159, sleep 10 ms & retry openCcciDriver
07-17 06:25:55.392 E/SpeechMessengerNormal(  741): openCcciDriver(), open(/dev/ccci_aud) fail!! mCcciDeviceHandler: -1, errno: 2
07-17 06:25:55.392 W/SpeechMessengerNormal(  741): checkCcciStatusAndRecovery(), #160, sleep 10 ms & retry openCcciDriver
07-17 06:25:55.402 E/SpeechMessengerNormal(  741): openCcciDriver(), open(/dev/ccci_aud) fail!! mCcciDeviceHandler: -1, errno: 2
07-17 06:25:55.403 W/SpeechMessengerNormal(  741): checkCcciStatusAndRecovery(), #161, sleep 10 ms & retry openCcciDriver
07-17 06:25:55.413 E/VT HIDL (  793): [IVT] [VT THREAD] [VT_Bind] des = volte_imsvt1 Fail to connect . retry count: 18394
07-17 06:25:55.414 E/SpeechMessengerNormal(  741): openCcciDriver(), open(/dev/ccci_aud) fail!! mCcciDeviceHandler: -1, errno: 2
07-17 06:25:55.415 W/SpeechMessengerNormal(  741): checkCcciStatusAndRecovery(), #162, sleep 10 ms & retry openCcciDriver
07-17 06:25:55.415 D/VT HIDL (  793): [IVT] isIMCBrun : True
07-17 06:25:55.426 E/SpeechMessengerNormal(  741): openCcciDriver(), open(/dev/ccci_aud) fail!! mCcciDeviceHandler: -1, errno: 2
07-17 06:25:55.426 W/SpeechMessengerNormal(  741): checkCcciStatusAndRecovery(), #163, sleep 10 ms & retry openCcciDriver
07-17 06:25:55.437 E/SpeechMessengerNormal(  741): openCcciDriver(), open(/dev/ccci_aud) fail!! mCcciDeviceHandler: -1, errno: 2
07-17 06:25:55.437 W/SpeechMessengerNormal(  741): checkCcciStatusAndRecovery(), #164, sleep 10 ms & retry openCcciDriver
07-17 06:25:55.448 E/SpeechMessengerNormal(  741): openCcciDriver(), open(/dev/ccci_aud) fail!! mCcciDeviceHandler: -1, errno: 2
07-17 06:25:55.448 W/SpeechMessengerNormal(  741): checkCcciStatusAndRecovery(), #165, sleep 10 ms & retry openCcciDriver
07-17 06:25:55.459 E/SpeechMessengerNormal(  741): openCcciDriver(), open(/dev/ccci_aud) fail!! mCcciDeviceHandler: -1, errno: 2
07-17 06:25:55.459 W/SpeechMessengerNormal(  741): checkCcciStatusAndRecovery(), #166, sleep 10 ms & retry openCcciDriver
07-17 06:25:55.470 E/SpeechMessengerNormal(  741): openCcciDriver(), open(/dev/ccci_aud) fail!! mCcciDeviceHandler: -1, errno: 2
07-17 06:25:55.471 W/SpeechMessengerNormal(  741): checkCcciStatusAndRecovery(), #167, sleep 10 ms & retry openCcciDriver
07-17 06:25:55.481 E/SpeechMessengerNormal(  741): openCcciDriver(), open(/dev/ccci_aud) fail!! mCcciDeviceHandler: -1, errno: 2
07-17 06:25:55.482 W/SpeechMessengerNormal(  741): checkCcciStatusAndRecovery(), #168, sleep 10 ms & retry openCcciDriver
07-17 06:25:55.492 E/SpeechMessengerNormal(  741): openCcciDriver(), open(/dev/ccci_aud) fail!! mCcciDeviceHandler: -1, errno: 2
07-17 06:25:55.493 W/SpeechMessengerNormal(  741): checkCcciStatusAndRecovery(), #169, sleep 10 ms & retry openCcciDriver
07-17 06:25:55.503 E/SpeechMessengerNormal(  741): openCcciDriver(), open(/dev/ccci_aud) fail!! mCcciDeviceHandler: -1, errno: 2
07-17 06:25:55.503 W/SpeechMessengerNormal(  741): checkCcciStatusAndRecovery(), #170, sleep 10 ms & retry openCcciDriver
07-17 06:25:55.514 E/SpeechMessengerNormal(  741): openCcciDriver(), open(/dev/ccci_aud) fail!! mCcciDeviceHandler: -1, errno: 2
07-17 06:25:55.515 W/SpeechMessengerNormal(  741): checkCcciStatusAndRecovery(), #171, sleep 10 ms & retry openCcciDriver
07-17 06:25:55.525 E/SpeechMessengerNormal(  741): openCcciDriver(), open(/dev/ccci_aud) fail!! mCcciDeviceHandler: -1, errno: 2
07-17 06:25:55.525 W/SpeechMessengerNormal(  741): checkCcciStatusAndRecovery(), #172, sleep 10 ms & retry openCcciDriver
07-17 06:25:55.536 E/SpeechMessengerNormal(  741): openCcciDriver(), open(/dev/ccci_aud) fail!! mCcciDeviceHandler: -1, errno: 2
07-17 06:25:55.536 W/SpeechMessengerNormal(  741): checkCcciStatusAndRecovery(), #173, sleep 10 ms & retry openCcciDriver
07-17 06:25:55.547 E/SpeechMessengerNormal(  741): openCcciDriver(), open(/dev/ccci_aud) fail!! mCcciDeviceHandler: -1, errno: 2
07-17 06:25:55.547 W/SpeechMessengerNormal(  741): checkCcciStatusAndRecovery(), #174, sleep 10 ms & retry openCcciDriver
07-17 06:25:55.558 E/SpeechMessengerNormal(  741): openCcciDriver(), open(/dev/ccci_aud) fail!! mCcciDeviceHandler: -1, errno: 2
07-17 06:25:55.558 W/SpeechMessengerNormal(  741): checkCcciStatusAndRecovery(), #175, sleep 10 ms & retry openCcciDriver
07-17 06:25:55.569 E/SpeechMessengerNormal(  741): openCcciDriver(), open(/dev/ccci_aud) fail!! mCcciDeviceHandler: -1, errno: 2
07-17 06:25:55.569 W/SpeechMessengerNormal(  741): checkCcciStatusAndRecovery(), #176, sleep 10 ms & retry openCcciDriver
07-17 06:25:55.579 E/SpeechMessengerNormal(  741): openCcciDriver(), open(/dev/ccci_aud) fail!! mCcciDeviceHandler: -1, errno: 2
07-17 06:25:55.580 W/SpeechMessengerNormal(  741): checkCcciStatusAndRecovery(), #177, sleep 10 ms & retry openCcciDriver
07-17 06:25:55.590 E/SpeechMessengerNormal(  741): openCcciDriver(), open(/dev/ccci_aud) fail!! mCcciDeviceHandler: -1, errno: 2
07-17 06:25:55.591 W/SpeechMessengerNormal(  741): checkCcciStatusAndRecovery(), #178, sleep 10 ms & retry openCcciDriver
07-17 06:25:55.601 E/SpeechMessengerNormal(  741): openCcciDriver(), open(/dev/ccci_aud) fail!! mCcciDeviceHandler: -1, errno: 2
07-17 06:25:55.602 W/SpeechMessengerNormal(  741): checkCcciStatusAndRecovery(), #179, sleep 10 ms & retry openCcciDriver
07-17 06:25:55.608 E/AVSync  ( 1061): open dev failed: retry=18432, g_fd_avsync=-1, errno=2, No such file or directory
07-17 06:25:55.612 E/SpeechMessengerNormal(  741): openCcciDriver(), open(/dev/ccci_aud) fail!! mCcciDeviceHandler: -1, errno: 2
07-17 06:25:55.613 W/SpeechMessengerNormal(  741): checkCcciStatusAndRecovery(), #180, sleep 10 ms & retry openCcciDriver
07-17 06:25:55.623 E/SpeechMessengerNormal(  741): openCcciDriver(), open(/dev/ccci_aud) fail!! mCcciDeviceHandler: -1, errno: 2
07-17 06:25:55.623 W/SpeechMessengerNormal(  741): checkCcciStatusAndRecovery(), #181, sleep 10 ms & retry openCcciDriver
07-17 06:25:55.634 E/SpeechMessengerNormal(  741): openCcciDriver(), open(/dev/ccci_aud) fail!! mCcciDeviceHandler: -1, errno: 2
07-17 06:25:55.634 W/SpeechMessengerNormal(  741): checkCcciStatusAndRecovery(), #182, sleep 10 ms & retry openCcciDriver
07-17 06:25:55.645 E/SpeechMessengerNormal(  741): openCcciDriver(), open(/dev/ccci_aud) fail!! mCcciDeviceHandler: -1, errno: 2
07-17 06:25:55.645 W/SpeechMessengerNormal(  741): checkCcciStatusAndRecovery(), #183, sleep 10 ms & retry openCcciDriver
07-17 06:25:55.655 E/SpeechMessengerNormal(  741): openCcciDriver(), open(/dev/ccci_aud) fail!! mCcciDeviceHandler: -1, errno: 2
07-17 06:25:55.656 W/SpeechMessengerNormal(  741): checkCcciStatusAndRecovery(), #184, sleep 10 ms & retry openCcciDriver
07-17 06:25:55.666 E/SpeechMessengerNormal(  741): openCcciDriver(), open(/dev/ccci_aud) fail!! mCcciDeviceHandler: -1, errno: 2
07-17 06:25:55.667 W/SpeechMessengerNormal(  741): checkCcciStatusAndRecovery(), #185, sleep 10 ms & retry openCcciDriver
07-17 06:25:55.677 E/SpeechMessengerNormal(  741): openCcciDriver(), open(/dev/ccci_aud) fail!! mCcciDeviceHandler: -1, errno: 2
07-17 06:25:55.677 W/SpeechMessengerNormal(  741): checkCcciStatusAndRecovery(), #186, sleep 10 ms & retry openCcciDriver
07-17 06:25:55.688 E/SpeechMessengerNormal(  741): openCcciDriver(), open(/dev/ccci_aud) fail!! mCcciDeviceHandler: -1, errno: 2
07-17 06:25:55.688 W/SpeechMessengerNormal(  741): checkCcciStatusAndRecovery(), #187, sleep 10 ms & retry openCcciDriver
07-17 06:25:55.699 E/SpeechMessengerNormal(  741): openCcciDriver(), open(/dev/ccci_aud) fail!! mCcciDeviceHandler: -1, errno: 2
07-17 06:25:55.699 W/SpeechMessengerNormal(  741): checkCcciStatusAndRecovery(), #188, sleep 10 ms & retry openCcciDriver
07-17 06:25:55.709 E/SpeechMessengerNormal(  741): openCcciDriver(), open(/dev/ccci_aud) fail!! mCcciDeviceHandler: -1, errno: 2
07-17 06:25:55.710 W/SpeechMessengerNormal(  741): checkCcciStatusAndRecovery(), #189, sleep 10 ms & retry openCcciDriver
07-17 06:25:55.720 E/SpeechMessengerNormal(  741): openCcciDriver(), open(/dev/ccci_aud) fail!! mCcciDeviceHandler: -1, errno: 2
07-17 06:25:55.720 W/SpeechMessengerNormal(  741): checkCcciStatusAndRecovery(), #190, sleep 10 ms & retry openCcciDriver
07-17 06:25:55.726 I/servicemanager(  433): Found android.hardware.radio.voice.IRadioVoice/imsSlot1 in device VINTF manifest.
07-17 06:25:55.731 I/servicemanager(  433): Found android.hardware.radio.sim.IRadioSim/imsSlot1 in device VINTF manifest.
07-17 06:25:55.731 E/SpeechMessengerNormal(  741): openCcciDriver(), open(/dev/ccci_aud) fail!! mCcciDeviceHandler: -1, errno: 2
07-17 06:25:55.731 W/SpeechMessengerNormal(  741): checkCcciStatusAndRecovery(), #191, sleep 10 ms & retry openCcciDriver
07-17 06:25:55.735 I/servicemanager(  433): Found android.hardware.radio.modem.IRadioModem/imsSlot1 in device VINTF manifest.
07-17 06:25:55.740 I/servicemanager(  433): Found android.hardware.radio.network.IRadioNetwork/imsSlot1 in device VINTF manifest.
07-17 06:25:55.742 E/SpeechMessengerNormal(  741): openCcciDriver(), open(/dev/ccci_aud) fail!! mCcciDeviceHandler: -1, errno: 2
07-17 06:25:55.743 W/SpeechMessengerNormal(  741): checkCcciStatusAndRecovery(), #192, sleep 10 ms & retry openCcciDriver
07-17 06:25:55.744 I/servicemanager(  433): Found vendor.mediatek.hardware.mtkradioex.ims.IMtkRadioExIms/slot1 in device VINTF manifest.
07-17 06:25:55.748 I/servicemanager(  433): Found vendor.mediatek.hardware.mtkradioex.voice.IMtkRadioExVoice/slot1 in device VINTF manifest.
07-17 06:25:55.753 I/servicemanager(  433): Found vendor.mediatek.hardware.mtkradioex.modem.IMtkRadioExModem/slot1 in device VINTF manifest.
07-17 06:25:55.753 E/SpeechMessengerNormal(  741): openCcciDriver(), open(/dev/ccci_aud) fail!! mCcciDeviceHandler: -1, errno: 2
07-17 06:25:55.754 W/SpeechMessengerNormal(  741): checkCcciStatusAndRecovery(), #193, sleep 10 ms & retry openCcciDriver
07-17 06:25:55.758 I/servicemanager(  433): Found android.hardware.radio.voice.IRadioVoice/imsSlot2 in device VINTF manifest.
07-17 06:25:55.763 I/servicemanager(  433): Found android.hardware.radio.sim.IRadioSim/imsSlot2 in device VINTF manifest.
07-17 06:25:55.764 E/SpeechMessengerNormal(  741): openCcciDriver(), open(/dev/ccci_aud) fail!! mCcciDeviceHandler: -1, errno: 2
07-17 06:25:55.765 W/SpeechMessengerNormal(  741): checkCcciStatusAndRecovery(), #194, sleep 10 ms & retry openCcciDriver
07-17 06:25:55.767 I/servicemanager(  433): Found android.hardware.radio.modem.IRadioModem/imsSlot2 in device VINTF manifest.
07-17 06:25:55.772 I/servicemanager(  433): Found android.hardware.radio.network.IRadioNetwork/imsSlot2 in device VINTF manifest.
07-17 06:25:55.776 I/servicemanager(  433): Found vendor.mediatek.hardware.mtkradioex.ims.IMtkRadioExIms/slot2 in device VINTF manifest.
07-17 06:25:55.776 E/SpeechMessengerNormal(  741): openCcciDriver(), open(/dev/ccci_aud) fail!! mCcciDeviceHandler: -1, errno: 2
07-17 06:25:55.776 W/SpeechMessengerNormal(  741): checkCcciStatusAndRecovery(), #195, sleep 10 ms & retry openCcciDriver
07-17 06:25:55.779 I/servicemanager(  433): Found vendor.mediatek.hardware.mtkradioex.voice.IMtkRadioExVoice/slot2 in device VINTF manifest.
07-17 06:25:55.783 I/servicemanager(  433): Found vendor.mediatek.hardware.mtkradioex.modem.IMtkRadioExModem/slot2 in device VINTF manifest.
07-17 06:25:55.787 E/SpeechMessengerNormal(  741): openCcciDriver(), open(/dev/ccci_aud) fail!! mCcciDeviceHandler: -1, errno: 2
07-17 06:25:55.787 W/SpeechMessengerNormal(  741): checkCcciStatusAndRecovery(), #196, sleep 10 ms & retry openCcciDriver
07-17 06:25:55.797 E/SpeechMessengerNormal(  741): openCcciDriver(), open(/dev/ccci_aud) fail!! mCcciDeviceHandler: -1, errno: 2
07-17 06:25:55.798 W/SpeechMessengerNormal(  741): checkCcciStatusAndRecovery(), #197, sleep 10 ms & retry openCcciDriver
07-17 06:25:55.808 E/SpeechMessengerNormal(  741): openCcciDriver(), open(/dev/ccci_aud) fail!! mCcciDeviceHandler: -1, errno: 2
07-17 06:25:55.808 W/SpeechMessengerNormal(  741): checkCcciStatusAndRecovery(), #198, sleep 10 ms & retry openCcciDriver
07-17 06:25:55.819 E/SpeechMessengerNormal(  741): openCcciDriver(), open(/dev/ccci_aud) fail!! mCcciDeviceHandler: -1, errno: 2
07-17 06:25:55.819 W/SpeechMessengerNormal(  741): checkCcciStatusAndRecovery(), #199, sleep 10 ms & retry openCcciDriver
07-17 06:25:55.830 W/SpeechMessengerNormal(  741): checkCcciStatusAndRecovery(), ccci driver not init!!
07-17 06:25:55.830 E/SpeechMessengerNormal(  741): readSpeechMessage(), read msg failed!! ccci not ready, id: 0x0, param16: 0x0, param32: 0x0
07-17 06:25:55.915 E/VT HIDL (  793): [IVT] [VT THREAD] [VT_Bind] des = volte_imsvt1 Fail to connect . retry count: 18395
07-17 06:25:55.915 D/VT HIDL (  793): [IVT] isIMCBrun : True
07-17 06:25:55.931 W/SpeechMessengerNormal(  741): checkCcciStatusAndRecovery() mCcciDeviceHandler: -1
07-17 06:25:55.931 E/SpeechMessengerNormal(  741): openCcciDriver(), open(/dev/ccci_aud) fail!! mCcciDeviceHandler: -1, errno: 2
07-17 06:25:55.931 W/SpeechMessengerNormal(  741): checkCcciStatusAndRecovery(), #0, sleep 10 ms & retry openCcciDriver
07-17 06:25:55.942 E/SpeechMessengerNormal(  741): openCcciDriver(), open(/dev/ccci_aud) fail!! mCcciDeviceHandler: -1, errno: 2
07-17 06:25:55.943 W/SpeechMessengerNormal(  741): checkCcciStatusAndRecovery(), #1, sleep 10 ms & retry openCcciDriver
07-17 06:25:55.953 E/SpeechMessengerNormal(  741): openCcciDriver(), open(/dev/ccci_aud) fail!! mCcciDeviceHandler: -1, errno: 2
07-17 06:25:55.954 W/SpeechMessengerNormal(  741): checkCcciStatusAndRecovery(), #2, sleep 10 ms & retry openCcciDriver
07-17 06:25:55.964 E/SpeechMessengerNormal(  741): openCcciDriver(), open(/dev/ccci_aud) fail!! mCcciDeviceHandler: -1, errno: 2
07-17 06:25:55.964 W/SpeechMessengerNormal(  741): checkCcciStatusAndRecovery(), #3, sleep 10 ms & retry openCcciDriver
07-17 06:25:55.975 E/SpeechMessengerNormal(  741): openCcciDriver(), open(/dev/ccci_aud) fail!! mCcciDeviceHandler: -1, errno: 2
07-17 06:25:55.975 W/SpeechMessengerNormal(  741): checkCcciStatusAndRecovery(), #4, sleep 10 ms & retry openCcciDriver
07-17 06:25:55.985 E/SpeechMessengerNormal(  741): openCcciDriver(), open(/dev/ccci_aud) fail!! mCcciDeviceHandler: -1, errno: 2
07-17 06:25:55.986 W/SpeechMessengerNormal(  741): checkCcciStatusAndRecovery(), #5, sleep 10 ms & retry openCcciDriver
07-17 06:25:55.996 E/SpeechMessengerNormal(  741): openCcciDriver(), open(/dev/ccci_aud) fail!! mCcciDeviceHandler: -1, errno: 2
07-17 06:25:55.996 W/SpeechMessengerNormal(  741): checkCcciStatusAndRecovery(), #6, sleep 10 ms & retry openCcciDriver
07-17 06:25:56.007 E/SpeechMessengerNormal(  741): openCcciDriver(), open(/dev/ccci_aud) fail!! mCcciDeviceHandler: -1, errno: 2
07-17 06:25:56.007 W/SpeechMessengerNormal(  741): checkCcciStatusAndRecovery(), #7, sleep 10 ms & retry openCcciDriver
07-17 06:25:56.017 E/SpeechMessengerNormal(  741): openCcciDriver(), open(/dev/ccci_aud) fail!! mCcciDeviceHandler: -1, errno: 2
07-17 06:25:56.018 W/SpeechMessengerNormal(  741): checkCcciStatusAndRecovery(), #8, sleep 10 ms & retry openCcciDriver
07-17 06:25:56.028 E/SpeechMessengerNormal(  741): openCcciDriver(), open(/dev/ccci_aud) fail!! mCcciDeviceHandler: -1, errno: 2
07-17 06:25:56.028 W/SpeechMessengerNormal(  741): checkCcciStatusAndRecovery(), #9, sleep 10 ms & retry openCcciDriver
07-17 06:25:56.039 E/SpeechMessengerNormal(  741): openCcciDriver(), open(/dev/ccci_aud) fail!! mCcciDeviceHandler: -1, errno: 2
07-17 06:25:56.039 W/SpeechMessengerNormal(  741): checkCcciStatusAndRecovery(), #10, sleep 10 ms & retry openCcciDriver
07-17 06:25:56.050 E/SpeechMessengerNormal(  741): openCcciDriver(), open(/dev/ccci_aud) fail!! mCcciDeviceHandler: -1, errno: 2
07-17 06:25:56.050 W/SpeechMessengerNormal(  741): checkCcciStatusAndRecovery(), #11, sleep 10 ms & retry openCcciDriver
07-17 06:25:56.054 E/BluetoothManagerService(  946): waitForState [15] time out
07-17 06:25:56.061 E/SpeechMessengerNormal(  741): openCcciDriver(), open(/dev/ccci_aud) fail!! mCcciDeviceHandler: -1, errno: 2
07-17 06:25:56.061 W/SpeechMessengerNormal(  741): checkCcciStatusAndRecovery(), #12, sleep 10 ms & retry openCcciDriver
07-17 06:25:56.064 D/BluetoothManagerService(  946): Retrying name/address remote retrieval and save.....Retry count =2
07-17 06:25:56.071 E/SpeechMessengerNormal(  741): openCcciDriver(), open(/dev/ccci_aud) fail!! mCcciDeviceHandler: -1, errno: 2
07-17 06:25:56.072 W/SpeechMessengerNormal(  741): checkCcciStatusAndRecovery(), #13, sleep 10 ms & retry openCcciDriver
07-17 06:25:56.082 E/SpeechMessengerNormal(  741): openCcciDriver(), open(/dev/ccci_aud) fail!! mCcciDeviceHandler: -1, errno: 2
07-17 06:25:56.083 W/SpeechMessengerNormal(  741): checkCcciStatusAndRecovery(), #14, sleep 10 ms & retry openCcciDriver
07-17 06:25:56.093 E/SpeechMessengerNormal(  741): openCcciDriver(), open(/dev/ccci_aud) fail!! mCcciDeviceHandler: -1, errno: 2
07-17 06:25:56.093 W/SpeechMessengerNormal(  741): checkCcciStatusAndRecovery(), #15, sleep 10 ms & retry openCcciDriver
07-17 06:25:56.104 E/SpeechMessengerNormal(  741): openCcciDriver(), open(/dev/ccci_aud) fail!! mCcciDeviceHandler: -1, errno: 2
07-17 06:25:56.104 W/SpeechMessengerNormal(  741): checkCcciStatusAndRecovery(), #16, sleep 10 ms & retry openCcciDriver
07-17 06:25:56.107 I/servicemanager(  433): Found android.hardware.radio.config.IRadioConfig/default in device VINTF manifest.
07-17 06:25:56.109 E/AVSync  ( 1061): open dev failed: retry=18433, g_fd_avsync=-1, errno=2, No such file or directory
07-17 06:25:56.115 E/SpeechMessengerNormal(  741): openCcciDriver(), open(/dev/ccci_aud) fail!! mCcciDeviceHandler: -1, errno: 2
07-17 06:25:56.115 W/SpeechMessengerNormal(  741): checkCcciStatusAndRecovery(), #17, sleep 10 ms & retry openCcciDriver
07-17 06:25:56.126 E/SpeechMessengerNormal(  741): openCcciDriver(), open(/dev/ccci_aud) fail!! mCcciDeviceHandler: -1, errno: 2
07-17 06:25:56.126 W/SpeechMessengerNormal(  741): checkCcciStatusAndRecovery(), #18, sleep 10 ms & retry openCcciDriver
07-17 06:25:56.137 E/SpeechMessengerNormal(  741): openCcciDriver(), open(/dev/ccci_aud) fail!! mCcciDeviceHandler: -1, errno: 2
07-17 06:25:56.137 W/SpeechMessengerNormal(  741): checkCcciStatusAndRecovery(), #19, sleep 10 ms & retry openCcciDriver
07-17 06:25:56.148 E/SpeechMessengerNormal(  741): openCcciDriver(), open(/dev/ccci_aud) fail!! mCcciDeviceHandler: -1, errno: 2
07-17 06:25:56.148 W/SpeechMessengerNormal(  741): checkCcciStatusAndRecovery(), #20, sleep 10 ms & retry openCcciDriver
07-17 06:25:56.159 E/SpeechMessengerNormal(  741): openCcciDriver(), open(/dev/ccci_aud) fail!! mCcciDeviceHandler: -1, errno: 2
07-17 06:25:56.159 W/SpeechMessengerNormal(  741): checkCcciStatusAndRecovery(), #21, sleep 10 ms & retry openCcciDriver
07-17 06:25:56.169 E/SpeechMessengerNormal(  741): openCcciDriver(), open(/dev/ccci_aud) fail!! mCcciDeviceHandler: -1, errno: 2
07-17 06:25:56.170 W/SpeechMessengerNormal(  741): checkCcciStatusAndRecovery(), #22, sleep 10 ms & retry openCcciDriver
07-17 06:25:56.180 E/SpeechMessengerNormal(  741): openCcciDriver(), open(/dev/ccci_aud) fail!! mCcciDeviceHandler: -1, errno: 2
07-17 06:25:56.180 W/SpeechMessengerNormal(  741): checkCcciStatusAndRecovery(), #23, sleep 10 ms & retry openCcciDriver
07-17 06:25:56.191 E/SpeechMessengerNormal(  741): openCcciDriver(), open(/dev/ccci_aud) fail!! mCcciDeviceHandler: -1, errno: 2
07-17 06:25:56.191 W/SpeechMessengerNormal(  741): checkCcciStatusAndRecovery(), #24, sleep 10 ms & retry openCcciDriver
07-17 06:25:56.209 E/SpeechMessengerNormal(  741): openCcciDriver(), open(/dev/ccci_aud) fail!! mCcciDeviceHandler: -1, errno: 2
07-17 06:25:56.209 W/SpeechMessengerNormal(  741): checkCcciStatusAndRecovery(), #25, sleep 10 ms & retry openCcciDriver
07-17 06:25:56.222 E/SpeechMessengerNormal(  741): openCcciDriver(), open(/dev/ccci_aud) fail!! mCcciDeviceHandler: -1, errno: 2
07-17 06:25:56.223 W/SpeechMessengerNormal(  741): checkCcciStatusAndRecovery(), #26, sleep 10 ms & retry openCcciDriver
07-17 06:25:56.234 E/SpeechMessengerNormal(  741): openCcciDriver(), open(/dev/ccci_aud) fail!! mCcciDeviceHandler: -1, errno: 2
07-17 06:25:56.234 W/SpeechMessengerNormal(  741): checkCcciStatusAndRecovery(), #27, sleep 10 ms & retry openCcciDriver
07-17 06:25:56.245 E/SpeechMessengerNormal(  741): openCcciDriver(), open(/dev/ccci_aud) fail!! mCcciDeviceHandler: -1, errno: 2
07-17 06:25:56.245 W/SpeechMessengerNormal(  741): checkCcciStatusAndRecovery(), #28, sleep 10 ms & retry openCcciDriver
07-17 06:25:56.256 E/SpeechMessengerNormal(  741): openCcciDriver(), open(/dev/ccci_aud) fail!! mCcciDeviceHandler: -1, errno: 2
07-17 06:25:56.256 W/SpeechMessengerNormal(  741): checkCcciStatusAndRecovery(), #29, sleep 10 ms & retry openCcciDriver
07-17 06:25:56.267 E/SpeechMessengerNormal(  741): openCcciDriver(), open(/dev/ccci_aud) fail!! mCcciDeviceHandler: -1, errno: 2
07-17 06:25:56.267 W/SpeechMessengerNormal(  741): checkCcciStatusAndRecovery(), #30, sleep 10 ms & retry openCcciDriver
07-17 06:25:56.278 E/SpeechMessengerNormal(  741): openCcciDriver(), open(/dev/ccci_aud) fail!! mCcciDeviceHandler: -1, errno: 2
07-17 06:25:56.278 W/SpeechMessengerNormal(  741): checkCcciStatusAndRecovery(), #31, sleep 10 ms & retry openCcciDriver
07-17 06:25:56.289 E/SpeechMessengerNormal(  741): openCcciDriver(), open(/dev/ccci_aud) fail!! mCcciDeviceHandler: -1, errno: 2
07-17 06:25:56.289 W/SpeechMessengerNormal(  741): checkCcciStatusAndRecovery(), #32, sleep 10 ms & retry openCcciDriver
07-17 06:25:56.301 E/SpeechMessengerNormal(  741): openCcciDriver(), open(/dev/ccci_aud) fail!! mCcciDeviceHandler: -1, errno: 2
07-17 06:25:56.302 W/SpeechMessengerNormal(  741): checkCcciStatusAndRecovery(), #33, sleep 10 ms & retry openCcciDriver
07-17 06:25:56.306 E/[BT]    (  742): init_uart: Can't open /dev/stpbt (Unknown error 255), errno[255]
07-17 06:25:56.313 E/SpeechMessengerNormal(  741): openCcciDriver(), open(/dev/ccci_aud) fail!! mCcciDeviceHandler: -1, errno: 2
07-17 06:25:56.313 W/SpeechMessengerNormal(  741): checkCcciStatusAndRecovery(), #34, sleep 10 ms & retry openCcciDriver
07-17 06:25:56.325 E/SpeechMessengerNormal(  741): openCcciDriver(), open(/dev/ccci_aud) fail!! mCcciDeviceHandler: -1, errno: 2
07-17 06:25:56.325 W/SpeechMessengerNormal(  741): checkCcciStatusAndRecovery(), #35, sleep 10 ms & retry openCcciDriver
07-17 06:25:56.337 E/SpeechMessengerNormal(  741): openCcciDriver(), open(/dev/ccci_aud) fail!! mCcciDeviceHandler: -1, errno: 2
07-17 06:25:56.337 W/SpeechMessengerNormal(  741): checkCcciStatusAndRecovery(), #36, sleep 10 ms & retry openCcciDriver
07-17 06:25:56.352 E/SpeechMessengerNormal(  741): openCcciDriver(), open(/dev/ccci_aud) fail!! mCcciDeviceHandler: -1, errno: 2
07-17 06:25:56.352 W/SpeechMessengerNormal(  741): checkCcciStatusAndRecovery(), #37, sleep 10 ms & retry openCcciDriver
07-17 06:25:56.364 E/SpeechMessengerNormal(  741): openCcciDriver(), open(/dev/ccci_aud) fail!! mCcciDeviceHandler: -1, errno: 2
07-17 06:25:56.365 W/SpeechMessengerNormal(  741): checkCcciStatusAndRecovery(), #38, sleep 10 ms & retry openCcciDriver
07-17 06:25:56.375 E/SpeechMessengerNormal(  741): openCcciDriver(), open(/dev/ccci_aud) fail!! mCcciDeviceHandler: -1, errno: 2
07-17 06:25:56.376 W/SpeechMessengerNormal(  741): checkCcciStatusAndRecovery(), #39, sleep 10 ms & retry openCcciDriver
07-17 06:25:56.387 E/SpeechMessengerNormal(  741): openCcciDriver(), open(/dev/ccci_aud) fail!! mCcciDeviceHandler: -1, errno: 2
07-17 06:25:56.388 W/SpeechMessengerNormal(  741): checkCcciStatusAndRecovery(), #40, sleep 10 ms & retry openCcciDriver
07-17 06:25:56.401 E/SpeechMessengerNormal(  741): openCcciDriver(), open(/dev/ccci_aud) fail!! mCcciDeviceHandler: -1, errno: 2
07-17 06:25:56.402 W/SpeechMessengerNormal(  741): checkCcciStatusAndRecovery(), #41, sleep 10 ms & retry openCcciDriver
07-17 06:25:56.412 E/SpeechMessengerNormal(  741): openCcciDriver(), open(/dev/ccci_aud) fail!! mCcciDeviceHandler: -1, errno: 2
07-17 06:25:56.413 W/SpeechMessengerNormal(  741): checkCcciStatusAndRecovery(), #42, sleep 10 ms & retry openCcciDriver
07-17 06:25:56.416 E/VT HIDL (  793): [IVT] [VT THREAD] [VT_Bind] des = volte_imsvt1 Fail to connect . retry count: 18396
07-17 06:25:56.417 D/VT HIDL (  793): [IVT] isIMCBrun : True
07-17 06:25:56.424 E/SpeechMessengerNormal(  741): openCcciDriver(), open(/dev/ccci_aud) fail!! mCcciDeviceHandler: -1, errno: 2
07-17 06:25:56.424 W/SpeechMessengerNormal(  741): checkCcciStatusAndRecovery(), #43, sleep 10 ms & retry openCcciDriver
07-17 06:25:56.438 E/SpeechMessengerNormal(  741): openCcciDriver(), open(/dev/ccci_aud) fail!! mCcciDeviceHandler: -1, errno: 2
07-17 06:25:56.438 W/SpeechMessengerNormal(  741): checkCcciStatusAndRecovery(), #44, sleep 10 ms & retry openCcciDriver
07-17 06:25:56.451 E/SpeechMessengerNormal(  741): openCcciDriver(), open(/dev/ccci_aud) fail!! mCcciDeviceHandler: -1, errno: 2
07-17 06:25:56.452 W/SpeechMessengerNormal(  741): checkCcciStatusAndRecovery(), #45, sleep 10 ms & retry openCcciDriver
07-17 06:25:56.463 E/SpeechMessengerNormal(  741): openCcciDriver(), open(/dev/ccci_aud) fail!! mCcciDeviceHandler: -1, errno: 2
07-17 06:25:56.463 W/SpeechMessengerNormal(  741): checkCcciStatusAndRecovery(), #46, sleep 10 ms & retry openCcciDriver
07-17 06:25:56.475 E/SpeechMessengerNormal(  741): openCcciDriver(), open(/dev/ccci_aud) fail!! mCcciDeviceHandler: -1, errno: 2
07-17 06:25:56.476 W/SpeechMessengerNormal(  741): checkCcciStatusAndRecovery(), #47, sleep 10 ms & retry openCcciDriver
07-17 06:25:56.489 E/SpeechMessengerNormal(  741): openCcciDriver(), open(/dev/ccci_aud) fail!! mCcciDeviceHandler: -1, errno: 2
07-17 06:25:56.490 W/SpeechMessengerNormal(  741): checkCcciStatusAndRecovery(), #48, sleep 10 ms & retry openCcciDriver
07-17 06:25:56.503 E/SpeechMessengerNormal(  741): openCcciDriver(), open(/dev/ccci_aud) fail!! mCcciDeviceHandler: -1, errno: 2
07-17 06:25:56.504 W/SpeechMessengerNormal(  741): checkCcciStatusAndRecovery(), #49, sleep 10 ms & retry openCcciDriver
07-17 06:25:56.516 E/SpeechMessengerNormal(  741): openCcciDriver(), open(/dev/ccci_aud) fail!! mCcciDeviceHandler: -1, errno: 2
07-17 06:25:56.517 W/SpeechMessengerNormal(  741): checkCcciStatusAndRecovery(), #50, sleep 10 ms & retry openCcciDriver
07-17 06:25:56.531 E/SpeechMessengerNormal(  741): openCcciDriver(), open(/dev/ccci_aud) fail!! mCcciDeviceHandler: -1, errno: 2
07-17 06:25:56.532 W/SpeechMessengerNormal(  741): checkCcciStatusAndRecovery(), #51, sleep 10 ms & retry openCcciDriver
07-17 06:25:56.544 E/SpeechMessengerNormal(  741): openCcciDriver(), open(/dev/ccci_aud) fail!! mCcciDeviceHandler: -1, errno: 2
07-17 06:25:56.544 W/SpeechMessengerNormal(  741): checkCcciStatusAndRecovery(), #52, sleep 10 ms & retry openCcciDriver
07-17 06:25:56.555 E/SpeechMessengerNormal(  741): openCcciDriver(), open(/dev/ccci_aud) fail!! mCcciDeviceHandler: -1, errno: 2
07-17 06:25:56.555 W/SpeechMessengerNormal(  741): checkCcciStatusAndRecovery(), #53, sleep 10 ms & retry openCcciDriver
07-17 06:25:56.567 D/BluetoothManagerService(  946): MESSAGE_SAVE_NAME_AND_ADDRESS
07-17 06:25:56.569 E/SpeechMessengerNormal(  741): openCcciDriver(), open(/dev/ccci_aud) fail!! mCcciDeviceHandler: -1, errno: 2
07-17 06:25:56.569 W/SpeechMessengerNormal(  741): checkCcciStatusAndRecovery(), #54, sleep 10 ms & retry openCcciDriver
07-17 06:25:56.573 D/BluetoothAdapterService( 5530): enable() - Enable called with quiet mode status =  false
07-17 06:25:56.574 D/MtkUiccSEService( 5581): Debug = 1
07-17 06:25:56.574 D/MtkUiccSEService( 5581): MTK UICC Secure Element Service is starting ...
07-17 06:25:56.574 I/AdapterState( 5530): BLE_TURNING_ON : Unhandled message - BLE_TURN_ON
07-17 06:25:56.575 D/MtkUiccSEService( 5581): getHidlNumberOfSim() = 0
07-17 06:25:56.575 D/MtkUiccSEService( 5581): getNumberOfSim() = 2
07-17 06:25:56.575 D/MtkUiccSEHal( 5581): [se1]SecureElement:98: created for UICC1/SIM1
07-17 06:25:56.575 D/MtkUiccSEHal( 5581): [se1]SecureElement:101: no timeout
07-17 06:25:56.576 I/hwservicemanager(  441): getTransport: Cannot find entry android.hardware.secure_element@1.2::ISecureElement/SIM1 in either framework or device VINTF manifest.
07-17 06:25:56.577 E/HidlServiceManagement( 5581): Service android.hardware.secure_element@1.2::ISecureElement/SIM1 must be in VINTF manifest in order to register/get.
07-17 06:25:56.577 E/MtkUiccSEService( 5581): Could not register service for UICC1 (-2147483648)
07-17 06:25:56.577 D/MtkUiccSEHal( 5581): [se1]~SecureElement:115: destroy for UICC1/SIM1
07-17 06:25:56.577 E/MtkUiccSEHal( 5581): [se1]internalReset:1106: RESET reason: destroy (1, 1)
07-17 06:25:56.577 D/MtkUiccSEHal( 5581): [se1]internalReset:1187: RESET Destroy done
07-17 06:25:56.580 E/SpeechMessengerNormal(  741): openCcciDriver(), open(/dev/ccci_aud) fail!! mCcciDeviceHandler: -1, errno: 2
07-17 06:25:56.580 W/SpeechMessengerNormal(  741): checkCcciStatusAndRecovery(), #55, sleep 10 ms & retry openCcciDriver
07-17 06:25:56.592 E/SpeechMessengerNormal(  741): openCcciDriver(), open(/dev/ccci_aud) fail!! mCcciDeviceHandler: -1, errno: 2
07-17 06:25:56.592 W/SpeechMessengerNormal(  741): checkCcciStatusAndRecovery(), #56, sleep 10 ms & retry openCcciDriver
07-17 06:25:56.603 E/SpeechMessengerNormal(  741): openCcciDriver(), open(/dev/ccci_aud) fail!! mCcciDeviceHandler: -1, errno: 2
07-17 06:25:56.603 W/SpeechMessengerNormal(  741): checkCcciStatusAndRecovery(), #57, sleep 10 ms & retry openCcciDriver
07-17 06:25:56.610 E/AVSync  ( 1061): open dev failed: retry=18434, g_fd_avsync=-1, errno=2, No such file or directory
07-17 06:25:56.613 E/SpeechMessengerNormal(  741): openCcciDriver(), open(/dev/ccci_aud) fail!! mCcciDeviceHandler: -1, errno: 2
07-17 06:25:56.614 W/SpeechMessengerNormal(  741): checkCcciStatusAndRecovery(), #58, sleep 10 ms & retry openCcciDriver
07-17 06:25:56.624 E/SpeechMessengerNormal(  741): openCcciDriver(), open(/dev/ccci_aud) fail!! mCcciDeviceHandler: -1, errno: 2
07-17 06:25:56.624 W/SpeechMessengerNormal(  741): checkCcciStatusAndRecovery(), #59, sleep 10 ms & retry openCcciDriver
07-17 06:25:56.635 E/SpeechMessengerNormal(  741): openCcciDriver(), open(/dev/ccci_aud) fail!! mCcciDeviceHandler: -1, errno: 2
07-17 06:25:56.635 W/SpeechMessengerNormal(  741): checkCcciStatusAndRecovery(), #60, sleep 10 ms & retry openCcciDriver
07-17 06:25:56.647 E/SpeechMessengerNormal(  741): openCcciDriver(), open(/dev/ccci_aud) fail!! mCcciDeviceHandler: -1, errno: 2
07-17 06:25:56.647 W/SpeechMessengerNormal(  741): checkCcciStatusAndRecovery(), #61, sleep 10 ms & retry openCcciDriver
07-17 06:25:56.659 E/SpeechMessengerNormal(  741): openCcciDriver(), open(/dev/ccci_aud) fail!! mCcciDeviceHandler: -1, errno: 2
07-17 06:25:56.660 W/SpeechMessengerNormal(  741): checkCcciStatusAndRecovery(), #62, sleep 10 ms & retry openCcciDriver
07-17 06:25:56.673 E/SpeechMessengerNormal(  741): openCcciDriver(), open(/dev/ccci_aud) fail!! mCcciDeviceHandler: -1, errno: 2
07-17 06:25:56.674 W/SpeechMessengerNormal(  741): checkCcciStatusAndRecovery(), #63, sleep 10 ms & retry openCcciDriver
07-17 06:25:56.686 E/SpeechMessengerNormal(  741): openCcciDriver(), open(/dev/ccci_aud) fail!! mCcciDeviceHandler: -1, errno: 2
07-17 06:25:56.686 W/SpeechMessengerNormal(  741): checkCcciStatusAndRecovery(), #64, sleep 10 ms & retry openCcciDriver
07-17 06:25:56.699 E/SpeechMessengerNormal(  741): openCcciDriver(), open(/dev/ccci_aud) fail!! mCcciDeviceHandler: -1, errno: 2
07-17 06:25:56.700 W/SpeechMessengerNormal(  741): checkCcciStatusAndRecovery(), #65, sleep 10 ms & retry openCcciDriver
07-17 06:25:56.712 E/SpeechMessengerNormal(  741): openCcciDriver(), open(/dev/ccci_aud) fail!! mCcciDeviceHandler: -1, errno: 2
07-17 06:25:56.712 W/SpeechMessengerNormal(  741): checkCcciStatusAndRecovery(), #66, sleep 10 ms & retry openCcciDriver
07-17 06:25:56.723 E/SpeechMessengerNormal(  741): openCcciDriver(), open(/dev/ccci_aud) fail!! mCcciDeviceHandler: -1, errno: 2
07-17 06:25:56.723 W/SpeechMessengerNormal(  741): checkCcciStatusAndRecovery(), #67, sleep 10 ms & retry openCcciDriver
07-17 06:25:56.733 I/servicemanager(  433): Found android.hardware.radio.voice.IRadioVoice/imsSlot1 in device VINTF manifest.
07-17 06:25:56.734 E/SpeechMessengerNormal(  741): openCcciDriver(), open(/dev/ccci_aud) fail!! mCcciDeviceHandler: -1, errno: 2
07-17 06:25:56.734 W/SpeechMessengerNormal(  741): checkCcciStatusAndRecovery(), #68, sleep 10 ms & retry openCcciDriver
07-17 06:25:56.738 I/servicemanager(  433): Found android.hardware.radio.sim.IRadioSim/imsSlot1 in device VINTF manifest.
07-17 06:25:56.743 I/servicemanager(  433): Found android.hardware.radio.modem.IRadioModem/imsSlot1 in device VINTF manifest.
07-17 06:25:56.745 E/SpeechMessengerNormal(  741): openCcciDriver(), open(/dev/ccci_aud) fail!! mCcciDeviceHandler: -1, errno: 2
07-17 06:25:56.745 W/SpeechMessengerNormal(  741): checkCcciStatusAndRecovery(), #69, sleep 10 ms & retry openCcciDriver
07-17 06:25:56.747 I/servicemanager(  433): Found android.hardware.radio.network.IRadioNetwork/imsSlot1 in device VINTF manifest.
07-17 06:25:56.753 I/servicemanager(  433): Found vendor.mediatek.hardware.mtkradioex.ims.IMtkRadioExIms/slot1 in device VINTF manifest.
07-17 06:25:56.756 I/servicemanager(  433): Found vendor.mediatek.hardware.mtkradioex.voice.IMtkRadioExVoice/slot1 in device VINTF manifest.
07-17 06:25:56.757 E/SpeechMessengerNormal(  741): openCcciDriver(), open(/dev/ccci_aud) fail!! mCcciDeviceHandler: -1, errno: 2
07-17 06:25:56.757 W/SpeechMessengerNormal(  741): checkCcciStatusAndRecovery(), #70, sleep 10 ms & retry openCcciDriver
07-17 06:25:56.760 I/servicemanager(  433): Found vendor.mediatek.hardware.mtkradioex.modem.IMtkRadioExModem/slot1 in device VINTF manifest.
07-17 06:25:56.763 D/EMDLOGGER1( 1097): ccb_init_cond: wait required modem status time out
07-17 06:25:56.763 I/servicemanager(  433): Found android.hardware.radio.voice.IRadioVoice/imsSlot2 in device VINTF manifest.
07-17 06:25:56.766 I/servicemanager(  433): Found android.hardware.radio.sim.IRadioSim/imsSlot2 in device VINTF manifest.
07-17 06:25:56.767 E/SpeechMessengerNormal(  741): openCcciDriver(), open(/dev/ccci_aud) fail!! mCcciDeviceHandler: -1, errno: 2
07-17 06:25:56.768 W/SpeechMessengerNormal(  741): checkCcciStatusAndRecovery(), #71, sleep 10 ms & retry openCcciDriver
07-17 06:25:56.772 I/servicemanager(  433): Found android.hardware.radio.modem.IRadioModem/imsSlot2 in device VINTF manifest.
07-17 06:25:56.777 I/servicemanager(  433): Found android.hardware.radio.network.IRadioNetwork/imsSlot2 in device VINTF manifest.
07-17 06:25:56.778 E/SpeechMessengerNormal(  741): openCcciDriver(), open(/dev/ccci_aud) fail!! mCcciDeviceHandler: -1, errno: 2
07-17 06:25:56.779 W/SpeechMessengerNormal(  741): checkCcciStatusAndRecovery(), #72, sleep 10 ms & retry openCcciDriver
07-17 06:25:56.781 I/servicemanager(  433): Found vendor.mediatek.hardware.mtkradioex.ims.IMtkRadioExIms/slot2 in device VINTF manifest.
07-17 06:25:56.785 I/servicemanager(  433): Found vendor.mediatek.hardware.mtkradioex.voice.IMtkRadioExVoice/slot2 in device VINTF manifest.
07-17 06:25:56.787 I/servicemanager(  433): Found vendor.mediatek.hardware.mtkradioex.modem.IMtkRadioExModem/slot2 in device VINTF manifest.
07-17 06:25:56.789 E/SpeechMessengerNormal(  741): openCcciDriver(), open(/dev/ccci_aud) fail!! mCcciDeviceHandler: -1, errno: 2
07-17 06:25:56.789 W/SpeechMessengerNormal(  741): checkCcciStatusAndRecovery(), #73, sleep 10 ms & retry openCcciDriver
07-17 06:25:56.800 E/SpeechMessengerNormal(  741): openCcciDriver(), open(/dev/ccci_aud) fail!! mCcciDeviceHandler: -1, errno: 2
07-17 06:25:56.800 W/SpeechMessengerNormal(  741): checkCcciStatusAndRecovery(), #74, sleep 10 ms & retry openCcciDriver
07-17 06:25:56.814 E/SpeechMessengerNormal(  741): openCcciDriver(), open(/dev/ccci_aud) fail!! mCcciDeviceHandler: -1, errno: 2
07-17 06:25:56.814 W/SpeechMessengerNormal(  741): checkCcciStatusAndRecovery(), #75, sleep 10 ms & retry openCcciDriver
07-17 06:25:56.828 E/SpeechMessengerNormal(  741): openCcciDriver(), open(/dev/ccci_aud) fail!! mCcciDeviceHandler: -1, errno: 2
07-17 06:25:56.829 W/SpeechMessengerNormal(  741): checkCcciStatusAndRecovery(), #76, sleep 10 ms & retry openCcciDriver
07-17 06:25:56.842 E/SpeechMessengerNormal(  741): openCcciDriver(), open(/dev/ccci_aud) fail!! mCcciDeviceHandler: -1, errno: 2
07-17 06:25:56.842 W/SpeechMessengerNormal(  741): checkCcciStatusAndRecovery(), #77, sleep 10 ms & retry openCcciDriver
07-17 06:25:56.856 E/SpeechMessengerNormal(  741): openCcciDriver(), open(/dev/ccci_aud) fail!! mCcciDeviceHandler: -1, errno: 2
07-17 06:25:56.857 W/SpeechMessengerNormal(  741): checkCcciStatusAndRecovery(), #78, sleep 10 ms & retry openCcciDriver
07-17 06:25:56.868 E/SpeechMessengerNormal(  741): openCcciDriver(), open(/dev/ccci_aud) fail!! mCcciDeviceHandler: -1, errno: 2
07-17 06:25:56.869 W/SpeechMessengerNormal(  741): checkCcciStatusAndRecovery(), #79, sleep 10 ms & retry openCcciDriver
07-17 06:25:56.880 E/SpeechMessengerNormal(  741): openCcciDriver(), open(/dev/ccci_aud) fail!! mCcciDeviceHandler: -1, errno: 2
07-17 06:25:56.880 W/SpeechMessengerNormal(  741): checkCcciStatusAndRecovery(), #80, sleep 10 ms & retry openCcciDriver
07-17 06:25:56.893 E/SpeechMessengerNormal(  741): openCcciDriver(), open(/dev/ccci_aud) fail!! mCcciDeviceHandler: -1, errno: 2
07-17 06:25:56.894 W/SpeechMessengerNormal(  741): checkCcciStatusAndRecovery(), #81, sleep 10 ms & retry openCcciDriver
07-17 06:25:56.907 E/SpeechMessengerNormal(  741): openCcciDriver(), open(/dev/ccci_aud) fail!! mCcciDeviceHandler: -1, errno: 2
07-17 06:25:56.907 W/SpeechMessengerNormal(  741): checkCcciStatusAndRecovery(), #82, sleep 10 ms & retry openCcciDriver
07-17 06:25:56.921 E/VT HIDL (  793): [IVT] [VT THREAD] [VT_Bind] des = volte_imsvt1 Fail to connect . retry count: 18397
07-17 06:25:56.922 E/SpeechMessengerNormal(  741): openCcciDriver(), open(/dev/ccci_aud) fail!! mCcciDeviceHandler: -1, errno: 2
07-17 06:25:56.922 W/SpeechMessengerNormal(  741): checkCcciStatusAndRecovery(), #83, sleep 10 ms & retry openCcciDriver
07-17 06:25:56.922 D/VT HIDL (  793): [IVT] isIMCBrun : True
07-17 06:25:56.934 E/SpeechMessengerNormal(  741): openCcciDriver(), open(/dev/ccci_aud) fail!! mCcciDeviceHandler: -1, errno: 2
07-17 06:25:56.934 W/SpeechMessengerNormal(  741): checkCcciStatusAndRecovery(), #84, sleep 10 ms & retry openCcciDriver
07-17 06:25:56.947 E/SpeechMessengerNormal(  741): openCcciDriver(), open(/dev/ccci_aud) fail!! mCcciDeviceHandler: -1, errno: 2
07-17 06:25:56.947 W/SpeechMessengerNormal(  741): checkCcciStatusAndRecovery(), #85, sleep 10 ms & retry openCcciDriver
07-17 06:25:56.961 E/SpeechMessengerNormal(  741): openCcciDriver(), open(/dev/ccci_aud) fail!! mCcciDeviceHandler: -1, errno: 2
07-17 06:25:56.961 W/SpeechMessengerNormal(  741): checkCcciStatusAndRecovery(), #86, sleep 10 ms & retry openCcciDriver
07-17 06:25:56.975 E/SpeechMessengerNormal(  741): openCcciDriver(), open(/dev/ccci_aud) fail!! mCcciDeviceHandler: -1, errno: 2
07-17 06:25:56.975 W/SpeechMessengerNormal(  741): checkCcciStatusAndRecovery(), #87, sleep 10 ms & retry openCcciDriver
07-17 06:25:56.986 E/SpeechMessengerNormal(  741): openCcciDriver(), open(/dev/ccci_aud) fail!! mCcciDeviceHandler: -1, errno: 2
07-17 06:25:56.987 W/SpeechMessengerNormal(  741): checkCcciStatusAndRecovery(), #88, sleep 10 ms & retry openCcciDriver
07-17 06:25:57.001 E/SpeechMessengerNormal(  741): openCcciDriver(), open(/dev/ccci_aud) fail!! mCcciDeviceHandler: -1, errno: 2
07-17 06:25:57.002 W/SpeechMessengerNormal(  741): checkCcciStatusAndRecovery(), #89, sleep 10 ms & retry openCcciDriver
07-17 06:25:57.013 E/SpeechMessengerNormal(  741): openCcciDriver(), open(/dev/ccci_aud) fail!! mCcciDeviceHandler: -1, errno: 2
07-17 06:25:57.014 W/SpeechMessengerNormal(  741): checkCcciStatusAndRecovery(), #90, sleep 10 ms & retry openCcciDriver
07-17 06:25:57.027 E/SpeechMessengerNormal(  741): openCcciDriver(), open(/dev/ccci_aud) fail!! mCcciDeviceHandler: -1, errno: 2
07-17 06:25:57.027 W/SpeechMessengerNormal(  741): checkCcciStatusAndRecovery(), #91, sleep 10 ms & retry openCcciDriver
07-17 06:25:57.041 E/SpeechMessengerNormal(  741): openCcciDriver(), open(/dev/ccci_aud) fail!! mCcciDeviceHandler: -1, errno: 2
07-17 06:25:57.041 W/SpeechMessengerNormal(  741): checkCcciStatusAndRecovery(), #92, sleep 10 ms & retry openCcciDriver
07-17 06:25:57.053 E/SpeechMessengerNormal(  741): openCcciDriver(), open(/dev/ccci_aud) fail!! mCcciDeviceHandler: -1, errno: 2
07-17 06:25:57.053 W/SpeechMessengerNormal(  741): checkCcciStatusAndRecovery(), #93, sleep 10 ms & retry openCcciDriver
07-17 06:25:57.068 E/SpeechMessengerNormal(  741): openCcciDriver(), open(/dev/ccci_aud) fail!! mCcciDeviceHandler: -1, errno: 2
07-17 06:25:57.068 W/SpeechMessengerNormal(  741): checkCcciStatusAndRecovery(), #94, sleep 10 ms & retry openCcciDriver
07-17 06:25:57.080 E/SpeechMessengerNormal(  741): openCcciDriver(), open(/dev/ccci_aud) fail!! mCcciDeviceHandler: -1, errno: 2
07-17 06:25:57.081 W/SpeechMessengerNormal(  741): checkCcciStatusAndRecovery(), #95, sleep 10 ms & retry openCcciDriver
07-17 06:25:57.091 E/SpeechMessengerNormal(  741): openCcciDriver(), open(/dev/ccci_aud) fail!! mCcciDeviceHandler: -1, errno: 2
07-17 06:25:57.091 W/SpeechMessengerNormal(  741): checkCcciStatusAndRecovery(), #96, sleep 10 ms & retry openCcciDriver
07-17 06:25:57.104 E/SpeechMessengerNormal(  741): openCcciDriver(), open(/dev/ccci_aud) fail!! mCcciDeviceHandler: -1, errno: 2
07-17 06:25:57.104 W/SpeechMessengerNormal(  741): checkCcciStatusAndRecovery(), #97, sleep 10 ms & retry openCcciDriver
07-17 06:25:57.111 E/AVSync  ( 1061): open dev failed: retry=18435, g_fd_avsync=-1, errno=2, No such file or directory
07-17 06:25:57.113 I/servicemanager(  433): Found android.hardware.radio.config.IRadioConfig/default in device VINTF manifest.
07-17 06:25:57.115 E/SpeechMessengerNormal(  741): openCcciDriver(), open(/dev/ccci_aud) fail!! mCcciDeviceHandler: -1, errno: 2
07-17 06:25:57.115 W/SpeechMessengerNormal(  741): checkCcciStatusAndRecovery(), #98, sleep 10 ms & retry openCcciDriver
07-17 06:25:57.127 E/SpeechMessengerNormal(  741): openCcciDriver(), open(/dev/ccci_aud) fail!! mCcciDeviceHandler: -1, errno: 2
07-17 06:25:57.127 W/SpeechMessengerNormal(  741): checkCcciStatusAndRecovery(), #99, sleep 10 ms & retry openCcciDriver
07-17 06:25:57.139 E/SpeechMessengerNormal(  741): openCcciDriver(), open(/dev/ccci_aud) fail!! mCcciDeviceHandler: -1, errno: 2
07-17 06:25:57.140 W/SpeechMessengerNormal(  741): checkCcciStatusAndRecovery(), #100, sleep 10 ms & retry openCcciDriver
07-17 06:25:57.152 E/SpeechMessengerNormal(  741): openCcciDriver(), open(/dev/ccci_aud) fail!! mCcciDeviceHandler: -1, errno: 2
07-17 06:25:57.153 W/SpeechMessengerNormal(  741): checkCcciStatusAndRecovery(), #101, sleep 10 ms & retry openCcciDriver
07-17 06:25:57.166 E/SpeechMessengerNormal(  741): openCcciDriver(), open(/dev/ccci_aud) fail!! mCcciDeviceHandler: -1, errno: 2
07-17 06:25:57.166 W/SpeechMessengerNormal(  741): checkCcciStatusAndRecovery(), #102, sleep 10 ms & retry openCcciDriver
07-17 06:25:57.178 E/SpeechMessengerNormal(  741): openCcciDriver(), open(/dev/ccci_aud) fail!! mCcciDeviceHandler: -1, errno: 2
07-17 06:25:57.178 W/SpeechMessengerNormal(  741): checkCcciStatusAndRecovery(), #103, sleep 10 ms & retry openCcciDriver
07-17 06:25:57.189 E/SpeechMessengerNormal(  741): openCcciDriver(), open(/dev/ccci_aud) fail!! mCcciDeviceHandler: -1, errno: 2
07-17 06:25:57.189 W/SpeechMessengerNormal(  741): checkCcciStatusAndRecovery(), #104, sleep 10 ms & retry openCcciDriver
07-17 06:25:57.204 E/SpeechMessengerNormal(  741): openCcciDriver(), open(/dev/ccci_aud) fail!! mCcciDeviceHandler: -1, errno: 2
07-17 06:25:57.204 W/SpeechMessengerNormal(  741): checkCcciStatusAndRecovery(), #105, sleep 10 ms & retry openCcciDriver
07-17 06:25:57.215 E/SpeechMessengerNormal(  741): openCcciDriver(), open(/dev/ccci_aud) fail!! mCcciDeviceHandler: -1, errno: 2
07-17 06:25:57.215 W/SpeechMessengerNormal(  741): checkCcciStatusAndRecovery(), #106, sleep 10 ms & retry openCcciDriver
07-17 06:25:57.225 E/SpeechMessengerNormal(  741): openCcciDriver(), open(/dev/ccci_aud) fail!! mCcciDeviceHandler: -1, errno: 2
07-17 06:25:57.225 W/SpeechMessengerNormal(  741): checkCcciStatusAndRecovery(), #107, sleep 10 ms & retry openCcciDriver
07-17 06:25:57.236 E/SpeechMessengerNormal(  741): openCcciDriver(), open(/dev/ccci_aud) fail!! mCcciDeviceHandler: -1, errno: 2
07-17 06:25:57.236 W/SpeechMessengerNormal(  741): checkCcciStatusAndRecovery(), #108, sleep 10 ms & retry openCcciDriver
07-17 06:25:57.250 E/SpeechMessengerNormal(  741): openCcciDriver(), open(/dev/ccci_aud) fail!! mCcciDeviceHandler: -1, errno: 2
07-17 06:25:57.251 W/SpeechMessengerNormal(  741): checkCcciStatusAndRecovery(), #109, sleep 10 ms & retry openCcciDriver
07-17 06:25:57.258 D/ULogGuard( 1100): Monitoring: 0 threads, 0 requests, 0 time-bombs; 1 guards. ResetFlags = 0x7
07-17 06:25:57.262 E/SpeechMessengerNormal(  741): openCcciDriver(), open(/dev/ccci_aud) fail!! mCcciDeviceHandler: -1, errno: 2
07-17 06:25:57.262 W/SpeechMessengerNormal(  741): checkCcciStatusAndRecovery(), #110, sleep 10 ms & retry openCcciDriver
