07-17 09:31:32.473 W/SpeechMessengerNormal(  747): checkCcciStatusAndRecovery(), #20, sleep 10 ms & retry openCcciDriver
07-17 09:31:32.479 D/[gs_ta] (  523):  [I][gs_ese_protocol]data:0x0000,try read 7
07-17 09:31:32.484 E/SpeechMessengerNormal(  747): openCcciDriver(), open(/dev/ccci_aud) fail!! mCcciDeviceHandler: -1, errno: 2
07-17 09:31:32.484 W/SpeechMessengerNormal(  747): checkCcciStatusAndRecovery(), #21, sleep 10 ms & retry openCcciDriver
07-17 09:31:32.495 E/SpeechMessengerNormal(  747): openCcciDriver(), open(/dev/ccci_aud) fail!! mCcciDeviceHandler: -1, errno: 2
07-17 09:31:32.495 W/SpeechMessengerNormal(  747): checkCcciStatusAndRecovery(), #22, sleep 10 ms & retry openCcciDriver
07-17 09:31:32.496 D/[gs_ta] (  523):  [I][gs_ese_protocol]data:0x0000,try read 8
07-17 09:31:32.506 E/SpeechMessengerNormal(  747): openCcciDriver(), open(/dev/ccci_aud) fail!! mCcciDeviceHandler: -1, errno: 2
07-17 09:31:32.507 W/SpeechMessengerNormal(  747): checkCcciStatusAndRecovery(), #23, sleep 10 ms & retry openCcciDriver
07-17 09:31:32.510 D/[gs_ta] (  523):  [I][gs_ese_protocol]data:0x0000,try read 9
07-17 09:31:32.517 E/SpeechMessengerNormal(  747): openCcciDriver(), open(/dev/ccci_aud) fail!! mCcciDeviceHandler: -1, errno: 2
07-17 09:31:32.517 W/SpeechMessengerNormal(  747): checkCcciStatusAndRecovery(), #24, sleep 10 ms & retry openCcciDriver
07-17 09:31:32.526 D/[gs_ta] (  523):  [I][gs_ese_protocol]data:0x0000,try read 10
07-17 09:31:32.528 E/SpeechMessengerNormal(  747): openCcciDriver(), open(/dev/ccci_aud) fail!! mCcciDeviceHandler: -1, errno: 2
07-17 09:31:32.528 W/SpeechMessengerNormal(  747): checkCcciStatusAndRecovery(), #25, sleep 10 ms & retry openCcciDriver
07-17 09:31:32.539 E/SpeechMessengerNormal(  747): openCcciDriver(), open(/dev/ccci_aud) fail!! mCcciDeviceHandler: -1, errno: 2
07-17 09:31:32.539 W/SpeechMessengerNormal(  747): checkCcciStatusAndRecovery(), #26, sleep 10 ms & retry openCcciDriver
07-17 09:31:32.542 D/[gs_ta] (  523):  [I][gs_ese_protocol]data:0x0000,try read 11
07-17 09:31:32.550 E/SpeechMessengerNormal(  747): openCcciDriver(), open(/dev/ccci_aud) fail!! mCcciDeviceHandler: -1, errno: 2
07-17 09:31:32.550 W/SpeechMessengerNormal(  747): checkCcciStatusAndRecovery(), #27, sleep 10 ms & retry openCcciDriver
07-17 09:31:32.557 D/[gs_ta] (  523):  [I][gs_ese_protocol]data:0x0000,try read 12
07-17 09:31:32.561 E/SpeechMessengerNormal(  747): openCcciDriver(), open(/dev/ccci_aud) fail!! mCcciDeviceHandler: -1, errno: 2
07-17 09:31:32.561 W/SpeechMessengerNormal(  747): checkCcciStatusAndRecovery(), #28, sleep 10 ms & retry openCcciDriver
07-17 09:31:32.572 E/SpeechMessengerNormal(  747): openCcciDriver(), open(/dev/ccci_aud) fail!! mCcciDeviceHandler: -1, errno: 2
07-17 09:31:32.572 W/SpeechMessengerNormal(  747): checkCcciStatusAndRecovery(), #29, sleep 10 ms & retry openCcciDriver
07-17 09:31:32.576 D/[gs_ta] (  523):  [I][gs_ese_protocol]data:0x0000,try read 13
07-17 09:31:32.583 E/SpeechMessengerNormal(  747): openCcciDriver(), open(/dev/ccci_aud) fail!! mCcciDeviceHandler: -1, errno: 2
07-17 09:31:32.583 W/SpeechMessengerNormal(  747): checkCcciStatusAndRecovery(), #30, sleep 10 ms & retry openCcciDriver
07-17 09:31:32.584 E/AVSync  ( 1066): open dev failed: retry=12171, g_fd_avsync=-1, errno=2, No such file or directory
07-17 09:31:32.591 D/[gs_ta] (  523):  [I][gs_ese_protocol]data:0x0000,try read 14
07-17 09:31:32.594 E/SpeechMessengerNormal(  747): openCcciDriver(), open(/dev/ccci_aud) fail!! mCcciDeviceHandler: -1, errno: 2
07-17 09:31:32.594 W/SpeechMessengerNormal(  747): checkCcciStatusAndRecovery(), #31, sleep 10 ms & retry openCcciDriver
07-17 09:31:32.606 D/[gs_ta] (  523):  [I][gs_ese_protocol]data:0x0000,try read 15
07-17 09:31:32.607 E/SpeechMessengerNormal(  747): openCcciDriver(), open(/dev/ccci_aud) fail!! mCcciDeviceHandler: -1, errno: 2
07-17 09:31:32.607 W/SpeechMessengerNormal(  747): checkCcciStatusAndRecovery(), #32, sleep 10 ms & retry openCcciDriver
07-17 09:31:32.619 E/SpeechMessengerNormal(  747): openCcciDriver(), open(/dev/ccci_aud) fail!! mCcciDeviceHandler: -1, errno: 2
07-17 09:31:32.619 W/SpeechMessengerNormal(  747): checkCcciStatusAndRecovery(), #33, sleep 10 ms & retry openCcciDriver
07-17 09:31:32.622 D/[gs_ta] (  523):  [I][gs_ese_protocol]data:0x0000,try read 16
07-17 09:31:32.629 E/VT HIDL (  789): [IVT] [VT THREAD] [VT_Bind] des = volte_imsvt1 Fail to connect . retry count: 12147
07-17 09:31:32.630 D/VT HIDL (  789): [IVT] isIMCBrun : True
07-17 09:31:32.631 E/SpeechMessengerNormal(  747): openCcciDriver(), open(/dev/ccci_aud) fail!! mCcciDeviceHandler: -1, errno: 2
07-17 09:31:32.631 W/SpeechMessengerNormal(  747): checkCcciStatusAndRecovery(), #34, sleep 10 ms & retry openCcciDriver
07-17 09:31:32.636 D/[gs_ta] (  523):  [I][gs_ese_protocol]data:0x0000,try read 17
07-17 09:31:32.642 E/SpeechMessengerNormal(  747): openCcciDriver(), open(/dev/ccci_aud) fail!! mCcciDeviceHandler: -1, errno: 2
07-17 09:31:32.642 W/SpeechMessengerNormal(  747): checkCcciStatusAndRecovery(), #35, sleep 10 ms & retry openCcciDriver
07-17 09:31:32.653 E/SpeechMessengerNormal(  747): openCcciDriver(), open(/dev/ccci_aud) fail!! mCcciDeviceHandler: -1, errno: 2
07-17 09:31:32.654 W/SpeechMessengerNormal(  747): checkCcciStatusAndRecovery(), #36, sleep 10 ms & retry openCcciDriver
07-17 09:31:32.662 D/[gs_ta] (  523):  [I][gs_ese_data]receive data length = 7
07-17 09:31:32.663 D/[gs_ta] (  523):  [I][gs_ese_data]receive data = 0x12C30001017BFA  
07-17 09:31:32.663 D/[gs_ta] (  523):  [I][gs_ese_protocol]receive S frame
07-17 09:31:32.663 D/[gs_ta] (  523):  [I][gs_ese_protocol] ese_decode_frame Wtx_counter value = 1
07-17 09:31:32.663 D/[gs_ta] (  523):  [I][gs_ese_protocol] ese_decode_frame Wtx_counter wtx_counter_limit = 10
07-17 09:31:32.663 D/[gs_ta] (  523):  [I][gs_ese_protocol]next transmit state = 5
07-17 09:31:32.663 D/[gs_ta] (  523):  [I][gs_ese_protocol]S bolck type is 0xe3
07-17 09:31:32.663 D/[gs_ta] (  523):  [I][gs_ese_protocol]S-Frame PCB: 0xe3
07-17 09:31:32.663 D/[gs_ta] (  523):  [I][gs_ese_transmit]g_send_wakeup_frame = 0
07-17 09:31:32.663 D/[gs_ta] (  523):  [I][gs_ese_transmit]currentTimeStamp = 1689586292663557
07-17 09:31:32.663 D/[gs_ta] (  523):  [I][gs_ese_transmit]g_lastWriteSpiTimeStamp = 1689586292385317
07-17 09:31:32.667 E/SpeechMessengerNormal(  747): openCcciDriver(), open(/dev/ccci_aud) fail!! mCcciDeviceHandler: -1, errno: 2
07-17 09:31:32.667 W/SpeechMessengerNormal(  747): checkCcciStatusAndRecovery(), #37, sleep 10 ms & retry openCcciDriver
07-17 09:31:32.671 D/[gs_ta] (  523):  [I][gs_ese_data]send data length = 7:
07-17 09:31:32.671 D/[gs_ta] (  523):  [I][gs_ese_data]send data = 0x21E30001013DB4  
07-17 09:31:32.677 E/SpeechMessengerNormal(  747): openCcciDriver(), open(/dev/ccci_aud) fail!! mCcciDeviceHandler: -1, errno: 2
07-17 09:31:32.678 W/SpeechMessengerNormal(  747): checkCcciStatusAndRecovery(), #38, sleep 10 ms & retry openCcciDriver
07-17 09:31:32.679 D/[gs_ta] (  523):  [I][gs_ese_protocol]data:0x0000,try read 1
07-17 09:31:32.688 E/SpeechMessengerNormal(  747): openCcciDriver(), open(/dev/ccci_aud) fail!! mCcciDeviceHandler: -1, errno: 2
07-17 09:31:32.689 W/SpeechMessengerNormal(  747): checkCcciStatusAndRecovery(), #39, sleep 10 ms & retry openCcciDriver
07-17 09:31:32.693 D/[gs_ta] (  523):  [I][gs_ese_protocol]data:0x0000,try read 2
07-17 09:31:32.696 I/servicemanager(  441): Found android.hardware.radio.config.IRadioConfig/default in device VINTF manifest.
07-17 09:31:32.699 E/SpeechMessengerNormal(  747): openCcciDriver(), open(/dev/ccci_aud) fail!! mCcciDeviceHandler: -1, errno: 2
07-17 09:31:32.699 W/SpeechMessengerNormal(  747): checkCcciStatusAndRecovery(), #40, sleep 10 ms & retry openCcciDriver
07-17 09:31:32.706 D/[gs_ta] (  523):  [I][gs_ese_protocol]data:0x0000,try read 3
07-17 09:31:32.710 E/SpeechMessengerNormal(  747): openCcciDriver(), open(/dev/ccci_aud) fail!! mCcciDeviceHandler: -1, errno: 2
07-17 09:31:32.710 W/SpeechMessengerNormal(  747): checkCcciStatusAndRecovery(), #41, sleep 10 ms & retry openCcciDriver
07-17 09:31:32.721 E/SpeechMessengerNormal(  747): openCcciDriver(), open(/dev/ccci_aud) fail!! mCcciDeviceHandler: -1, errno: 2
07-17 09:31:32.721 W/SpeechMessengerNormal(  747): checkCcciStatusAndRecovery(), #42, sleep 10 ms & retry openCcciDriver
07-17 09:31:32.722 D/[gs_ta] (  523):  [I][gs_ese_protocol]data:0x0000,try read 4
07-17 09:31:32.731 E/SpeechMessengerNormal(  747): openCcciDriver(), open(/dev/ccci_aud) fail!! mCcciDeviceHandler: -1, errno: 2
07-17 09:31:32.732 W/SpeechMessengerNormal(  747): checkCcciStatusAndRecovery(), #43, sleep 10 ms & retry openCcciDriver
07-17 09:31:32.736 D/[gs_ta] (  523):  [I][gs_ese_protocol]data:0x0000,try read 5
07-17 09:31:32.742 E/SpeechMessengerNormal(  747): openCcciDriver(), open(/dev/ccci_aud) fail!! mCcciDeviceHandler: -1, errno: 2
07-17 09:31:32.742 W/SpeechMessengerNormal(  747): checkCcciStatusAndRecovery(), #44, sleep 10 ms & retry openCcciDriver
07-17 09:31:32.751 D/[gs_ta] (  523):  [I][gs_ese_protocol]data:0x0000,try read 6
07-17 09:31:32.753 E/SpeechMessengerNormal(  747): openCcciDriver(), open(/dev/ccci_aud) fail!! mCcciDeviceHandler: -1, errno: 2
07-17 09:31:32.753 W/SpeechMessengerNormal(  747): checkCcciStatusAndRecovery(), #45, sleep 10 ms & retry openCcciDriver
07-17 09:31:32.763 E/SpeechMessengerNormal(  747): openCcciDriver(), open(/dev/ccci_aud) fail!! mCcciDeviceHandler: -1, errno: 2
07-17 09:31:32.763 W/SpeechMessengerNormal(  747): checkCcciStatusAndRecovery(), #46, sleep 10 ms & retry openCcciDriver
07-17 09:31:32.767 D/[gs_ta] (  523):  [I][gs_ese_protocol]data:0x0000,try read 7
07-17 09:31:32.774 E/SpeechMessengerNormal(  747): openCcciDriver(), open(/dev/ccci_aud) fail!! mCcciDeviceHandler: -1, errno: 2
07-17 09:31:32.775 W/SpeechMessengerNormal(  747): checkCcciStatusAndRecovery(), #47, sleep 10 ms & retry openCcciDriver
07-17 09:31:32.782 D/[gs_ta] (  523):  [I][gs_ese_protocol]data:0x0000,try read 8
07-17 09:31:32.785 E/SpeechMessengerNormal(  747): openCcciDriver(), open(/dev/ccci_aud) fail!! mCcciDeviceHandler: -1, errno: 2
07-17 09:31:32.785 W/SpeechMessengerNormal(  747): checkCcciStatusAndRecovery(), #48, sleep 10 ms & retry openCcciDriver
07-17 09:31:32.796 E/SpeechMessengerNormal(  747): openCcciDriver(), open(/dev/ccci_aud) fail!! mCcciDeviceHandler: -1, errno: 2
07-17 09:31:32.796 W/SpeechMessengerNormal(  747): checkCcciStatusAndRecovery(), #49, sleep 10 ms & retry openCcciDriver
07-17 09:31:32.800 D/[gs_ta] (  523):  [I][gs_ese_protocol]data:0x0000,try read 9
07-17 09:31:32.807 E/SpeechMessengerNormal(  747): openCcciDriver(), open(/dev/ccci_aud) fail!! mCcciDeviceHandler: -1, errno: 2
07-17 09:31:32.807 W/SpeechMessengerNormal(  747): checkCcciStatusAndRecovery(), #50, sleep 10 ms & retry openCcciDriver
07-17 09:31:32.818 D/[gs_ta] (  523):  [I][gs_ese_protocol]data:0x0000,try read 10
07-17 09:31:32.819 E/SpeechMessengerNormal(  747): openCcciDriver(), open(/dev/ccci_aud) fail!! mCcciDeviceHandler: -1, errno: 2
07-17 09:31:32.819 W/SpeechMessengerNormal(  747): checkCcciStatusAndRecovery(), #51, sleep 10 ms & retry openCcciDriver
07-17 09:31:32.830 E/SpeechMessengerNormal(  747): openCcciDriver(), open(/dev/ccci_aud) fail!! mCcciDeviceHandler: -1, errno: 2
07-17 09:31:32.831 W/SpeechMessengerNormal(  747): checkCcciStatusAndRecovery(), #52, sleep 10 ms & retry openCcciDriver
07-17 09:31:32.834 D/[gs_ta] (  523):  [I][gs_ese_protocol]data:0x0000,try read 11
07-17 09:31:32.842 E/SpeechMessengerNormal(  747): openCcciDriver(), open(/dev/ccci_aud) fail!! mCcciDeviceHandler: -1, errno: 2
07-17 09:31:32.842 W/SpeechMessengerNormal(  747): checkCcciStatusAndRecovery(), #53, sleep 10 ms & retry openCcciDriver
07-17 09:31:32.848 D/[gs_ta] (  523):  [I][gs_ese_protocol]data:0x0000,try read 12
07-17 09:31:32.853 E/SpeechMessengerNormal(  747): openCcciDriver(), open(/dev/ccci_aud) fail!! mCcciDeviceHandler: -1, errno: 2
07-17 09:31:32.853 W/SpeechMessengerNormal(  747): checkCcciStatusAndRecovery(), #54, sleep 10 ms & retry openCcciDriver
07-17 09:31:32.864 D/[gs_ta] (  523):  [I][gs_ese_protocol]data:0x0000,try read 13
07-17 09:31:32.864 E/SpeechMessengerNormal(  747): openCcciDriver(), open(/dev/ccci_aud) fail!! mCcciDeviceHandler: -1, errno: 2
07-17 09:31:32.865 W/SpeechMessengerNormal(  747): checkCcciStatusAndRecovery(), #55, sleep 10 ms & retry openCcciDriver
07-17 09:31:32.875 E/SpeechMessengerNormal(  747): openCcciDriver(), open(/dev/ccci_aud) fail!! mCcciDeviceHandler: -1, errno: 2
07-17 09:31:32.876 W/SpeechMessengerNormal(  747): checkCcciStatusAndRecovery(), #56, sleep 10 ms & retry openCcciDriver
07-17 09:31:32.880 D/[gs_ta] (  523):  [I][gs_ese_protocol]data:0x0000,try read 14
07-17 09:31:32.886 E/SpeechMessengerNormal(  747): openCcciDriver(), open(/dev/ccci_aud) fail!! mCcciDeviceHandler: -1, errno: 2
07-17 09:31:32.887 W/SpeechMessengerNormal(  747): checkCcciStatusAndRecovery(), #57, sleep 10 ms & retry openCcciDriver
07-17 09:31:32.895 D/[gs_ta] (  523):  [I][gs_ese_protocol]data:0x0000,try read 15
07-17 09:31:32.897 E/SpeechMessengerNormal(  747): openCcciDriver(), open(/dev/ccci_aud) fail!! mCcciDeviceHandler: -1, errno: 2
07-17 09:31:32.897 W/SpeechMessengerNormal(  747): checkCcciStatusAndRecovery(), #58, sleep 10 ms & retry openCcciDriver
07-17 09:31:32.908 E/SpeechMessengerNormal(  747): openCcciDriver(), open(/dev/ccci_aud) fail!! mCcciDeviceHandler: -1, errno: 2
07-17 09:31:32.909 W/SpeechMessengerNormal(  747): checkCcciStatusAndRecovery(), #59, sleep 10 ms & retry openCcciDriver
07-17 09:31:32.911 D/[gs_ta] (  523):  [I][gs_ese_protocol]data:0x0000,try read 16
07-17 09:31:32.919 E/SpeechMessengerNormal(  747): openCcciDriver(), open(/dev/ccci_aud) fail!! mCcciDeviceHandler: -1, errno: 2
07-17 09:31:32.920 W/SpeechMessengerNormal(  747): checkCcciStatusAndRecovery(), #60, sleep 10 ms & retry openCcciDriver
07-17 09:31:32.930 E/SpeechMessengerNormal(  747): openCcciDriver(), open(/dev/ccci_aud) fail!! mCcciDeviceHandler: -1, errno: 2
07-17 09:31:32.931 W/SpeechMessengerNormal(  747): checkCcciStatusAndRecovery(), #61, sleep 10 ms & retry openCcciDriver
07-17 09:31:32.935 D/[gs_ta] (  523):  [I][gs_ese_data]receive data length = 7
07-17 09:31:32.935 D/[gs_ta] (  523):  [I][gs_ese_data]receive data = 0x12C30001017BFA  
07-17 09:31:32.935 D/[gs_ta] (  523):  [I][gs_ese_protocol]receive S frame
07-17 09:31:32.935 D/[gs_ta] (  523):  [I][gs_ese_protocol] ese_decode_frame Wtx_counter value = 2
07-17 09:31:32.936 D/[gs_ta] (  523):  [I][gs_ese_protocol] ese_decode_frame Wtx_counter wtx_counter_limit = 10
07-17 09:31:32.936 D/[gs_ta] (  523):  [I][gs_ese_protocol]next transmit state = 5
07-17 09:31:32.936 D/[gs_ta] (  523):  [I][gs_ese_protocol]S bolck type is 0xe3
07-17 09:31:32.936 D/[gs_ta] (  523):  [I][gs_ese_protocol]S-Frame PCB: 0xe3
07-17 09:31:32.936 D/[gs_ta] (  523):  [I][gs_ese_transmit]g_send_wakeup_frame = 0
07-17 09:31:32.936 D/[gs_ta] (  523):  [I][gs_ese_transmit]currentTimeStamp = 1689586292936435
07-17 09:31:32.936 D/[gs_ta] (  523):  [I][gs_ese_transmit]g_lastWriteSpiTimeStamp = 1689586292671239
07-17 09:31:32.939 D/[gs_ta] (  523):  [I][gs_ese_data]send data length = 7:
07-17 09:31:32.940 D/[gs_ta] (  523):  [I][gs_ese_data]send data = 0x21E30001013DB4  
07-17 09:31:32.941 E/SpeechMessengerNormal(  747): openCcciDriver(), open(/dev/ccci_aud) fail!! mCcciDeviceHandler: -1, errno: 2
07-17 09:31:32.942 W/SpeechMessengerNormal(  747): checkCcciStatusAndRecovery(), #62, sleep 10 ms & retry openCcciDriver
07-17 09:31:32.944 D/[gs_ta] (  523):  [I][gs_ese_protocol]data:0x0000,try read 1
07-17 09:31:32.952 E/SpeechMessengerNormal(  747): openCcciDriver(), open(/dev/ccci_aud) fail!! mCcciDeviceHandler: -1, errno: 2
07-17 09:31:32.952 W/SpeechMessengerNormal(  747): checkCcciStatusAndRecovery(), #63, sleep 10 ms & retry openCcciDriver
07-17 09:31:32.960 D/[gs_ta] (  523):  [I][gs_ese_protocol]data:0x0000,try read 2
07-17 09:31:32.963 E/SpeechMessengerNormal(  747): openCcciDriver(), open(/dev/ccci_aud) fail!! mCcciDeviceHandler: -1, errno: 2
07-17 09:31:32.963 W/SpeechMessengerNormal(  747): checkCcciStatusAndRecovery(), #64, sleep 10 ms & retry openCcciDriver
07-17 09:31:32.973 E/SpeechMessengerNormal(  747): openCcciDriver(), open(/dev/ccci_aud) fail!! mCcciDeviceHandler: -1, errno: 2
07-17 09:31:32.974 W/SpeechMessengerNormal(  747): checkCcciStatusAndRecovery(), #65, sleep 10 ms & retry openCcciDriver
07-17 09:31:32.975 D/[gs_ta] (  523):  [I][gs_ese_protocol]data:0x0000,try read 3
07-17 09:31:32.976 I/servicemanager(  441): Found android.hardware.radio.voice.IRadioVoice/imsSlot1 in device VINTF manifest.
07-17 09:31:32.980 I/servicemanager(  441): Found android.hardware.radio.sim.IRadioSim/imsSlot1 in device VINTF manifest.
07-17 09:31:32.984 E/SpeechMessengerNormal(  747): openCcciDriver(), open(/dev/ccci_aud) fail!! mCcciDeviceHandler: -1, errno: 2
07-17 09:31:32.984 W/SpeechMessengerNormal(  747): checkCcciStatusAndRecovery(), #66, sleep 10 ms & retry openCcciDriver
07-17 09:31:32.986 I/servicemanager(  441): Found android.hardware.radio.modem.IRadioModem/imsSlot1 in device VINTF manifest.
07-17 09:31:32.990 I/servicemanager(  441): Found android.hardware.radio.network.IRadioNetwork/imsSlot1 in device VINTF manifest.
07-17 09:31:32.991 D/[gs_ta] (  523):  [I][gs_ese_protocol]data:0x0000,try read 4
07-17 09:31:32.994 I/servicemanager(  441): Found vendor.mediatek.hardware.mtkradioex.ims.IMtkRadioExIms/slot1 in device VINTF manifest.
07-17 09:31:32.995 E/SpeechMessengerNormal(  747): openCcciDriver(), open(/dev/ccci_aud) fail!! mCcciDeviceHandler: -1, errno: 2
07-17 09:31:32.995 W/SpeechMessengerNormal(  747): checkCcciStatusAndRecovery(), #67, sleep 10 ms & retry openCcciDriver
07-17 09:31:32.997 I/servicemanager(  441): Found vendor.mediatek.hardware.mtkradioex.voice.IMtkRadioExVoice/slot1 in device VINTF manifest.
07-17 09:31:33.002 I/servicemanager(  441): Found vendor.mediatek.hardware.mtkradioex.modem.IMtkRadioExModem/slot1 in device VINTF manifest.
07-17 09:31:33.004 I/servicemanager(  441): Found android.hardware.radio.voice.IRadioVoice/imsSlot2 in device VINTF manifest.
07-17 09:31:33.007 E/SpeechMessengerNormal(  747): openCcciDriver(), open(/dev/ccci_aud) fail!! mCcciDeviceHandler: -1, errno: 2
07-17 09:31:33.007 W/SpeechMessengerNormal(  747): checkCcciStatusAndRecovery(), #68, sleep 10 ms & retry openCcciDriver
07-17 09:31:33.007 D/[gs_ta] (  523):  [I][gs_ese_protocol]data:0x0000,try read 5
07-17 09:31:33.013 I/servicemanager(  441): Found android.hardware.radio.sim.IRadioSim/imsSlot2 in device VINTF manifest.
07-17 09:31:33.017 I/servicemanager(  441): Found android.hardware.radio.modem.IRadioModem/imsSlot2 in device VINTF manifest.
07-17 09:31:33.018 E/SpeechMessengerNormal(  747): openCcciDriver(), open(/dev/ccci_aud) fail!! mCcciDeviceHandler: -1, errno: 2
07-17 09:31:33.018 W/SpeechMessengerNormal(  747): checkCcciStatusAndRecovery(), #69, sleep 10 ms & retry openCcciDriver
07-17 09:31:33.021 I/servicemanager(  441): Found android.hardware.radio.network.IRadioNetwork/imsSlot2 in device VINTF manifest.
07-17 09:31:33.023 D/[gs_ta] (  523):  [I][gs_ese_protocol]data:0x0000,try read 6
07-17 09:31:33.025 I/servicemanager(  441): Found vendor.mediatek.hardware.mtkradioex.ims.IMtkRadioExIms/slot2 in device VINTF manifest.
07-17 09:31:33.029 E/SpeechMessengerNormal(  747): openCcciDriver(), open(/dev/ccci_aud) fail!! mCcciDeviceHandler: -1, errno: 2
07-17 09:31:33.029 W/SpeechMessengerNormal(  747): checkCcciStatusAndRecovery(), #70, sleep 10 ms & retry openCcciDriver
07-17 09:31:33.029 I/servicemanager(  441): Found vendor.mediatek.hardware.mtkradioex.voice.IMtkRadioExVoice/slot2 in device VINTF manifest.
07-17 09:31:33.032 I/servicemanager(  441): Found vendor.mediatek.hardware.mtkradioex.modem.IMtkRadioExModem/slot2 in device VINTF manifest.
07-17 09:31:33.039 D/[gs_ta] (  523):  [I][gs_ese_protocol]data:0x0000,try read 7
07-17 09:31:33.039 E/SpeechMessengerNormal(  747): openCcciDriver(), open(/dev/ccci_aud) fail!! mCcciDeviceHandler: -1, errno: 2
07-17 09:31:33.039 W/SpeechMessengerNormal(  747): checkCcciStatusAndRecovery(), #71, sleep 10 ms & retry openCcciDriver
07-17 09:31:33.051 E/SpeechMessengerNormal(  747): openCcciDriver(), open(/dev/ccci_aud) fail!! mCcciDeviceHandler: -1, errno: 2
07-17 09:31:33.051 W/SpeechMessengerNormal(  747): checkCcciStatusAndRecovery(), #72, sleep 10 ms & retry openCcciDriver
07-17 09:31:33.055 D/[gs_ta] (  523):  [I][gs_ese_protocol]data:0x0000,try read 8
07-17 09:31:33.062 E/SpeechMessengerNormal(  747): openCcciDriver(), open(/dev/ccci_aud) fail!! mCcciDeviceHandler: -1, errno: 2
07-17 09:31:33.062 W/SpeechMessengerNormal(  747): checkCcciStatusAndRecovery(), #73, sleep 10 ms & retry openCcciDriver
07-17 09:31:33.071 D/[gs_ta] (  523):  [I][gs_ese_protocol]data:0x0000,try read 9
07-17 09:31:33.072 E/SpeechMessengerNormal(  747): openCcciDriver(), open(/dev/ccci_aud) fail!! mCcciDeviceHandler: -1, errno: 2
07-17 09:31:33.073 W/SpeechMessengerNormal(  747): checkCcciStatusAndRecovery(), #74, sleep 10 ms & retry openCcciDriver
07-17 09:31:33.084 E/SpeechMessengerNormal(  747): openCcciDriver(), open(/dev/ccci_aud) fail!! mCcciDeviceHandler: -1, errno: 2
07-17 09:31:33.084 W/SpeechMessengerNormal(  747): checkCcciStatusAndRecovery(), #75, sleep 10 ms & retry openCcciDriver
07-17 09:31:33.085 E/AVSync  ( 1066): open dev failed: retry=12172, g_fd_avsync=-1, errno=2, No such file or directory
07-17 09:31:33.088 D/[gs_ta] (  523):  [I][gs_ese_protocol]data:0x0000,try read 10
07-17 09:31:33.095 E/SpeechMessengerNormal(  747): openCcciDriver(), open(/dev/ccci_aud) fail!! mCcciDeviceHandler: -1, errno: 2
07-17 09:31:33.095 W/SpeechMessengerNormal(  747): checkCcciStatusAndRecovery(), #76, sleep 10 ms & retry openCcciDriver
07-17 09:31:33.104 D/[gs_ta] (  523):  [I][gs_ese_protocol]data:0x0000,try read 11
07-17 09:31:33.106 E/SpeechMessengerNormal(  747): openCcciDriver(), open(/dev/ccci_aud) fail!! mCcciDeviceHandler: -1, errno: 2
07-17 09:31:33.106 W/SpeechMessengerNormal(  747): checkCcciStatusAndRecovery(), #77, sleep 10 ms & retry openCcciDriver
07-17 09:31:33.118 E/SpeechMessengerNormal(  747): openCcciDriver(), open(/dev/ccci_aud) fail!! mCcciDeviceHandler: -1, errno: 2
07-17 09:31:33.119 W/SpeechMessengerNormal(  747): checkCcciStatusAndRecovery(), #78, sleep 10 ms & retry openCcciDriver
07-17 09:31:33.120 D/[gs_ta] (  523):  [I][gs_ese_protocol]data:0x0000,try read 12
07-17 09:31:33.129 E/SpeechMessengerNormal(  747): openCcciDriver(), open(/dev/ccci_aud) fail!! mCcciDeviceHandler: -1, errno: 2
07-17 09:31:33.130 W/SpeechMessengerNormal(  747): checkCcciStatusAndRecovery(), #79, sleep 10 ms & retry openCcciDriver
07-17 09:31:33.131 E/VT HIDL (  789): [IVT] [VT THREAD] [VT_Bind] des = volte_imsvt1 Fail to connect . retry count: 12148
07-17 09:31:33.132 D/VT HIDL (  789): [IVT] isIMCBrun : True
07-17 09:31:33.136 D/[gs_ta] (  523):  [I][gs_ese_protocol]data:0x0000,try read 13
07-17 09:31:33.140 E/SpeechMessengerNormal(  747): openCcciDriver(), open(/dev/ccci_aud) fail!! mCcciDeviceHandler: -1, errno: 2
07-17 09:31:33.141 W/SpeechMessengerNormal(  747): checkCcciStatusAndRecovery(), #80, sleep 10 ms & retry openCcciDriver
07-17 09:31:33.152 E/SpeechMessengerNormal(  747): openCcciDriver(), open(/dev/ccci_aud) fail!! mCcciDeviceHandler: -1, errno: 2
07-17 09:31:33.152 W/SpeechMessengerNormal(  747): checkCcciStatusAndRecovery(), #81, sleep 10 ms & retry openCcciDriver
07-17 09:31:33.152 D/[gs_ta] (  523):  [I][gs_ese_protocol]data:0x0000,try read 14
07-17 09:31:33.163 E/SpeechMessengerNormal(  747): openCcciDriver(), open(/dev/ccci_aud) fail!! mCcciDeviceHandler: -1, errno: 2
07-17 09:31:33.163 W/SpeechMessengerNormal(  747): checkCcciStatusAndRecovery(), #82, sleep 10 ms & retry openCcciDriver
07-17 09:31:33.168 D/[gs_ta] (  523):  [I][gs_ese_protocol]data:0x0000,try read 15
07-17 09:31:33.174 E/SpeechMessengerNormal(  747): openCcciDriver(), open(/dev/ccci_aud) fail!! mCcciDeviceHandler: -1, errno: 2
07-17 09:31:33.174 W/SpeechMessengerNormal(  747): checkCcciStatusAndRecovery(), #83, sleep 10 ms & retry openCcciDriver
07-17 09:31:33.185 E/SpeechMessengerNormal(  747): openCcciDriver(), open(/dev/ccci_aud) fail!! mCcciDeviceHandler: -1, errno: 2
07-17 09:31:33.186 W/SpeechMessengerNormal(  747): checkCcciStatusAndRecovery(), #84, sleep 10 ms & retry openCcciDriver
07-17 09:31:33.186 D/[gs_ta] (  523):  [I][gs_ese_protocol]data:0x0000,try read 16
07-17 09:31:33.200 E/SpeechMessengerNormal(  747): openCcciDriver(), open(/dev/ccci_aud) fail!! mCcciDeviceHandler: -1, errno: 2
07-17 09:31:33.200 W/SpeechMessengerNormal(  747): checkCcciStatusAndRecovery(), #85, sleep 10 ms & retry openCcciDriver
07-17 09:31:33.210 E/SpeechMessengerNormal(  747): openCcciDriver(), open(/dev/ccci_aud) fail!! mCcciDeviceHandler: -1, errno: 2
07-17 09:31:33.210 W/SpeechMessengerNormal(  747): checkCcciStatusAndRecovery(), #86, sleep 10 ms & retry openCcciDriver
07-17 09:31:33.211 D/[gs_ta] (  523):  [I][gs_ese_data]receive data length = 7
07-17 09:31:33.212 D/[gs_ta] (  523):  [I][gs_ese_data]receive data = 0x12C30001017BFA  
07-17 09:31:33.212 D/[gs_ta] (  523):  [I][gs_ese_protocol]receive S frame
07-17 09:31:33.212 D/[gs_ta] (  523):  [I][gs_ese_protocol] ese_decode_frame Wtx_counter value = 3
07-17 09:31:33.212 D/[gs_ta] (  523):  [I][gs_ese_protocol] ese_decode_frame Wtx_counter wtx_counter_limit = 10
07-17 09:31:33.212 D/[gs_ta] (  523):  [I][gs_ese_protocol]next transmit state = 5
07-17 09:31:33.212 D/[gs_ta] (  523):  [I][gs_ese_protocol]S bolck type is 0xe3
07-17 09:31:33.212 D/[gs_ta] (  523):  [I][gs_ese_protocol]S-Frame PCB: 0xe3
07-17 09:31:33.212 D/[gs_ta] (  523):  [I][gs_ese_transmit]g_send_wakeup_frame = 0
07-17 09:31:33.212 D/[gs_ta] (  523):  [I][gs_ese_transmit]currentTimeStamp = 1689586293212468
07-17 09:31:33.212 D/[gs_ta] (  523):  [I][gs_ese_transmit]g_lastWriteSpiTimeStamp = 1689586292939613
07-17 09:31:33.222 E/SpeechMessengerNormal(  747): openCcciDriver(), open(/dev/ccci_aud) fail!! mCcciDeviceHandler: -1, errno: 2
07-17 09:31:33.222 W/SpeechMessengerNormal(  747): checkCcciStatusAndRecovery(), #87, sleep 10 ms & retry openCcciDriver
07-17 09:31:33.223 D/[gs_ta] (  523):  [I][gs_ese_data]send data length = 7:
07-17 09:31:33.223 D/[gs_ta] (  523):  [I][gs_ese_data]send data = 0x21E30001013DB4  
07-17 09:31:33.227 D/[gs_ta] (  523):  [I][gs_ese_protocol]data:0x0000,try read 1
07-17 09:31:33.232 E/SpeechMessengerNormal(  747): openCcciDriver(), open(/dev/ccci_aud) fail!! mCcciDeviceHandler: -1, errno: 2
07-17 09:31:33.233 W/SpeechMessengerNormal(  747): checkCcciStatusAndRecovery(), #88, sleep 10 ms & retry openCcciDriver
07-17 09:31:33.242 D/[gs_ta] (  523):  [I][gs_ese_protocol]data:0x0000,try read 2
07-17 09:31:33.243 E/SpeechMessengerNormal(  747): openCcciDriver(), open(/dev/ccci_aud) fail!! mCcciDeviceHandler: -1, errno: 2
07-17 09:31:33.243 W/SpeechMessengerNormal(  747): checkCcciStatusAndRecovery(), #89, sleep 10 ms & retry openCcciDriver
07-17 09:31:33.254 E/SpeechMessengerNormal(  747): openCcciDriver(), open(/dev/ccci_aud) fail!! mCcciDeviceHandler: -1, errno: 2
07-17 09:31:33.255 W/SpeechMessengerNormal(  747): checkCcciStatusAndRecovery(), #90, sleep 10 ms & retry openCcciDriver
07-17 09:31:33.258 D/[gs_ta] (  523):  [I][gs_ese_protocol]data:0x0000,try read 3
07-17 09:31:33.265 E/SpeechMessengerNormal(  747): openCcciDriver(), open(/dev/ccci_aud) fail!! mCcciDeviceHandler: -1, errno: 2
07-17 09:31:33.265 W/SpeechMessengerNormal(  747): checkCcciStatusAndRecovery(), #91, sleep 10 ms & retry openCcciDriver
07-17 09:31:33.273 D/[gs_ta] (  523):  [I][gs_ese_protocol]data:0x0000,try read 4
07-17 09:31:33.276 E/SpeechMessengerNormal(  747): openCcciDriver(), open(/dev/ccci_aud) fail!! mCcciDeviceHandler: -1, errno: 2
07-17 09:31:33.276 W/SpeechMessengerNormal(  747): checkCcciStatusAndRecovery(), #92, sleep 10 ms & retry openCcciDriver
07-17 09:31:33.287 E/SpeechMessengerNormal(  747): openCcciDriver(), open(/dev/ccci_aud) fail!! mCcciDeviceHandler: -1, errno: 2
07-17 09:31:33.287 W/SpeechMessengerNormal(  747): checkCcciStatusAndRecovery(), #93, sleep 10 ms & retry openCcciDriver
07-17 09:31:33.289 D/[gs_ta] (  523):  [I][gs_ese_protocol]data:0x0000,try read 5
07-17 09:31:33.298 E/SpeechMessengerNormal(  747): openCcciDriver(), open(/dev/ccci_aud) fail!! mCcciDeviceHandler: -1, errno: 2
07-17 09:31:33.298 W/SpeechMessengerNormal(  747): checkCcciStatusAndRecovery(), #94, sleep 10 ms & retry openCcciDriver
07-17 09:31:33.306 D/[gs_ta] (  523):  [I][gs_ese_protocol]data:0x0000,try read 6
07-17 09:31:33.308 E/SpeechMessengerNormal(  747): openCcciDriver(), open(/dev/ccci_aud) fail!! mCcciDeviceHandler: -1, errno: 2
07-17 09:31:33.309 W/SpeechMessengerNormal(  747): checkCcciStatusAndRecovery(), #95, sleep 10 ms & retry openCcciDriver
07-17 09:31:33.319 E/SpeechMessengerNormal(  747): openCcciDriver(), open(/dev/ccci_aud) fail!! mCcciDeviceHandler: -1, errno: 2
07-17 09:31:33.320 W/SpeechMessengerNormal(  747): checkCcciStatusAndRecovery(), #96, sleep 10 ms & retry openCcciDriver
07-17 09:31:33.323 D/[gs_ta] (  523):  [I][gs_ese_protocol]data:0x0000,try read 7
07-17 09:31:33.330 E/SpeechMessengerNormal(  747): openCcciDriver(), open(/dev/ccci_aud) fail!! mCcciDeviceHandler: -1, errno: 2
07-17 09:31:33.331 W/SpeechMessengerNormal(  747): checkCcciStatusAndRecovery(), #97, sleep 10 ms & retry openCcciDriver
07-17 09:31:33.338 D/[gs_ta] (  523):  [I][gs_ese_protocol]data:0x0000,try read 8
07-17 09:31:33.341 E/SpeechMessengerNormal(  747): openCcciDriver(), open(/dev/ccci_aud) fail!! mCcciDeviceHandler: -1, errno: 2
07-17 09:31:33.341 W/SpeechMessengerNormal(  747): checkCcciStatusAndRecovery(), #98, sleep 10 ms & retry openCcciDriver
07-17 09:31:33.353 E/SpeechMessengerNormal(  747): openCcciDriver(), open(/dev/ccci_aud) fail!! mCcciDeviceHandler: -1, errno: 2
07-17 09:31:33.353 W/SpeechMessengerNormal(  747): checkCcciStatusAndRecovery(), #99, sleep 10 ms & retry openCcciDriver
07-17 09:31:33.355 D/[gs_ta] (  523):  [I][gs_ese_protocol]data:0x0000,try read 9
07-17 09:31:33.364 E/SpeechMessengerNormal(  747): openCcciDriver(), open(/dev/ccci_aud) fail!! mCcciDeviceHandler: -1, errno: 2
07-17 09:31:33.364 W/SpeechMessengerNormal(  747): checkCcciStatusAndRecovery(), #100, sleep 10 ms & retry openCcciDriver
07-17 09:31:33.370 D/[gs_ta] (  523):  [I][gs_ese_protocol]data:0x0000,try read 10
07-17 09:31:33.375 E/SpeechMessengerNormal(  747): openCcciDriver(), open(/dev/ccci_aud) fail!! mCcciDeviceHandler: -1, errno: 2
07-17 09:31:33.375 W/SpeechMessengerNormal(  747): checkCcciStatusAndRecovery(), #101, sleep 10 ms & retry openCcciDriver
07-17 09:31:33.386 E/SpeechMessengerNormal(  747): openCcciDriver(), open(/dev/ccci_aud) fail!! mCcciDeviceHandler: -1, errno: 2
07-17 09:31:33.387 W/SpeechMessengerNormal(  747): checkCcciStatusAndRecovery(), #102, sleep 10 ms & retry openCcciDriver
07-17 09:31:33.387 D/[gs_ta] (  523):  [I][gs_ese_protocol]data:0x0000,try read 11
07-17 09:31:33.398 E/SpeechMessengerNormal(  747): openCcciDriver(), open(/dev/ccci_aud) fail!! mCcciDeviceHandler: -1, errno: 2
07-17 09:31:33.398 W/SpeechMessengerNormal(  747): checkCcciStatusAndRecovery(), #103, sleep 10 ms & retry openCcciDriver
07-17 09:31:33.403 D/[gs_ta] (  523):  [I][gs_ese_protocol]data:0x0000,try read 12
07-17 09:31:33.409 E/SpeechMessengerNormal(  747): openCcciDriver(), open(/dev/ccci_aud) fail!! mCcciDeviceHandler: -1, errno: 2
07-17 09:31:33.409 W/SpeechMessengerNormal(  747): checkCcciStatusAndRecovery(), #104, sleep 10 ms & retry openCcciDriver
07-17 09:31:33.419 D/[gs_ta] (  523):  [I][gs_ese_protocol]data:0x0000,try read 13
07-17 09:31:33.420 E/SpeechMessengerNormal(  747): openCcciDriver(), open(/dev/ccci_aud) fail!! mCcciDeviceHandler: -1, errno: 2
07-17 09:31:33.420 W/SpeechMessengerNormal(  747): checkCcciStatusAndRecovery(), #105, sleep 10 ms & retry openCcciDriver
07-17 09:31:33.431 E/SpeechMessengerNormal(  747): openCcciDriver(), open(/dev/ccci_aud) fail!! mCcciDeviceHandler: -1, errno: 2
07-17 09:31:33.431 W/SpeechMessengerNormal(  747): checkCcciStatusAndRecovery(), #106, sleep 10 ms & retry openCcciDriver
07-17 09:31:33.435 D/[gs_ta] (  523):  [I][gs_ese_protocol]data:0x0000,try read 14
07-17 09:31:33.442 E/SpeechMessengerNormal(  747): openCcciDriver(), open(/dev/ccci_aud) fail!! mCcciDeviceHandler: -1, errno: 2
07-17 09:31:33.442 W/SpeechMessengerNormal(  747): checkCcciStatusAndRecovery(), #107, sleep 10 ms & retry openCcciDriver
07-17 09:31:33.450 D/[gs_ta] (  523):  [I][gs_ese_protocol]data:0x0000,try read 15
07-17 09:31:33.453 E/SpeechMessengerNormal(  747): openCcciDriver(), open(/dev/ccci_aud) fail!! mCcciDeviceHandler: -1, errno: 2
07-17 09:31:33.453 W/SpeechMessengerNormal(  747): checkCcciStatusAndRecovery(), #108, sleep 10 ms & retry openCcciDriver
07-17 09:31:33.464 E/SpeechMessengerNormal(  747): openCcciDriver(), open(/dev/ccci_aud) fail!! mCcciDeviceHandler: -1, errno: 2
07-17 09:31:33.464 W/SpeechMessengerNormal(  747): checkCcciStatusAndRecovery(), #109, sleep 10 ms & retry openCcciDriver
07-17 09:31:33.467 D/[gs_ta] (  523):  [I][gs_ese_protocol]data:0x0000,try read 16
07-17 09:31:33.475 E/SpeechMessengerNormal(  747): openCcciDriver(), open(/dev/ccci_aud) fail!! mCcciDeviceHandler: -1, errno: 2
07-17 09:31:33.475 W/SpeechMessengerNormal(  747): checkCcciStatusAndRecovery(), #110, sleep 10 ms & retry openCcciDriver
07-17 09:31:33.486 E/SpeechMessengerNormal(  747): openCcciDriver(), open(/dev/ccci_aud) fail!! mCcciDeviceHandler: -1, errno: 2
07-17 09:31:33.486 W/SpeechMessengerNormal(  747): checkCcciStatusAndRecovery(), #111, sleep 10 ms & retry openCcciDriver
07-17 09:31:33.492 D/[gs_ta] (  523):  [I][gs_ese_data]receive data length = 7
07-17 09:31:33.493 D/[gs_ta] (  523):  [I][gs_ese_data]receive data = 0x12C30001017BFA  
07-17 09:31:33.494 D/[gs_ta] (  523):  [I][gs_ese_protocol]receive S frame
07-17 09:31:33.494 D/[gs_ta] (  523):  [I][gs_ese_protocol] ese_decode_frame Wtx_counter value = 4
07-17 09:31:33.495 D/[gs_ta] (  523):  [I][gs_ese_protocol] ese_decode_frame Wtx_counter wtx_counter_limit = 10
07-17 09:31:33.495 D/[gs_ta] (  523):  [I][gs_ese_protocol]next transmit state = 5
07-17 09:31:33.495 D/[gs_ta] (  523):  [I][gs_ese_protocol]S bolck type is 0xe3
07-17 09:31:33.496 D/[gs_ta] (  523):  [I][gs_ese_protocol]S-Frame PCB: 0xe3
07-17 09:31:33.496 D/[gs_ta] (  523):  [I][gs_ese_transmit]g_send_wakeup_frame = 0
07-17 09:31:33.497 E/SpeechMessengerNormal(  747): openCcciDriver(), open(/dev/ccci_aud) fail!! mCcciDeviceHandler: -1, errno: 2
07-17 09:31:33.497 W/SpeechMessengerNormal(  747): checkCcciStatusAndRecovery(), #112, sleep 10 ms & retry openCcciDriver
07-17 09:31:33.497 D/[gs_ta] (  523):  [I][gs_ese_transmit]currentTimeStamp = 1689586293496795
07-17 09:31:33.497 D/[gs_ta] (  523):  [I][gs_ese_transmit]g_lastWriteSpiTimeStamp = 1689586293223077
07-17 09:31:33.500 D/[gs_ta] (  523):  [I][gs_ese_data]send data length = 7:
07-17 09:31:33.500 D/[gs_ta] (  523):  [I][gs_ese_data]send data = 0x21E30001013DB4  
07-17 09:31:33.505 D/[gs_ta] (  523):  [I][gs_ese_protocol]data:0x0000,try read 1
07-17 09:31:33.507 E/SpeechMessengerNormal(  747): openCcciDriver(), open(/dev/ccci_aud) fail!! mCcciDeviceHandler: -1, errno: 2
07-17 09:31:33.508 W/SpeechMessengerNormal(  747): checkCcciStatusAndRecovery(), #113, sleep 10 ms & retry openCcciDriver
07-17 09:31:33.518 E/SpeechMessengerNormal(  747): openCcciDriver(), open(/dev/ccci_aud) fail!! mCcciDeviceHandler: -1, errno: 2
07-17 09:31:33.518 W/SpeechMessengerNormal(  747): checkCcciStatusAndRecovery(), #114, sleep 10 ms & retry openCcciDriver
07-17 09:31:33.521 D/[gs_ta] (  523):  [I][gs_ese_protocol]data:0x0000,try read 2
07-17 09:31:33.529 E/SpeechMessengerNormal(  747): openCcciDriver(), open(/dev/ccci_aud) fail!! mCcciDeviceHandler: -1, errno: 2
07-17 09:31:33.529 W/SpeechMessengerNormal(  747): checkCcciStatusAndRecovery(), #115, sleep 10 ms & retry openCcciDriver
07-17 09:31:33.536 D/[gs_ta] (  523):  [I][gs_ese_protocol]data:0x0000,try read 3
07-17 09:31:33.540 E/SpeechMessengerNormal(  747): openCcciDriver(), open(/dev/ccci_aud) fail!! mCcciDeviceHandler: -1, errno: 2
07-17 09:31:33.540 W/SpeechMessengerNormal(  747): checkCcciStatusAndRecovery(), #116, sleep 10 ms & retry openCcciDriver
07-17 09:31:33.551 E/SpeechMessengerNormal(  747): openCcciDriver(), open(/dev/ccci_aud) fail!! mCcciDeviceHandler: -1, errno: 2
07-17 09:31:33.551 W/SpeechMessengerNormal(  747): checkCcciStatusAndRecovery(), #117, sleep 10 ms & retry openCcciDriver
07-17 09:31:33.552 D/[gs_ta] (  523):  [I][gs_ese_protocol]data:0x0000,try read 4
07-17 09:31:33.562 E/SpeechMessengerNormal(  747): openCcciDriver(), open(/dev/ccci_aud) fail!! mCcciDeviceHandler: -1, errno: 2
07-17 09:31:33.562 W/SpeechMessengerNormal(  747): checkCcciStatusAndRecovery(), #118, sleep 10 ms & retry openCcciDriver
07-17 09:31:33.567 D/[gs_ta] (  523):  [I][gs_ese_protocol]data:0x0000,try read 5
07-17 09:31:33.573 E/SpeechMessengerNormal(  747): openCcciDriver(), open(/dev/ccci_aud) fail!! mCcciDeviceHandler: -1, errno: 2
07-17 09:31:33.573 W/SpeechMessengerNormal(  747): checkCcciStatusAndRecovery(), #119, sleep 10 ms & retry openCcciDriver
07-17 09:31:33.583 D/[gs_ta] (  523):  [I][gs_ese_protocol]data:0x0000,try read 6
07-17 09:31:33.584 E/SpeechMessengerNormal(  747): openCcciDriver(), open(/dev/ccci_aud) fail!! mCcciDeviceHandler: -1, errno: 2
07-17 09:31:33.584 W/SpeechMessengerNormal(  747): checkCcciStatusAndRecovery(), #120, sleep 10 ms & retry openCcciDriver
07-17 09:31:33.585 E/AVSync  ( 1066): open dev failed: retry=12173, g_fd_avsync=-1, errno=2, No such file or directory
07-17 09:31:33.595 E/SpeechMessengerNormal(  747): openCcciDriver(), open(/dev/ccci_aud) fail!! mCcciDeviceHandler: -1, errno: 2
07-17 09:31:33.595 W/SpeechMessengerNormal(  747): checkCcciStatusAndRecovery(), #121, sleep 10 ms & retry openCcciDriver
07-17 09:31:33.600 D/[gs_ta] (  523):  [I][gs_ese_protocol]data:0x0000,try read 7
07-17 09:31:33.605 E/SpeechMessengerNormal(  747): openCcciDriver(), open(/dev/ccci_aud) fail!! mCcciDeviceHandler: -1, errno: 2
07-17 09:31:33.606 W/SpeechMessengerNormal(  747): checkCcciStatusAndRecovery(), #122, sleep 10 ms & retry openCcciDriver
07-17 09:31:33.616 D/[gs_ta] (  523):  [I][gs_ese_protocol]data:0x0000,try read 8
07-17 09:31:33.617 E/SpeechMessengerNormal(  747): openCcciDriver(), open(/dev/ccci_aud) fail!! mCcciDeviceHandler: -1, errno: 2
07-17 09:31:33.617 W/SpeechMessengerNormal(  747): checkCcciStatusAndRecovery(), #123, sleep 10 ms & retry openCcciDriver
07-17 09:31:33.628 E/SpeechMessengerNormal(  747): openCcciDriver(), open(/dev/ccci_aud) fail!! mCcciDeviceHandler: -1, errno: 2
07-17 09:31:33.629 W/SpeechMessengerNormal(  747): checkCcciStatusAndRecovery(), #124, sleep 10 ms & retry openCcciDriver
07-17 09:31:33.632 D/[gs_ta] (  523):  [I][gs_ese_protocol]data:0x0000,try read 9
07-17 09:31:33.633 E/VT HIDL (  789): [IVT] [VT THREAD] [VT_Bind] des = volte_imsvt1 Fail to connect . retry count: 12149
07-17 09:31:33.634 D/VT HIDL (  789): [IVT] isIMCBrun : True
07-17 09:31:33.639 E/SpeechMessengerNormal(  747): openCcciDriver(), open(/dev/ccci_aud) fail!! mCcciDeviceHandler: -1, errno: 2
07-17 09:31:33.640 W/SpeechMessengerNormal(  747): checkCcciStatusAndRecovery(), #125, sleep 10 ms & retry openCcciDriver
07-17 09:31:33.648 D/[gs_ta] (  523):  [I][gs_ese_protocol]data:0x0000,try read 10
07-17 09:31:33.651 E/SpeechMessengerNormal(  747): openCcciDriver(), open(/dev/ccci_aud) fail!! mCcciDeviceHandler: -1, errno: 2
07-17 09:31:33.651 W/SpeechMessengerNormal(  747): checkCcciStatusAndRecovery(), #126, sleep 10 ms & retry openCcciDriver
07-17 09:31:33.662 E/SpeechMessengerNormal(  747): openCcciDriver(), open(/dev/ccci_aud) fail!! mCcciDeviceHandler: -1, errno: 2
07-17 09:31:33.662 W/SpeechMessengerNormal(  747): checkCcciStatusAndRecovery(), #127, sleep 10 ms & retry openCcciDriver
07-17 09:31:33.665 D/[gs_ta] (  523):  [I][gs_ese_protocol]data:0x0000,try read 11
07-17 09:31:33.673 E/SpeechMessengerNormal(  747): openCcciDriver(), open(/dev/ccci_aud) fail!! mCcciDeviceHandler: -1, errno: 2
07-17 09:31:33.673 W/SpeechMessengerNormal(  747): checkCcciStatusAndRecovery(), #128, sleep 10 ms & retry openCcciDriver
07-17 09:31:33.682 D/[gs_ta] (  523):  [I][gs_ese_protocol]data:0x0000,try read 12
07-17 09:31:33.684 E/SpeechMessengerNormal(  747): openCcciDriver(), open(/dev/ccci_aud) fail!! mCcciDeviceHandler: -1, errno: 2
07-17 09:31:33.684 W/SpeechMessengerNormal(  747): checkCcciStatusAndRecovery(), #129, sleep 10 ms & retry openCcciDriver
07-17 09:31:33.695 E/SpeechMessengerNormal(  747): openCcciDriver(), open(/dev/ccci_aud) fail!! mCcciDeviceHandler: -1, errno: 2
07-17 09:31:33.695 W/SpeechMessengerNormal(  747): checkCcciStatusAndRecovery(), #130, sleep 10 ms & retry openCcciDriver
07-17 09:31:33.698 D/[gs_ta] (  523):  [I][gs_ese_protocol]data:0x0000,try read 13
07-17 09:31:33.701 I/servicemanager(  441): Found android.hardware.radio.config.IRadioConfig/default in device VINTF manifest.
07-17 09:31:33.707 E/SpeechMessengerNormal(  747): openCcciDriver(), open(/dev/ccci_aud) fail!! mCcciDeviceHandler: -1, errno: 2
07-17 09:31:33.707 W/SpeechMessengerNormal(  747): checkCcciStatusAndRecovery(), #131, sleep 10 ms & retry openCcciDriver
07-17 09:31:33.718 E/SpeechMessengerNormal(  747): openCcciDriver(), open(/dev/ccci_aud) fail!! mCcciDeviceHandler: -1, errno: 2
07-17 09:31:33.718 W/SpeechMessengerNormal(  747): checkCcciStatusAndRecovery(), #132, sleep 10 ms & retry openCcciDriver
07-17 09:31:33.718 D/[gs_ta] (  523):  [I][gs_ese_protocol]data:0x0000,try read 14
07-17 09:31:33.732 E/SpeechMessengerNormal(  747): openCcciDriver(), open(/dev/ccci_aud) fail!! mCcciDeviceHandler: -1, errno: 2
07-17 09:31:33.732 W/SpeechMessengerNormal(  747): checkCcciStatusAndRecovery(), #133, sleep 10 ms & retry openCcciDriver
07-17 09:31:33.739 D/[gs_ta] (  523):  [I][gs_ese_protocol]data:0x0000,try read 15
07-17 09:31:33.742 E/SpeechMessengerNormal(  747): openCcciDriver(), open(/dev/ccci_aud) fail!! mCcciDeviceHandler: -1, errno: 2
07-17 09:31:33.742 W/SpeechMessengerNormal(  747): checkCcciStatusAndRecovery(), #134, sleep 10 ms & retry openCcciDriver
07-17 09:31:33.755 E/SpeechMessengerNormal(  747): openCcciDriver(), open(/dev/ccci_aud) fail!! mCcciDeviceHandler: -1, errno: 2
07-17 09:31:33.755 W/SpeechMessengerNormal(  747): checkCcciStatusAndRecovery(), #135, sleep 10 ms & retry openCcciDriver
07-17 09:31:33.760 D/[gs_ta] (  523):  [I][gs_ese_data]receive data length = 7
07-17 09:31:33.761 D/[gs_ta] (  523):  [I][gs_ese_data]receive data = 0x12C30001017BFA  
07-17 09:31:33.761 D/[gs_ta] (  523):  [I][gs_ese_protocol]receive S frame
07-17 09:31:33.761 D/[gs_ta] (  523):  [I][gs_ese_protocol] ese_decode_frame Wtx_counter value = 5
07-17 09:31:33.761 D/[gs_ta] (  523):  [I][gs_ese_protocol] ese_decode_frame Wtx_counter wtx_counter_limit = 10
07-17 09:31:33.761 D/[gs_ta] (  523):  [I][gs_ese_protocol]next transmit state = 5
07-17 09:31:33.761 D/[gs_ta] (  523):  [I][gs_ese_protocol]S bolck type is 0xe3
07-17 09:31:33.761 D/[gs_ta] (  523):  [I][gs_ese_protocol]S-Frame PCB: 0xe3
07-17 09:31:33.761 D/[gs_ta] (  523):  [I][gs_ese_transmit]g_send_wakeup_frame = 0
07-17 09:31:33.761 D/[gs_ta] (  523):  [I][gs_ese_transmit]currentTimeStamp = 1689586293761865
07-17 09:31:33.762 D/[gs_ta] (  523):  [I][gs_ese_transmit]g_lastWriteSpiTimeStamp = 1689586293500400
07-17 09:31:33.764 D/[gs_ta] (  523):  [I][gs_ese_data]send data length = 7:
07-17 09:31:33.765 D/[gs_ta] (  523):  [I][gs_ese_data]send data = 0x21E30001013DB4  
07-17 09:31:33.766 E/SpeechMessengerNormal(  747): openCcciDriver(), open(/dev/ccci_aud) fail!! mCcciDeviceHandler: -1, errno: 2
07-17 09:31:33.766 W/SpeechMessengerNormal(  747): checkCcciStatusAndRecovery(), #136, sleep 10 ms & retry openCcciDriver
07-17 09:31:33.768 D/[gs_ta] (  523):  [I][gs_ese_protocol]data:0x0000,try read 1
07-17 09:31:33.777 E/SpeechMessengerNormal(  747): openCcciDriver(), open(/dev/ccci_aud) fail!! mCcciDeviceHandler: -1, errno: 2
07-17 09:31:33.778 W/SpeechMessengerNormal(  747): checkCcciStatusAndRecovery(), #137, sleep 10 ms & retry openCcciDriver
07-17 09:31:33.782 D/[gs_ta] (  523):  [I][gs_ese_protocol]data:0x0000,try read 2
07-17 09:31:33.788 E/SpeechMessengerNormal(  747): openCcciDriver(), open(/dev/ccci_aud) fail!! mCcciDeviceHandler: -1, errno: 2
07-17 09:31:33.789 W/SpeechMessengerNormal(  747): checkCcciStatusAndRecovery(), #138, sleep 10 ms & retry openCcciDriver
07-17 09:31:33.796 D/[gs_ta] (  523):  [I][gs_ese_protocol]data:0x0000,try read 3
07-17 09:31:33.799 E/SpeechMessengerNormal(  747): openCcciDriver(), open(/dev/ccci_aud) fail!! mCcciDeviceHandler: -1, errno: 2
07-17 09:31:33.800 W/SpeechMessengerNormal(  747): checkCcciStatusAndRecovery(), #139, sleep 10 ms & retry openCcciDriver
07-17 09:31:33.811 E/SpeechMessengerNormal(  747): openCcciDriver(), open(/dev/ccci_aud) fail!! mCcciDeviceHandler: -1, errno: 2
07-17 09:31:33.811 W/SpeechMessengerNormal(  747): checkCcciStatusAndRecovery(), #140, sleep 10 ms & retry openCcciDriver
07-17 09:31:33.812 D/[gs_ta] (  523):  [I][gs_ese_protocol]data:0x0000,try read 4
07-17 09:31:33.821 E/SpeechMessengerNormal(  747): openCcciDriver(), open(/dev/ccci_aud) fail!! mCcciDeviceHandler: -1, errno: 2
07-17 09:31:33.822 W/SpeechMessengerNormal(  747): checkCcciStatusAndRecovery(), #141, sleep 10 ms & retry openCcciDriver
07-17 09:31:33.826 D/[gs_ta] (  523):  [I][gs_ese_protocol]data:0x0000,try read 5
07-17 09:31:33.832 E/SpeechMessengerNormal(  747): openCcciDriver(), open(/dev/ccci_aud) fail!! mCcciDeviceHandler: -1, errno: 2
07-17 09:31:33.832 W/SpeechMessengerNormal(  747): checkCcciStatusAndRecovery(), #142, sleep 10 ms & retry openCcciDriver
07-17 09:31:33.842 D/[gs_ta] (  523):  [I][gs_ese_protocol]data:0x0000,try read 6
07-17 09:31:33.843 E/SpeechMessengerNormal(  747): openCcciDriver(), open(/dev/ccci_aud) fail!! mCcciDeviceHandler: -1, errno: 2
07-17 09:31:33.843 W/SpeechMessengerNormal(  747): checkCcciStatusAndRecovery(), #143, sleep 10 ms & retry openCcciDriver
07-17 09:31:33.854 E/SpeechMessengerNormal(  747): openCcciDriver(), open(/dev/ccci_aud) fail!! mCcciDeviceHandler: -1, errno: 2
07-17 09:31:33.854 W/SpeechMessengerNormal(  747): checkCcciStatusAndRecovery(), #144, sleep 10 ms & retry openCcciDriver
07-17 09:31:33.857 D/[gs_ta] (  523):  [I][gs_ese_protocol]data:0x0000,try read 7
07-17 09:31:33.865 E/SpeechMessengerNormal(  747): openCcciDriver(), open(/dev/ccci_aud) fail!! mCcciDeviceHandler: -1, errno: 2
07-17 09:31:33.865 W/SpeechMessengerNormal(  747): checkCcciStatusAndRecovery(), #145, sleep 10 ms & retry openCcciDriver
07-17 09:31:33.872 D/[gs_ta] (  523):  [I][gs_ese_protocol]data:0x0000,try read 8
07-17 09:31:33.876 E/SpeechMessengerNormal(  747): openCcciDriver(), open(/dev/ccci_aud) fail!! mCcciDeviceHandler: -1, errno: 2
07-17 09:31:33.876 W/SpeechMessengerNormal(  747): checkCcciStatusAndRecovery(), #146, sleep 10 ms & retry openCcciDriver
07-17 09:31:33.887 E/SpeechMessengerNormal(  747): openCcciDriver(), open(/dev/ccci_aud) fail!! mCcciDeviceHandler: -1, errno: 2
07-17 09:31:33.888 W/SpeechMessengerNormal(  747): checkCcciStatusAndRecovery(), #147, sleep 10 ms & retry openCcciDriver
07-17 09:31:33.889 D/[gs_ta] (  523):  [I][gs_ese_protocol]data:0x0000,try read 9
07-17 09:31:33.898 E/SpeechMessengerNormal(  747): openCcciDriver(), open(/dev/ccci_aud) fail!! mCcciDeviceHandler: -1, errno: 2
07-17 09:31:33.899 W/SpeechMessengerNormal(  747): checkCcciStatusAndRecovery(), #148, sleep 10 ms & retry openCcciDriver
07-17 09:31:33.905 D/[gs_ta] (  523):  [I][gs_ese_protocol]data:0x0000,try read 10
07-17 09:31:33.909 E/SpeechMessengerNormal(  747): openCcciDriver(), open(/dev/ccci_aud) fail!! mCcciDeviceHandler: -1, errno: 2
07-17 09:31:33.910 W/SpeechMessengerNormal(  747): checkCcciStatusAndRecovery(), #149, sleep 10 ms & retry openCcciDriver
07-17 09:31:33.921 E/SpeechMessengerNormal(  747): openCcciDriver(), open(/dev/ccci_aud) fail!! mCcciDeviceHandler: -1, errno: 2
07-17 09:31:33.921 W/SpeechMessengerNormal(  747): checkCcciStatusAndRecovery(), #150, sleep 10 ms & retry openCcciDriver
07-17 09:31:33.923 D/[gs_ta] (  523):  [I][gs_ese_protocol]data:0x0000,try read 11
07-17 09:31:33.932 E/SpeechMessengerNormal(  747): openCcciDriver(), open(/dev/ccci_aud) fail!! mCcciDeviceHandler: -1, errno: 2
07-17 09:31:33.932 W/SpeechMessengerNormal(  747): checkCcciStatusAndRecovery(), #151, sleep 10 ms & retry openCcciDriver
07-17 09:31:33.939 D/[gs_ta] (  523):  [I][gs_ese_protocol]data:0x0000,try read 12
07-17 09:31:33.943 E/SpeechMessengerNormal(  747): openCcciDriver(), open(/dev/ccci_aud) fail!! mCcciDeviceHandler: -1, errno: 2
07-17 09:31:33.943 W/SpeechMessengerNormal(  747): checkCcciStatusAndRecovery(), #152, sleep 10 ms & retry openCcciDriver
07-17 09:31:33.954 E/SpeechMessengerNormal(  747): openCcciDriver(), open(/dev/ccci_aud) fail!! mCcciDeviceHandler: -1, errno: 2
07-17 09:31:33.954 W/SpeechMessengerNormal(  747): checkCcciStatusAndRecovery(), #153, sleep 10 ms & retry openCcciDriver
07-17 09:31:33.956 D/[gs_ta] (  523):  [I][gs_ese_protocol]data:0x0000,try read 13
07-17 09:31:33.965 E/SpeechMessengerNormal(  747): openCcciDriver(), open(/dev/ccci_aud) fail!! mCcciDeviceHandler: -1, errno: 2
07-17 09:31:33.965 W/SpeechMessengerNormal(  747): checkCcciStatusAndRecovery(), #154, sleep 10 ms & retry openCcciDriver
07-17 09:31:33.971 D/[gs_ta] (  523):  [I][gs_ese_protocol]data:0x0000,try read 14
07-17 09:31:33.976 E/SpeechMessengerNormal(  747): openCcciDriver(), open(/dev/ccci_aud) fail!! mCcciDeviceHandler: -1, errno: 2
07-17 09:31:33.976 W/SpeechMessengerNormal(  747): checkCcciStatusAndRecovery(), #155, sleep 10 ms & retry openCcciDriver
07-17 09:31:33.981 I/servicemanager(  441): Found android.hardware.radio.voice.IRadioVoice/imsSlot1 in device VINTF manifest.
