07-17 06:26:05.606 W/SpeechMessengerNormal(  741): checkCcciStatusAndRecovery(), #31, sleep 10 ms & retry openCcciDriver
07-17 06:26:05.617 E/SpeechMessengerNormal(  741): openCcciDriver(), open(/dev/ccci_aud) fail!! mCcciDeviceHandler: -1, errno: 2
07-17 06:26:05.617 W/SpeechMessengerNormal(  741): checkCcciStatusAndRecovery(), #32, sleep 10 ms & retry openCcciDriver
07-17 06:26:05.624 I/resolv  (  731): retrying_poll: 46 retrying_poll returning 1
07-17 06:26:05.624 I/resolv  (  731): res_nsend: used send_dg 131 terrno: 0
07-17 06:26:05.624 I/resolv  (  731): res_stats_set_sample: rcode = 0, sec = 63
07-17 06:26:05.624 I/resolv  (  731): res_cache_add_stats_sample_locked: adding sample to stats, next = 1, count = 1
07-17 06:26:05.624 D/resolv  (  731): res_nsend: got answer:
07-17 06:26:05.624 I/resolv  (  731): answer_getTTL: TTL = 300
07-17 06:26:05.624 I/resolv  (  731): _cache_add_p: entry 2 added (count=2)
07-17 06:26:05.624 I/resolv  (  731): cache_dump_mru_locked: MRU LIST ( 2):  2 1
07-17 06:26:05.625 D/resolv  (  731): doQuery: rcode=0, ancount=5
07-17 06:26:05.625 E/AVSync  ( 1061): open dev failed: retry=18452, g_fd_avsync=-1, errno=2, No such file or directory
07-17 06:26:05.628 E/SpeechMessengerNormal(  741): openCcciDriver(), open(/dev/ccci_aud) fail!! mCcciDeviceHandler: -1, errno: 2
07-17 06:26:05.628 W/SpeechMessengerNormal(  741): checkCcciStatusAndRecovery(), #33, sleep 10 ms & retry openCcciDriver
07-17 06:26:05.629 D/TrafficStats( 5657): tagSocket(48) with statsTag=0xffffffff, statsUid=-1
07-17 06:26:05.639 E/SpeechMessengerNormal(  741): openCcciDriver(), open(/dev/ccci_aud) fail!! mCcciDeviceHandler: -1, errno: 2
07-17 06:26:05.639 W/SpeechMessengerNormal(  741): checkCcciStatusAndRecovery(), #34, sleep 10 ms & retry openCcciDriver
07-17 06:26:05.649 E/SpeechMessengerNormal(  741): openCcciDriver(), open(/dev/ccci_aud) fail!! mCcciDeviceHandler: -1, errno: 2
07-17 06:26:05.649 W/SpeechMessengerNormal(  741): checkCcciStatusAndRecovery(), #35, sleep 10 ms & retry openCcciDriver
07-17 06:26:05.660 E/SpeechMessengerNormal(  741): openCcciDriver(), open(/dev/ccci_aud) fail!! mCcciDeviceHandler: -1, errno: 2
07-17 06:26:05.660 W/SpeechMessengerNormal(  741): checkCcciStatusAndRecovery(), #36, sleep 10 ms & retry openCcciDriver
07-17 06:26:05.671 E/SpeechMessengerNormal(  741): openCcciDriver(), open(/dev/ccci_aud) fail!! mCcciDeviceHandler: -1, errno: 2
07-17 06:26:05.671 W/SpeechMessengerNormal(  741): checkCcciStatusAndRecovery(), #37, sleep 10 ms & retry openCcciDriver
07-17 06:26:05.682 E/SpeechMessengerNormal(  741): openCcciDriver(), open(/dev/ccci_aud) fail!! mCcciDeviceHandler: -1, errno: 2
07-17 06:26:05.682 W/SpeechMessengerNormal(  741): checkCcciStatusAndRecovery(), #38, sleep 10 ms & retry openCcciDriver
07-17 06:26:05.693 E/SpeechMessengerNormal(  741): openCcciDriver(), open(/dev/ccci_aud) fail!! mCcciDeviceHandler: -1, errno: 2
07-17 06:26:05.693 W/SpeechMessengerNormal(  741): checkCcciStatusAndRecovery(), #39, sleep 10 ms & retry openCcciDriver
07-17 06:26:05.703 E/SpeechMessengerNormal(  741): openCcciDriver(), open(/dev/ccci_aud) fail!! mCcciDeviceHandler: -1, errno: 2
07-17 06:26:05.704 W/SpeechMessengerNormal(  741): checkCcciStatusAndRecovery(), #40, sleep 10 ms & retry openCcciDriver
07-17 06:26:05.715 E/SpeechMessengerNormal(  741): openCcciDriver(), open(/dev/ccci_aud) fail!! mCcciDeviceHandler: -1, errno: 2
07-17 06:26:05.715 W/SpeechMessengerNormal(  741): checkCcciStatusAndRecovery(), #41, sleep 10 ms & retry openCcciDriver
07-17 06:26:05.726 E/SpeechMessengerNormal(  741): openCcciDriver(), open(/dev/ccci_aud) fail!! mCcciDeviceHandler: -1, errno: 2
07-17 06:26:05.726 W/SpeechMessengerNormal(  741): checkCcciStatusAndRecovery(), #42, sleep 10 ms & retry openCcciDriver
07-17 06:26:05.737 E/SpeechMessengerNormal(  741): openCcciDriver(), open(/dev/ccci_aud) fail!! mCcciDeviceHandler: -1, errno: 2
07-17 06:26:05.737 W/SpeechMessengerNormal(  741): checkCcciStatusAndRecovery(), #43, sleep 10 ms & retry openCcciDriver
07-17 06:26:05.748 E/SpeechMessengerNormal(  741): openCcciDriver(), open(/dev/ccci_aud) fail!! mCcciDeviceHandler: -1, errno: 2
07-17 06:26:05.748 W/SpeechMessengerNormal(  741): checkCcciStatusAndRecovery(), #44, sleep 10 ms & retry openCcciDriver
07-17 06:26:05.759 E/SpeechMessengerNormal(  741): openCcciDriver(), open(/dev/ccci_aud) fail!! mCcciDeviceHandler: -1, errno: 2
07-17 06:26:05.759 W/SpeechMessengerNormal(  741): checkCcciStatusAndRecovery(), #45, sleep 10 ms & retry openCcciDriver
07-17 06:26:05.770 E/SpeechMessengerNormal(  741): openCcciDriver(), open(/dev/ccci_aud) fail!! mCcciDeviceHandler: -1, errno: 2
07-17 06:26:05.770 W/SpeechMessengerNormal(  741): checkCcciStatusAndRecovery(), #46, sleep 10 ms & retry openCcciDriver
07-17 06:26:05.781 E/SpeechMessengerNormal(  741): openCcciDriver(), open(/dev/ccci_aud) fail!! mCcciDeviceHandler: -1, errno: 2
07-17 06:26:05.781 W/SpeechMessengerNormal(  741): checkCcciStatusAndRecovery(), #47, sleep 10 ms & retry openCcciDriver
07-17 06:26:05.791 E/SpeechMessengerNormal(  741): openCcciDriver(), open(/dev/ccci_aud) fail!! mCcciDeviceHandler: -1, errno: 2
07-17 06:26:05.792 W/SpeechMessengerNormal(  741): checkCcciStatusAndRecovery(), #48, sleep 10 ms & retry openCcciDriver
07-17 06:26:05.794 I/servicemanager(  433): Found android.hardware.radio.voice.IRadioVoice/imsSlot1 in device VINTF manifest.
07-17 06:26:05.799 I/servicemanager(  433): Found android.hardware.radio.sim.IRadioSim/imsSlot1 in device VINTF manifest.
07-17 06:26:05.803 E/SpeechMessengerNormal(  741): openCcciDriver(), open(/dev/ccci_aud) fail!! mCcciDeviceHandler: -1, errno: 2
07-17 06:26:05.803 W/SpeechMessengerNormal(  741): checkCcciStatusAndRecovery(), #49, sleep 10 ms & retry openCcciDriver
07-17 06:26:05.804 I/servicemanager(  433): Found android.hardware.radio.modem.IRadioModem/imsSlot1 in device VINTF manifest.
07-17 06:26:05.809 I/servicemanager(  433): Found android.hardware.radio.network.IRadioNetwork/imsSlot1 in device VINTF manifest.
07-17 06:26:05.814 I/servicemanager(  433): Found vendor.mediatek.hardware.mtkradioex.ims.IMtkRadioExIms/slot1 in device VINTF manifest.
07-17 06:26:05.814 E/SpeechMessengerNormal(  741): openCcciDriver(), open(/dev/ccci_aud) fail!! mCcciDeviceHandler: -1, errno: 2
07-17 06:26:05.814 W/SpeechMessengerNormal(  741): checkCcciStatusAndRecovery(), #50, sleep 10 ms & retry openCcciDriver
07-17 06:26:05.819 I/servicemanager(  433): Found vendor.mediatek.hardware.mtkradioex.voice.IMtkRadioExVoice/slot1 in device VINTF manifest.
07-17 06:26:05.823 I/servicemanager(  433): Found vendor.mediatek.hardware.mtkradioex.modem.IMtkRadioExModem/slot1 in device VINTF manifest.
07-17 06:26:05.825 E/SpeechMessengerNormal(  741): openCcciDriver(), open(/dev/ccci_aud) fail!! mCcciDeviceHandler: -1, errno: 2
07-17 06:26:05.825 W/SpeechMessengerNormal(  741): checkCcciStatusAndRecovery(), #51, sleep 10 ms & retry openCcciDriver
07-17 06:26:05.827 I/servicemanager(  433): Found android.hardware.radio.voice.IRadioVoice/imsSlot2 in device VINTF manifest.
07-17 06:26:05.831 I/servicemanager(  433): Found android.hardware.radio.sim.IRadioSim/imsSlot2 in device VINTF manifest.
07-17 06:26:05.835 I/servicemanager(  433): Found android.hardware.radio.modem.IRadioModem/imsSlot2 in device VINTF manifest.
07-17 06:26:05.836 E/SpeechMessengerNormal(  741): openCcciDriver(), open(/dev/ccci_aud) fail!! mCcciDeviceHandler: -1, errno: 2
07-17 06:26:05.837 W/SpeechMessengerNormal(  741): checkCcciStatusAndRecovery(), #52, sleep 10 ms & retry openCcciDriver
07-17 06:26:05.839 I/servicemanager(  433): Found android.hardware.radio.network.IRadioNetwork/imsSlot2 in device VINTF manifest.
07-17 06:26:05.843 I/servicemanager(  433): Found vendor.mediatek.hardware.mtkradioex.ims.IMtkRadioExIms/slot2 in device VINTF manifest.
07-17 06:26:05.847 I/servicemanager(  433): Found vendor.mediatek.hardware.mtkradioex.voice.IMtkRadioExVoice/slot2 in device VINTF manifest.
07-17 06:26:05.848 E/SpeechMessengerNormal(  741): openCcciDriver(), open(/dev/ccci_aud) fail!! mCcciDeviceHandler: -1, errno: 2
07-17 06:26:05.848 W/SpeechMessengerNormal(  741): checkCcciStatusAndRecovery(), #53, sleep 10 ms & retry openCcciDriver
07-17 06:26:05.851 I/servicemanager(  433): Found vendor.mediatek.hardware.mtkradioex.modem.IMtkRadioExModem/slot2 in device VINTF manifest.
07-17 06:26:05.858 E/SpeechMessengerNormal(  741): openCcciDriver(), open(/dev/ccci_aud) fail!! mCcciDeviceHandler: -1, errno: 2
07-17 06:26:05.858 W/SpeechMessengerNormal(  741): checkCcciStatusAndRecovery(), #54, sleep 10 ms & retry openCcciDriver
07-17 06:26:05.869 E/SpeechMessengerNormal(  741): openCcciDriver(), open(/dev/ccci_aud) fail!! mCcciDeviceHandler: -1, errno: 2
07-17 06:26:05.869 W/SpeechMessengerNormal(  741): checkCcciStatusAndRecovery(), #55, sleep 10 ms & retry openCcciDriver
07-17 06:26:05.880 E/SpeechMessengerNormal(  741): openCcciDriver(), open(/dev/ccci_aud) fail!! mCcciDeviceHandler: -1, errno: 2
07-17 06:26:05.880 W/SpeechMessengerNormal(  741): checkCcciStatusAndRecovery(), #56, sleep 10 ms & retry openCcciDriver
07-17 06:26:05.891 E/SpeechMessengerNormal(  741): openCcciDriver(), open(/dev/ccci_aud) fail!! mCcciDeviceHandler: -1, errno: 2
07-17 06:26:05.891 W/SpeechMessengerNormal(  741): checkCcciStatusAndRecovery(), #57, sleep 10 ms & retry openCcciDriver
07-17 06:26:05.902 E/SpeechMessengerNormal(  741): openCcciDriver(), open(/dev/ccci_aud) fail!! mCcciDeviceHandler: -1, errno: 2
07-17 06:26:05.902 W/SpeechMessengerNormal(  741): checkCcciStatusAndRecovery(), #58, sleep 10 ms & retry openCcciDriver
07-17 06:26:05.914 E/SpeechMessengerNormal(  741): openCcciDriver(), open(/dev/ccci_aud) fail!! mCcciDeviceHandler: -1, errno: 2
07-17 06:26:05.914 W/SpeechMessengerNormal(  741): checkCcciStatusAndRecovery(), #59, sleep 10 ms & retry openCcciDriver
07-17 06:26:05.925 E/SpeechMessengerNormal(  741): openCcciDriver(), open(/dev/ccci_aud) fail!! mCcciDeviceHandler: -1, errno: 2
07-17 06:26:05.925 W/SpeechMessengerNormal(  741): checkCcciStatusAndRecovery(), #60, sleep 10 ms & retry openCcciDriver
07-17 06:26:05.936 E/SpeechMessengerNormal(  741): openCcciDriver(), open(/dev/ccci_aud) fail!! mCcciDeviceHandler: -1, errno: 2
07-17 06:26:05.936 W/SpeechMessengerNormal(  741): checkCcciStatusAndRecovery(), #61, sleep 10 ms & retry openCcciDriver
07-17 06:26:05.946 E/SpeechMessengerNormal(  741): openCcciDriver(), open(/dev/ccci_aud) fail!! mCcciDeviceHandler: -1, errno: 2
07-17 06:26:05.947 W/SpeechMessengerNormal(  741): checkCcciStatusAndRecovery(), #62, sleep 10 ms & retry openCcciDriver
07-17 06:26:05.957 E/VT HIDL (  793): [IVT] [VT THREAD] [VT_Bind] des = volte_imsvt1 Fail to connect . retry count: 18415
07-17 06:26:05.958 D/VT HIDL (  793): [IVT] isIMCBrun : True
07-17 06:26:05.958 E/SpeechMessengerNormal(  741): openCcciDriver(), open(/dev/ccci_aud) fail!! mCcciDeviceHandler: -1, errno: 2
07-17 06:26:05.958 W/SpeechMessengerNormal(  741): checkCcciStatusAndRecovery(), #63, sleep 10 ms & retry openCcciDriver
07-17 06:26:05.969 E/SpeechMessengerNormal(  741): openCcciDriver(), open(/dev/ccci_aud) fail!! mCcciDeviceHandler: -1, errno: 2
07-17 06:26:05.969 W/SpeechMessengerNormal(  741): checkCcciStatusAndRecovery(), #64, sleep 10 ms & retry openCcciDriver
07-17 06:26:05.980 E/SpeechMessengerNormal(  741): openCcciDriver(), open(/dev/ccci_aud) fail!! mCcciDeviceHandler: -1, errno: 2
07-17 06:26:05.980 W/SpeechMessengerNormal(  741): checkCcciStatusAndRecovery(), #65, sleep 10 ms & retry openCcciDriver
07-17 06:26:05.993 E/SpeechMessengerNormal(  741): openCcciDriver(), open(/dev/ccci_aud) fail!! mCcciDeviceHandler: -1, errno: 2
07-17 06:26:05.994 W/SpeechMessengerNormal(  741): checkCcciStatusAndRecovery(), #66, sleep 10 ms & retry openCcciDriver
07-17 06:26:06.005 E/SpeechMessengerNormal(  741): openCcciDriver(), open(/dev/ccci_aud) fail!! mCcciDeviceHandler: -1, errno: 2
07-17 06:26:06.005 W/SpeechMessengerNormal(  741): checkCcciStatusAndRecovery(), #67, sleep 10 ms & retry openCcciDriver
07-17 06:26:06.015 E/SpeechMessengerNormal(  741): openCcciDriver(), open(/dev/ccci_aud) fail!! mCcciDeviceHandler: -1, errno: 2
07-17 06:26:06.015 W/SpeechMessengerNormal(  741): checkCcciStatusAndRecovery(), #68, sleep 10 ms & retry openCcciDriver
07-17 06:26:06.018 D/BluetoothManagerService(  946): MESSAGE_SAVE_NAME_AND_ADDRESS
07-17 06:26:06.023 D/BluetoothAdapterService( 5600): enable() - Enable called with quiet mode status =  false
07-17 06:26:06.023 I/AdapterState( 5600): BLE_TURNING_ON : Unhandled message - BLE_TURN_ON
07-17 06:26:06.026 E/SpeechMessengerNormal(  741): openCcciDriver(), open(/dev/ccci_aud) fail!! mCcciDeviceHandler: -1, errno: 2
07-17 06:26:06.026 W/SpeechMessengerNormal(  741): checkCcciStatusAndRecovery(), #69, sleep 10 ms & retry openCcciDriver
07-17 06:26:06.037 E/SpeechMessengerNormal(  741): openCcciDriver(), open(/dev/ccci_aud) fail!! mCcciDeviceHandler: -1, errno: 2
07-17 06:26:06.037 W/SpeechMessengerNormal(  741): checkCcciStatusAndRecovery(), #70, sleep 10 ms & retry openCcciDriver
07-17 06:26:06.048 E/SpeechMessengerNormal(  741): openCcciDriver(), open(/dev/ccci_aud) fail!! mCcciDeviceHandler: -1, errno: 2
07-17 06:26:06.048 W/SpeechMessengerNormal(  741): checkCcciStatusAndRecovery(), #71, sleep 10 ms & retry openCcciDriver
07-17 06:26:06.058 E/SpeechMessengerNormal(  741): openCcciDriver(), open(/dev/ccci_aud) fail!! mCcciDeviceHandler: -1, errno: 2
07-17 06:26:06.059 W/SpeechMessengerNormal(  741): checkCcciStatusAndRecovery(), #72, sleep 10 ms & retry openCcciDriver
07-17 06:26:06.069 E/SpeechMessengerNormal(  741): openCcciDriver(), open(/dev/ccci_aud) fail!! mCcciDeviceHandler: -1, errno: 2
07-17 06:26:06.069 W/SpeechMessengerNormal(  741): checkCcciStatusAndRecovery(), #73, sleep 10 ms & retry openCcciDriver
07-17 06:26:06.080 E/SpeechMessengerNormal(  741): openCcciDriver(), open(/dev/ccci_aud) fail!! mCcciDeviceHandler: -1, errno: 2
07-17 06:26:06.080 W/SpeechMessengerNormal(  741): checkCcciStatusAndRecovery(), #74, sleep 10 ms & retry openCcciDriver
07-17 06:26:06.091 E/SpeechMessengerNormal(  741): openCcciDriver(), open(/dev/ccci_aud) fail!! mCcciDeviceHandler: -1, errno: 2
07-17 06:26:06.091 W/SpeechMessengerNormal(  741): checkCcciStatusAndRecovery(), #75, sleep 10 ms & retry openCcciDriver
07-17 06:26:06.101 E/SpeechMessengerNormal(  741): openCcciDriver(), open(/dev/ccci_aud) fail!! mCcciDeviceHandler: -1, errno: 2
07-17 06:26:06.102 W/SpeechMessengerNormal(  741): checkCcciStatusAndRecovery(), #76, sleep 10 ms & retry openCcciDriver
07-17 06:26:06.112 E/SpeechMessengerNormal(  741): openCcciDriver(), open(/dev/ccci_aud) fail!! mCcciDeviceHandler: -1, errno: 2
07-17 06:26:06.113 W/SpeechMessengerNormal(  741): checkCcciStatusAndRecovery(), #77, sleep 10 ms & retry openCcciDriver
07-17 06:26:06.123 E/SpeechMessengerNormal(  741): openCcciDriver(), open(/dev/ccci_aud) fail!! mCcciDeviceHandler: -1, errno: 2
07-17 06:26:06.123 W/SpeechMessengerNormal(  741): checkCcciStatusAndRecovery(), #78, sleep 10 ms & retry openCcciDriver
07-17 06:26:06.126 E/AVSync  ( 1061): open dev failed: retry=18453, g_fd_avsync=-1, errno=2, No such file or directory
07-17 06:26:06.134 E/SpeechMessengerNormal(  741): openCcciDriver(), open(/dev/ccci_aud) fail!! mCcciDeviceHandler: -1, errno: 2
07-17 06:26:06.134 W/SpeechMessengerNormal(  741): checkCcciStatusAndRecovery(), #79, sleep 10 ms & retry openCcciDriver
07-17 06:26:06.145 E/SpeechMessengerNormal(  741): openCcciDriver(), open(/dev/ccci_aud) fail!! mCcciDeviceHandler: -1, errno: 2
07-17 06:26:06.145 W/SpeechMessengerNormal(  741): checkCcciStatusAndRecovery(), #80, sleep 10 ms & retry openCcciDriver
07-17 06:26:06.156 E/SpeechMessengerNormal(  741): openCcciDriver(), open(/dev/ccci_aud) fail!! mCcciDeviceHandler: -1, errno: 2
07-17 06:26:06.156 W/SpeechMessengerNormal(  741): checkCcciStatusAndRecovery(), #81, sleep 10 ms & retry openCcciDriver
07-17 06:26:06.163 I/servicemanager(  433): Found android.hardware.radio.config.IRadioConfig/default in device VINTF manifest.
07-17 06:26:06.167 E/SpeechMessengerNormal(  741): openCcciDriver(), open(/dev/ccci_aud) fail!! mCcciDeviceHandler: -1, errno: 2
07-17 06:26:06.167 W/SpeechMessengerNormal(  741): checkCcciStatusAndRecovery(), #82, sleep 10 ms & retry openCcciDriver
07-17 06:26:06.177 E/SpeechMessengerNormal(  741): openCcciDriver(), open(/dev/ccci_aud) fail!! mCcciDeviceHandler: -1, errno: 2
07-17 06:26:06.178 W/SpeechMessengerNormal(  741): checkCcciStatusAndRecovery(), #83, sleep 10 ms & retry openCcciDriver
07-17 06:26:06.179 I/RegistrationTest( 5657): HTTP status: 200
07-17 06:26:06.179 I/RegistrationTest( 5657): response (CBOR): g4KCAYOEQ6EBJqBYTaUBAgMmIAEhWCD3FIrbl_TMU-_SZBHE43UfZh-kcQxsz_oJRoB0h1TyrSJYIF5_W_bs5PYZzP8TN_0PociT2xgGdsRd5tdqd4bDLa-PWEAvl45C-74HLZVHhUeTQLAf1JtHpMREqfKhB4cQx5_LEfS_n-g74Oc0TBX8e8N-MwX00TQ87QIEYHoV4HnTiv8khEOhASagWE2lAQIDJiABIVggUYCsz4-WjOwPUOGpG7eQhjSL48OsZQJNtPYxDghGMjkiWCBU65Sd_ra05HM6JU4vH52dvfpmwRGL6ZaMQ-Qw9tp2q1hAmDj7NDpl23OYsSeiFXTyvgbnjSJO3fC_wgF0xLcpayQctdjSZvpE7_UwLAR07ejGYNrOn1ZXJ3Qh096Tj-O4zYRDoQEmoFhxpgECAlggg5_4_RAcEp-SQcdbjeRO9BkTmscbbacOlfJkU12nHcEDOBggASFYIBakUhJjs4ZWUNjf8qCofbzZbqdoYOqMXPGT5ZcZDazeIlggib7MbD9esDk0r5e6ONEWHaHMHWTTjEhO-HKBGzs-Me5YQJBaWw-9lsbVz-73-1MzC_YdgH2qoUgmaDHMJU6wMUFuYdn22jfTZQMY2mjGF28tP1PP0dOBJMqYRAaLe1R6P_aCAoOEQ6EBJ6BYKqQBAQMnIAYhWCCZue7dXuRS9oXGTGLcPmGrV0h9dTcprXaAMtKzy2NY2VhAHiIIS6S3pMjXTgMO_rivFEynO2-lzdzaecYrZP6ZOa9254D6ZgCFDQeYKqyRXKclFEkGNHXKiid62eNaSesCA4RDoQEnoFgqpAEBAycgBiFYIOovhQ6eagxc973Z-igyv9pV6SCiUQPJA5MYzqAVKezRWECCa8ddpjZXt8dxEq0cwmqzLCMq3RQwy4IUtonF0x4xu7hQIUpJTbqRDG8zTYO8WCsuhNvFWQ-YYeLB6ony0K4EhEOhASegWE6lAQECWCBvktEEbXHYp46I2NFWgV-W0XiD5jAbh-2_INFKO_5qLgM4GCAEIVggtl0cS5qDOp21FVk3oSb7D9_nnKwB1aTsyDopAIhYJTlYQICyn9Aynp1K_rAl8sLSImhGxiCwqugWrGShRYObzElUJX-rFgVT8L01k_PGu1lOXvneIQcUo7ako4uPgpaWugNYHQAAAYlihxDNASC0rWPStBSYCkGE-NaqtnBOszSvonV0aW1lX3RvX3JlZnJlc2hfaG91cnMYSHgabnVtX2V4dHJhX2F0dGVzdGF0aW9uX2tleXMM
07-17 06:26:06.181 I/servicemanager(  433): Found android.hardware.security.keymint.IRemotelyProvisionedComponent/default in device VINTF manifest.
07-17 06:26:06.184 I/RegistrationTest( 5657): Original fingerprint: alps/vext_k6985_64_tee_s_pre/k6985_64_tee_s_pre:13/TP1A.220624.014/202210121200preb:userdebug/test-keys
07-17 06:26:06.184 I/RegistrationTest( 5657): Modified (prod-like) fingerprint: alps/vext_k6985_64_tee_s_pre/k6985_64_tee_s_pre:13/TP1A.220624.014/202210121200preb:user/test-keys
07-17 06:26:06.188 I/beanpodkeymint(  520): cmd:74 Received 548 byte response
07-17 06:26:06.188 E/SpeechMessengerNormal(  741): openCcciDriver(), open(/dev/ccci_aud) fail!! mCcciDeviceHandler: -1, errno: 2
07-17 06:26:06.188 W/SpeechMessengerNormal(  741): checkCcciStatusAndRecovery(), #84, sleep 10 ms & retry openCcciDriver
07-17 06:26:06.189 I/RegistrationTest( 5657): Generating CSRv1
07-17 06:26:06.192 I/beanpodkeymint(  520): cmd:78 Received 800 byte response
07-17 06:26:06.195 I/RegistrationTest( 5657): querying https://remoteprovisioning.googleapis.com/v1/:signCertificates?challenge=AAABiWKHEM0BILStY9K0FJgKQYT41qq2cE6zNK8%3D&requestId=d5637ba9-cd13-4cc6-bf0d-e54d0edc45f4
07-17 06:26:06.199 E/SpeechMessengerNormal(  741): openCcciDriver(), open(/dev/ccci_aud) fail!! mCcciDeviceHandler: -1, errno: 2
07-17 06:26:06.199 W/SpeechMessengerNormal(  741): checkCcciStatusAndRecovery(), #85, sleep 10 ms & retry openCcciDriver
07-17 06:26:06.210 E/SpeechMessengerNormal(  741): openCcciDriver(), open(/dev/ccci_aud) fail!! mCcciDeviceHandler: -1, errno: 2
07-17 06:26:06.210 W/SpeechMessengerNormal(  741): checkCcciStatusAndRecovery(), #86, sleep 10 ms & retry openCcciDriver
07-17 06:26:06.221 E/SpeechMessengerNormal(  741): openCcciDriver(), open(/dev/ccci_aud) fail!! mCcciDeviceHandler: -1, errno: 2
07-17 06:26:06.221 W/SpeechMessengerNormal(  741): checkCcciStatusAndRecovery(), #87, sleep 10 ms & retry openCcciDriver
07-17 06:26:06.231 E/SpeechMessengerNormal(  741): openCcciDriver(), open(/dev/ccci_aud) fail!! mCcciDeviceHandler: -1, errno: 2
07-17 06:26:06.232 W/SpeechMessengerNormal(  741): checkCcciStatusAndRecovery(), #88, sleep 10 ms & retry openCcciDriver
07-17 06:26:06.242 E/SpeechMessengerNormal(  741): openCcciDriver(), open(/dev/ccci_aud) fail!! mCcciDeviceHandler: -1, errno: 2
07-17 06:26:06.243 W/SpeechMessengerNormal(  741): checkCcciStatusAndRecovery(), #89, sleep 10 ms & retry openCcciDriver
07-17 06:26:06.253 E/SpeechMessengerNormal(  741): openCcciDriver(), open(/dev/ccci_aud) fail!! mCcciDeviceHandler: -1, errno: 2
07-17 06:26:06.253 W/SpeechMessengerNormal(  741): checkCcciStatusAndRecovery(), #90, sleep 10 ms & retry openCcciDriver
07-17 06:26:06.262 D/ULogGuard( 1100): Monitoring: 0 threads, 0 requests, 0 time-bombs; 1 guards. ResetFlags = 0x7
07-17 06:26:06.264 E/SpeechMessengerNormal(  741): openCcciDriver(), open(/dev/ccci_aud) fail!! mCcciDeviceHandler: -1, errno: 2
07-17 06:26:06.264 W/SpeechMessengerNormal(  741): checkCcciStatusAndRecovery(), #91, sleep 10 ms & retry openCcciDriver
07-17 06:26:06.275 E/SpeechMessengerNormal(  741): openCcciDriver(), open(/dev/ccci_aud) fail!! mCcciDeviceHandler: -1, errno: 2
07-17 06:26:06.276 W/SpeechMessengerNormal(  741): checkCcciStatusAndRecovery(), #92, sleep 10 ms & retry openCcciDriver
07-17 06:26:06.287 E/SpeechMessengerNormal(  741): openCcciDriver(), open(/dev/ccci_aud) fail!! mCcciDeviceHandler: -1, errno: 2
07-17 06:26:06.287 W/SpeechMessengerNormal(  741): checkCcciStatusAndRecovery(), #93, sleep 10 ms & retry openCcciDriver
07-17 06:26:06.297 E/SpeechMessengerNormal(  741): openCcciDriver(), open(/dev/ccci_aud) fail!! mCcciDeviceHandler: -1, errno: 2
07-17 06:26:06.298 W/SpeechMessengerNormal(  741): checkCcciStatusAndRecovery(), #94, sleep 10 ms & retry openCcciDriver
07-17 06:26:06.308 E/SpeechMessengerNormal(  741): openCcciDriver(), open(/dev/ccci_aud) fail!! mCcciDeviceHandler: -1, errno: 2
07-17 06:26:06.308 W/SpeechMessengerNormal(  741): checkCcciStatusAndRecovery(), #95, sleep 10 ms & retry openCcciDriver
07-17 06:26:06.319 E/SpeechMessengerNormal(  741): openCcciDriver(), open(/dev/ccci_aud) fail!! mCcciDeviceHandler: -1, errno: 2
07-17 06:26:06.319 W/SpeechMessengerNormal(  741): checkCcciStatusAndRecovery(), #96, sleep 10 ms & retry openCcciDriver
07-17 06:26:06.330 E/SpeechMessengerNormal(  741): openCcciDriver(), open(/dev/ccci_aud) fail!! mCcciDeviceHandler: -1, errno: 2
07-17 06:26:06.330 W/SpeechMessengerNormal(  741): checkCcciStatusAndRecovery(), #97, sleep 10 ms & retry openCcciDriver
07-17 06:26:06.341 E/SpeechMessengerNormal(  741): openCcciDriver(), open(/dev/ccci_aud) fail!! mCcciDeviceHandler: -1, errno: 2
07-17 06:26:06.341 W/SpeechMessengerNormal(  741): checkCcciStatusAndRecovery(), #98, sleep 10 ms & retry openCcciDriver
07-17 06:26:06.352 E/SpeechMessengerNormal(  741): openCcciDriver(), open(/dev/ccci_aud) fail!! mCcciDeviceHandler: -1, errno: 2
07-17 06:26:06.352 W/SpeechMessengerNormal(  741): checkCcciStatusAndRecovery(), #99, sleep 10 ms & retry openCcciDriver
07-17 06:26:06.363 E/SpeechMessengerNormal(  741): openCcciDriver(), open(/dev/ccci_aud) fail!! mCcciDeviceHandler: -1, errno: 2
07-17 06:26:06.363 W/SpeechMessengerNormal(  741): checkCcciStatusAndRecovery(), #100, sleep 10 ms & retry openCcciDriver
07-17 06:26:06.373 E/SpeechMessengerNormal(  741): openCcciDriver(), open(/dev/ccci_aud) fail!! mCcciDeviceHandler: -1, errno: 2
07-17 06:26:06.374 W/SpeechMessengerNormal(  741): checkCcciStatusAndRecovery(), #101, sleep 10 ms & retry openCcciDriver
07-17 06:26:06.384 E/SpeechMessengerNormal(  741): openCcciDriver(), open(/dev/ccci_aud) fail!! mCcciDeviceHandler: -1, errno: 2
07-17 06:26:06.385 W/SpeechMessengerNormal(  741): checkCcciStatusAndRecovery(), #102, sleep 10 ms & retry openCcciDriver
07-17 06:26:06.395 E/SpeechMessengerNormal(  741): openCcciDriver(), open(/dev/ccci_aud) fail!! mCcciDeviceHandler: -1, errno: 2
07-17 06:26:06.395 W/SpeechMessengerNormal(  741): checkCcciStatusAndRecovery(), #103, sleep 10 ms & retry openCcciDriver
07-17 06:26:06.401 E/[BT]    (  742): init_uart: Can't open /dev/stpbt (Unknown error 255), errno[255]
07-17 06:26:06.406 E/SpeechMessengerNormal(  741): openCcciDriver(), open(/dev/ccci_aud) fail!! mCcciDeviceHandler: -1, errno: 2
07-17 06:26:06.406 W/SpeechMessengerNormal(  741): checkCcciStatusAndRecovery(), #104, sleep 10 ms & retry openCcciDriver
07-17 06:26:06.417 E/SpeechMessengerNormal(  741): openCcciDriver(), open(/dev/ccci_aud) fail!! mCcciDeviceHandler: -1, errno: 2
07-17 06:26:06.417 W/SpeechMessengerNormal(  741): checkCcciStatusAndRecovery(), #105, sleep 10 ms & retry openCcciDriver
07-17 06:26:06.428 E/SpeechMessengerNormal(  741): openCcciDriver(), open(/dev/ccci_aud) fail!! mCcciDeviceHandler: -1, errno: 2
07-17 06:26:06.428 W/SpeechMessengerNormal(  741): checkCcciStatusAndRecovery(), #106, sleep 10 ms & retry openCcciDriver
07-17 06:26:06.429 I/RegistrationTest( 5657): HTTP status: 444
07-17 06:26:06.429 E/RegistrationTest( 5657): null
07-17 06:26:06.429 E/RegistrationTest( 5657): com.android.rkpdapp.RkpRegistrationCheck$NotRegisteredException
07-17 06:26:06.429 E/RegistrationTest( 5657): 	at com.android.rkpdapp.RkpRegistrationCheck.httpPost(RkpRegistrationCheck.java:262)
07-17 06:26:06.429 E/RegistrationTest( 5657): 	at com.android.rkpdapp.RkpRegistrationCheck.signCertificates(RkpRegistrationCheck.java:227)
07-17 06:26:06.429 E/RegistrationTest( 5657): 	at com.android.rkpdapp.RkpRegistrationCheck.checkNow(RkpRegistrationCheck.java:144)
07-17 06:26:06.429 E/RegistrationTest( 5657): 	at com.android.rkpdapp.RkpRegistrationCheck.main(RkpRegistrationCheck.java:119)
07-17 06:26:06.429 E/RegistrationTest( 5657): 	at com.android.internal.os.RuntimeInit.nativeFinishInit(Native Method)
07-17 06:26:06.429 E/RegistrationTest( 5657): 	at com.android.internal.os.RuntimeInit.main(RuntimeInit.java:376)
07-17 06:26:06.433 I/RegistrationTest( 5657): Original fingerprint: alps/vext_k6985_64_tee_s_pre/k6985_64_tee_s_pre:13/TP1A.220624.014/202210121200preb:userdebug/test-keys
07-17 06:26:06.433 I/RegistrationTest( 5657): Modified (prod-like) fingerprint: alps/vext_k6985_64_tee_s_pre/k6985_64_tee_s_pre:13/TP1A.220624.014/202210121200preb:user/test-keys
07-17 06:26:06.433 I/RegistrationTest( 5657): querying https://remoteprovisioning.googleapis.com/v1/:fetchEekChain?requestId=e67986f7-b2ad-4977-a9b5-6f40bb687b85
07-17 06:26:06.435 D/TrafficStats( 5657): tagSocket(52) with statsTag=0xffffffff, statsUid=-1
07-17 06:26:06.439 E/SpeechMessengerNormal(  741): openCcciDriver(), open(/dev/ccci_aud) fail!! mCcciDeviceHandler: -1, errno: 2
07-17 06:26:06.439 W/SpeechMessengerNormal(  741): checkCcciStatusAndRecovery(), #107, sleep 10 ms & retry openCcciDriver
07-17 06:26:06.450 E/SpeechMessengerNormal(  741): openCcciDriver(), open(/dev/ccci_aud) fail!! mCcciDeviceHandler: -1, errno: 2
07-17 06:26:06.450 W/SpeechMessengerNormal(  741): checkCcciStatusAndRecovery(), #108, sleep 10 ms & retry openCcciDriver
07-17 06:26:06.459 E/VT HIDL (  793): [IVT] [VT THREAD] [VT_Bind] des = volte_imsvt1 Fail to connect . retry count: 18416
07-17 06:26:06.460 D/VT HIDL (  793): [IVT] isIMCBrun : True
07-17 06:26:06.461 E/SpeechMessengerNormal(  741): openCcciDriver(), open(/dev/ccci_aud) fail!! mCcciDeviceHandler: -1, errno: 2
07-17 06:26:06.461 W/SpeechMessengerNormal(  741): checkCcciStatusAndRecovery(), #109, sleep 10 ms & retry openCcciDriver
07-17 06:26:06.472 E/SpeechMessengerNormal(  741): openCcciDriver(), open(/dev/ccci_aud) fail!! mCcciDeviceHandler: -1, errno: 2
07-17 06:26:06.472 W/SpeechMessengerNormal(  741): checkCcciStatusAndRecovery(), #110, sleep 10 ms & retry openCcciDriver
07-17 06:26:06.483 E/SpeechMessengerNormal(  741): openCcciDriver(), open(/dev/ccci_aud) fail!! mCcciDeviceHandler: -1, errno: 2
07-17 06:26:06.483 W/SpeechMessengerNormal(  741): checkCcciStatusAndRecovery(), #111, sleep 10 ms & retry openCcciDriver
07-17 06:26:06.495 E/SpeechMessengerNormal(  741): openCcciDriver(), open(/dev/ccci_aud) fail!! mCcciDeviceHandler: -1, errno: 2
07-17 06:26:06.495 W/SpeechMessengerNormal(  741): checkCcciStatusAndRecovery(), #112, sleep 10 ms & retry openCcciDriver
07-17 06:26:06.506 E/SpeechMessengerNormal(  741): openCcciDriver(), open(/dev/ccci_aud) fail!! mCcciDeviceHandler: -1, errno: 2
07-17 06:26:06.506 W/SpeechMessengerNormal(  741): checkCcciStatusAndRecovery(), #113, sleep 10 ms & retry openCcciDriver
07-17 06:26:06.516 E/SpeechMessengerNormal(  741): openCcciDriver(), open(/dev/ccci_aud) fail!! mCcciDeviceHandler: -1, errno: 2
07-17 06:26:06.517 W/SpeechMessengerNormal(  741): checkCcciStatusAndRecovery(), #114, sleep 10 ms & retry openCcciDriver
07-17 06:26:06.527 E/SpeechMessengerNormal(  741): openCcciDriver(), open(/dev/ccci_aud) fail!! mCcciDeviceHandler: -1, errno: 2
07-17 06:26:06.528 W/SpeechMessengerNormal(  741): checkCcciStatusAndRecovery(), #115, sleep 10 ms & retry openCcciDriver
07-17 06:26:06.538 E/SpeechMessengerNormal(  741): openCcciDriver(), open(/dev/ccci_aud) fail!! mCcciDeviceHandler: -1, errno: 2
07-17 06:26:06.539 W/SpeechMessengerNormal(  741): checkCcciStatusAndRecovery(), #116, sleep 10 ms & retry openCcciDriver
07-17 06:26:06.549 E/SpeechMessengerNormal(  741): openCcciDriver(), open(/dev/ccci_aud) fail!! mCcciDeviceHandler: -1, errno: 2
07-17 06:26:06.550 W/SpeechMessengerNormal(  741): checkCcciStatusAndRecovery(), #117, sleep 10 ms & retry openCcciDriver
07-17 06:26:06.560 E/SpeechMessengerNormal(  741): openCcciDriver(), open(/dev/ccci_aud) fail!! mCcciDeviceHandler: -1, errno: 2
07-17 06:26:06.561 W/SpeechMessengerNormal(  741): checkCcciStatusAndRecovery(), #118, sleep 10 ms & retry openCcciDriver
07-17 06:26:06.571 E/SpeechMessengerNormal(  741): openCcciDriver(), open(/dev/ccci_aud) fail!! mCcciDeviceHandler: -1, errno: 2
07-17 06:26:06.571 W/SpeechMessengerNormal(  741): checkCcciStatusAndRecovery(), #119, sleep 10 ms & retry openCcciDriver
07-17 06:26:06.582 E/SpeechMessengerNormal(  741): openCcciDriver(), open(/dev/ccci_aud) fail!! mCcciDeviceHandler: -1, errno: 2
07-17 06:26:06.582 W/SpeechMessengerNormal(  741): checkCcciStatusAndRecovery(), #120, sleep 10 ms & retry openCcciDriver
07-17 06:26:06.593 E/SpeechMessengerNormal(  741): openCcciDriver(), open(/dev/ccci_aud) fail!! mCcciDeviceHandler: -1, errno: 2
07-17 06:26:06.593 W/SpeechMessengerNormal(  741): checkCcciStatusAndRecovery(), #121, sleep 10 ms & retry openCcciDriver
07-17 06:26:06.596 D/MtkUiccSEService( 5676): Debug = 1
07-17 06:26:06.597 D/MtkUiccSEService( 5676): MTK UICC Secure Element Service is starting ...
07-17 06:26:06.597 D/MtkUiccSEService( 5676): getHidlNumberOfSim() = 0
07-17 06:26:06.597 D/MtkUiccSEService( 5676): getNumberOfSim() = 2
07-17 06:26:06.597 D/MtkUiccSEHal( 5676): [se1]SecureElement:98: created for UICC1/SIM1
07-17 06:26:06.597 D/MtkUiccSEHal( 5676): [se1]SecureElement:101: no timeout
07-17 06:26:06.598 I/hwservicemanager(  441): getTransport: Cannot find entry android.hardware.secure_element@1.2::ISecureElement/SIM1 in either framework or device VINTF manifest.
07-17 06:26:06.599 E/HidlServiceManagement( 5676): Service android.hardware.secure_element@1.2::ISecureElement/SIM1 must be in VINTF manifest in order to register/get.
07-17 06:26:06.599 E/MtkUiccSEService( 5676): Could not register service for UICC1 (-2147483648)
07-17 06:26:06.599 D/MtkUiccSEHal( 5676): [se1]~SecureElement:115: destroy for UICC1/SIM1
07-17 06:26:06.599 E/MtkUiccSEHal( 5676): [se1]internalReset:1106: RESET reason: destroy (1, 1)
07-17 06:26:06.599 D/MtkUiccSEHal( 5676): [se1]internalReset:1187: RESET Destroy done
07-17 06:26:06.604 E/SpeechMessengerNormal(  741): openCcciDriver(), open(/dev/ccci_aud) fail!! mCcciDeviceHandler: -1, errno: 2
07-17 06:26:06.604 W/SpeechMessengerNormal(  741): checkCcciStatusAndRecovery(), #122, sleep 10 ms & retry openCcciDriver
07-17 06:26:06.615 E/SpeechMessengerNormal(  741): openCcciDriver(), open(/dev/ccci_aud) fail!! mCcciDeviceHandler: -1, errno: 2
07-17 06:26:06.615 W/SpeechMessengerNormal(  741): checkCcciStatusAndRecovery(), #123, sleep 10 ms & retry openCcciDriver
07-17 06:26:06.626 E/SpeechMessengerNormal(  741): openCcciDriver(), open(/dev/ccci_aud) fail!! mCcciDeviceHandler: -1, errno: 2
07-17 06:26:06.627 E/AVSync  ( 1061): open dev failed: retry=18454, g_fd_avsync=-1, errno=2, No such file or directory
07-17 06:26:06.627 W/SpeechMessengerNormal(  741): checkCcciStatusAndRecovery(), #124, sleep 10 ms & retry openCcciDriver
07-17 06:26:06.638 E/SpeechMessengerNormal(  741): openCcciDriver(), open(/dev/ccci_aud) fail!! mCcciDeviceHandler: -1, errno: 2
07-17 06:26:06.638 W/SpeechMessengerNormal(  741): checkCcciStatusAndRecovery(), #125, sleep 10 ms & retry openCcciDriver
07-17 06:26:06.649 E/SpeechMessengerNormal(  741): openCcciDriver(), open(/dev/ccci_aud) fail!! mCcciDeviceHandler: -1, errno: 2
07-17 06:26:06.649 W/SpeechMessengerNormal(  741): checkCcciStatusAndRecovery(), #126, sleep 10 ms & retry openCcciDriver
07-17 06:26:06.660 E/SpeechMessengerNormal(  741): openCcciDriver(), open(/dev/ccci_aud) fail!! mCcciDeviceHandler: -1, errno: 2
07-17 06:26:06.660 W/SpeechMessengerNormal(  741): checkCcciStatusAndRecovery(), #127, sleep 10 ms & retry openCcciDriver
07-17 06:26:06.671 E/SpeechMessengerNormal(  741): openCcciDriver(), open(/dev/ccci_aud) fail!! mCcciDeviceHandler: -1, errno: 2
07-17 06:26:06.671 W/SpeechMessengerNormal(  741): checkCcciStatusAndRecovery(), #128, sleep 10 ms & retry openCcciDriver
07-17 06:26:06.682 E/SpeechMessengerNormal(  741): openCcciDriver(), open(/dev/ccci_aud) fail!! mCcciDeviceHandler: -1, errno: 2
07-17 06:26:06.682 W/SpeechMessengerNormal(  741): checkCcciStatusAndRecovery(), #129, sleep 10 ms & retry openCcciDriver
07-17 06:26:06.693 E/SpeechMessengerNormal(  741): openCcciDriver(), open(/dev/ccci_aud) fail!! mCcciDeviceHandler: -1, errno: 2
07-17 06:26:06.693 W/SpeechMessengerNormal(  741): checkCcciStatusAndRecovery(), #130, sleep 10 ms & retry openCcciDriver
07-17 06:26:06.704 E/SpeechMessengerNormal(  741): openCcciDriver(), open(/dev/ccci_aud) fail!! mCcciDeviceHandler: -1, errno: 2
07-17 06:26:06.704 W/SpeechMessengerNormal(  741): checkCcciStatusAndRecovery(), #131, sleep 10 ms & retry openCcciDriver
07-17 06:26:06.715 E/SpeechMessengerNormal(  741): openCcciDriver(), open(/dev/ccci_aud) fail!! mCcciDeviceHandler: -1, errno: 2
07-17 06:26:06.715 W/SpeechMessengerNormal(  741): checkCcciStatusAndRecovery(), #132, sleep 10 ms & retry openCcciDriver
07-17 06:26:06.726 E/SpeechMessengerNormal(  741): openCcciDriver(), open(/dev/ccci_aud) fail!! mCcciDeviceHandler: -1, errno: 2
07-17 06:26:06.726 W/SpeechMessengerNormal(  741): checkCcciStatusAndRecovery(), #133, sleep 10 ms & retry openCcciDriver
07-17 06:26:06.738 E/SpeechMessengerNormal(  741): openCcciDriver(), open(/dev/ccci_aud) fail!! mCcciDeviceHandler: -1, errno: 2
07-17 06:26:06.738 W/SpeechMessengerNormal(  741): checkCcciStatusAndRecovery(), #134, sleep 10 ms & retry openCcciDriver
07-17 06:26:06.750 E/SpeechMessengerNormal(  741): openCcciDriver(), open(/dev/ccci_aud) fail!! mCcciDeviceHandler: -1, errno: 2
07-17 06:26:06.750 W/SpeechMessengerNormal(  741): checkCcciStatusAndRecovery(), #135, sleep 10 ms & retry openCcciDriver
07-17 06:26:06.761 E/SpeechMessengerNormal(  741): openCcciDriver(), open(/dev/ccci_aud) fail!! mCcciDeviceHandler: -1, errno: 2
07-17 06:26:06.761 W/SpeechMessengerNormal(  741): checkCcciStatusAndRecovery(), #136, sleep 10 ms & retry openCcciDriver
07-17 06:26:06.767 D/EMDLOGGER1( 1097): ccb_init_cond: wait required modem status time out
07-17 06:26:06.772 E/SpeechMessengerNormal(  741): openCcciDriver(), open(/dev/ccci_aud) fail!! mCcciDeviceHandler: -1, errno: 2
07-17 06:26:06.772 W/SpeechMessengerNormal(  741): checkCcciStatusAndRecovery(), #137, sleep 10 ms & retry openCcciDriver
07-17 06:26:06.783 E/SpeechMessengerNormal(  741): openCcciDriver(), open(/dev/ccci_aud) fail!! mCcciDeviceHandler: -1, errno: 2
07-17 06:26:06.783 W/SpeechMessengerNormal(  741): checkCcciStatusAndRecovery(), #138, sleep 10 ms & retry openCcciDriver
07-17 06:26:06.793 E/SpeechMessengerNormal(  741): openCcciDriver(), open(/dev/ccci_aud) fail!! mCcciDeviceHandler: -1, errno: 2
07-17 06:26:06.794 W/SpeechMessengerNormal(  741): checkCcciStatusAndRecovery(), #139, sleep 10 ms & retry openCcciDriver
07-17 06:26:06.801 I/servicemanager(  433): Found android.hardware.radio.voice.IRadioVoice/imsSlot1 in device VINTF manifest.
07-17 06:26:06.805 E/SpeechMessengerNormal(  741): openCcciDriver(), open(/dev/ccci_aud) fail!! mCcciDeviceHandler: -1, errno: 2
07-17 06:26:06.805 W/SpeechMessengerNormal(  741): checkCcciStatusAndRecovery(), #140, sleep 10 ms & retry openCcciDriver
07-17 06:26:06.808 I/servicemanager(  433): Found android.hardware.radio.sim.IRadioSim/imsSlot1 in device VINTF manifest.
07-17 06:26:06.812 I/servicemanager(  433): Found android.hardware.radio.modem.IRadioModem/imsSlot1 in device VINTF manifest.
07-17 06:26:06.815 I/servicemanager(  433): Found android.hardware.radio.network.IRadioNetwork/imsSlot1 in device VINTF manifest.
07-17 06:26:06.815 E/SpeechMessengerNormal(  741): openCcciDriver(), open(/dev/ccci_aud) fail!! mCcciDeviceHandler: -1, errno: 2
07-17 06:26:06.816 W/SpeechMessengerNormal(  741): checkCcciStatusAndRecovery(), #141, sleep 10 ms & retry openCcciDriver
07-17 06:26:06.820 I/servicemanager(  433): Found vendor.mediatek.hardware.mtkradioex.ims.IMtkRadioExIms/slot1 in device VINTF manifest.
07-17 06:26:06.825 I/servicemanager(  433): Found vendor.mediatek.hardware.mtkradioex.voice.IMtkRadioExVoice/slot1 in device VINTF manifest.
07-17 06:26:06.827 E/SpeechMessengerNormal(  741): openCcciDriver(), open(/dev/ccci_aud) fail!! mCcciDeviceHandler: -1, errno: 2
07-17 06:26:06.827 W/SpeechMessengerNormal(  741): checkCcciStatusAndRecovery(), #142, sleep 10 ms & retry openCcciDriver
07-17 06:26:06.829 I/servicemanager(  433): Found vendor.mediatek.hardware.mtkradioex.modem.IMtkRadioExModem/slot1 in device VINTF manifest.
07-17 06:26:06.832 I/servicemanager(  433): Found android.hardware.radio.voice.IRadioVoice/imsSlot2 in device VINTF manifest.
07-17 06:26:06.837 I/servicemanager(  433): Found android.hardware.radio.sim.IRadioSim/imsSlot2 in device VINTF manifest.
07-17 06:26:06.838 E/SpeechMessengerNormal(  741): openCcciDriver(), open(/dev/ccci_aud) fail!! mCcciDeviceHandler: -1, errno: 2
07-17 06:26:06.838 W/SpeechMessengerNormal(  741): checkCcciStatusAndRecovery(), #143, sleep 10 ms & retry openCcciDriver
07-17 06:26:06.841 I/servicemanager(  433): Found android.hardware.radio.modem.IRadioModem/imsSlot2 in device VINTF manifest.
07-17 06:26:06.844 I/servicemanager(  433): Found android.hardware.radio.network.IRadioNetwork/imsSlot2 in device VINTF manifest.
07-17 06:26:06.848 I/servicemanager(  433): Found vendor.mediatek.hardware.mtkradioex.ims.IMtkRadioExIms/slot2 in device VINTF manifest.
07-17 06:26:06.849 E/SpeechMessengerNormal(  741): openCcciDriver(), open(/dev/ccci_aud) fail!! mCcciDeviceHandler: -1, errno: 2
07-17 06:26:06.849 W/SpeechMessengerNormal(  741): checkCcciStatusAndRecovery(), #144, sleep 10 ms & retry openCcciDriver
07-17 06:26:06.851 I/servicemanager(  433): Found vendor.mediatek.hardware.mtkradioex.voice.IMtkRadioExVoice/slot2 in device VINTF manifest.
07-17 06:26:06.854 I/servicemanager(  433): Found vendor.mediatek.hardware.mtkradioex.modem.IMtkRadioExModem/slot2 in device VINTF manifest.
07-17 06:26:06.859 E/SpeechMessengerNormal(  741): openCcciDriver(), open(/dev/ccci_aud) fail!! mCcciDeviceHandler: -1, errno: 2
07-17 06:26:06.860 W/SpeechMessengerNormal(  741): checkCcciStatusAndRecovery(), #145, sleep 10 ms & retry openCcciDriver
07-17 06:26:06.870 E/SpeechMessengerNormal(  741): openCcciDriver(), open(/dev/ccci_aud) fail!! mCcciDeviceHandler: -1, errno: 2
07-17 06:26:06.871 W/SpeechMessengerNormal(  741): checkCcciStatusAndRecovery(), #146, sleep 10 ms & retry openCcciDriver
07-17 06:26:06.881 E/SpeechMessengerNormal(  741): openCcciDriver(), open(/dev/ccci_aud) fail!! mCcciDeviceHandler: -1, errno: 2
07-17 06:26:06.881 W/SpeechMessengerNormal(  741): checkCcciStatusAndRecovery(), #147, sleep 10 ms & retry openCcciDriver
07-17 06:26:06.892 E/SpeechMessengerNormal(  741): openCcciDriver(), open(/dev/ccci_aud) fail!! mCcciDeviceHandler: -1, errno: 2
07-17 06:26:06.892 W/SpeechMessengerNormal(  741): checkCcciStatusAndRecovery(), #148, sleep 10 ms & retry openCcciDriver
07-17 06:26:06.903 E/SpeechMessengerNormal(  741): openCcciDriver(), open(/dev/ccci_aud) fail!! mCcciDeviceHandler: -1, errno: 2
07-17 06:26:06.903 W/SpeechMessengerNormal(  741): checkCcciStatusAndRecovery(), #149, sleep 10 ms & retry openCcciDriver
07-17 06:26:06.914 E/SpeechMessengerNormal(  741): openCcciDriver(), open(/dev/ccci_aud) fail!! mCcciDeviceHandler: -1, errno: 2
07-17 06:26:06.914 W/SpeechMessengerNormal(  741): checkCcciStatusAndRecovery(), #150, sleep 10 ms & retry openCcciDriver
07-17 06:26:06.925 E/SpeechMessengerNormal(  741): openCcciDriver(), open(/dev/ccci_aud) fail!! mCcciDeviceHandler: -1, errno: 2
07-17 06:26:06.926 W/SpeechMessengerNormal(  741): checkCcciStatusAndRecovery(), #151, sleep 10 ms & retry openCcciDriver
07-17 06:26:06.937 E/SpeechMessengerNormal(  741): openCcciDriver(), open(/dev/ccci_aud) fail!! mCcciDeviceHandler: -1, errno: 2
07-17 06:26:06.938 W/SpeechMessengerNormal(  741): checkCcciStatusAndRecovery(), #152, sleep 10 ms & retry openCcciDriver
07-17 06:26:06.948 E/SpeechMessengerNormal(  741): openCcciDriver(), open(/dev/ccci_aud) fail!! mCcciDeviceHandler: -1, errno: 2
07-17 06:26:06.949 W/SpeechMessengerNormal(  741): checkCcciStatusAndRecovery(), #153, sleep 10 ms & retry openCcciDriver
07-17 06:26:06.959 E/SpeechMessengerNormal(  741): openCcciDriver(), open(/dev/ccci_aud) fail!! mCcciDeviceHandler: -1, errno: 2
07-17 06:26:06.959 W/SpeechMessengerNormal(  741): checkCcciStatusAndRecovery(), #154, sleep 10 ms & retry openCcciDriver
07-17 06:26:06.961 E/VT HIDL (  793): [IVT] [VT THREAD] [VT_Bind] des = volte_imsvt1 Fail to connect . retry count: 18417
07-17 06:26:06.962 D/VT HIDL (  793): [IVT] isIMCBrun : True
07-17 06:26:06.970 E/SpeechMessengerNormal(  741): openCcciDriver(), open(/dev/ccci_aud) fail!! mCcciDeviceHandler: -1, errno: 2
07-17 06:26:06.970 W/SpeechMessengerNormal(  741): checkCcciStatusAndRecovery(), #155, sleep 10 ms & retry openCcciDriver
07-17 06:26:06.981 E/SpeechMessengerNormal(  741): openCcciDriver(), open(/dev/ccci_aud) fail!! mCcciDeviceHandler: -1, errno: 2
07-17 06:26:06.981 W/SpeechMessengerNormal(  741): checkCcciStatusAndRecovery(), #156, sleep 10 ms & retry openCcciDriver
07-17 06:26:06.995 E/SpeechMessengerNormal(  741): openCcciDriver(), open(/dev/ccci_aud) fail!! mCcciDeviceHandler: -1, errno: 2
07-17 06:26:06.995 W/SpeechMessengerNormal(  741): checkCcciStatusAndRecovery(), #157, sleep 10 ms & retry openCcciDriver
07-17 06:26:07.000 E/bt_hci  ( 5600): startup_timer_expired: startup_timer_expired
07-17 06:26:07.002 I/mtk.hal.bt@1.0-impl(  742): BluetoothHci::close()
07-17 06:26:07.004 F/libc    ( 5600): Fatal signal 6 (SIGABRT), code -1 (SI_QUEUE) in tid 5625 (alarm_default_c), pid 5600 (droid.bluetooth)
07-17 06:26:07.006 E/SpeechMessengerNormal(  741): openCcciDriver(), open(/dev/ccci_aud) fail!! mCcciDeviceHandler: -1, errno: 2
07-17 06:26:07.007 W/SpeechMessengerNormal(  741): checkCcciStatusAndRecovery(), #158, sleep 10 ms & retry openCcciDriver
07-17 06:26:07.017 E/SpeechMessengerNormal(  741): openCcciDriver(), open(/dev/ccci_aud) fail!! mCcciDeviceHandler: -1, errno: 2
07-17 06:26:07.018 W/SpeechMessengerNormal(  741): checkCcciStatusAndRecovery(), #159, sleep 10 ms & retry openCcciDriver
07-17 06:26:07.028 E/SpeechMessengerNormal(  741): openCcciDriver(), open(/dev/ccci_aud) fail!! mCcciDeviceHandler: -1, errno: 2
07-17 06:26:07.029 W/SpeechMessengerNormal(  741): checkCcciStatusAndRecovery(), #160, sleep 10 ms & retry openCcciDriver
07-17 06:26:07.039 E/SpeechMessengerNormal(  741): openCcciDriver(), open(/dev/ccci_aud) fail!! mCcciDeviceHandler: -1, errno: 2
07-17 06:26:07.040 W/SpeechMessengerNormal(  741): checkCcciStatusAndRecovery(), #161, sleep 10 ms & retry openCcciDriver
07-17 06:26:07.051 E/SpeechMessengerNormal(  741): openCcciDriver(), open(/dev/ccci_aud) fail!! mCcciDeviceHandler: -1, errno: 2
07-17 06:26:07.051 W/SpeechMessengerNormal(  741): checkCcciStatusAndRecovery(), #162, sleep 10 ms & retry openCcciDriver
07-17 06:26:07.061 E/SpeechMessengerNormal(  741): openCcciDriver(), open(/dev/ccci_aud) fail!! mCcciDeviceHandler: -1, errno: 2
07-17 06:26:07.061 W/SpeechMessengerNormal(  741): checkCcciStatusAndRecovery(), #163, sleep 10 ms & retry openCcciDriver
07-17 06:26:07.072 E/SpeechMessengerNormal(  741): openCcciDriver(), open(/dev/ccci_aud) fail!! mCcciDeviceHandler: -1, errno: 2
07-17 06:26:07.072 W/SpeechMessengerNormal(  741): checkCcciStatusAndRecovery(), #164, sleep 10 ms & retry openCcciDriver
07-17 06:26:07.082 E/SpeechMessengerNormal(  741): openCcciDriver(), open(/dev/ccci_aud) fail!! mCcciDeviceHandler: -1, errno: 2
07-17 06:26:07.082 W/SpeechMessengerNormal(  741): checkCcciStatusAndRecovery(), #165, sleep 10 ms & retry openCcciDriver
07-17 06:26:07.094 E/SpeechMessengerNormal(  741): openCcciDriver(), open(/dev/ccci_aud) fail!! mCcciDeviceHandler: -1, errno: 2
07-17 06:26:07.094 W/SpeechMessengerNormal(  741): checkCcciStatusAndRecovery(), #166, sleep 10 ms & retry openCcciDriver
07-17 06:26:07.105 E/SpeechMessengerNormal(  741): openCcciDriver(), open(/dev/ccci_aud) fail!! mCcciDeviceHandler: -1, errno: 2
07-17 06:26:07.105 W/SpeechMessengerNormal(  741): checkCcciStatusAndRecovery(), #167, sleep 10 ms & retry openCcciDriver
07-17 06:26:07.116 E/SpeechMessengerNormal(  741): openCcciDriver(), open(/dev/ccci_aud) fail!! mCcciDeviceHandler: -1, errno: 2
07-17 06:26:07.116 W/SpeechMessengerNormal(  741): checkCcciStatusAndRecovery(), #168, sleep 10 ms & retry openCcciDriver
07-17 06:26:07.127 E/AVSync  ( 1061): open dev failed: retry=18455, g_fd_avsync=-1, errno=2, No such file or directory
07-17 06:26:07.127 E/SpeechMessengerNormal(  741): openCcciDriver(), open(/dev/ccci_aud) fail!! mCcciDeviceHandler: -1, errno: 2
07-17 06:26:07.128 W/SpeechMessengerNormal(  741): checkCcciStatusAndRecovery(), #169, sleep 10 ms & retry openCcciDriver
07-17 06:26:07.139 E/SpeechMessengerNormal(  741): openCcciDriver(), open(/dev/ccci_aud) fail!! mCcciDeviceHandler: -1, errno: 2
07-17 06:26:07.140 W/SpeechMessengerNormal(  741): checkCcciStatusAndRecovery(), #170, sleep 10 ms & retry openCcciDriver
07-17 06:26:07.151 E/SpeechMessengerNormal(  741): openCcciDriver(), open(/dev/ccci_aud) fail!! mCcciDeviceHandler: -1, errno: 2
07-17 06:26:07.151 W/SpeechMessengerNormal(  741): checkCcciStatusAndRecovery(), #171, sleep 10 ms & retry openCcciDriver
07-17 06:26:07.162 E/SpeechMessengerNormal(  741): openCcciDriver(), open(/dev/ccci_aud) fail!! mCcciDeviceHandler: -1, errno: 2
07-17 06:26:07.163 W/SpeechMessengerNormal(  741): checkCcciStatusAndRecovery(), #172, sleep 10 ms & retry openCcciDriver
07-17 06:26:07.168 I/servicemanager(  433): Found android.hardware.radio.config.IRadioConfig/default in device VINTF manifest.
07-17 06:26:07.173 E/SpeechMessengerNormal(  741): openCcciDriver(), open(/dev/ccci_aud) fail!! mCcciDeviceHandler: -1, errno: 2
07-17 06:26:07.174 W/SpeechMessengerNormal(  741): checkCcciStatusAndRecovery(), #173, sleep 10 ms & retry openCcciDriver
07-17 06:26:07.184 E/SpeechMessengerNormal(  741): openCcciDriver(), open(/dev/ccci_aud) fail!! mCcciDeviceHandler: -1, errno: 2
07-17 06:26:07.184 W/SpeechMessengerNormal(  741): checkCcciStatusAndRecovery(), #174, sleep 10 ms & retry openCcciDriver
07-17 06:26:07.195 E/SpeechMessengerNormal(  741): openCcciDriver(), open(/dev/ccci_aud) fail!! mCcciDeviceHandler: -1, errno: 2
07-17 06:26:07.195 W/SpeechMessengerNormal(  741): checkCcciStatusAndRecovery(), #175, sleep 10 ms & retry openCcciDriver
07-17 06:26:07.206 E/SpeechMessengerNormal(  741): openCcciDriver(), open(/dev/ccci_aud) fail!! mCcciDeviceHandler: -1, errno: 2
07-17 06:26:07.206 W/SpeechMessengerNormal(  741): checkCcciStatusAndRecovery(), #176, sleep 10 ms & retry openCcciDriver
07-17 06:26:07.216 E/SpeechMessengerNormal(  741): openCcciDriver(), open(/dev/ccci_aud) fail!! mCcciDeviceHandler: -1, errno: 2
07-17 06:26:07.217 W/SpeechMessengerNormal(  741): checkCcciStatusAndRecovery(), #177, sleep 10 ms & retry openCcciDriver
07-17 06:26:07.225 I/crash_dump64( 5681): obtaining output fd from tombstoned, type: kDebuggerdTombstoneProto
07-17 06:26:07.226 I/tombstoned(  609): received crash request for pid 5625
07-17 06:26:07.227 E/SpeechMessengerNormal(  741): openCcciDriver(), open(/dev/ccci_aud) fail!! mCcciDeviceHandler: -1, errno: 2
07-17 06:26:07.227 W/SpeechMessengerNormal(  741): checkCcciStatusAndRecovery(), #178, sleep 10 ms & retry openCcciDriver
07-17 06:26:07.227 I/crash_dump64( 5681): performing dump of process 5600 (target tid = 5625)
07-17 06:26:07.237 E/SpeechMessengerNormal(  741): openCcciDriver(), open(/dev/ccci_aud) fail!! mCcciDeviceHandler: -1, errno: 2
07-17 06:26:07.238 W/SpeechMessengerNormal(  741): checkCcciStatusAndRecovery(), #179, sleep 10 ms & retry openCcciDriver
07-17 06:26:07.249 E/DEBUG   ( 5681): failed to read process info: failed to open /proc/5600
07-17 06:26:07.249 E/SpeechMessengerNormal(  741): openCcciDriver(), open(/dev/ccci_aud) fail!! mCcciDeviceHandler: -1, errno: 2
07-17 06:26:07.249 W/SpeechMessengerNormal(  741): checkCcciStatusAndRecovery(), #180, sleep 10 ms & retry openCcciDriver
07-17 06:26:07.259 E/SpeechMessengerNormal(  741): openCcciDriver(), open(/dev/ccci_aud) fail!! mCcciDeviceHandler: -1, errno: 2
07-17 06:26:07.260 W/SpeechMessengerNormal(  741): checkCcciStatusAndRecovery(), #181, sleep 10 ms & retry openCcciDriver
07-17 06:26:07.271 E/SpeechMessengerNormal(  741): openCcciDriver(), open(/dev/ccci_aud) fail!! mCcciDeviceHandler: -1, errno: 2
