07-17 07:49:58.831 D/SystemServerTiming(  950): ssm.onStartUser-0_com.android.server.wifi.WifiService
07-17 07:49:58.831 V/SystemServerTiming(  950): ssm.onStartUser-0_com.android.server.wifi.WifiService took to complete: 0ms
07-17 07:49:58.831 D/SystemServerTiming(  950): ssm.onStartUser-0_com.android.server.wifi.scanner.WifiScanningService
07-17 07:49:58.831 V/SystemServerTiming(  950): ssm.onStartUser-0_com.android.server.wifi.scanner.WifiScanningService took to complete: 0ms
07-17 07:49:58.831 D/SystemServerTiming(  950): ssm.onStartUser-0_com.android.server.wifi.p2p.WifiP2pService
07-17 07:49:58.831 V/SystemServerTiming(  950): ssm.onStartUser-0_com.android.server.wifi.p2p.WifiP2pService took to complete: 0ms
07-17 07:49:58.831 D/SystemServerTiming(  950): ssm.onStartUser-0_com.android.server.ConnectivityServiceInitializer
07-17 07:49:58.831 V/SystemServerTiming(  950): ssm.onStartUser-0_com.android.server.ConnectivityServiceInitializer took to complete: 0ms
07-17 07:49:58.831 D/SystemServerTiming(  950): ssm.onStartUser-0_com.android.server.notification.NotificationManagerService
07-17 07:49:58.831 V/SystemServerTiming(  950): ssm.onStartUser-0_com.android.server.notification.NotificationManagerService took to complete: 0ms
07-17 07:49:58.831 D/SystemServerTiming(  950): ssm.onStartUser-0_com.android.server.storage.DeviceStorageMonitorService
07-17 07:49:58.831 V/SystemServerTiming(  950): ssm.onStartUser-0_com.android.server.storage.DeviceStorageMonitorService took to complete: 0ms
07-17 07:49:58.831 D/SystemServerTiming(  950): ssm.onStartUser-0_com.android.server.location.LocationManagerService$Lifecycle
07-17 07:49:58.832 V/SystemServerTiming(  950): ssm.onStartUser-0_com.android.server.location.LocationManagerService$Lifecycle took to complete: 0ms
07-17 07:49:58.832 D/SystemServerTiming(  950): ssm.onStartUser-0_com.android.server.timedetector.TimeDetectorService$Lifecycle
07-17 07:49:58.832 V/SystemServerTiming(  950): ssm.onStartUser-0_com.android.server.timedetector.TimeDetectorService$Lifecycle took to complete: 0ms
07-17 07:49:58.832 D/SystemServerTiming(  950): ssm.onStartUser-0_com.android.server.timezonedetector.TimeZoneDetectorService$Lifecycle
07-17 07:49:58.832 V/SystemServerTiming(  950): ssm.onStartUser-0_com.android.server.timezonedetector.TimeZoneDetectorService$Lifecycle took to complete: 0ms
07-17 07:49:58.832 D/SystemServerTiming(  950): ssm.onStartUser-0_com.android.server.timezonedetector.location.LocationTimeZoneManagerService$Lifecycle
07-17 07:49:58.832 V/SystemServerTiming(  950): ssm.onStartUser-0_com.android.server.timezonedetector.location.LocationTimeZoneManagerService$Lifecycle took to complete: 0ms
07-17 07:49:58.832 D/SystemServerTiming(  950): ssm.onStartUser-0_com.android.server.search.SearchManagerService$Lifecycle
07-17 07:49:58.832 V/SystemServerTiming(  950): ssm.onStartUser-0_com.android.server.search.SearchManagerService$Lifecycle took to complete: 0ms
07-17 07:49:58.832 D/SystemServerTiming(  950): ssm.onStartUser-0_com.android.server.wallpaper.WallpaperManagerService$Lifecycle
07-17 07:49:58.832 V/SystemServerTiming(  950): ssm.onStartUser-0_com.android.server.wallpaper.WallpaperManagerService$Lifecycle took to complete: 0ms
07-17 07:49:58.832 D/SystemServerTiming(  950): ssm.onStartUser-0_com.android.server.wallpapereffectsgeneration.WallpaperEffectsGenerationManagerService
07-17 07:49:58.832 V/SystemServerTiming(  950): ssm.onStartUser-0_com.android.server.wallpapereffectsgeneration.WallpaperEffectsGenerationManagerService took to complete: 0ms
07-17 07:49:58.832 D/SystemServerTiming(  950): ssm.onStartUser-0_com.android.server.audio.AudioService$Lifecycle
07-17 07:49:58.832 V/SystemServerTiming(  950): ssm.onStartUser-0_com.android.server.audio.AudioService$Lifecycle took to complete: 0ms
07-17 07:49:58.832 D/SystemServerTiming(  950): ssm.onStartUser-0_com.android.server.soundtrigger_middleware.SoundTriggerMiddlewareService$Lifecycle
07-17 07:49:58.832 V/SystemServerTiming(  950): ssm.onStartUser-0_com.android.server.soundtrigger_middleware.SoundTriggerMiddlewareService$Lifecycle took to complete: 0ms
07-17 07:49:58.832 D/SystemServerTiming(  950): ssm.onStartUser-0_com.android.server.DockObserver
07-17 07:49:58.832 V/SystemServerTiming(  950): ssm.onStartUser-0_com.android.server.DockObserver took to complete: 0ms
07-17 07:49:58.832 D/SystemServerTiming(  950): ssm.onStartUser-0_com.android.server.midi.MidiService$Lifecycle
07-17 07:49:58.832 V/SystemServerTiming(  950): ssm.onStartUser-0_com.android.server.midi.MidiService$Lifecycle took to complete: 0ms
07-17 07:49:58.832 D/SystemServerTiming(  950): ssm.onStartUser-0_com.android.server.adb.AdbService$Lifecycle
07-17 07:49:58.832 V/SystemServerTiming(  950): ssm.onStartUser-0_com.android.server.adb.AdbService$Lifecycle took to complete: 0ms
07-17 07:49:58.832 D/SystemServerTiming(  950): ssm.onStartUser-0_com.android.server.usb.UsbService$Lifecycle
07-17 07:49:58.832 V/SystemServerTiming(  950): ssm.onStartUser-0_com.android.server.usb.UsbService$Lifecycle took to complete: 0ms
07-17 07:49:58.832 D/SystemServerTiming(  950): ssm.onStartUser-0_com.android.server.twilight.TwilightService
07-17 07:49:58.832 V/SystemServerTiming(  950): ssm.onStartUser-0_com.android.server.twilight.TwilightService took to complete: 0ms
07-17 07:49:58.832 D/SystemServerTiming(  950): ssm.onStartUser-0_com.android.server.display.color.ColorDisplayService
07-17 07:49:58.832 V/SystemServerTiming(  950): ssm.onStartUser-0_com.android.server.display.color.ColorDisplayService took to complete: 0ms
07-17 07:49:58.832 D/SystemServerTiming(  950): ssm.onStartUser-0_com.android.server.job.JobSchedulerService
07-17 07:49:58.832 V/SystemServerTiming(  950): ssm.onStartUser-0_com.android.server.job.JobSchedulerService took to complete: 0ms
07-17 07:49:58.832 D/SystemServerTiming(  950): ssm.onStartUser-0_com.android.server.soundtrigger.SoundTriggerService
07-17 07:49:58.832 V/SystemServerTiming(  950): ssm.onStartUser-0_com.android.server.soundtrigger.SoundTriggerService took to complete: 0ms
07-17 07:49:58.832 D/SystemServerTiming(  950): ssm.onStartUser-0_com.android.server.trust.TrustManagerService
07-17 07:49:58.832 V/SystemServerTiming(  950): ssm.onStartUser-0_com.android.server.trust.TrustManagerService took to complete: 0ms
07-17 07:49:58.833 D/SystemServerTiming(  950): ssm.onStartUser-0_com.android.server.backup.BackupManagerService$Lifecycle
07-17 07:49:58.833 V/SystemServerTiming(  950): ssm.onStartUser-0_com.android.server.backup.BackupManagerService$Lifecycle took to complete: 0ms
07-17 07:49:58.833 D/SystemServerTiming(  950): ssm.onStartUser-0_com.android.server.appwidget.AppWidgetService
07-17 07:49:58.833 V/SystemServerTiming(  950): ssm.onStartUser-0_com.android.server.appwidget.AppWidgetService took to complete: 0ms
07-17 07:49:58.833 D/SystemServerTiming(  950): ssm.onStartUser-0_com.android.server.voiceinteraction.VoiceInteractionManagerService
07-17 07:49:58.833 W/VoiceInteractionManager(  950): no available voice recognition services found for user 0
07-17 07:49:58.833 V/SystemServerTiming(  950): ssm.onStartUser-0_com.android.server.voiceinteraction.VoiceInteractionManagerService took to complete: 0ms
07-17 07:49:58.833 D/SystemServerTiming(  950): ssm.onStartUser-0_com.android.server.apphibernation.AppHibernationService
07-17 07:49:58.833 V/SystemServerTiming(  950): ssm.onStartUser-0_com.android.server.apphibernation.AppHibernationService took to complete: 0ms
07-17 07:49:58.833 D/SystemServerTiming(  950): ssm.onStartUser-0_com.android.server.GestureLauncherService
07-17 07:49:58.833 V/SystemServerTiming(  950): ssm.onStartUser-0_com.android.server.GestureLauncherService took to complete: 0ms
07-17 07:49:58.833 D/SystemServerTiming(  950): ssm.onStartUser-0_com.android.server.SensorNotificationService
07-17 07:49:58.835 V/SystemServerTiming(  950): ssm.onStartUser-0_com.android.server.SensorNotificationService took to complete: 0ms
07-17 07:49:58.835 D/SystemServerTiming(  950): ssm.onStartUser-0_com.android.server.emergency.EmergencyAffordanceService
07-17 07:49:58.835 V/SystemServerTiming(  950): ssm.onStartUser-0_com.android.server.emergency.EmergencyAffordanceService took to complete: 0ms
07-17 07:49:58.835 D/SystemServerTiming(  950): ssm.onStartUser-0_com.android.server.blob.BlobStoreManagerService
07-17 07:49:58.835 V/SystemServerTiming(  950): ssm.onStartUser-0_com.android.server.blob.BlobStoreManagerService took to complete: 0ms
07-17 07:49:58.835 D/SystemServerTiming(  950): ssm.onStartUser-0_com.android.server.dreams.DreamManagerService
07-17 07:49:58.836 V/SystemServerTiming(  950): ssm.onStartUser-0_com.android.server.dreams.DreamManagerService took to complete: 0ms
07-17 07:49:58.836 D/SystemServerTiming(  950): ssm.onStartUser-0_com.android.server.print.PrintManagerService
07-17 07:49:58.836 V/SystemServerTiming(  950): ssm.onStartUser-0_com.android.server.print.PrintManagerService took to complete: 0ms
07-17 07:49:58.836 D/SystemServerTiming(  950): ssm.onStartUser-0_com.android.server.security.AttestationVerificationManagerService
07-17 07:49:58.836 V/SystemServerTiming(  950): ssm.onStartUser-0_com.android.server.security.AttestationVerificationManagerService took to complete: 0ms
07-17 07:49:58.836 D/SystemServerTiming(  950): ssm.onStartUser-0_com.android.server.companion.CompanionDeviceManagerService
07-17 07:49:58.836 V/SystemServerTiming(  950): ssm.onStartUser-0_com.android.server.companion.CompanionDeviceManagerService took to complete: 0ms
07-17 07:49:58.836 D/SystemServerTiming(  950): ssm.onStartUser-0_com.android.server.companion.virtual.VirtualDeviceManagerService
07-17 07:49:58.839 E/CountryDetector(  950): Could not instantiate the custom country detector class
07-17 07:49:58.844 V/SystemServerTiming(  950): ssm.onStartUser-0_com.android.server.companion.virtual.VirtualDeviceManagerService took to complete: 8ms
07-17 07:49:58.844 D/SystemServerTiming(  950): ssm.onStartUser-0_com.android.server.restrictions.RestrictionsManagerService
07-17 07:49:58.844 V/SystemServerTiming(  950): ssm.onStartUser-0_com.android.server.restrictions.RestrictionsManagerService took to complete: 0ms
07-17 07:49:58.845 D/SystemServerTiming(  950): ssm.onStartUser-0_com.android.server.media.MediaSessionService
07-17 07:49:58.845 V/SystemServerTiming(  950): ssm.onStartUser-0_com.android.server.media.MediaSessionService took to complete: 0ms
07-17 07:49:58.845 D/SystemServerTiming(  950): ssm.onStartUser-0_com.android.server.media.MediaResourceMonitorService
07-17 07:49:58.845 V/SystemServerTiming(  950): ssm.onStartUser-0_com.android.server.media.MediaResourceMonitorService took to complete: 0ms
07-17 07:49:58.845 D/SystemServerTiming(  950): ssm.onStartUser-0_com.android.server.biometrics.sensors.fingerprint.FingerprintService
07-17 07:49:58.845 V/SystemServerTiming(  950): ssm.onStartUser-0_com.android.server.biometrics.sensors.fingerprint.FingerprintService took to complete: 0ms
07-17 07:49:58.845 D/SystemServerTiming(  950): ssm.onStartUser-0_com.android.server.biometrics.BiometricService
07-17 07:49:58.845 V/SystemServerTiming(  950): ssm.onStartUser-0_com.android.server.biometrics.BiometricService took to complete: 0ms
07-17 07:49:58.845 D/SystemServerTiming(  950): ssm.onStartUser-0_com.android.server.biometrics.AuthService
07-17 07:49:58.845 V/SystemServerTiming(  950): ssm.onStartUser-0_com.android.server.biometrics.AuthService took to complete: 0ms
07-17 07:49:58.845 D/SystemServerTiming(  950): ssm.onStartUser-0_com.android.server.pm.ShortcutService$Lifecycle
07-17 07:49:58.845 V/SystemServerTiming(  950): ssm.onStartUser-0_com.android.server.pm.ShortcutService$Lifecycle took to complete: 0ms
07-17 07:49:58.845 D/SystemServerTiming(  950): ssm.onStartUser-0_com.android.server.pm.LauncherAppsService
07-17 07:49:58.846 V/SystemServerTiming(  950): ssm.onStartUser-0_com.android.server.pm.LauncherAppsService took to complete: 0ms
07-17 07:49:58.846 D/SystemServerTiming(  950): ssm.onStartUser-0_com.android.server.pm.CrossProfileAppsService
07-17 07:49:58.846 V/SystemServerTiming(  950): ssm.onStartUser-0_com.android.server.pm.CrossProfileAppsService took to complete: 0ms
07-17 07:49:58.846 D/SystemServerTiming(  950): ssm.onStartUser-0_com.android.server.people.PeopleService
07-17 07:49:58.846 V/SystemServerTiming(  950): ssm.onStartUser-0_com.android.server.people.PeopleService took to complete: 0ms
07-17 07:49:58.846 D/SystemServerTiming(  950): ssm.onStartUser-0_com.android.server.media.metrics.MediaMetricsManagerService
07-17 07:49:58.846 V/SystemServerTiming(  950): ssm.onStartUser-0_com.android.server.media.metrics.MediaMetricsManagerService took to complete: 0ms
07-17 07:49:58.846 D/SystemServerTiming(  950): ssm.onStartUser-0_com.android.server.media.projection.MediaProjectionManagerService
07-17 07:49:58.846 V/SystemServerTiming(  950): ssm.onStartUser-0_com.android.server.media.projection.MediaProjectionManagerService took to complete: 0ms
07-17 07:49:58.846 D/SystemServerTiming(  950): ssm.onStartUser-0_com.android.server.slice.SliceManagerService$Lifecycle
07-17 07:49:58.846 V/SystemServerTiming(  950): ssm.onStartUser-0_com.android.server.slice.SliceManagerService$Lifecycle took to complete: 0ms
07-17 07:49:58.846 D/SystemServerTiming(  950): ssm.onStartUser-0_com.android.server.stats.StatsCompanion$Lifecycle
07-17 07:49:58.846 V/SystemServerTiming(  950): ssm.onStartUser-0_com.android.server.stats.StatsCompanion$Lifecycle took to complete: 0ms
07-17 07:49:58.846 D/SystemServerTiming(  950): ssm.onStartUser-0_com.android.server.scheduling.RebootReadinessManagerService$Lifecycle
07-17 07:49:58.846 V/SystemServerTiming(  950): ssm.onStartUser-0_com.android.server.scheduling.RebootReadinessManagerService$Lifecycle took to complete: 0ms
07-17 07:49:58.846 D/SystemServerTiming(  950): ssm.onStartUser-0_com.android.server.stats.pull.StatsPullAtomService
07-17 07:49:58.846 V/SystemServerTiming(  950): ssm.onStartUser-0_com.android.server.stats.pull.StatsPullAtomService took to complete: 0ms
07-17 07:49:58.846 D/SystemServerTiming(  950): ssm.onStartUser-0_com.android.server.stats.bootstrap.StatsBootstrapAtomService$Lifecycle
07-17 07:49:58.846 V/SystemServerTiming(  950): ssm.onStartUser-0_com.android.server.stats.bootstrap.StatsBootstrapAtomService$Lifecycle took to complete: 0ms
07-17 07:49:58.846 D/SystemServerTiming(  950): ssm.onStartUser-0_com.android.server.incident.IncidentCompanionService
07-17 07:49:58.846 V/SystemServerTiming(  950): ssm.onStartUser-0_com.android.server.incident.IncidentCompanionService took to complete: 0ms
07-17 07:49:58.846 D/SystemServerTiming(  950): ssm.onStartUser-0_com.android.server.sdksandbox.SdkSandboxManagerService$Lifecycle
07-17 07:49:58.846 V/SystemServerTiming(  950): ssm.onStartUser-0_com.android.server.sdksandbox.SdkSandboxManagerService$Lifecycle took to complete: 0ms
07-17 07:49:58.846 D/SystemServerTiming(  950): ssm.onStartUser-0_com.android.server.adservices.AdServicesManagerService$Lifecycle
07-17 07:49:58.846 V/SystemServerTiming(  950): ssm.onStartUser-0_com.android.server.adservices.AdServicesManagerService$Lifecycle took to complete: 0ms
07-17 07:49:58.846 D/SystemServerTiming(  950): ssm.onStartUser-0_com.android.server.MmsServiceBroker
07-17 07:49:58.846 V/SystemServerTiming(  950): ssm.onStartUser-0_com.android.server.MmsServiceBroker took to complete: 0ms
07-17 07:49:58.847 D/SystemServerTiming(  950): ssm.onStartUser-0_com.android.server.autofill.AutofillManagerService
07-17 07:49:58.847 V/SystemServerTiming(  950): ssm.onStartUser-0_com.android.server.autofill.AutofillManagerService took to complete: 0ms
07-17 07:49:58.847 D/SystemServerTiming(  950): ssm.onStartUser-0_com.android.server.clipboard.ClipboardService
07-17 07:49:58.847 V/SystemServerTiming(  950): ssm.onStartUser-0_com.android.server.clipboard.ClipboardService took to complete: 0ms
07-17 07:49:58.847 D/SystemServerTiming(  950): ssm.onStartUser-0_com.android.server.appbinding.AppBindingService$Lifecycle
07-17 07:49:58.847 V/SystemServerTiming(  950): ssm.onStartUser-0_com.android.server.appbinding.AppBindingService$Lifecycle took to complete: 1ms
07-17 07:49:58.847 D/SystemServerTiming(  950): ssm.onStartUser-0_com.mediatek.powerhalservice.PowerHalMgrService
07-17 07:49:58.847 V/SystemServerTiming(  950): ssm.onStartUser-0_com.mediatek.powerhalservice.PowerHalMgrService took to complete: 0ms
07-17 07:49:58.847 D/SystemServerTiming(  950): ssm.onStartUser-0_com.mediatek.server.MtkConnectivitySupplementalService
07-17 07:49:58.848 V/SystemServerTiming(  950): ssm.onStartUser-0_com.mediatek.server.MtkConnectivitySupplementalService took to complete: 0ms
07-17 07:49:58.848 D/SystemServerTiming(  950): ssm.onStartUser-0_com.android.server.tracing.TracingServiceProxy
07-17 07:49:58.848 V/SystemServerTiming(  950): ssm.onStartUser-0_com.android.server.tracing.TracingServiceProxy took to complete: 0ms
07-17 07:49:58.848 D/SystemServerTiming(  950): ssm.onStartUser-0_com.android.server.policy.PermissionPolicyService
07-17 07:49:58.848 V/SystemServerTiming(  950): ssm.onStartUser-0_com.android.server.policy.PermissionPolicyService took to complete: 0ms
07-17 07:49:58.848 D/SystemServerTiming(  950): ssm.onStartUser-0_com.android.server.pm.StagingManager$Lifecycle
07-17 07:49:58.848 V/SystemServerTiming(  950): ssm.onStartUser-0_com.android.server.pm.StagingManager$Lifecycle took to complete: 0ms
07-17 07:49:58.848 D/SystemServerTiming(  950): ssm.onStartUser-0_com.android.server.app.GameManagerService$Lifecycle
07-17 07:49:58.849 V/GameManagerService(  950): Settings file doesn't exists, skip reading
07-17 07:49:58.849 V/SystemServerTiming(  950): ssm.onStartUser-0_com.android.server.app.GameManagerService$Lifecycle took to complete: 1ms
07-17 07:49:58.849 D/SystemServerTiming(  950): ssm.onStartUser-0_com.android.safetycenter.SafetyCenterService
07-17 07:49:58.849 V/SystemServerTiming(  950): ssm.onStartUser-0_com.android.safetycenter.SafetyCenterService took to complete: 0ms
07-17 07:49:58.849 D/SystemServerTiming(  950): ssm.onStartUser-0_com.android.server.appsearch.AppSearchModule$Lifecycle
07-17 07:49:58.849 V/SystemServerTiming(  950): ssm.onStartUser-0_com.android.server.appsearch.AppSearchModule$Lifecycle took to complete: 0ms
07-17 07:49:58.849 D/SystemServerTiming(  950): ssm.onStartUser-0_com.android.server.media.MediaCommunicationService
07-17 07:49:58.849 V/SystemServerTiming(  950): ssm.onStartUser-0_com.android.server.media.MediaCommunicationService took to complete: 0ms
07-17 07:49:58.849 D/SystemServerTiming(  950): ssm.onStartUser-0_com.android.server.compat.overrides.AppCompatOverridesService$Lifecycle
07-17 07:49:58.849 V/SystemServerTiming(  950): ssm.onStartUser-0_com.android.server.compat.overrides.AppCompatOverridesService$Lifecycle took to complete: 0ms
07-17 07:49:58.849 V/SystemServerTiming(  950): ssm.StartUser-0 took to complete: 71ms
07-17 07:49:58.850 D/SystemServerTiming(  950): startPersistentApps
07-17 07:49:58.851 D/CompatibilityChangeReporter(  950): Compat change id reported: 135634846; UID 1001; state: DISABLED
07-17 07:49:58.851 D/CompatibilityChangeReporter(  950): Compat change id reported: 177438394; UID 1001; state: DISABLED
07-17 07:49:58.851 D/CompatibilityChangeReporter(  950): Compat change id reported: 135772972; UID 1001; state: DISABLED
07-17 07:49:58.851 D/CompatibilityChangeReporter(  950): Compat change id reported: 135754954; UID 1001; state: ENABLED
07-17 07:49:58.852 D/CompatibilityChangeReporter(  950): Compat change id reported: 135634846; UID 1068; state: DISABLED
07-17 07:49:58.852 V/SystemServerTiming(  950): startPersistentApps took to complete: 2ms
07-17 07:49:58.852 D/SystemServerTiming(  950): startHomeOnAllDisplays
07-17 07:49:58.852 I/ActivityTaskManager(  950): START u0 {act=android.intent.action.MAIN cat=[android.intent.category.HOME] flg=0x10000100 cmp=com.android.settings/.FallbackHome (has extras)} from uid 0
07-17 07:49:58.888 D/CompatibilityChangeReporter(  950): Compat change id reported: 174042980; UID 1000; state: DISABLED
07-17 07:49:58.889 D/CompatibilityChangeReporter(  950): Compat change id reported: 194480991; UID 1000; state: ENABLED
07-17 07:49:58.894 D/ActivityTaskManager(  950): reuseOrCreateTask task=Task{31b920 #2 type=home A=1000:com.android.settings.FallbackHome U=0 rootTaskId=1 visible=true visibleRequested=false mode=fullscreen translucent=true sz=0}, parent task:Task{eb41991 #1 type=home ?? U=0 visible=true visibleRequested=false mode=fullscreen translucent=true sz=1}
07-17 07:49:58.895 D/CompatibilityChangeReporter(  950): Compat change id reported: 197654537; UID 1000; state: ENABLED
07-17 07:49:58.902 V/SystemServerTiming(  950): startHomeOnAllDisplays took to complete: 51ms
07-17 07:49:58.902 D/SystemServerTiming(  950): showSystemReadyErrorDialogs
07-17 07:49:58.930 V/SystemServerTiming(  950): showSystemReadyErrorDialogs took to complete: 27ms
07-17 07:49:58.930 D/SystemServerTiming(  950): sendUserStartBroadcast
07-17 07:49:58.931 V/SystemServerTiming(  950): sendUserStartBroadcast took to complete: 0ms
07-17 07:49:58.931 D/SystemServerTiming(  950): resumeTopActivities
07-17 07:49:58.932 V/SystemServerTiming(  950): resumeTopActivities took to complete: 1ms
07-17 07:49:58.932 D/SystemServerTiming(  950): sendUserSwitchBroadcasts
07-17 07:49:58.932 V/SystemServerTiming(  950): sendUserSwitchBroadcasts took to complete: 0ms
07-17 07:49:58.932 D/SystemServerTiming(  950): setBinderProxies
07-17 07:49:58.932 V/SystemServerTiming(  950): setBinderProxies took to complete: 0ms
07-17 07:49:58.932 V/SystemServerTiming(  950): ActivityManagerStartApps took to complete: 153ms
07-17 07:49:58.932 D/SystemServerTiming(  950): componentAlias
07-17 07:49:58.932 D/ComponentAliasResolver(  950): Compat listener set.
07-17 07:49:58.933 D/CompatibilityChangeReporter(  950): Compat change id reported: 196254758; UID 1000; state: DISABLED
07-17 07:49:58.933 V/SystemServerTiming(  950): componentAlias took to complete: 1ms
07-17 07:49:58.933 V/SystemServerTiming(  950): PhaseActivityManagerReady took to complete: 486ms
07-17 07:49:58.933 D/SystemServerTiming(  950): StartSystemUI
07-17 07:49:58.937 D/CompatibilityChangeReporter(  950): Compat change id reported: 135754954; UID 1000; state: ENABLED
07-17 07:49:58.938 W/DreamManagerService(  950): Dream ComponentInfo{com.android.dreams.alwaysondisplay/com.android.dreams.alwaysondisplay.AlwaysOnDisplay} does not exist
07-17 07:49:58.939 V/SettingsProvider(  950): packageValueForCallResult, name = one_handed_mode_enabled, value : Bundle[{_track_generation=android.util.MemoryIntArray@b9, value=0, _generation_index=2, _generation=1}]
07-17 07:49:58.943 W/OneHandedController( 1532): Failed to get new DisplayLayout.
07-17 07:49:58.944 V/SystemServerTiming(  950): StartSystemUI took to complete: 12ms
07-17 07:49:58.944 V/SystemServerTiming(  950): startOtherServices took to complete: 2115ms
07-17 07:49:58.944 D/SystemServerTiming(  950): startApexServices
07-17 07:49:58.944 V/SystemServerTiming(  950): startApexServices took to complete: 0ms
07-17 07:49:58.944 V/SystemServerTiming(  950): StartServices took to complete: 7551ms
07-17 07:49:58.948 W/Looper  (  950): Slow delivery took 2715ms main h=android.app.PropertyInvalidatedCache$AutoCorker$1 c=null m=0
07-17 07:49:58.948 D/CompatibilityChangeReporter(  950): Compat change id reported: 161145287; UID 10100; state: DISABLED
07-17 07:49:58.949 V/SettingsProvider(  950): packageValueForCallResult, name = transition_animation_scale, value : Bundle[{_track_generation=android.util.MemoryIntArray@b9, value=1.0, _generation_index=0, _generation=2}]
07-17 07:49:58.954 D/ConditionProviders.SCP(  950): onConnected
07-17 07:49:58.955 D/ConditionProviders(  950): Subscribing to condition://android/event?userId=-10000&calendar=&reply=1 with ComponentInfo{android/com.android.server.notification.EventConditionProvider}
07-17 07:49:58.955 D/ConditionProviders(  950): Subscribing to condition://android/schedule?days=1.2.3.4.5.6.7&start=22.0&end=7.0&exitAtAlarm=true with ComponentInfo{android/com.android.server.notification.ScheduleConditionProvider}
07-17 07:49:58.957 D/CompatibilityChangeReporter(  950): Compat change id reported: 135634846; UID 10114; state: DISABLED
07-17 07:49:58.957 D/CompatibilityChangeReporter(  950): Compat change id reported: 177438394; UID 10114; state: DISABLED
07-17 07:49:58.957 D/CompatibilityChangeReporter(  950): Compat change id reported: 135772972; UID 10114; state: DISABLED
07-17 07:49:58.957 D/CompatibilityChangeReporter(  950): Compat change id reported: 135754954; UID 10114; state: ENABLED
07-17 07:49:58.973 I/PackageWatchdog(  950): Syncing health check requests for packages: {}
07-17 07:49:58.973 I/ExplicitHealthCheckController(  950): Service not ready to get health check supported packages. Binding...
07-17 07:49:58.974 I/ExplicitHealthCheckController(  950): Explicit health check service is bound
07-17 07:49:58.988 V/WiredAccessoryManager(  950): notifyWiredAccessoryChanged: when=0 bits= mask=54
07-17 07:49:58.988 V/WiredAccessoryManager(  950): newName=h2w newState=0 headsetState=0 prev headsetState=0
07-17 07:49:58.988 V/WiredAccessoryManager(  950): status  HDMI=0
07-17 07:49:58.988 V/WiredAccessoryManager(  950): mask 16 state 0
07-17 07:49:58.988 V/WiredAccessoryManager(  950): newName=dp_audio newState=0 headsetState=0 prev headsetState=0
07-17 07:49:58.989 D/WiredAccessoryManager(  950): observing dp_audio
07-17 07:49:58.992 W/WindowMagnificationMgr(  950): requestConnection duplicated request: connect=false, mConnectionState=DISCONNECTED
07-17 07:49:58.993 D/SystemServerTiming(  950): ManagedServices.unbindOtherUserServices_current0
07-17 07:49:58.993 V/SystemServerTiming(  950): ManagedServices.unbindOtherUserServices_current0 took to complete: 0ms
07-17 07:49:58.993 D/SystemServerTiming(  950): ManagedServices.unbindOtherUserServices_current0
07-17 07:49:58.993 V/SystemServerTiming(  950): ManagedServices.unbindOtherUserServices_current0 took to complete: 0ms
07-17 07:49:58.993 D/SystemServerTiming(  950): ManagedServices.unbindOtherUserServices_current0
07-17 07:49:58.993 V/SystemServerTiming(  950): ManagedServices.unbindOtherUserServices_current0 took to complete: 0ms
07-17 07:49:58.993 V/NotificationAssistants(  950): enabling notification assistant for 0: ComponentInfo{android.ext.services/android.ext.services.notification.Assistant}
07-17 07:49:58.993 V/NotificationAssistants(  950): binding: Intent { act=android.service.notification.NotificationAssistantService cmp=android.ext.services/.notification.Assistant (has extras) }
07-17 07:49:58.995 D/CompatibilityChangeReporter(  950): Compat change id reported: 171306433; UID 1000; state: ENABLED
07-17 07:49:58.995 D/CompatibilityChangeReporter(  950): Compat change id reported: 218533173; UID 1000; state: ENABLED
07-17 07:49:59.003 D/CoreBackPreview(  950): Window{55554b1 u0 ShellDropTarget}: Setting back callback OnBackInvokedCallbackInfo{mCallback=android.window.IOnBackInvokedCallback$Stub$Proxy@f80504, mPriority=0}
07-17 07:49:59.023 D/ShellBackPreview( 1532): Back animation enabled=false
07-17 07:49:59.074 D/DuraSpeed(  950): onUserSwitched, mDuraSpeedEnabled:true
07-17 07:49:59.077 D/UsbDeviceManager(  950): push notification:Charging this device via USB
07-17 07:49:59.078 D/ConditionProviders.SCP(  950): onSubscribe condition://android/schedule?days=1.2.3.4.5.6.7&start=22.0&end=7.0&exitAtAlarm=true
07-17 07:49:59.078 D/ConditionProviders.SCP(  950): setRegistered true
07-17 07:49:59.078 W/ActivityThread(  950): Failed to find provider info for com.android.calendar (user not unlocked)
07-17 07:49:59.079 W/ActivityThread(  950): Failed to find provider info for com.android.calendar (user not unlocked)
07-17 07:49:59.083 D/ConditionProviders.SCP(  950): evaluateSubscriptionLocked cal=ScheduleCalendar[mDays={1, 2, 3, 4, 5, 6, 7}, mSchedule=ScheduleInfo{days=[1, 2, 3, 4, 5, 6, 7], startHour=22, startMinute=0, endHour=7, endMinute=0, exitAtAlarm=true, nextAlarm=Thu Jan 01 00:00:00 GMT 1970 (0)}], now=Mon Jul 17 07:49:59 GMT 2023 (1689580199078), nextUserAlarmTime=Thu Jan 01 00:00:00 GMT 1970 (0)
07-17 07:49:59.083 D/ConditionProviders.SCP(  950): notifyCondition condition://android/schedule?days=1.2.3.4.5.6.7&start=22.0&end=7.0&exitAtAlarm=true STATE_FALSE reason=!meetsSchedule
07-17 07:49:59.085 D/ConditionProviders.SCP(  950): Scheduling evaluate for Mon Jul 17 22:00:00 GMT 2023 (1689631200000), in +14h10m0s922ms, now=Mon Jul 17 07:49:59 GMT 2023 (1689580199078)
07-17 07:49:59.086 D/CompatibilityChangeReporter(  950): Compat change id reported: 157233955; UID 10100; state: ENABLED
07-17 07:49:59.094 I/Telecom-BluetoothRouteManager(  950): Entering AudioOff state
07-17 07:49:59.094 I/Telecom-BluetoothRouteManager(  950): getBluetoothAudioConnectedDevice: no service available.
07-17 07:49:59.095 I/Telecom (  950): SystemStateHelper: Registering broadcast receiver: android.content.IntentFilter@8ac2f12: TS.init@AAA
07-17 07:49:59.095 I/Telecom (  950): SystemStateHelper: Registering broadcast receiver: android.content.IntentFilter@193b6e3: TS.init@AAA
07-17 07:49:59.097 I/Telecom (  950): Logging.Events: Non-call EVENT: AUDIO_ROUTE, Entering state QuiescentEarpieceRoute
07-17 07:49:59.098 I/Telecom-BluetoothRouteManager(  950): getBluetoothAudioConnectedDevice: no service available.
07-17 07:49:59.100 I/Telecom-CallAudioModeStateMachine(  950): Audio focus entering UNFOCUSED state
07-17 07:49:59.100 I/Telecom-CallAudioModeStateMachine(  950): Message received: null.: TS.init->CAMSM.pM_1@AAA
07-17 07:49:59.101 I/Telecom (  950): MissedCallNotifierImpl: reloadFromDatabase: Boot not yet complete -- call log db may not be available. Deferring loading until boot complete for user 0: TS.init@AAA
07-17 07:49:59.102 I/Telecom-Class(  950): TelecomSystem.INSTANCE being set
07-17 07:49:59.103 I/AutofillManagerService(  950): Updating for user 0: disabled=false
07-17 07:49:59.106 I/Telecom-WiredHeadsetManager(  950): ACTION_HEADSET_PLUG event, plugged in: false, : WHC.oADA@AAE
07-17 07:49:59.109 W/Looper  (  950): Drained
07-17 07:49:59.111 W/NotificationHistory(  950): Attempted to add notif for locked/gone/disabled user 0
07-17 07:49:59.138 V/SystemUIBootTiming( 1532): DependencyInjection took to complete: 0ms
07-17 07:49:59.139 W/StorageManagerService(  950): No primary storage defined yet; hacking together a stub
07-17 07:49:59.151 V/SystemUIBootTiming( 1532): StartServices com.android.keyguard.KeyguardBiometricLockoutLogger took to complete: 0ms
07-17 07:49:59.180 V/SystemUIBootTiming( 1532): StartServices com.android.systemui.LatencyTester took to complete: 29ms
07-17 07:49:59.186 V/SystemUIBootTiming( 1532): StartServices com.android.systemui.ScreenDecorations took to complete: 5ms
07-17 07:49:59.187 V/SystemUIBootTiming( 1532): StartServices com.android.systemui.SliceBroadcastRelayHandler took to complete: 0ms
07-17 07:49:59.194 D/CompatibilityChangeReporter(  950): Compat change id reported: 135634846; UID 10092; state: DISABLED
07-17 07:49:59.195 D/CompatibilityChangeReporter(  950): Compat change id reported: 177438394; UID 10092; state: DISABLED
07-17 07:49:59.195 D/CompatibilityChangeReporter(  950): Compat change id reported: 135772972; UID 10092; state: DISABLED
07-17 07:49:59.195 D/CompatibilityChangeReporter(  950): Compat change id reported: 135754954; UID 10092; state: ENABLED
07-17 07:49:59.196 D/CoreBackPreview(  950): Window{f1e9b52 u0 ScreenDecorOverlay}: Setting back callback OnBackInvokedCallbackInfo{mCallback=android.window.IOnBackInvokedCallback$Stub$Proxy@836a97f, mPriority=0}
07-17 07:49:59.201 D/CoreBackPreview(  950): Window{33bce4d u0 ScreenDecorOverlayBottom}: Setting back callback OnBackInvokedCallbackInfo{mCallback=android.window.IOnBackInvokedCallback$Stub$Proxy@8380613, mPriority=0}
07-17 07:49:59.315 V/SystemUIBootTiming( 1532): StartServices com.android.systemui.accessibility.SystemActions took to complete: 128ms
07-17 07:49:59.315 V/SystemUIBootTiming( 1532): StartServices com.android.systemui.accessibility.WindowMagnification took to complete: 1ms
07-17 07:49:59.316 V/SystemUIBootTiming( 1532): StartServices com.android.systemui.biometrics.AuthController took to complete: 0ms
07-17 07:49:59.316 V/SystemUIBootTiming( 1532): StartServices com.android.systemui.broadcast.BroadcastDispatcherStartable took to complete: 1ms
07-17 07:49:59.318 V/SystemUIBootTiming( 1532): StartServices com.android.systemui.clipboardoverlay.ClipboardListener took to complete: 1ms
07-17 07:49:59.321 V/SystemUIBootTiming( 1532): StartServices com.android.systemui.globalactions.GlobalActionsComponent took to complete: 3ms
07-17 07:49:59.321 V/SystemUIBootTiming( 1532): StartServices com.android.systemui.keyboard.KeyboardUI took to complete: 0ms
07-17 07:49:59.324 D/ActivityTaskManager(  950): Top Process State changed to PROCESS_STATE_TOP_SLEEPING
07-17 07:49:59.337 V/SystemUIBootTiming( 1532): StartServices com.android.systemui.keyguard.KeyguardViewMediator took to complete: 16ms
07-17 07:49:59.337 V/SystemUIBootTiming( 1532): StartServices com.android.systemui.log.SessionTracker took to complete: 1ms
07-17 07:49:59.338 V/SystemUIBootTiming( 1532): StartServices com.android.systemui.media.RingtonePlayer took to complete: 0ms
07-17 07:49:59.345 V/SystemUIBootTiming( 1532): StartServices com.android.systemui.power.PowerUI took to complete: 7ms
07-17 07:49:59.345 V/SystemUIBootTiming( 1532): StartServices com.android.systemui.recents.Recents took to complete: 0ms
07-17 07:49:59.346 V/SystemUIBootTiming( 1532): StartServices com.android.systemui.shortcut.ShortcutKeyDispatcher took to complete: 1ms
07-17 07:49:59.346 D/PowerUI ( 1532): AmplifierThermalEventListener notifyThrottling status:0
07-17 07:49:59.347 V/SystemUIBootTiming( 1532): StartServices com.android.systemui.statusbar.notification.InstantAppNotifier took to complete: 1ms
07-17 07:49:59.350 V/SystemUIBootTiming( 1532): StartServices com.android.systemui.statusbar.notification.interruption.KeyguardNotificationVisibilityProvider took to complete: 2ms
07-17 07:49:59.678 E/WebViewUpdateServiceImpl(  950): Timed out waiting for relro creation, relros started 2 relros finished 0 package dirty? false
07-17 07:49:59.678 W/WebViewUpdateServiceImpl(  950): creating relro file timed out
07-17 07:49:59.679 D/CompatibilityChangeReporter(  950): Compat change id reported: 135634846; UID 10088; state: DISABLED
07-17 07:49:59.679 D/CompatibilityChangeReporter(  950): Compat change id reported: 177438394; UID 10088; state: DISABLED
07-17 07:49:59.679 D/CompatibilityChangeReporter(  950): Compat change id reported: 135772972; UID 10088; state: DISABLED
07-17 07:49:59.680 D/CompatibilityChangeReporter(  950): Compat change id reported: 135754954; UID 10088; state: ENABLED
07-17 07:50:00.000 W/ActivityManager(  950): Slow operation: 1323ms so far, now at startProcess: returned from zygote!
07-17 07:50:00.001 W/ActivityManager(  950): Slow operation: 1324ms so far, now at startProcess: done updating battery stats
07-17 07:50:00.002 W/ActivityManager(  950): Slow operation: 1326ms so far, now at startProcess: building log message
07-17 07:50:00.002 I/ActivityManager(  950): Start proc 1694:WebViewLoader-armeabi-v7a/1037 [android.webkit.WebViewLibraryLoader$RelroFileCreator] for 
07-17 07:50:00.002 W/ActivityManager(  950): Slow operation: 1326ms so far, now at startProcess: starting to update pids map
07-17 07:50:00.002 W/ActivityManager(  950): Slow operation: 1326ms so far, now at startProcess: done updating pids map
07-17 07:50:00.002 W/ActivityManager(  950): Slow operation: 1325ms so far, now at startProcess: asking zygote to start proc
07-17 07:50:00.017 W/ActivityManager(  950): Slow operation: 1339ms so far, now at startProcess: returned from zygote!
07-17 07:50:00.017 W/ActivityManager(  950): Slow operation: 1339ms so far, now at startProcess: done updating battery stats
07-17 07:50:00.019 W/ActivityManager(  950): Slow operation: 1341ms so far, now at startProcess: building log message
07-17 07:50:00.019 I/ActivityManager(  950): Start proc 1706:WebViewLoader-arm64-v8a/1037 [android.webkit.WebViewLibraryLoader$RelroFileCreator] for 
07-17 07:50:00.019 W/ActivityManager(  950): Slow operation: 1341ms so far, now at startProcess: starting to update pids map
07-17 07:50:00.019 W/ActivityManager(  950): Slow operation: 1341ms so far, now at startProcess: done updating pids map
07-17 07:50:00.019 W/ActivityManager(  950): Slow operation: 1254ms so far, now at startProcess: asking zygote to start proc
07-17 07:50:00.025 W/ActivityManager(  950): Slow operation: 1259ms so far, now at startProcess: returned from zygote!
07-17 07:50:00.025 W/ActivityManager(  950): Slow operation: 1259ms so far, now at startProcess: done updating battery stats
07-17 07:50:00.028 W/ActivityManager(  950): Slow operation: 1262ms so far, now at startProcess: building log message
07-17 07:50:00.028 I/ActivityManager(  950): Start proc 1724:com.android.networkstack.process/1073 for service {com.android.networkstack/com.android.server.NetworkStackService}
07-17 07:50:00.028 W/ActivityManager(  950): Slow operation: 1263ms so far, now at startProcess: starting to update pids map
07-17 07:50:00.028 W/ActivityManager(  950): Slow operation: 1263ms so far, now at startProcess: done updating pids map
07-17 07:50:00.029 W/ActivityManager(  950): Slow operation: 1178ms so far, now at startProcess: asking zygote to start proc
07-17 07:50:00.030 V/ActivityManager(  950): New death recipient com.android.server.am.ActivityManagerService$AppDeathRecipient@dd43a82 for thread android.os.BinderProxy@fbcb593
07-17 07:50:00.033 V/ActivityManager(  950): New death recipient com.android.server.am.ActivityManagerService$AppDeathRecipient@58f7cce for thread android.os.BinderProxy@b7317ef
07-17 07:50:00.035 W/ActivityManager(  950): Slow operation: 1184ms so far, now at startProcess: returned from zygote!
07-17 07:50:00.035 W/ActivityManager(  950): Slow operation: 1184ms so far, now at startProcess: done updating battery stats
07-17 07:50:00.038 W/ActivityManager(  950): Slow operation: 1187ms so far, now at startProcess: building log message
07-17 07:50:00.038 I/ActivityManager(  950): Start proc 1740:com.mediatek.smartratswitch/1001 for added application com.mediatek.smartratswitch
07-17 07:50:00.038 W/ActivityManager(  950): Slow operation: 1187ms so far, now at startProcess: starting to update pids map
07-17 07:50:00.038 W/ActivityManager(  950): Slow operation: 1187ms so far, now at startProcess: done updating pids map
07-17 07:50:00.038 W/ActivityManager(  950): Slow operation: 1186ms so far, now at startProcess: asking zygote to start proc
07-17 07:50:00.045 W/ActivityManager(  950): Slow operation: 1193ms so far, now at startProcess: returned from zygote!
07-17 07:50:00.045 W/PackageManager(  950): Loading a package that does not exist for the calling user. package=null, user=0
07-17 07:50:00.045 V/ActivityManager(  950): New death recipient com.android.server.am.ActivityManagerService$AppDeathRecipient@383440b for thread android.os.BinderProxy@92182e8
07-17 07:50:00.046 D/CompatibilityChangeReporter(  950): Compat change id reported: 168419799; UID 1073; state: DISABLED
07-17 07:50:00.050 W/PackageManager(  950): Loading a package that does not exist for the calling user. package=null, user=0
07-17 07:50:00.052 D/CompatibilityChangeReporter(  950): Compat change id reported: 168419799; UID 1073; state: DISABLED
07-17 07:50:00.053 W/ActivityManager(  950): Slow operation: 1201ms so far, now at startProcess: done updating battery stats
07-17 07:50:00.055 W/ActivityManager(  950): Slow operation: 1203ms so far, now at startProcess: building log message
07-17 07:50:00.055 I/ActivityManager(  950): Start proc 1755:com.android.se/1068 for added application com.android.se
07-17 07:50:00.055 W/ActivityManager(  950): Slow operation: 1203ms so far, now at startProcess: starting to update pids map
07-17 07:50:00.055 W/ActivityManager(  950): Slow operation: 1203ms so far, now at startProcess: done updating pids map
07-17 07:50:00.055 W/ActivityManager(  950): Slow operation: 1203ms so far, now at startProcess: asking zygote to start proc
07-17 07:50:00.060 V/ActivityManager(  950): New death recipient com.android.server.am.ActivityManagerService$AppDeathRecipient@5da532c for thread android.os.BinderProxy@35501f5
07-17 07:50:00.061 D/CompatibilityChangeReporter(  950): Compat change id reported: 168419799; UID 1068; state: DISABLED
07-17 07:50:00.062 W/ActivityManager(  950): Slow operation: 1211ms so far, now at startProcess: returned from zygote!
07-17 07:50:00.065 W/ActivityManager(  950): Slow operation: 1213ms so far, now at startProcess: done updating battery stats
07-17 07:50:00.067 I/Watchdog(  950): Interesting Java process com.android.phone started. Pid 1777
07-17 07:50:00.067 W/ActivityManager(  950): Slow operation: 1215ms so far, now at startProcess: building log message
07-17 07:50:00.067 I/ActivityManager(  950): Start proc 1777:com.android.phone/1001 for added application com.android.phone
07-17 07:50:00.067 W/ActivityManager(  950): Slow operation: 1215ms so far, now at startProcess: starting to update pids map
07-17 07:50:00.067 W/ActivityManager(  950): Slow operation: 1215ms so far, now at startProcess: done updating pids map
07-17 07:50:00.067 W/ActivityManager(  950): Slow operation: 1132ms so far, now at startProcess: asking zygote to start proc
07-17 07:50:00.076 W/ActivityManager(  950): Slow operation: 1141ms so far, now at startProcess: returned from zygote!
07-17 07:50:00.076 W/ActivityManager(  950): Slow operation: 1142ms so far, now at startProcess: done updating battery stats
07-17 07:50:00.079 W/ActivityManager(  950): Slow operation: 1144ms so far, now at startProcess: building log message
07-17 07:50:00.079 I/ActivityManager(  950): Start proc 1784:com.android.settings/1000 for top-activity {com.android.settings/com.android.settings.FallbackHome}
07-17 07:50:00.079 W/ActivityManager(  950): Slow operation: 1144ms so far, now at startProcess: starting to update pids map
07-17 07:50:00.079 W/ActivityManager(  950): Slow operation: 1145ms so far, now at startProcess: done updating pids map
07-17 07:50:00.079 W/ActivityManager(  950): Slow operation: 1123ms so far, now at startProcess: asking zygote to start proc
07-17 07:50:00.080 D/CompatibilityChangeReporter(  950): Compat change id reported: 143937733; UID 10114; state: ENABLED
07-17 07:50:00.084 V/ActivityManager(  950): New death recipient com.android.server.am.ActivityManagerService$AppDeathRecipient@db1dbc4 for thread android.os.BinderProxy@3487aad
07-17 07:50:00.084 D/CompatibilityChangeReporter(  950): Compat change id reported: 168419799; UID 1001; state: DISABLED
07-17 07:50:00.086 I/DropBoxManagerService(  950): add tag=system_app_strictmode isTagEnabled=true flags=0x2
07-17 07:50:00.088 I/DropBoxManagerService(  950): add tag=system_app_strictmode isTagEnabled=true flags=0x2
07-17 07:50:00.089 I/DropBoxManagerService(  950): add tag=system_app_strictmode isTagEnabled=true flags=0x2
07-17 07:50:00.089 I/DropBoxManagerService(  950): add tag=system_app_strictmode isTagEnabled=true flags=0x2
07-17 07:50:00.093 W/ActivityManager(  950): Slow operation: 1136ms so far, now at startProcess: returned from zygote!
07-17 07:50:00.093 W/ActivityManager(  950): Slow operation: 1137ms so far, now at startProcess: done updating battery stats
07-17 07:50:00.096 W/ActivityManager(  950): Slow operation: 1139ms so far, now at startProcess: building log message
07-17 07:50:00.096 I/ActivityManager(  950): Start proc 1800:android.ext.services/u0a114 for service {android.ext.services/android.ext.services.autofill.InlineSuggestionRenderServiceImpl}
07-17 07:50:00.096 W/ActivityManager(  950): Slow operation: 1139ms so far, now at startProcess: starting to update pids map
07-17 07:50:00.096 W/ActivityManager(  950): Slow operation: 1139ms so far, now at startProcess: done updating pids map
07-17 07:50:00.097 D/CompatibilityChangeReporter(  950): Compat change id reported: 161145287; UID 1068; state: DISABLED
07-17 07:50:00.098 W/ActivityManager(  950): Slow operation: 904ms so far, now at startProcess: asking zygote to start proc
07-17 07:50:00.098 D/CompatibilityChangeReporter(  950): Compat change id reported: 143937733; UID 10092; state: ENABLED
07-17 07:50:00.099 V/ActivityManager(  950): New death recipient com.android.server.am.ActivityManagerService$AppDeathRecipient@92e8c24 for thread android.os.BinderProxy@f5cd38d
07-17 07:50:00.099 D/CompatibilityChangeReporter(  950): Compat change id reported: 168419799; UID 1001; state: DISABLED
07-17 07:50:00.109 W/ActivityManager(  950): Slow operation: 916ms so far, now at startProcess: returned from zygote!
07-17 07:50:00.110 W/ActivityManager(  950): Slow operation: 916ms so far, now at startProcess: done updating battery stats
07-17 07:50:00.112 W/ActivityManager(  950): Slow operation: 919ms so far, now at startProcess: building log message
07-17 07:50:00.112 I/ActivityManager(  950): Start proc 1815:com.android.launcher3/u0a92 for service {com.android.launcher3/com.android.quickstep.TouchInteractionService}
07-17 07:50:00.112 W/ActivityManager(  950): Slow operation: 919ms so far, now at startProcess: starting to update pids map
07-17 07:50:00.112 W/ActivityManager(  950): Slow operation: 919ms so far, now at startProcess: done updating pids map
07-17 07:50:00.118 V/ActivityManager(  950): New death recipient com.android.server.am.ActivityManagerService$AppDeathRecipient@228ae9a for thread android.os.BinderProxy@5a173cb
07-17 07:50:00.119 V/SettingsProvider(  950): packageValueForCallResult, name = null, value : Bundle[{_track_generation=android.util.MemoryIntArray@b9, value=null, _generation_index=0, _generation=2}]
07-17 07:50:00.119 D/CompatibilityChangeReporter(  950): Compat change id reported: 168419799; UID 1000; state: DISABLED
07-17 07:50:00.127 D/CompatibilityChangeReporter(  950): Compat change id reported: 194532703; UID 1073; state: DISABLED
07-17 07:50:00.127 D/CompatibilityChangeReporter(  950): Compat change id reported: 194532703; UID 1073; state: ENABLED
07-17 07:50:00.135 V/ActivityManager(  950): Death received in com.android.server.am.ActivityManagerService$AppDeathRecipient@dd43a82 for thread android.os.BinderProxy@fbcb593
07-17 07:50:00.136 I/ActivityManager(  950): Process WebViewLoader-arm64-v8a (pid 1706) has died: psvc PER 
07-17 07:50:00.138 V/ActivityManager(  950): New death recipient com.android.server.am.ActivityManagerService$AppDeathRecipient@8582bb5 for thread android.os.BinderProxy@dd9f24a
07-17 07:50:00.138 D/CompatibilityChangeReporter(  950): Compat change id reported: 168419799; UID 10092; state: DISABLED
07-17 07:50:00.139 V/ActivityManager(  950): New death recipient com.android.server.am.ActivityManagerService$AppDeathRecipient@acce916 for thread android.os.BinderProxy@5482297
07-17 07:50:00.139 D/CompatibilityChangeReporter(  950): Compat change id reported: 168419799; UID 10114; state: DISABLED
07-17 07:50:00.142 I/ConnectivityModuleConnector(  950): Networking module service connected
07-17 07:50:00.162 D/CompatibilityChangeReporter(  950): Compat change id reported: 161145287; UID 1073; state: DISABLED
07-17 07:50:00.172 V/ActivityManager(  950): Death received in com.android.server.am.ActivityManagerService$AppDeathRecipient@58f7cce for thread android.os.BinderProxy@b7317ef
07-17 07:50:00.172 I/ActivityManager(  950): Process WebViewLoader-armeabi-v7a (pid 1694) has died: psvc PER 
07-17 07:50:00.177 D/CompatibilityChangeReporter(  950): Compat change id reported: 182478738; UID 1073; state: ENABLED
07-17 07:50:00.187 I/ConnectivityModuleConnector(  950): Networking module service connected
07-17 07:50:00.192 I/DropBoxManagerService(  950): add tag=system_app_strictmode isTagEnabled=true flags=0x2
07-17 07:50:00.194 I/DropBoxManagerService(  950): add tag=system_app_strictmode isTagEnabled=true flags=0x2
07-17 07:50:00.195 I/DropBoxManagerService(  950): add tag=system_app_strictmode isTagEnabled=true flags=0x2
07-17 07:50:00.197 I/DropBoxManagerService(  950): add tag=system_app_strictmode isTagEnabled=true flags=0x2
07-17 07:50:00.198 I/DropBoxManagerService(  950): add tag=system_app_strictmode isTagEnabled=true flags=0x2
07-17 07:50:00.199 I/ExplicitHealthCheckController(  950): Explicit health check service is connected ComponentInfo{android.ext.services/android.ext.services.watchdog.ExplicitHealthCheckServiceImpl}
07-17 07:50:00.199 I/ExplicitHealthCheckController(  950): Service initialized, syncing requests
07-17 07:50:00.199 I/PackageWatchdog(  950): Syncing health check requests for packages: {}
07-17 07:50:00.199 D/ExplicitHealthCheckController(  950): Getting health check supported packages
07-17 07:50:00.200 I/DropBoxManagerService(  950): add tag=system_app_strictmode isTagEnabled=true flags=0x2
07-17 07:50:00.200 I/DropBoxManagerService(  950): add tag=system_app_strictmode isTagEnabled=true flags=0x2
07-17 07:50:00.201 I/DropBoxManagerService(  950): add tag=system_app_strictmode isTagEnabled=true flags=0x2
07-17 07:50:00.209 D/CompatibilityChangeReporter(  950): Compat change id reported: 161145287; UID 10114; state: DISABLED
07-17 07:50:00.209 V/NotificationAssistants(  950): 0 notification assistant service connected: ComponentInfo{android.ext.services/android.ext.services.notification.Assistant}
07-17 07:50:00.210 I/ExplicitHealthCheckController(  950): Explicit health check supported packages [PackageConfig{com.android.networkstack, 86400000}]
07-17 07:50:00.211 D/PackageWatchdog(  950): Received supported packages [PackageConfig{com.android.networkstack, 86400000}]
07-17 07:50:00.211 D/ExplicitHealthCheckController(  950): Getting health check requested packages
